Sat, 24 Oct 2015 17:49:44 - FETCH SESSION: http://www.dz-rs.si/wps/portal/Home/deloDZ/seje/izbranaSejaDt?mandat=VII&seja=53%20002.%20Nujna&uid=AE85C3349B912BECC1257D96003013C4
Sat, 24 Oct 2015 17:49:45 - FETCH SPEECH: http://www.dz-rs.si/wps/portal/Home/deloDZ/seje/evidenca?mandat=VII&type=pmagdt&uid=B14190912FC4EEEDC1257D9B0049844B
Sat, 24 Oct 2015 17:49:46 - FETCH DOC: http://www.dz-rs.si/wps/portal/Home/deloDZ/seje/evidenca?mandat=VII&type=dt&uid=C0CB2E97B3A49F56C1257D960030FB3B
Sat, 24 Oct 2015 17:49:46 - FETCH DOC: http://www.dz-rs.si/wps/portal/Home/deloDZ/seje/evidenca?mandat=VII&type=dt&uid=0AAADE9CD584801EC1257D97004C26F9
Sat, 24 Oct 2015 17:49:47 - FETCH SESSION: http://www.dz-rs.si/wps/portal/Home/deloDZ/seje/izbranaSejaDt?mandat=VII&seja=53%20003.%20Redna&uid=E882FB1CDA3E0F65C1257D7A002B4510
Sat, 24 Oct 2015 17:49:47 - FETCH SPEECH: http://www.dz-rs.si/wps/portal/Home/deloDZ/seje/evidenca?mandat=VII&type=pmagdt&uid=C4AD91F8B91575A3C1257D8F002F3C03
Sat, 24 Oct 2015 17:49:48 - NEW PERSON: ALENKA MEŽAN
Sat, 24 Oct 2015 17:49:50 - FETCH DOC: http://www.dz-rs.si/wps/portal/Home/deloDZ/seje/evidenca?mandat=VII&type=dt&uid=C1E281ED85A353ACC1257D7A002EEFAA
Sat, 24 Oct 2015 17:49:50 - FETCH DOC: http://www.dz-rs.si/wps/portal/Home/deloDZ/seje/evidenca?mandat=VII&type=dt&uid=FE99293021A93D0FC1257D870039D37B
Sat, 24 Oct 2015 17:49:51 - FETCH SESSION: http://www.dz-rs.si/wps/portal/Home/deloDZ/seje/izbranaSejaDt?mandat=VII&seja=53%20002.%20Redna&uid=F2067A775F51905AC1257D770028689F
Sat, 24 Oct 2015 17:49:52 - FETCH SPEECH: http://www.dz-rs.si/wps/portal/Home/deloDZ/seje/evidenca?mandat=VII&type=pmagdt&uid=0A5BB81A55AE8040C1257D870044D96A
Sat, 24 Oct 2015 17:49:53 - NEW PERSON: VLADIMIR BALAŽIC
Sat, 24 Oct 2015 17:49:53 - NEW PERSON: GREGOR STROJIN
Sat, 24 Oct 2015 17:49:54 - FETCH DOC: http://www.dz-rs.si/wps/portal/Home/deloDZ/seje/evidenca?mandat=VII&type=dt&uid=F0A5BA040B3C9EF4C1257D7700297A3C
Sat, 24 Oct 2015 17:49:55 - FETCH DOC: http://www.dz-rs.si/wps/portal/Home/deloDZ/seje/evidenca?mandat=VII&type=dt&uid=561F309B2516886AC1257D7B003781F9
Sat, 24 Oct 2015 17:49:55 - FETCH DOC: http://www.dz-rs.si/wps/portal/Home/deloDZ/seje/evidenca?mandat=VII&type=dt&uid=356013B971C39E7BC1257D7F0049CB3A
Sat, 24 Oct 2015 17:49:55 - FETCH DOC: http://www.dz-rs.si/wps/portal/Home/deloDZ/seje/evidenca?mandat=VII&type=dt&uid=D2C337E8A2C155E2C1257D81003970FC
Sat, 24 Oct 2015 17:49:55 - FETCH DOC: http://www.dz-rs.si/wps/portal/Home/deloDZ/seje/evidenca?mandat=VII&type=dt&uid=CBE0974020900F0FC1257D86002E4A85
Sat, 24 Oct 2015 17:49:56 - FETCH SESSION: http://www.dz-rs.si/wps/portal/Home/deloDZ/seje/izbranaSejaDt?mandat=VII&seja=53%20001.%20Redna&uid=792AE54543CDDD24C1257D5100358FA5
Sat, 24 Oct 2015 17:49:57 - FETCH SPEECH: http://www.dz-rs.si/wps/portal/Home/deloDZ/seje/evidenca?mandat=VII&type=pmagdt&uid=450DB5792360BC48C1257D6400353DE4
Sat, 24 Oct 2015 17:49:58 - FETCH SPEECH: http://www.dz-rs.si/wps/portal/Home/deloDZ/seje/evidenca?mandat=VII&type=pmagdt&uid=1F3EF9B6D199FA8EC1257D7A00458C02
Sat, 24 Oct 2015 17:50:01 - FETCH DOC: http://www.dz-rs.si/wps/portal/Home/deloDZ/seje/evidenca?mandat=VII&type=dt&uid=6F58674E26C3B2C0C1257D54002B6C11
Sat, 24 Oct 2015 17:50:01 - FETCH DOC: http://www.dz-rs.si/wps/portal/Home/deloDZ/seje/evidenca?mandat=VII&type=dt&uid=66D906D856545DA3C1257D5C00443E66
Sat, 24 Oct 2015 17:50:02 - FETCH DOC: http://www.dz-rs.si/wps/portal/Home/deloDZ/seje/evidenca?mandat=VII&type=dt&uid=0ED7304B7F2B8DACC1257D6B003B9FD0
Sat, 24 Oct 2015 17:50:02 - FETCH DOC: http://www.dz-rs.si/wps/portal/Home/deloDZ/seje/evidenca?mandat=VII&type=dt&uid=1E3D973502860EB5C1257D73003B0C5E
Sat, 24 Oct 2015 17:50:02 - FETCH SESSION: http://www.dz-rs.si/wps/portal/Home/deloDZ/seje/izbranaSejaDt?mandat=VII&seja=53%20001.%20Nujna&uid=0273A9C30D090B3FC1257D4F00362278
Sat, 24 Oct 2015 17:50:03 - FETCH SPEECH: http://www.dz-rs.si/wps/portal/Home/deloDZ/seje/evidenca?mandat=VII&type=pmagdt&uid=EB1727499F666705C1257D54005251B2
Sat, 24 Oct 2015 17:50:05 - FETCH DOC: http://www.dz-rs.si/wps/portal/Home/deloDZ/seje/evidenca?mandat=VII&type=dt&uid=6CFAA6A05AA23555C1257D4F0037849F
Sat, 24 Oct 2015 17:50:05 - FETCH SESSION: http://www.dz-rs.si/wps/portal/Home/deloDZ/seje/izbranaSejaDt?mandat=VI&seja=53%20041.%20Nujna&uid=54E03A9E028FDAFFC1257D1F005A9096
Sat, 24 Oct 2015 17:50:06 - FETCH SPEECH: http://www.dz-rs.si/wps/portal/Home/deloDZ/seje/evidenca?mandat=VI&type=pmagdt&uid=C0972D1576C0916FC1257D0A003FD4F5
Sat, 24 Oct 2015 17:50:07 - NEW PERSON: GREGOR GREGORIN
Sat, 24 Oct 2015 17:50:07 - NEW PERSON: MAŠA KOCIPER
Sat, 24 Oct 2015 17:50:08 - FETCH DOC: http://www.dz-rs.si/wps/portal/Home/deloDZ/seje/evidenca?mandat=VI&type=dt&uid=74DE8B0B022EDA51C1257D1F005A90A4
Sat, 24 Oct 2015 17:50:08 - FETCH DOC: http://www.dz-rs.si/wps/portal/Home/deloDZ/seje/evidenca?mandat=VI&type=dt&uid=43DED91D849C4F9DC1257D1F005A90F5
Sat, 24 Oct 2015 17:50:09 - FETCH DOC: http://www.dz-rs.si/wps/portal/Home/deloDZ/seje/evidenca?mandat=VI&type=dt&uid=DBE8161D8D7BF9ADC1257D1F005A90F9
Sat, 24 Oct 2015 17:50:09 - FETCH SESSION: http://www.dz-rs.si/wps/portal/Home/deloDZ/seje/izbranaSejaDt?mandat=VII&seja=26%20006.%20Nujna&uid=926C33BEFB596F9EC1257ECF002783A8
Sat, 24 Oct 2015 17:50:10 - FETCH DOC: http://www.dz-rs.si/wps/portal/Home/deloDZ/seje/evidenca?mandat=VII&type=dt&uid=A0F8E9E33499CCAFC1257ECF002A8AA7
Sat, 24 Oct 2015 17:50:10 - FETCH SESSION: http://www.dz-rs.si/wps/portal/Home/deloDZ/seje/izbranaSejaDt?mandat=VII&seja=26%20001.%20Sre%3Fanje&uid=0F0309AA8F036864C1257E51002681CF
Sat, 24 Oct 2015 17:50:11 - FETCH DOC: http://www.dz-rs.si/wps/portal/Home/deloDZ/seje/evidenca?mandat=VII&type=dt&uid=0B47F7EEC1B68AE3C1257E53003C3BC1
Sat, 24 Oct 2015 17:50:11 - FETCH DOC: http://www.dz-rs.si/wps/portal/Home/deloDZ/seje/evidenca?mandat=VII&type=dt&uid=5C73831A46DF96AAC1257E770038EF47
Sat, 24 Oct 2015 17:50:11 - FETCH DOC: http://www.dz-rs.si/wps/portal/Home/deloDZ/seje/evidenca?mandat=VII&type=dt&uid=CF030F7B12EA5F27C1257E7B00477081
Sat, 24 Oct 2015 17:50:12 - FETCH SESSION: http://www.dz-rs.si/wps/portal/Home/deloDZ/seje/izbranaSejaDt?mandat=VII&seja=26%20005.%20Nujna&uid=56C75CCC9F01FA1BC1257DE100333F37
Sat, 24 Oct 2015 17:50:12 - FETCH DOC: http://www.dz-rs.si/wps/portal/Home/deloDZ/seje/evidenca?mandat=VII&type=dt&uid=D18B0B83F1D7B454C1257DE10033B917
Sat, 24 Oct 2015 17:50:12 - FETCH SESSION: http://www.dz-rs.si/wps/portal/Home/deloDZ/seje/izbranaSejaDt?mandat=VII&seja=26%20004.%20Nujna&uid=7B590633A8634657C1257DD30029EFF8
Sat, 24 Oct 2015 17:50:14 - FETCH DOC: http://www.dz-rs.si/wps/portal/Home/deloDZ/seje/evidenca?mandat=VII&type=dt&uid=4AA9D3D0B2706CC1C1257DD300477CD0
Sat, 24 Oct 2015 17:50:14 - FETCH DOC: http://www.dz-rs.si/wps/portal/Home/deloDZ/seje/evidenca?mandat=VII&type=dt&uid=E3BE08A45BBAE979C1257DDD0040064D
Sat, 24 Oct 2015 17:50:14 - FETCH DOC: http://www.dz-rs.si/wps/portal/Home/deloDZ/seje/evidenca?mandat=VII&type=dt&uid=BDB711E5B6675B09C1257DE300407278
Sat, 24 Oct 2015 17:50:15 - FETCH DOC: http://www.dz-rs.si/wps/portal/Home/deloDZ/seje/evidenca?mandat=VII&type=dt&uid=FDB81686285AE838C1257DF20030DE36
Sat, 24 Oct 2015 17:50:15 - FETCH SESSION: http://www.dz-rs.si/wps/portal/Home/deloDZ/seje/izbranaSejaDt?mandat=VII&seja=26%20003.%20Nujna&uid=B6395107CEB13DE1C1257D86002E01AD
Sat, 24 Oct 2015 17:50:16 - FETCH DOC: http://www.dz-rs.si/wps/portal/Home/deloDZ/seje/evidenca?mandat=VII&type=dt&uid=BC50CB12D23EBCAFC1257D86004135A3
Sat, 24 Oct 2015 17:50:16 - FETCH SESSION: http://www.dz-rs.si/wps/portal/Home/deloDZ/seje/izbranaSejaDt?mandat=VII&seja=26%20002.%20Nujna&uid=130D00EFA1E11625C1257D7E003F1FCF
Sat, 24 Oct 2015 17:50:17 - FETCH DOC: http://www.dz-rs.si/wps/portal/Home/deloDZ/seje/evidenca?mandat=VII&type=dt&uid=6BA1E37497F755EEC1257D7F004E47E6
Sat, 24 Oct 2015 17:50:18 - FETCH DOC: http://www.dz-rs.si/wps/portal/Home/deloDZ/seje/evidenca?mandat=VII&type=dt&uid=3F1EF04D354D8817C1257D8500490850
Sat, 24 Oct 2015 17:50:18 - FETCH DOC: http://www.dz-rs.si/wps/portal/Home/deloDZ/seje/evidenca?mandat=VII&type=dt&uid=F9702F9DF042AE42C1257D89003946CD
Sat, 24 Oct 2015 17:50:18 - FETCH SESSION: http://www.dz-rs.si/wps/portal/Home/deloDZ/seje/izbranaSejaDt?mandat=VII&seja=26%20001.%20Nujna&uid=71DD40E142BE66C4C1257D4F002582B3
Sat, 24 Oct 2015 17:50:19 - FETCH DOC: http://www.dz-rs.si/wps/portal/Home/deloDZ/seje/evidenca?mandat=VII&type=dt&uid=3B8E8DF4688CA869C1257D4F0038449A
Sat, 24 Oct 2015 17:50:20 - FETCH SESSION: http://www.dz-rs.si/wps/portal/Home/deloDZ/seje/izbranaSejaDt?mandat=VII&seja=12%20022.%20Nujna&uid=9D710C7C0707D3B8C1257ED700418B72
Sat, 24 Oct 2015 17:50:21 - FETCH DOC: http://www.dz-rs.si/wps/portal/Home/deloDZ/seje/evidenca?mandat=VII&type=dt&uid=271B5ABD5D7E3533C1257ED7004263DF
Sat, 24 Oct 2015 17:50:21 - FETCH SESSION: http://www.dz-rs.si/wps/portal/Home/deloDZ/seje/izbranaSejaDt?mandat=VII&seja=12%20021.%20Nujna&uid=9328FF0651CC300CC1257ED100225AF8
Sat, 24 Oct 2015 17:50:22 - FETCH DOC: http://www.dz-rs.si/wps/portal/Home/deloDZ/seje/evidenca?mandat=VII&type=dt&uid=8DE0AE64616289A8C1257ED10023119D
Sat, 24 Oct 2015 17:50:22 - FETCH SESSION: http://www.dz-rs.si/wps/portal/Home/deloDZ/seje/izbranaSejaDt?mandat=VII&seja=12%20013.%20Redna&uid=DC923BC3FE0D3011C1257EC2003A6DC6
Sat, 24 Oct 2015 17:50:24 - FETCH SPEECH: http://www.dz-rs.si/wps/portal/Home/deloDZ/seje/evidenca?mandat=VII&type=pmagdt&uid=BAE23E93FC01BD0EC1257ED200203B0A
Sat, 24 Oct 2015 17:50:25 - NEW PERSON: MATJAŽ KRAJNC
Sat, 24 Oct 2015 17:50:25 - NEW PERSON: IGOR PRINČIČ
Sat, 24 Oct 2015 17:50:25 - NEW PERSON: ANDREJ VIDIC
Sat, 24 Oct 2015 17:50:25 - NEW PERSON: BENJAMIN STEINBACHER PUŠNJAK
Sat, 24 Oct 2015 17:50:26 - NEW PERSON: ANTON LISEC
Sat, 24 Oct 2015 17:50:27 - NEW PERSON: GABRIELA BÖRC SMOLIČ
Sat, 24 Oct 2015 17:50:27 - FETCH DOC: http://www.dz-rs.si/wps/portal/Home/deloDZ/seje/evidenca?mandat=VII&type=dt&uid=D9C544FA92117ED5C1257EC30027B8CA
Sat, 24 Oct 2015 17:50:27 - FETCH DOC: http://www.dz-rs.si/wps/portal/Home/deloDZ/seje/evidenca?mandat=VII&type=dt&uid=719E2390ED413117C1257EC90039CA0F
Sat, 24 Oct 2015 17:50:28 - FETCH DOC: http://www.dz-rs.si/wps/portal/Home/deloDZ/seje/evidenca?mandat=VII&type=dt&uid=B0CCE4E0B62B06C9C1257ECE003D3151
Sat, 24 Oct 2015 17:50:28 - FETCH DOC: http://www.dz-rs.si/wps/portal/Home/deloDZ/seje/evidenca?mandat=VII&type=dt&uid=1962CA94B6332E1FC1257ED0003B8218
Sat, 24 Oct 2015 17:50:28 - FETCH SESSION: http://www.dz-rs.si/wps/portal/Home/deloDZ/seje/izbranaSejaDt?mandat=VII&seja=12%20020.%20Nujna&uid=AFF8F2330DFAF970C1257EC1002B4668
Sat, 24 Oct 2015 17:50:29 - FETCH SPEECH: http://www.dz-rs.si/wps/portal/Home/deloDZ/seje/evidenca?mandat=VII&type=pmagdt&uid=8A31545125FB6C5CC1257ED60022504C
Sat, 24 Oct 2015 17:50:30 - NEW PERSON: ŽARKO PREGELJ
Sat, 24 Oct 2015 17:50:31 - FETCH DOC: http://www.dz-rs.si/wps/portal/Home/deloDZ/seje/evidenca?mandat=VII&type=dt&uid=A4B34C59B6A4070BC1257EC10033716A
Sat, 24 Oct 2015 17:50:31 - FETCH SESSION: http://www.dz-rs.si/wps/portal/Home/deloDZ/seje/izbranaSejaDt?mandat=VII&seja=12%20012.%20Redna&uid=2A3588D281113782C1257E84003DC4B9
Sat, 24 Oct 2015 17:50:33 - FETCH SPEECH: http://www.dz-rs.si/wps/portal/Home/deloDZ/seje/evidenca?mandat=VII&type=pmagdt&uid=63B63DB9B6DB7F2EC1257EC00029FBED
Sat, 24 Oct 2015 17:50:35 - NEW PERSON: ANDREJ STRITAR
Sat, 24 Oct 2015 17:50:36 - NEW PERSON: TOMAŽ ŽAGAR
Sat, 24 Oct 2015 17:50:36 - NEW PERSON: DAMIJAN ŠKRK
Sat, 24 Oct 2015 17:50:37 - FETCH DOC: http://www.dz-rs.si/wps/portal/Home/deloDZ/seje/evidenca?mandat=VII&type=dt&uid=0301AFD3782C3EE8C1257E850037FAEC
Sat, 24 Oct 2015 17:50:37 - FETCH DOC: http://www.dz-rs.si/wps/portal/Home/deloDZ/seje/evidenca?mandat=VII&type=dt&uid=C86865E00B23DAB4C1257E8B0027619C
Sat, 24 Oct 2015 17:50:37 - FETCH DOC: http://www.dz-rs.si/wps/portal/Home/deloDZ/seje/evidenca?mandat=VII&type=dt&uid=3825130218DA4CF2C1257EB20040846A
Sat, 24 Oct 2015 17:50:38 - FETCH DOC: http://www.dz-rs.si/wps/portal/Home/deloDZ/seje/evidenca?mandat=VII&type=dt&uid=DF94DEF1DDB30D9EC1257EB40024B6D9
Sat, 24 Oct 2015 17:50:38 - FETCH DOC: http://www.dz-rs.si/wps/portal/Home/deloDZ/seje/evidenca?mandat=VII&type=dt&uid=8639A92B13CC5CA7C1257EB4003DB42E
Sat, 24 Oct 2015 17:50:38 - FETCH SESSION: http://www.dz-rs.si/wps/portal/Home/deloDZ/seje/izbranaSejaDt?mandat=VII&seja=12%20019.%20Nujna&uid=531D05D526CA7C23C1257E7D002EB395
Sat, 24 Oct 2015 17:50:39 - FETCH SPEECH: http://www.dz-rs.si/wps/portal/Home/deloDZ/seje/evidenca?mandat=VII&type=pmagdt&uid=FC32FA84CC6B303AC1257E8B003355EE
Sat, 24 Oct 2015 17:50:40 - FETCH DOC: http://www.dz-rs.si/wps/portal/Home/deloDZ/seje/evidenca?mandat=VII&type=dt&uid=24CE40AC23F695CCC1257E7D003074BA
Sat, 24 Oct 2015 17:50:40 - FETCH SESSION: http://www.dz-rs.si/wps/portal/Home/deloDZ/seje/izbranaSejaDt?mandat=VII&seja=12%20018.%20Nujna&uid=0923CEF3F51C7DC6C1257E760036EED8
Sat, 24 Oct 2015 17:50:41 - FETCH SPEECH: http://www.dz-rs.si/wps/portal/Home/deloDZ/seje/evidenca?mandat=VII&type=pmagdt&uid=584CC45D39E32A58C1257E8C002BBED9
Sat, 24 Oct 2015 17:50:43 - FETCH DOC: http://www.dz-rs.si/wps/portal/Home/deloDZ/seje/evidenca?mandat=VII&type=dt&uid=5296B8035AFDD65BC1257E76003CB9DA
Sat, 24 Oct 2015 17:50:44 - FETCH DOC: http://www.dz-rs.si/wps/portal/Home/deloDZ/seje/evidenca?mandat=VII&type=dt&uid=EB43387ED2A9D20AC1257E770028EF21
Sat, 24 Oct 2015 17:50:44 - FETCH DOC: http://www.dz-rs.si/wps/portal/Home/deloDZ/seje/evidenca?mandat=VII&type=dt&uid=F3032F65EF21F6E2C1257E7A0029B770
Sat, 24 Oct 2015 17:50:44 - FETCH DOC: http://www.dz-rs.si/wps/portal/Home/deloDZ/seje/evidenca?mandat=VII&type=dt&uid=52BE05E3C0C1E4E1C1257E7B00337008
Sat, 24 Oct 2015 17:50:44 - FETCH DOC: http://www.dz-rs.si/wps/portal/Home/deloDZ/seje/evidenca?mandat=VII&type=dt&uid=EB6450D0E18CB424C1257E7C00415105
Sat, 24 Oct 2015 17:50:45 - FETCH SESSION: http://www.dz-rs.si/wps/portal/Home/deloDZ/seje/izbranaSejaDt?mandat=VII&seja=12%20011.%20Redna&uid=EA2C951EACFC8609C1257E66002FFBF1
Sat, 24 Oct 2015 17:50:46 - FETCH SPEECH: http://www.dz-rs.si/wps/portal/Home/deloDZ/seje/evidenca?mandat=VII&type=pmagdt&uid=B9FE2F022B916B22C1257E7400464BCA
Sat, 24 Oct 2015 17:50:46 - NEW PERSON: IGOR PLESTENJAK
Sat, 24 Oct 2015 17:50:46 - NEW PERSON: ALENKA GORZA JEREB
Sat, 24 Oct 2015 17:50:46 - NEW PERSON: ZLATKO MIKULIČ
Sat, 24 Oct 2015 17:50:49 - FETCH SPEECH: http://www.dz-rs.si/wps/portal/Home/deloDZ/seje/evidenca?mandat=VII&type=pmagdt&uid=7583469DB463712FC1257E750036BF0E
Sat, 24 Oct 2015 17:50:51 - FETCH DOC: http://www.dz-rs.si/wps/portal/Home/deloDZ/seje/evidenca?mandat=VII&type=dt&uid=D518CF0233D2318BC1257E66003D6E3E
Sat, 24 Oct 2015 17:50:51 - FETCH DOC: http://www.dz-rs.si/wps/portal/Home/deloDZ/seje/evidenca?mandat=VII&type=dt&uid=ABBB6EDC4E062EF8C1257E73002E0C19
Sat, 24 Oct 2015 17:50:51 - FETCH DOC: http://www.dz-rs.si/wps/portal/Home/deloDZ/seje/evidenca?mandat=VII&type=dt&uid=4054E5EC53D389E5C1257E7300474C26
Sat, 24 Oct 2015 17:50:52 - FETCH DOC: http://www.dz-rs.si/wps/portal/Home/deloDZ/seje/evidenca?mandat=VII&type=dt&uid=08D98523817ECC3BC1257E74003B4E25
Sat, 24 Oct 2015 17:50:52 - FETCH SESSION: http://www.dz-rs.si/wps/portal/Home/deloDZ/seje/izbranaSejaDt?mandat=VII&seja=12%20010.%20Redna&uid=D3C2F52D67A9FECBC1257E60002618FC
Sat, 24 Oct 2015 17:50:53 - FETCH SPEECH: http://www.dz-rs.si/wps/portal/Home/deloDZ/seje/evidenca?mandat=VII&type=pmagdt&uid=49AC1C9DA94E9E41C1257E85003695B6
Sat, 24 Oct 2015 17:50:53 - NEW PERSON: ALOJZ HABIČ
Sat, 24 Oct 2015 17:50:54 - FETCH DOC: http://www.dz-rs.si/wps/portal/Home/deloDZ/seje/evidenca?mandat=VII&type=dt&uid=FDBB74F1331AF0D0C1257E600033F15F
Sat, 24 Oct 2015 17:50:54 - FETCH DOC: http://www.dz-rs.si/wps/portal/Home/deloDZ/seje/evidenca?mandat=VII&type=dt&uid=21D2566090A6901DC1257E69002AAF8E
Sat, 24 Oct 2015 17:50:54 - FETCH SESSION: http://www.dz-rs.si/wps/portal/Home/deloDZ/seje/izbranaSejaDt?mandat=VII&seja=12%20017.%20Nujna&uid=C60C06C7FBA2C29BC1257E5F002CB06A
Sat, 24 Oct 2015 17:50:55 - FETCH SPEECH: http://www.dz-rs.si/wps/portal/Home/deloDZ/seje/evidenca?mandat=VII&type=pmagdt&uid=1D6859A1A94E647DC1257E62003BCC58
Sat, 24 Oct 2015 17:50:56 - FETCH DOC: http://www.dz-rs.si/wps/portal/Home/deloDZ/seje/evidenca?mandat=VII&type=dt&uid=28BA2AC54C48AAB2C1257E5F003144FB
Sat, 24 Oct 2015 17:50:56 - FETCH DOC: http://www.dz-rs.si/wps/portal/Home/deloDZ/seje/evidenca?mandat=VII&type=dt&uid=F5E4B8DE7A939CB5C1257E6000420886
Sat, 24 Oct 2015 17:50:56 - FETCH DOC: http://www.dz-rs.si/wps/portal/Home/deloDZ/seje/evidenca?mandat=VII&type=dt&uid=5DF350C725E09CDEC1257E61002C9FC9
Sat, 24 Oct 2015 17:50:57 - FETCH SESSION: http://www.dz-rs.si/wps/portal/Home/deloDZ/seje/izbranaSejaDt?mandat=VII&seja=12%20016.%20Nujna&uid=2CEF2B161B07C3D8C1257E5B00244126
Sat, 24 Oct 2015 17:50:57 - FETCH SPEECH: http://www.dz-rs.si/wps/portal/Home/deloDZ/seje/evidenca?mandat=VII&type=pmagdt&uid=48527CC13D455342C1257E68002B960A
Sat, 24 Oct 2015 17:50:59 - NEW PERSON: GOSPOD ŠKODNIK
Sat, 24 Oct 2015 17:51:00 - FETCH DOC: http://www.dz-rs.si/wps/portal/Home/deloDZ/seje/evidenca?mandat=VII&type=dt&uid=79C72FBAACF4B8F6C1257E5B002B8110
Sat, 24 Oct 2015 17:51:01 - FETCH DOC: http://www.dz-rs.si/wps/portal/Home/deloDZ/seje/evidenca?mandat=VII&type=dt&uid=23BF546BD7EAB3F2C1257E61002C9E01
Sat, 24 Oct 2015 17:51:01 - FETCH SESSION: http://www.dz-rs.si/wps/portal/Home/deloDZ/seje/izbranaSejaDt?mandat=VII&seja=12%20015.%20Nujna&uid=5A56C4526B1CE8D6C1257E540029E6D0
Sat, 24 Oct 2015 17:51:02 - FETCH SPEECH: http://www.dz-rs.si/wps/portal/Home/deloDZ/seje/evidenca?mandat=VII&type=pmagdt&uid=25022B25B2144F21C1257E65002F55AD
Sat, 24 Oct 2015 17:51:02 - NEW PERSON: GAŠPAR GAŠPAR MIŠIČ
Sat, 24 Oct 2015 17:51:02 - NEW PERSON: ZLATKO GOMBAR
Sat, 24 Oct 2015 17:51:03 - NEW PERSON: GOSPOD GOMBAR
Sat, 24 Oct 2015 17:51:04 - FETCH DOC: http://www.dz-rs.si/wps/portal/Home/deloDZ/seje/evidenca?mandat=VII&type=dt&uid=D9F9FFBE468456D4C1257E54002E8BF7
Sat, 24 Oct 2015 17:51:05 - FETCH DOC: http://www.dz-rs.si/wps/portal/Home/deloDZ/seje/evidenca?mandat=VII&type=dt&uid=EAFB41890E8941E5C1257E54003C753D
Sat, 24 Oct 2015 17:51:05 - FETCH DOC: http://www.dz-rs.si/wps/portal/Home/deloDZ/seje/evidenca?mandat=VII&type=dt&uid=C217C96547C2E000C1257E58003E92FF
Sat, 24 Oct 2015 17:51:06 - FETCH DOC: http://www.dz-rs.si/wps/portal/Home/deloDZ/seje/evidenca?mandat=VII&type=dt&uid=635D6D66655715C3C1257E600024C656
Sat, 24 Oct 2015 17:51:06 - FETCH SESSION: http://www.dz-rs.si/wps/portal/Home/deloDZ/seje/izbranaSejaDt?mandat=VII&seja=12%20009.%20Redna&uid=AC8091B7DA807298C1257E4D0025731E
Sat, 24 Oct 2015 17:51:07 - FETCH DOC: http://www.dz-rs.si/wps/portal/Home/deloDZ/seje/evidenca?mandat=VII&type=dt&uid=BDBF15C60CA47299C1257E4D0035490C
Sat, 24 Oct 2015 17:51:07 - FETCH SESSION: http://www.dz-rs.si/wps/portal/Home/deloDZ/seje/izbranaSejaDt?mandat=VII&seja=12%20014.%20Nujna&uid=DB92E9FB20DD16D6C1257E4B003A39F9
Sat, 24 Oct 2015 17:51:08 - FETCH SPEECH: http://www.dz-rs.si/wps/portal/Home/deloDZ/seje/evidenca?mandat=VII&type=pmagdt&uid=07231F1864D961F5C1257E540037F297
Sat, 24 Oct 2015 17:51:08 - NEW PERSON: DUŠAN PLUT
Sat, 24 Oct 2015 17:51:08 - NEW PERSON: JANJA FRANCE
Sat, 24 Oct 2015 17:51:08 - NEW PERSON: MOJCA HROVAT
Sat, 24 Oct 2015 17:51:08 - NEW PERSON: MATEJA GERM
Sat, 24 Oct 2015 17:51:09 - FETCH DOC: http://www.dz-rs.si/wps/portal/Home/deloDZ/seje/evidenca?mandat=VII&type=dt&uid=E2BC5C44835463D6C1257E4B003C2C4C
Sat, 24 Oct 2015 17:51:09 - FETCH DOC: http://www.dz-rs.si/wps/portal/Home/deloDZ/seje/evidenca?mandat=VII&type=dt&uid=4E9815E3BFC23A51C1257E4C00390C64
Sat, 24 Oct 2015 17:51:10 - FETCH DOC: http://www.dz-rs.si/wps/portal/Home/deloDZ/seje/evidenca?mandat=VII&type=dt&uid=99244D15D01CB92FC1257E500047A1CE
Sat, 24 Oct 2015 17:51:11 - FETCH SESSION: http://www.dz-rs.si/wps/portal/Home/deloDZ/seje/izbranaSejaDt?mandat=VII&seja=12%20013.%20Nujna&uid=9CCB50E4545B3B16C1257E31003AB3CF
Sat, 24 Oct 2015 17:51:12 - FETCH SPEECH: http://www.dz-rs.si/wps/portal/Home/deloDZ/seje/evidenca?mandat=VII&type=pmagdt&uid=590A34794B89FDF0C1257E4C0031C207
Sat, 24 Oct 2015 17:51:12 - NEW PERSON: KATJA NOVAK
Sat, 24 Oct 2015 17:51:14 - FETCH DOC: http://www.dz-rs.si/wps/portal/Home/deloDZ/seje/evidenca?mandat=VII&type=dt&uid=33E73CCCC52D9BADC1257E3D0037EAB0
Sat, 24 Oct 2015 17:51:14 - FETCH DOC: http://www.dz-rs.si/wps/portal/Home/deloDZ/seje/evidenca?mandat=VII&type=dt&uid=37B894F68570B312C1257E440041E166
Sat, 24 Oct 2015 17:51:14 - FETCH SESSION: http://www.dz-rs.si/wps/portal/Home/deloDZ/seje/izbranaSejaDt?mandat=VII&seja=12%20012.%20Nujna&uid=E1FEAF0F3E066CB4C1257E31003AA899
Sat, 24 Oct 2015 17:51:15 - FETCH SPEECH: http://www.dz-rs.si/wps/portal/Home/deloDZ/seje/evidenca?mandat=VII&type=pmagdt&uid=D1E5CBE82CDA5CC5C1257E44002E220B
Sat, 24 Oct 2015 17:51:19 - FETCH DOC: http://www.dz-rs.si/wps/portal/Home/deloDZ/seje/evidenca?mandat=VII&type=dt&uid=100CC4DDF6ED6D33C1257E310042E4CA
Sat, 24 Oct 2015 17:51:19 - FETCH DOC: http://www.dz-rs.si/wps/portal/Home/deloDZ/seje/evidenca?mandat=VII&type=dt&uid=F519DACFABD0CAA0C1257E43002C7CE8
Sat, 24 Oct 2015 17:51:19 - FETCH SESSION: http://www.dz-rs.si/wps/portal/Home/deloDZ/seje/izbranaSejaDt?mandat=VII&seja=12%20011.%20Nujna&uid=94FBC9DB0842D57FC1257E20004794BE
Sat, 24 Oct 2015 17:51:20 - FETCH SPEECH: http://www.dz-rs.si/wps/portal/Home/deloDZ/seje/evidenca?mandat=VII&type=pmagdt&uid=6B0E9EA8887C6E88C1257E2A00419ADA
Sat, 24 Oct 2015 17:51:21 - NEW PERSON: JURE KOSTANJŠEK
Sat, 24 Oct 2015 17:51:21 - NEW PERSON: SERGEJ GRMEK
Sat, 24 Oct 2015 17:51:22 - NEW PERSON: KAREL LIPIČ
Sat, 24 Oct 2015 17:51:23 - FETCH DOC: http://www.dz-rs.si/wps/portal/Home/deloDZ/seje/evidenca?mandat=VII&type=dt&uid=B4FB7C3A69298429C1257E2100461472
Sat, 24 Oct 2015 17:51:23 - FETCH DOC: http://www.dz-rs.si/wps/portal/Home/deloDZ/seje/evidenca?mandat=VII&type=dt&uid=16779F21238F5832C1257E27003EE5A7
Sat, 24 Oct 2015 17:51:23 - FETCH DOC: http://www.dz-rs.si/wps/portal/Home/deloDZ/seje/evidenca?mandat=VII&type=dt&uid=37413A0500170327C1257E2E0032331D
Sat, 24 Oct 2015 17:51:24 - FETCH DOC: http://www.dz-rs.si/wps/portal/Home/deloDZ/seje/evidenca?mandat=VII&type=dt&uid=110417AAB35CDB59C1257E2E0032BCA2
Sat, 24 Oct 2015 17:51:24 - FETCH SESSION: http://www.dz-rs.si/wps/portal/Home/deloDZ/seje/izbranaSejaDt?mandat=VII&seja=12%20010.%20Nujna&uid=F0F27D40AD9CDF40C1257E190039D5BE
Sat, 24 Oct 2015 17:51:25 - FETCH SPEECH: http://www.dz-rs.si/wps/portal/Home/deloDZ/seje/evidenca?mandat=VII&type=pmagdt&uid=30A5FDE870EB8827C1257E2E0037853C
Sat, 24 Oct 2015 17:51:25 - NEW PERSON: BERNARDKA KRNC
Sat, 24 Oct 2015 17:51:25 - NEW PERSON: MIRKO VOŠNER
Sat, 24 Oct 2015 17:51:27 - FETCH DOC: http://www.dz-rs.si/wps/portal/Home/deloDZ/seje/evidenca?mandat=VII&type=dt&uid=6F486F2DEF4D039FC1257E1A00411B4C
Sat, 24 Oct 2015 17:51:27 - FETCH DOC: http://www.dz-rs.si/wps/portal/Home/deloDZ/seje/evidenca?mandat=VII&type=dt&uid=7850A0CC622D4EA9C1257E2000429A23
Sat, 24 Oct 2015 17:51:27 - FETCH DOC: http://www.dz-rs.si/wps/portal/Home/deloDZ/seje/evidenca?mandat=VII&type=dt&uid=4E9D13916F0DD3DCC1257E270047D83D
Sat, 24 Oct 2015 17:51:28 - FETCH SESSION: http://www.dz-rs.si/wps/portal/Home/deloDZ/seje/izbranaSejaDt?mandat=VII&seja=12%20008.%20Redna&uid=B5CDA5ED957E5DB8C1257DFD0033BE7E
Sat, 24 Oct 2015 17:51:28 - FETCH SPEECH: http://www.dz-rs.si/wps/portal/Home/deloDZ/seje/evidenca?mandat=VII&type=pmagdt&uid=F951FA17812D7926C1257E0E0045AE90
Sat, 24 Oct 2015 17:51:29 - NEW PERSON: ROBERT JERONČIČ
Sat, 24 Oct 2015 17:51:29 - FETCH DOC: http://www.dz-rs.si/wps/portal/Home/deloDZ/seje/evidenca?mandat=VII&type=dt&uid=BD376FCD9ED93D7BC1257DFD003FAD9A
Sat, 24 Oct 2015 17:51:29 - FETCH DOC: http://www.dz-rs.si/wps/portal/Home/deloDZ/seje/evidenca?mandat=VII&type=dt&uid=F27CB8F243588649C1257E06004F3D20
Sat, 24 Oct 2015 17:51:30 - FETCH DOC: http://www.dz-rs.si/wps/portal/Home/deloDZ/seje/evidenca?mandat=VII&type=dt&uid=07CC0493DF87BA9EC1257E0A003A619D
Sat, 24 Oct 2015 17:51:30 - FETCH SESSION: http://www.dz-rs.si/wps/portal/Home/deloDZ/seje/izbranaSejaDt?mandat=VII&seja=12%20007.%20Redna&uid=4B9345F6B9B1F8FAC1257DF600307B14
Sat, 24 Oct 2015 17:51:31 - FETCH SPEECH: http://www.dz-rs.si/wps/portal/Home/deloDZ/seje/evidenca?mandat=VII&type=pmagdt&uid=42F618081FF5FBDFC1257E050026F5FB
Sat, 24 Oct 2015 17:51:31 - NEW PERSON: BOJAN PEČNIK
Sat, 24 Oct 2015 17:51:31 - NEW PERSON: DAMJAN LESKOVŠEK
Sat, 24 Oct 2015 17:51:33 - NEW PERSON: MARJAN NAHTIGAL
Sat, 24 Oct 2015 17:51:34 - FETCH DOC: http://www.dz-rs.si/wps/portal/Home/deloDZ/seje/evidenca?mandat=VII&type=dt&uid=67FD4CF5E123BC9BC1257DF60036CF2D
Sat, 24 Oct 2015 17:51:34 - FETCH DOC: http://www.dz-rs.si/wps/portal/Home/deloDZ/seje/evidenca?mandat=VII&type=dt&uid=6112FED4BBA64ED8C1257DFF002F7333
Sat, 24 Oct 2015 17:51:35 - FETCH DOC: http://www.dz-rs.si/wps/portal/Home/deloDZ/seje/evidenca?mandat=VII&type=dt&uid=8B6BC1F67952A730C1257E04002C637B
Sat, 24 Oct 2015 17:51:35 - FETCH SESSION: http://www.dz-rs.si/wps/portal/Home/deloDZ/seje/izbranaSejaDt?mandat=VII&seja=12%20009.%20Nujna&uid=F3B3EE8D969F876CC1257DE30029AB96
Sat, 24 Oct 2015 17:51:36 - FETCH SPEECH: http://www.dz-rs.si/wps/portal/Home/deloDZ/seje/evidenca?mandat=VII&type=pmagdt&uid=25A598D2285D6301C1257DFF002FE924
Sat, 24 Oct 2015 17:51:38 - FETCH DOC: http://www.dz-rs.si/wps/portal/Home/deloDZ/seje/evidenca?mandat=VII&type=dt&uid=FADB3FAEE26491BDC1257DF10031E45A
Sat, 24 Oct 2015 17:51:39 - FETCH DOC: http://www.dz-rs.si/wps/portal/Home/deloDZ/seje/evidenca?mandat=VII&type=dt&uid=874F8CAC4D44E1ABC1257DF50049DBDA
Sat, 24 Oct 2015 17:51:39 - FETCH SESSION: http://www.dz-rs.si/wps/portal/Home/deloDZ/seje/izbranaSejaDt?mandat=VII&seja=12%20006.%20Redna&uid=54E61FF093F11FA5C1257DE30029E3A9
Sat, 24 Oct 2015 17:51:40 - FETCH SPEECH: http://www.dz-rs.si/wps/portal/Home/deloDZ/seje/evidenca?mandat=VII&type=pmagdt&uid=997848B6F8703FB9C1257DFF0036FB75
Sat, 24 Oct 2015 17:51:41 - FETCH DOC: http://www.dz-rs.si/wps/portal/Home/deloDZ/seje/evidenca?mandat=VII&type=dt&uid=A13B5EC60BED78A5C1257DE3003F3F19
Sat, 24 Oct 2015 17:51:41 - FETCH SESSION: http://www.dz-rs.si/wps/portal/Home/deloDZ/seje/izbranaSejaDt?mandat=VII&seja=12%20008.%20Nujna&uid=2B82A71ABA8E6F08C1257DE1005059F2
Sat, 24 Oct 2015 17:51:42 - FETCH SPEECH: http://www.dz-rs.si/wps/portal/Home/deloDZ/seje/evidenca?mandat=VII&type=pmagdt&uid=43A7AEF767229C9FC1257DF5003F1374
Sat, 24 Oct 2015 17:51:45 - NEW PERSON: JELKA ŠINKOVEC FUNDUK
Sat, 24 Oct 2015 17:51:45 - NEW PERSON: MIALN JELENC
Sat, 24 Oct 2015 17:51:45 - NEW PERSON: ANDRAŽ NOVAK
Sat, 24 Oct 2015 17:51:45 - NEW PERSON: ZDENKO LORBER
Sat, 24 Oct 2015 17:51:46 - NEW PERSON: GOSPOD GREBENŠEK
Sat, 24 Oct 2015 17:51:46 - NEW PERSON: DAMIR TOPOLKO
Sat, 24 Oct 2015 17:51:46 - FETCH DOC: http://www.dz-rs.si/wps/portal/Home/deloDZ/seje/evidenca?mandat=VII&type=dt&uid=F96CCD216AEDC4CFC1257DE2002A6EDA
Sat, 24 Oct 2015 17:51:47 - FETCH DOC: http://www.dz-rs.si/wps/portal/Home/deloDZ/seje/evidenca?mandat=VII&type=dt&uid=CEF8F5AC12A4DF6CC1257DE40042A50E
Sat, 24 Oct 2015 17:51:47 - FETCH SESSION: http://www.dz-rs.si/wps/portal/Home/deloDZ/seje/izbranaSejaDt?mandat=VII&seja=12%20005.%20Redna&uid=90ECA0E1B667DA3AC1257DD30023204E
Sat, 24 Oct 2015 17:51:48 - FETCH SPEECH: http://www.dz-rs.si/wps/portal/Home/deloDZ/seje/evidenca?mandat=VII&type=pmagdt&uid=2215483ADAC74866C1257DE300372872
Sat, 24 Oct 2015 17:51:48 - NEW PERSON: DUŠKA GODINA
Sat, 24 Oct 2015 17:51:50 - FETCH DOC: http://www.dz-rs.si/wps/portal/Home/deloDZ/seje/evidenca?mandat=VII&type=dt&uid=06FDFACB58BA9BC0C1257DD30027FEC9
Sat, 24 Oct 2015 17:51:50 - FETCH SESSION: http://www.dz-rs.si/wps/portal/Home/deloDZ/seje/izbranaSejaDt?mandat=VII&seja=12%20007.%20Nujna&uid=C089224C6D0DE0AFC1257DAA004238FE
Sat, 24 Oct 2015 17:51:51 - FETCH SPEECH: http://www.dz-rs.si/wps/portal/Home/deloDZ/seje/evidenca?mandat=VII&type=pmagdt&uid=9096A0FB57EC341AC1257DB100470F29
Sat, 24 Oct 2015 17:51:53 - FETCH DOC: http://www.dz-rs.si/wps/portal/Home/deloDZ/seje/evidenca?mandat=VII&type=dt&uid=7647D1ED3E85347FC1257DAA004C64DC
Sat, 24 Oct 2015 17:51:53 - FETCH SESSION: http://www.dz-rs.si/wps/portal/Home/deloDZ/seje/izbranaSejaDt?mandat=VII&seja=12%20004.%20Redna&uid=D93D000D941525AEC1257D960037855C
Sat, 24 Oct 2015 17:51:54 - FETCH SPEECH: http://www.dz-rs.si/wps/portal/Home/deloDZ/seje/evidenca?mandat=VII&type=pmagdt&uid=AA2FAA30F3D3129BC1257DAA004C88C2
Sat, 24 Oct 2015 17:51:55 - NEW PERSON: MATJAŽ VRČKO
Sat, 24 Oct 2015 17:51:55 - NEW PERSON: TANJA BOLTE
Sat, 24 Oct 2015 17:51:55 - NEW PERSON: IRENA KOŽELJ
Sat, 24 Oct 2015 17:51:55 - NEW PERSON: LUCIJA JUKIČ SORŠAK
Sat, 24 Oct 2015 17:51:56 - FETCH DOC: http://www.dz-rs.si/wps/portal/Home/deloDZ/seje/evidenca?mandat=VII&type=dt&uid=8AFC05C85D76EF8FC1257D9B0045F885
Sat, 24 Oct 2015 17:51:56 - FETCH DOC: http://www.dz-rs.si/wps/portal/Home/deloDZ/seje/evidenca?mandat=VII&type=dt&uid=1A010D4D287379A8C1257DA500414E46
Sat, 24 Oct 2015 17:51:56 - FETCH SESSION: http://www.dz-rs.si/wps/portal/Home/deloDZ/seje/izbranaSejaDt?mandat=VII&seja=12%20003.%20Redna&uid=00812B83712E6066C1257D8E002F3639
Sat, 24 Oct 2015 17:51:58 - FETCH SPEECH: http://www.dz-rs.si/wps/portal/Home/deloDZ/seje/evidenca?mandat=VII&type=pmagdt&uid=F20274BFF8A0C2E7C1257D9D0046A2EC
Sat, 24 Oct 2015 17:51:59 - NEW PERSON: MATJAŽ EBERLINC
Sat, 24 Oct 2015 17:51:59 - NEW PERSON: LUDVIK GOLOB
Sat, 24 Oct 2015 17:52:00 - NEW PERSON: ANDRAŽ MURKOVIČ
Sat, 24 Oct 2015 17:52:01 - FETCH DOC: http://www.dz-rs.si/wps/portal/Home/deloDZ/seje/evidenca?mandat=VII&type=dt&uid=C047752F0162F7CFC1257D8E00394B5F
Sat, 24 Oct 2015 17:52:02 - FETCH DOC: http://www.dz-rs.si/wps/portal/Home/deloDZ/seje/evidenca?mandat=VII&type=dt&uid=F788710B34BE9472C1257D9700475BF9
Sat, 24 Oct 2015 17:52:02 - FETCH DOC: http://www.dz-rs.si/wps/portal/Home/deloDZ/seje/evidenca?mandat=VII&type=dt&uid=AF08CF35141269E6C1257D97004E6081
Sat, 24 Oct 2015 17:52:02 - FETCH DOC: http://www.dz-rs.si/wps/portal/Home/deloDZ/seje/evidenca?mandat=VII&type=dt&uid=9AF72EC8E005B925C1257D9B0050B3D1
Sat, 24 Oct 2015 17:52:02 - FETCH SESSION: http://www.dz-rs.si/wps/portal/Home/deloDZ/seje/izbranaSejaDt?mandat=VII&seja=12%20006.%20Nujna&uid=61A8712385F2AD72C1257D880034F250
Sat, 24 Oct 2015 17:52:03 - FETCH SPEECH: http://www.dz-rs.si/wps/portal/Home/deloDZ/seje/evidenca?mandat=VII&type=pmagdt&uid=2840D6E4767B11DFC1257D8E003CBBF2
Sat, 24 Oct 2015 17:52:05 - FETCH DOC: http://www.dz-rs.si/wps/portal/Home/deloDZ/seje/evidenca?mandat=VII&type=dt&uid=6F130E42D13B8A6AC1257D88003A174B
Sat, 24 Oct 2015 17:52:05 - FETCH SESSION: http://www.dz-rs.si/wps/portal/Home/deloDZ/seje/izbranaSejaDt?mandat=VII&seja=12%20005.%20Nujna&uid=5042A46A3825EBBFC1257D86002BAC8E
Sat, 24 Oct 2015 17:52:06 - FETCH SPEECH: http://www.dz-rs.si/wps/portal/Home/deloDZ/seje/evidenca?mandat=VII&type=pmagdt&uid=0673E0F8F04CC26EC1257D8E002CF99A
Sat, 24 Oct 2015 17:52:09 - FETCH DOC: http://www.dz-rs.si/wps/portal/Home/deloDZ/seje/evidenca?mandat=VII&type=dt&uid=D96B88575D339828C1257D860043E538
Sat, 24 Oct 2015 17:52:09 - FETCH DOC: http://www.dz-rs.si/wps/portal/Home/deloDZ/seje/evidenca?mandat=VII&type=dt&uid=E5554811020F12F5C1257D8D002EA69E
Sat, 24 Oct 2015 17:52:11 - FETCH SESSION: http://www.dz-rs.si/wps/portal/Home/deloDZ/seje/izbranaSejaDt?mandat=VII&seja=12%20002.%20Redna&uid=F6361C705F583A76C1257D780025CB80
Sat, 24 Oct 2015 17:52:12 - FETCH SPEECH: http://www.dz-rs.si/wps/portal/Home/deloDZ/seje/evidenca?mandat=VII&type=pmagdt&uid=7A155B284F82F99DC1257D8C0041D77A
Sat, 24 Oct 2015 17:52:16 - FETCH DOC: http://www.dz-rs.si/wps/portal/Home/deloDZ/seje/evidenca?mandat=VII&type=dt&uid=188F4E84BD737320C1257D78003225BA
Sat, 24 Oct 2015 17:52:16 - FETCH SESSION: http://www.dz-rs.si/wps/portal/Home/deloDZ/seje/izbranaSejaDt?mandat=VII&seja=12%20004.%20Nujna&uid=3B303F3167DD241FC1257D7A003C97C5
Sat, 24 Oct 2015 17:52:17 - FETCH SPEECH: http://www.dz-rs.si/wps/portal/Home/deloDZ/seje/evidenca?mandat=VII&type=pmagdt&uid=F3E3EB930C979600C1257D890038C3AC
Sat, 24 Oct 2015 17:52:19 - FETCH DOC: http://www.dz-rs.si/wps/portal/Home/deloDZ/seje/evidenca?mandat=VII&type=dt&uid=BB896CC4A2D79265C1257D7B00294079
Sat, 24 Oct 2015 17:52:20 - FETCH DOC: http://www.dz-rs.si/wps/portal/Home/deloDZ/seje/evidenca?mandat=VII&type=dt&uid=910395EC9DD5038EC1257D88002FC410
Sat, 24 Oct 2015 17:52:20 - FETCH SESSION: http://www.dz-rs.si/wps/portal/Home/deloDZ/seje/izbranaSejaDt?mandat=VII&seja=12%20001.%20Redna&uid=8D0EF222A6F87990C1257D6A003B0E94
Sat, 24 Oct 2015 17:52:21 - FETCH SPEECH: http://www.dz-rs.si/wps/portal/Home/deloDZ/seje/evidenca?mandat=VII&type=pmagdt&uid=C0B7D33F00F27E38C1257D72002D3CDA
Sat, 24 Oct 2015 17:52:21 - FETCH DOC: http://www.dz-rs.si/wps/portal/Home/deloDZ/seje/evidenca?mandat=VII&type=dt&uid=E7DC13F0816DDCFAC1257D6A003F20B7
Sat, 24 Oct 2015 17:52:21 - FETCH SESSION: http://www.dz-rs.si/wps/portal/Home/deloDZ/seje/izbranaSejaDt?mandat=VII&seja=12%20003.%20Nujna&uid=B0B556C2D1DFE78EC1257D56003FA929
Sat, 24 Oct 2015 17:52:22 - FETCH SPEECH: http://www.dz-rs.si/wps/portal/Home/deloDZ/seje/evidenca?mandat=VII&type=pmagdt&uid=24A3180F0A7CB1E8C1257D5C00481102
Sat, 24 Oct 2015 17:52:23 - FETCH DOC: http://www.dz-rs.si/wps/portal/Home/deloDZ/seje/evidenca?mandat=VII&type=dt&uid=0AFB774208D4E609C1257D5600406021
Sat, 24 Oct 2015 17:52:23 - FETCH SESSION: http://www.dz-rs.si/wps/portal/Home/deloDZ/seje/izbranaSejaDt?mandat=VII&seja=12%20002.%20Nujna&uid=059BC59532E0E2DDC1257D50003825B7
Sat, 24 Oct 2015 17:52:24 - FETCH SPEECH: http://www.dz-rs.si/wps/portal/Home/deloDZ/seje/evidenca?mandat=VII&type=pmagdt&uid=A8D9209EED047D30C1257D5700444537
Sat, 24 Oct 2015 17:52:24 - NEW PERSON: MIRAN SEČKI
Sat, 24 Oct 2015 17:52:25 - FETCH DOC: http://www.dz-rs.si/wps/portal/Home/deloDZ/seje/evidenca?mandat=VII&type=dt&uid=6457802795CF748BC1257D5000393D5D
Sat, 24 Oct 2015 17:52:25 - FETCH SESSION: http://www.dz-rs.si/wps/portal/Home/deloDZ/seje/izbranaSejaDt?mandat=VII&seja=12%20001.%20Nujna&uid=7E9E947881A49175C1257D4F00414248
Sat, 24 Oct 2015 17:52:26 - FETCH SPEECH: http://www.dz-rs.si/wps/portal/Home/deloDZ/seje/evidenca?mandat=VII&type=pmagdt&uid=925BF2C9DB8820B5C1257D5600357CFD
Sat, 24 Oct 2015 17:52:30 - FETCH DOC: http://www.dz-rs.si/wps/portal/Home/deloDZ/seje/evidenca?mandat=VII&type=dt&uid=9E64AD2ADBF8CFA8C1257D5000317A00
Sat, 24 Oct 2015 17:52:30 - FETCH SESSION: http://www.dz-rs.si/wps/portal/Home/deloDZ/seje/izbranaSejaDt?mandat=VI&seja=12%20040.%20Nujna&uid=FB6F296B6D37617BC1257D1F005A9106
Sat, 24 Oct 2015 17:52:31 - FETCH SPEECH: http://www.dz-rs.si/wps/portal/Home/deloDZ/seje/evidenca?mandat=VI&type=pmagdt&uid=082D3AED25F68660C1257D10004371B9
Sat, 24 Oct 2015 17:52:32 - NEW PERSON: IVAN POHOREC
Sat, 24 Oct 2015 17:52:32 - NEW PERSON: JOŽE KALIGARO
Sat, 24 Oct 2015 17:52:32 - NEW PERSON: JOŽE VELIKONJA
Sat, 24 Oct 2015 17:52:32 - NEW PERSON: FERDINAND ŽERAK
Sat, 24 Oct 2015 17:52:32 - NEW PERSON: FRANC ŽERDIN
Sat, 24 Oct 2015 17:52:32 - NEW PERSON: BEĆAREVIĆ ASMIR
Sat, 24 Oct 2015 17:52:32 - NEW PERSON: PETER DERMOL
Sat, 24 Oct 2015 17:52:33 - NEW PERSON: ASMIR BEČAREVIĆ
Sat, 24 Oct 2015 17:52:34 - FETCH DOC: http://www.dz-rs.si/wps/portal/Home/deloDZ/seje/evidenca?mandat=VI&type=dt&uid=C1AE05BD44003EA1C1257D1F005A910B
Sat, 24 Oct 2015 17:52:35 - FETCH DOC: http://www.dz-rs.si/wps/portal/Home/deloDZ/seje/evidenca?mandat=VI&type=dt&uid=0D162BACE5E470C5C1257D1F005A912E
Sat, 24 Oct 2015 17:52:35 - FETCH DOC: http://www.dz-rs.si/wps/portal/Home/deloDZ/seje/evidenca?mandat=VI&type=dt&uid=22338728AF936622C1257D1F005A9131
Sat, 24 Oct 2015 17:52:35 - FETCH SESSION: http://www.dz-rs.si/wps/portal/Home/deloDZ/seje/izbranaSejaDt?mandat=VI&seja=12%20039.%20Nujna&uid=CF960946CC28BEBFC1257D1F005A8FFF
Sat, 24 Oct 2015 17:52:36 - FETCH SPEECH: http://www.dz-rs.si/wps/portal/Home/deloDZ/seje/evidenca?mandat=VI&type=pmagdt&uid=257F7246BF1BE0EAC1257D010030F490
Sat, 24 Oct 2015 17:52:36 - FETCH DOC: http://www.dz-rs.si/wps/portal/Home/deloDZ/seje/evidenca?mandat=VI&type=dt&uid=0B566B6BED0716E8C1257D1F005A901C
Sat, 24 Oct 2015 17:52:37 - FETCH SESSION: http://www.dz-rs.si/wps/portal/Home/deloDZ/seje/izbranaSejaDt?mandat=VI&seja=12%20038.%20Nujna&uid=E91D6DF73583B6F5C1257D1F005A8F0D
Sat, 24 Oct 2015 17:52:37 - FETCH SPEECH: http://www.dz-rs.si/wps/portal/Home/deloDZ/seje/evidenca?mandat=VI&type=pmagdt&uid=15FDCFCC00909B8AC1257CF6002B6962
Sat, 24 Oct 2015 17:52:39 - FETCH DOC: http://www.dz-rs.si/wps/portal/Home/deloDZ/seje/evidenca?mandat=VI&type=dt&uid=AF12ED5EDF1C9301C1257D1F005A8F20
Sat, 24 Oct 2015 17:52:39 - FETCH SESSION: http://www.dz-rs.si/wps/portal/Home/deloDZ/seje/izbranaSejaDt?mandat=VI&seja=12%20018.%20Redna&uid=A86F0822D235032CC1257D1F005A8DB4
Sat, 24 Oct 2015 17:52:40 - FETCH SPEECH: http://www.dz-rs.si/wps/portal/Home/deloDZ/seje/evidenca?mandat=VI&type=pmagdt&uid=B36626F7FC7548C1C1257CED0042C940
Sat, 24 Oct 2015 17:52:40 - NEW PERSON: SABINA JEREB
Sat, 24 Oct 2015 17:52:41 - FETCH DOC: http://www.dz-rs.si/wps/portal/Home/deloDZ/seje/evidenca?mandat=VI&type=dt&uid=7A2516A9CEC9A7D8C1257D1F005A8DBE
Sat, 24 Oct 2015 17:52:41 - FETCH DOC: http://www.dz-rs.si/wps/portal/Home/deloDZ/seje/evidenca?mandat=VI&type=dt&uid=22EB695986DB1502C1257D1F005A8EBD
Sat, 24 Oct 2015 17:52:42 - FETCH DOC: http://www.dz-rs.si/wps/portal/Home/deloDZ/seje/evidenca?mandat=VI&type=dt&uid=7F4756A6587097C3C1257D1F005A8EF0
Sat, 24 Oct 2015 17:52:42 - FETCH SESSION: http://www.dz-rs.si/wps/portal/Home/deloDZ/seje/izbranaSejaDt?mandat=VI&seja=12%20037.%20Nujna&uid=0F74CC9EEAA30CDEC1257D1F005A8CE4
Sat, 24 Oct 2015 17:52:43 - FETCH SPEECH: http://www.dz-rs.si/wps/portal/Home/deloDZ/seje/evidenca?mandat=VI&type=pmagdt&uid=F100C1E4FC4BED84C1257CED003129F2
Sat, 24 Oct 2015 17:52:43 - NEW PERSON: SAMO OMERZEL
Sat, 24 Oct 2015 17:52:45 - NEW PERSON: BOJAN LUSKOVEC
Sat, 24 Oct 2015 17:52:45 - NEW PERSON: VALTER VODOPIVEC
Sat, 24 Oct 2015 17:52:46 - FETCH DOC: http://www.dz-rs.si/wps/portal/Home/deloDZ/seje/evidenca?mandat=VI&type=dt&uid=9BAC2FAF57AFAEE9C1257D1F005A8E3D
Sat, 24 Oct 2015 17:52:47 - FETCH DOC: http://www.dz-rs.si/wps/portal/Home/deloDZ/seje/evidenca?mandat=VI&type=dt&uid=74DD1841713B0E9EC1257D1F005A8EEE
Sat, 24 Oct 2015 17:52:47 - FETCH DOC: http://www.dz-rs.si/wps/portal/Home/deloDZ/seje/evidenca?mandat=VI&type=dt&uid=A7D815D63602459CC1257D1F005A8EEF
Sat, 24 Oct 2015 17:52:47 - FETCH SESSION: http://www.dz-rs.si/wps/portal/Home/deloDZ/seje/izbranaSejaDt?mandat=VI&seja=12%20017.%20Redna&uid=4ED6D8CA60D20868C1257D1F005A8CEA
Sat, 24 Oct 2015 17:52:48 - FETCH SPEECH: http://www.dz-rs.si/wps/portal/Home/deloDZ/seje/evidenca?mandat=VI&type=pmagdt&uid=764A771BF31A4483C1257CE10035EFD2
Sat, 24 Oct 2015 17:52:49 - FETCH DOC: http://www.dz-rs.si/wps/portal/Home/deloDZ/seje/evidenca?mandat=VI&type=dt&uid=108AAB1C3DEAAB36C1257D1F005A8CEE
Sat, 24 Oct 2015 17:52:49 - FETCH SESSION: http://www.dz-rs.si/wps/portal/Home/deloDZ/seje/izbranaSejaDt?mandat=VI&seja=12%20016.%20Redna&uid=30C27B362CA747C9C1257D1F005A8966
Sat, 24 Oct 2015 17:52:50 - FETCH SPEECH: http://www.dz-rs.si/wps/portal/Home/deloDZ/seje/evidenca?mandat=VI&type=pmagdt&uid=765BBEB5EF01590FC1257CB600219385
Sat, 24 Oct 2015 17:52:51 - FETCH DOC: http://www.dz-rs.si/wps/portal/Home/deloDZ/seje/evidenca?mandat=VI&type=dt&uid=93D48259A218CFACC1257D1F005A8989
Sat, 24 Oct 2015 17:52:51 - FETCH SESSION: http://www.dz-rs.si/wps/portal/Home/deloDZ/seje/izbranaSejaDt?mandat=VI&seja=12%20036.%20Nujna&uid=F6A809F8B3742272C1257D1F005A88C3
Sat, 24 Oct 2015 17:52:52 - FETCH SPEECH: http://www.dz-rs.si/wps/portal/Home/deloDZ/seje/evidenca?mandat=VI&type=pmagdt&uid=9CCE67FB583B637AC1257CA9002FAE7C
Sat, 24 Oct 2015 17:52:52 - FETCH DOC: http://www.dz-rs.si/wps/portal/Home/deloDZ/seje/evidenca?mandat=VI&type=dt&uid=8A2AC153F98B07BCC1257D1F005A88C7
Sat, 24 Oct 2015 17:52:52 - FETCH SESSION: http://www.dz-rs.si/wps/portal/Home/deloDZ/seje/izbranaSejaDt?mandat=VI&seja=12%20035.%20Nujna&uid=2C9E8958FBAB1E9DC1257D1F005A87D0
Sat, 24 Oct 2015 17:52:53 - FETCH SPEECH: http://www.dz-rs.si/wps/portal/Home/deloDZ/seje/evidenca?mandat=VI&type=pmagdt&uid=552D2F09977001ADC1257C9A003D40E0
Sat, 24 Oct 2015 17:52:55 - FETCH DOC: http://www.dz-rs.si/wps/portal/Home/deloDZ/seje/evidenca?mandat=VI&type=dt&uid=AF0BC9A60E70D40CC1257D1F005A87DD
Sat, 24 Oct 2015 17:52:56 - FETCH SESSION: http://www.dz-rs.si/wps/portal/Home/deloDZ/seje/izbranaSejaDt?mandat=VII&seja=15%20018.%20Redna&uid=A75CDCEEC3ABCAB9C1257EC7002679CB
Sat, 24 Oct 2015 17:52:57 - FETCH DOC: http://www.dz-rs.si/wps/portal/Home/deloDZ/seje/evidenca?mandat=VII&type=dt&uid=C206ED59AECF0B8DC1257ECB002A884D
Sat, 24 Oct 2015 17:52:57 - FETCH DOC: http://www.dz-rs.si/wps/portal/Home/deloDZ/seje/evidenca?mandat=VII&type=dt&uid=4B1E3B3933A4C83EC1257ED2003C273E
Sat, 24 Oct 2015 17:52:58 - FETCH DOC: http://www.dz-rs.si/wps/portal/Home/deloDZ/seje/evidenca?mandat=VII&type=dt&uid=5230F7E2AC50E3C6C1257ED900371818
Sat, 24 Oct 2015 17:52:58 - FETCH DOC: http://www.dz-rs.si/wps/portal/Home/deloDZ/seje/evidenca?mandat=VII&type=dt&uid=A3E44E226EEC413BC1257EDD003AC59E
Sat, 24 Oct 2015 17:52:58 - FETCH SESSION: http://www.dz-rs.si/wps/portal/Home/deloDZ/seje/izbranaSejaDt?mandat=VII&seja=15%20006.%20Nujna&uid=856A5EEBF3BBE571C1257ECE003F89B4
Sat, 24 Oct 2015 17:52:59 - FETCH SPEECH: http://www.dz-rs.si/wps/portal/Home/deloDZ/seje/evidenca?mandat=VII&type=pmagdt&uid=AE7DEBAA7C7600D0C1257ED90022DD13
Sat, 24 Oct 2015 17:52:59 - NEW PERSON: KRISTIJAN JORG PETROVIČ
Sat, 24 Oct 2015 17:52:59 - NEW PERSON: JORG KRISTIJAN PETROVIČ
Sat, 24 Oct 2015 17:53:01 - FETCH DOC: http://www.dz-rs.si/wps/portal/Home/deloDZ/seje/evidenca?mandat=VII&type=dt&uid=905341BB6F6B87BEC1257ECF003F65C3
Sat, 24 Oct 2015 17:53:01 - FETCH DOC: http://www.dz-rs.si/wps/portal/Home/deloDZ/seje/evidenca?mandat=VII&type=dt&uid=9D2FB6B0A32BE472C1257ED8002019DD
Sat, 24 Oct 2015 17:53:01 - FETCH DOC: http://www.dz-rs.si/wps/portal/Home/deloDZ/seje/evidenca?mandat=VII&type=dt&uid=491F1D9A427B3D68C1257EDC003D2F4D
Sat, 24 Oct 2015 17:53:01 - FETCH SESSION: http://www.dz-rs.si/wps/portal/Home/deloDZ/seje/izbranaSejaDt?mandat=VII&seja=15%20007.%20Nujna&uid=0994862BD3D3B4F2C1257ED00027F700
Sat, 24 Oct 2015 17:53:02 - FETCH SPEECH: http://www.dz-rs.si/wps/portal/Home/deloDZ/seje/evidenca?mandat=VII&type=pmagdt&uid=FEC81668E3E1D941C1257EDD0040A009
Sat, 24 Oct 2015 17:53:06 - NEW PERSON: JURE KRČ
Sat, 24 Oct 2015 17:53:06 - NEW PERSON: PETER ŠTRBENK
Sat, 24 Oct 2015 17:53:06 - NEW PERSON: DANICA ČUK
Sat, 24 Oct 2015 17:53:07 - NEW PERSON: JURE VALJAVEC
Sat, 24 Oct 2015 17:53:07 - NEW PERSON: MILAN PEROVIĆ
Sat, 24 Oct 2015 17:53:07 - NEW PERSON: STANISLAVA CAPRIROLO ZADRAVEC
Sat, 24 Oct 2015 17:53:10 - FETCH DOC: http://www.dz-rs.si/wps/portal/Home/deloDZ/seje/evidenca?mandat=VII&type=dt&uid=A9C5D1B49213D535C1257ED1003C85AA
Sat, 24 Oct 2015 17:53:11 - FETCH DOC: http://www.dz-rs.si/wps/portal/Home/deloDZ/seje/evidenca?mandat=VII&type=dt&uid=6BD829B45AB1E54DC1257ED800216C53
Sat, 24 Oct 2015 17:53:11 - FETCH SESSION: http://www.dz-rs.si/wps/portal/Home/deloDZ/seje/izbranaSejaDt?mandat=VII&seja=15%20017.%20Redna&uid=714BA8920B9BB93EC1257E9800223FF1
Sat, 24 Oct 2015 17:53:12 - FETCH SPEECH: http://www.dz-rs.si/wps/portal/Home/deloDZ/seje/evidenca?mandat=VII&type=pmagdt&uid=B181E54CDBD75317C1257ED000450AC9
Sat, 24 Oct 2015 17:53:14 - NEW PERSON: ZORAN MLADENOVIČ
Sat, 24 Oct 2015 17:53:14 - NEW PERSON: STANISLAV VIDOVIČ
Sat, 24 Oct 2015 17:53:15 - NEW PERSON: KRISTINA PIŠL TOLIČIČ
Sat, 24 Oct 2015 17:53:15 - NEW PERSON: MARTA MIHELIN
Sat, 24 Oct 2015 17:53:16 - FETCH DOC: http://www.dz-rs.si/wps/portal/Home/deloDZ/seje/evidenca?mandat=VII&type=dt&uid=59BBDA75D5D9527DC1257EAB00385B77
Sat, 24 Oct 2015 17:53:16 - FETCH DOC: http://www.dz-rs.si/wps/portal/Home/deloDZ/seje/evidenca?mandat=VII&type=dt&uid=EFB2724C0DDFE444C1257EBD003C7E86
Sat, 24 Oct 2015 17:53:16 - FETCH DOC: http://www.dz-rs.si/wps/portal/Home/deloDZ/seje/evidenca?mandat=VII&type=dt&uid=CDC8DA0F77D3A435C1257EC10049EEC0
Sat, 24 Oct 2015 17:53:17 - FETCH DOC: http://www.dz-rs.si/wps/portal/Home/deloDZ/seje/evidenca?mandat=VII&type=dt&uid=FDFDAD6DE0EBA0CFC1257EC7002BCDA9
Sat, 24 Oct 2015 17:53:17 - FETCH SESSION: http://www.dz-rs.si/wps/portal/Home/deloDZ/seje/izbranaSejaDt?mandat=VII&seja=15%20016.%20Redna&uid=854E5872DE4DD98FC1257E58004581ED
Sat, 24 Oct 2015 17:53:18 - FETCH SPEECH: http://www.dz-rs.si/wps/portal/Home/deloDZ/seje/evidenca?mandat=VII&type=pmagdt&uid=46FF0A4AA1F7AB38C1257E9800248DF8
Sat, 24 Oct 2015 17:53:18 - NEW PERSON: NATAŠA MUSAR MIŠELJIĆ
Sat, 24 Oct 2015 17:53:19 - NEW PERSON: TANJA BOGATAJ
Sat, 24 Oct 2015 17:53:20 - FETCH DOC: http://www.dz-rs.si/wps/portal/Home/deloDZ/seje/evidenca?mandat=VII&type=dt&uid=2BAB08775E343DB2C1257E6900268D59
Sat, 24 Oct 2015 17:53:20 - FETCH DOC: http://www.dz-rs.si/wps/portal/Home/deloDZ/seje/evidenca?mandat=VII&type=dt&uid=8679E3E5E699DB69C1257E77003692A5
Sat, 24 Oct 2015 17:53:21 - FETCH DOC: http://www.dz-rs.si/wps/portal/Home/deloDZ/seje/evidenca?mandat=VII&type=dt&uid=269D50E6139A14F5C1257E81003A1791
Sat, 24 Oct 2015 17:53:21 - FETCH SESSION: http://www.dz-rs.si/wps/portal/Home/deloDZ/seje/izbranaSejaDt?mandat=VII&seja=15%20005.%20Nujna&uid=696E226EAFF7E8EAC1257E73002657DC
Sat, 24 Oct 2015 17:53:22 - FETCH SPEECH: http://www.dz-rs.si/wps/portal/Home/deloDZ/seje/evidenca?mandat=VII&type=pmagdt&uid=6891B4AD227F3C43C1257EAB002B0F11
Sat, 24 Oct 2015 17:53:23 - FETCH DOC: http://www.dz-rs.si/wps/portal/Home/deloDZ/seje/evidenca?mandat=VII&type=dt&uid=06125DA0B28B40EFC1257E730026D2DB
Sat, 24 Oct 2015 17:53:23 - FETCH DOC: http://www.dz-rs.si/wps/portal/Home/deloDZ/seje/evidenca?mandat=VII&type=dt&uid=7D3944AEF926ABA6C1257E740031B950
Sat, 24 Oct 2015 17:53:24 - FETCH DOC: http://www.dz-rs.si/wps/portal/Home/deloDZ/seje/evidenca?mandat=VII&type=dt&uid=0D8BD1F3A0199862C1257E76002ABEE3
Sat, 24 Oct 2015 17:53:24 - FETCH SESSION: http://www.dz-rs.si/wps/portal/Home/deloDZ/seje/izbranaSejaDt?mandat=VII&seja=15%20015.%20Redna&uid=72EB6A9CF1782BBEC1257E510029CC4D
Sat, 24 Oct 2015 17:53:25 - FETCH SPEECH: http://www.dz-rs.si/wps/portal/Home/deloDZ/seje/evidenca?mandat=VII&type=pmagdt&uid=41ABBDCF92AE76EBC1257E62003500EE
Sat, 24 Oct 2015 17:53:26 - FETCH DOC: http://www.dz-rs.si/wps/portal/Home/deloDZ/seje/evidenca?mandat=VII&type=dt&uid=6769B71BD79CD7C9C1257E51002F18FC
Sat, 24 Oct 2015 17:53:26 - FETCH DOC: http://www.dz-rs.si/wps/portal/Home/deloDZ/seje/evidenca?mandat=VII&type=dt&uid=9081F226435AF28EC1257E650026EA6B
Sat, 24 Oct 2015 17:53:26 - FETCH SESSION: http://www.dz-rs.si/wps/portal/Home/deloDZ/seje/izbranaSejaDt?mandat=VII&seja=15%20014.%20Redna&uid=4D6E77554C89DFE9C1257E430046D8A1
Sat, 24 Oct 2015 17:53:27 - FETCH SPEECH: http://www.dz-rs.si/wps/portal/Home/deloDZ/seje/evidenca?mandat=VII&type=pmagdt&uid=141A53853B4680C0C1257E610020C49F
Sat, 24 Oct 2015 17:53:29 - FETCH DOC: http://www.dz-rs.si/wps/portal/Home/deloDZ/seje/evidenca?mandat=VII&type=dt&uid=25C1BA08F0B46774C1257E4D0031CD67
Sat, 24 Oct 2015 17:53:29 - FETCH DOC: http://www.dz-rs.si/wps/portal/Home/deloDZ/seje/evidenca?mandat=VII&type=dt&uid=660A81DA4601CE39C1257E53001DB511
Sat, 24 Oct 2015 17:53:29 - FETCH DOC: http://www.dz-rs.si/wps/portal/Home/deloDZ/seje/evidenca?mandat=VII&type=dt&uid=8666FFDD78D0C8EDC1257E54002476C4
Sat, 24 Oct 2015 17:53:29 - FETCH DOC: http://www.dz-rs.si/wps/portal/Home/deloDZ/seje/evidenca?mandat=VII&type=dt&uid=3A0E2AFFCDF0E482C1257E59002C4089
Sat, 24 Oct 2015 17:53:30 - FETCH DOC: http://www.dz-rs.si/wps/portal/Home/deloDZ/seje/evidenca?mandat=VII&type=dt&uid=7A40C89D17F25C11C1257E5A003EF34E
Sat, 24 Oct 2015 17:53:30 - FETCH SESSION: http://www.dz-rs.si/wps/portal/Home/deloDZ/seje/izbranaSejaDt?mandat=VII&seja=15%20004.%20Nujna&uid=CE48831BA40100B9C1257E42003B362A
Sat, 24 Oct 2015 17:53:31 - FETCH SPEECH: http://www.dz-rs.si/wps/portal/Home/deloDZ/seje/evidenca?mandat=VII&type=pmagdt&uid=707F949620BC48EBC1257E59002F5B9A
Sat, 24 Oct 2015 17:53:34 - FETCH DOC: http://www.dz-rs.si/wps/portal/Home/deloDZ/seje/evidenca?mandat=VII&type=dt&uid=95E7EF305422A939C1257E42003F2558
Sat, 24 Oct 2015 17:53:34 - FETCH DOC: http://www.dz-rs.si/wps/portal/Home/deloDZ/seje/evidenca?mandat=VII&type=dt&uid=403DEB4470ECAD05C1257E4A002FDB87
Sat, 24 Oct 2015 17:53:34 - FETCH DOC: http://www.dz-rs.si/wps/portal/Home/deloDZ/seje/evidenca?mandat=VII&type=dt&uid=E30668B22C252EE4C1257E4C00282FDD
Sat, 24 Oct 2015 17:53:35 - FETCH DOC: http://www.dz-rs.si/wps/portal/Home/deloDZ/seje/evidenca?mandat=VII&type=dt&uid=5CCE209E1DCA83D0C1257E530029001A
Sat, 24 Oct 2015 17:53:35 - FETCH SESSION: http://www.dz-rs.si/wps/portal/Home/deloDZ/seje/izbranaSejaDt?mandat=VII&seja=15%20013.%20Redna&uid=6111BF1303D10A38C1257E20002931E1
Sat, 24 Oct 2015 17:53:36 - FETCH SPEECH: http://www.dz-rs.si/wps/portal/Home/deloDZ/seje/evidenca?mandat=VII&type=pmagdt&uid=6A2AA8C8281A2642C1257E460039482E
Sat, 24 Oct 2015 17:53:37 - FETCH SPEECH: http://www.dz-rs.si/wps/portal/Home/deloDZ/seje/evidenca?mandat=VII&type=pmagdt&uid=8E94E9F5CADDC146C1257E57003BA296
Sat, 24 Oct 2015 17:53:38 - NEW PERSON: MIROSLAV KRANJC
Sat, 24 Oct 2015 17:53:39 - NEW PERSON: MARJAN SUŠELJ
Sat, 24 Oct 2015 17:53:39 - NEW PERSON: IGOR BARTENJEV
Sat, 24 Oct 2015 17:53:41 - FETCH DOC: http://www.dz-rs.si/wps/portal/Home/deloDZ/seje/evidenca?mandat=VII&type=dt&uid=A849CE4D49FA73B0C1257E2A003261BD
Sat, 24 Oct 2015 17:53:41 - FETCH DOC: http://www.dz-rs.si/wps/portal/Home/deloDZ/seje/evidenca?mandat=VII&type=dt&uid=BD92C1767AAEBF84C1257E44004060E3
Sat, 24 Oct 2015 17:53:41 - FETCH DOC: http://www.dz-rs.si/wps/portal/Home/deloDZ/seje/evidenca?mandat=VII&type=dt&uid=9386F056DF32F430C1257E5100233B6C
Sat, 24 Oct 2015 17:53:42 - FETCH DOC: http://www.dz-rs.si/wps/portal/Home/deloDZ/seje/evidenca?mandat=VII&type=dt&uid=C27468BFA6528337C1257E46003CCAC3
Sat, 24 Oct 2015 17:53:42 - FETCH SESSION: http://www.dz-rs.si/wps/portal/Home/deloDZ/seje/izbranaSejaDt?mandat=VII&seja=15%20012.%20Redna&uid=99A61072B73E4DCDC1257E0B002B6D37
Sat, 24 Oct 2015 17:53:43 - FETCH SPEECH: http://www.dz-rs.si/wps/portal/Home/deloDZ/seje/evidenca?mandat=VII&type=pmagdt&uid=FF34AA0B177C1C29C1257E30002773B5
Sat, 24 Oct 2015 17:53:44 - FETCH DOC: http://www.dz-rs.si/wps/portal/Home/deloDZ/seje/evidenca?mandat=VII&type=dt&uid=5563414EE41934E8C1257E1A002633A3
Sat, 24 Oct 2015 17:53:44 - FETCH DOC: http://www.dz-rs.si/wps/portal/Home/deloDZ/seje/evidenca?mandat=VII&type=dt&uid=92A195366F06BFE1C1257E2200533F0E
Sat, 24 Oct 2015 17:53:45 - FETCH DOC: http://www.dz-rs.si/wps/portal/Home/deloDZ/seje/evidenca?mandat=VII&type=dt&uid=DD651F9DA703F5E8C1257E280035DFC1
Sat, 24 Oct 2015 17:53:45 - FETCH DOC: http://www.dz-rs.si/wps/portal/Home/deloDZ/seje/evidenca?mandat=VII&type=dt&uid=F2908BDA4B8D6331C1257E2D00395336
Sat, 24 Oct 2015 17:53:45 - FETCH SESSION: http://www.dz-rs.si/wps/portal/Home/deloDZ/seje/izbranaSejaDt?mandat=VII&seja=15%20011.%20Redna&uid=AE24B5E7472C7AF0C1257DFC002C83CA
Sat, 24 Oct 2015 17:53:46 - FETCH SPEECH: http://www.dz-rs.si/wps/portal/Home/deloDZ/seje/evidenca?mandat=VII&type=pmagdt&uid=507D39BB284890ABC1257E1C003A5CC1
Sat, 24 Oct 2015 17:53:47 - FETCH DOC: http://www.dz-rs.si/wps/portal/Home/deloDZ/seje/evidenca?mandat=VII&type=dt&uid=ADE77E8ABC1E40CCC1257DFE004109B2
Sat, 24 Oct 2015 17:53:47 - FETCH DOC: http://www.dz-rs.si/wps/portal/Home/deloDZ/seje/evidenca?mandat=VII&type=dt&uid=D5A3CD6F0046B855C1257E11002B420A
Sat, 24 Oct 2015 17:53:49 - FETCH SESSION: http://www.dz-rs.si/wps/portal/Home/deloDZ/seje/izbranaSejaDt?mandat=VII&seja=15%20010.%20Redna&uid=F9F3042957ECCFDBC1257DE9002CB708
Sat, 24 Oct 2015 17:53:50 - FETCH SPEECH: http://www.dz-rs.si/wps/portal/Home/deloDZ/seje/evidenca?mandat=VII&type=pmagdt&uid=E227F830B3C5D09BC1257E12004C12C8
Sat, 24 Oct 2015 17:53:51 - NEW PERSON: INGRID MASTNAK
Sat, 24 Oct 2015 17:53:51 - NEW PERSON: TINA KRAMAR
Sat, 24 Oct 2015 17:53:52 - FETCH DOC: http://www.dz-rs.si/wps/portal/Home/deloDZ/seje/evidenca?mandat=VII&type=dt&uid=3C04AB72405CE089C1257DE9004256DF
Sat, 24 Oct 2015 17:53:52 - FETCH DOC: http://www.dz-rs.si/wps/portal/Home/deloDZ/seje/evidenca?mandat=VII&type=dt&uid=FFC8A2E94257D69CC1257DEA0041B0E7
Sat, 24 Oct 2015 17:53:53 - FETCH DOC: http://www.dz-rs.si/wps/portal/Home/deloDZ/seje/evidenca?mandat=VII&type=dt&uid=FFFB14B0B33BD73DC1257DF8002C3953
Sat, 24 Oct 2015 17:53:53 - FETCH SESSION: http://www.dz-rs.si/wps/portal/Home/deloDZ/seje/izbranaSejaDt?mandat=VII&seja=15%20002.%20Nujna&uid=8FAA502525A8371DC1257D9C0029B62E
Sat, 24 Oct 2015 17:53:54 - FETCH SPEECH: http://www.dz-rs.si/wps/portal/Home/deloDZ/seje/evidenca?mandat=VII&type=pmagdt&uid=FD2710C30B37FDADC1257E040041058C
Sat, 24 Oct 2015 17:53:56 - FETCH DOC: http://www.dz-rs.si/wps/portal/Home/deloDZ/seje/evidenca?mandat=VII&type=dt&uid=3C83EA45EBECFAECC1257DE7004BC4BE
Sat, 24 Oct 2015 17:53:56 - FETCH DOC: http://www.dz-rs.si/wps/portal/Home/deloDZ/seje/evidenca?mandat=VII&type=dt&uid=BDE35BDB8582079BC1257DF10043D989
Sat, 24 Oct 2015 17:53:57 - FETCH SESSION: http://www.dz-rs.si/wps/portal/Home/deloDZ/seje/izbranaSejaDt?mandat=VII&seja=15%20009.%20Redna&uid=E2939F681910BBDAC1257DCF003D72C8
Sat, 24 Oct 2015 17:53:58 - FETCH SPEECH: http://www.dz-rs.si/wps/portal/Home/deloDZ/seje/evidenca?mandat=VII&type=pmagdt&uid=D977F3689142D85FC1257DEB0042A12A
Sat, 24 Oct 2015 17:54:01 - FETCH DOC: http://www.dz-rs.si/wps/portal/Home/deloDZ/seje/evidenca?mandat=VII&type=dt&uid=C8D321A372256E2DC1257DD60044E7EB
Sat, 24 Oct 2015 17:54:01 - FETCH DOC: http://www.dz-rs.si/wps/portal/Home/deloDZ/seje/evidenca?mandat=VII&type=dt&uid=70263D0C27080A1FC1257DE1004D6ABD
Sat, 24 Oct 2015 17:54:01 - FETCH DOC: http://www.dz-rs.si/wps/portal/Home/deloDZ/seje/evidenca?mandat=VII&type=dt&uid=EF2979912442F51AC1257DE3002EADF6
Sat, 24 Oct 2015 17:54:02 - FETCH DOC: http://www.dz-rs.si/wps/portal/Home/deloDZ/seje/evidenca?mandat=VII&type=dt&uid=17CDF4C4F9F49602C1257DE8004A08A3
Sat, 24 Oct 2015 17:54:02 - FETCH DOC: http://www.dz-rs.si/wps/portal/Home/deloDZ/seje/evidenca?mandat=VII&type=dt&uid=C84A046CDE5F6B1CC1257DEF0026BBF5
Sat, 24 Oct 2015 17:54:02 - FETCH SESSION: http://www.dz-rs.si/wps/portal/Home/deloDZ/seje/izbranaSejaDt?mandat=VII&seja=15%20003.%20Nujna&uid=E95DB27891F8C339C1257DE700313C90
Sat, 24 Oct 2015 17:54:03 - FETCH SPEECH: http://www.dz-rs.si/wps/portal/Home/deloDZ/seje/evidenca?mandat=VII&type=pmagdt&uid=8DF755BDD60121D9C1257DF20040DBF3
Sat, 24 Oct 2015 17:54:04 - NEW PERSON: TADEJ KOTNIK
Sat, 24 Oct 2015 17:54:07 - FETCH DOC: http://www.dz-rs.si/wps/portal/Home/deloDZ/seje/evidenca?mandat=VII&type=dt&uid=571949FFAD3C1B70C1257DE8004F0DDE
Sat, 24 Oct 2015 17:54:07 - FETCH DOC: http://www.dz-rs.si/wps/portal/Home/deloDZ/seje/evidenca?mandat=VII&type=dt&uid=A29C812174258155C1257DEA00502EE6
Sat, 24 Oct 2015 17:54:08 - FETCH DOC: http://www.dz-rs.si/wps/portal/Home/deloDZ/seje/evidenca?mandat=VII&type=dt&uid=B8593433BBE87F7DC1257DEF0029C636
Sat, 24 Oct 2015 17:54:08 - FETCH SESSION: http://www.dz-rs.si/wps/portal/Home/deloDZ/seje/izbranaSejaDt?mandat=VII&seja=15%20008.%20Redna&uid=17E68575C8232AB8C1257DA90035575C
Sat, 24 Oct 2015 17:54:09 - FETCH SPEECH: http://www.dz-rs.si/wps/portal/Home/deloDZ/seje/evidenca?mandat=VII&type=pmagdt&uid=799E3DFFF1E0B9A0C1257DD500451240
Sat, 24 Oct 2015 17:54:09 - NEW PERSON: GENOVEFA RUŽIČ
Sat, 24 Oct 2015 17:54:09 - NEW PERSON: ANDREJ FLAJS
Sat, 24 Oct 2015 17:54:10 - NEW PERSON: ALEKSANDER JEVŠEK
Sat, 24 Oct 2015 17:54:10 - NEW PERSON: MILOŠ SENČUR
Sat, 24 Oct 2015 17:54:10 - NEW PERSON: MARJETICA MAHNE
Sat, 24 Oct 2015 17:54:11 - NEW PERSON: ROMAN LAVTAR
Sat, 24 Oct 2015 17:54:11 - FETCH DOC: http://www.dz-rs.si/wps/portal/Home/deloDZ/seje/evidenca?mandat=VII&type=dt&uid=859D482582D32B6CC1257DB3003BA39F
Sat, 24 Oct 2015 17:54:12 - FETCH DOC: http://www.dz-rs.si/wps/portal/Home/deloDZ/seje/evidenca?mandat=VII&type=dt&uid=721049D2A8587EC9C1257DD3004B3CCF
Sat, 24 Oct 2015 17:54:13 - FETCH DOC: http://www.dz-rs.si/wps/portal/Home/deloDZ/seje/evidenca?mandat=VII&type=dt&uid=ADA1A2C1046691DFC1257DD50030680C
Sat, 24 Oct 2015 17:54:13 - FETCH SESSION: http://www.dz-rs.si/wps/portal/Home/deloDZ/seje/izbranaSejaDt?mandat=VII&seja=15%20007.%20Redna&uid=F8F67E263F947AF4C1257D97002DE1F5
Sat, 24 Oct 2015 17:54:14 - FETCH SPEECH: http://www.dz-rs.si/wps/portal/Home/deloDZ/seje/evidenca?mandat=VII&type=pmagdt&uid=77C6EDDEFCA0F6FCC1257DB1002AA373
Sat, 24 Oct 2015 17:54:14 - NEW PERSON: NATAŠA PRAH
Sat, 24 Oct 2015 17:54:15 - FETCH DOC: http://www.dz-rs.si/wps/portal/Home/deloDZ/seje/evidenca?mandat=VII&type=dt&uid=6C9DBFB21B3D8C68C1257D9C00442F90
Sat, 24 Oct 2015 17:54:15 - FETCH DOC: http://www.dz-rs.si/wps/portal/Home/deloDZ/seje/evidenca?mandat=VII&type=dt&uid=84BA0CFA7125222EC1257DAF00419549
Sat, 24 Oct 2015 17:54:15 - FETCH SESSION: http://www.dz-rs.si/wps/portal/Home/deloDZ/seje/izbranaSejaDt?mandat=VII&seja=15%20006.%20Redna&uid=29A99A4AA53F334CC1257D93002C668A
Sat, 24 Oct 2015 17:54:16 - FETCH SPEECH: http://www.dz-rs.si/wps/portal/Home/deloDZ/seje/evidenca?mandat=VII&type=pmagdt&uid=F2AF81EEC7AA8642C1257DA80031C15E
Sat, 24 Oct 2015 17:54:18 - FETCH SPEECH: http://www.dz-rs.si/wps/portal/Home/deloDZ/seje/evidenca?mandat=VII&type=pmagdt&uid=71B9A220946ADCD9C1257DCF0034E7E0
Sat, 24 Oct 2015 17:54:18 - NEW PERSON: GREGOR SLUGA
Sat, 24 Oct 2015 17:54:19 - FETCH DOC: http://www.dz-rs.si/wps/portal/Home/deloDZ/seje/evidenca?mandat=VII&type=dt&uid=7599CA491FB53494C1257D96004574E2
Sat, 24 Oct 2015 17:54:20 - FETCH DOC: http://www.dz-rs.si/wps/portal/Home/deloDZ/seje/evidenca?mandat=VII&type=dt&uid=1857E155D22CF482C1257D9B002FC533
Sat, 24 Oct 2015 17:54:20 - FETCH DOC: http://www.dz-rs.si/wps/portal/Home/deloDZ/seje/evidenca?mandat=VII&type=dt&uid=C0010EEA6D97A224C1257D9D004A1D28
Sat, 24 Oct 2015 17:54:21 - FETCH DOC: http://www.dz-rs.si/wps/portal/Home/deloDZ/seje/evidenca?mandat=VII&type=dt&uid=54BD0D4B938C4EEDC1257DA800412957
Sat, 24 Oct 2015 17:54:21 - FETCH DOC: http://www.dz-rs.si/wps/portal/Home/deloDZ/seje/evidenca?mandat=VII&type=dt&uid=E97BD9B3B84D9600C1257DA90029D54E
Sat, 24 Oct 2015 17:54:21 - FETCH SESSION: http://www.dz-rs.si/wps/portal/Home/deloDZ/seje/izbranaSejaDt?mandat=VII&seja=15%20005.%20Redna&uid=1E7EDC3C86F80C49C1257D8F002E4C25
Sat, 24 Oct 2015 17:54:22 - FETCH SPEECH: http://www.dz-rs.si/wps/portal/Home/deloDZ/seje/evidenca?mandat=VII&type=pmagdt&uid=A4E6003C273AF748C1257DA200308661
Sat, 24 Oct 2015 17:54:22 - NEW PERSON: MILAN M. CVIKL
Sat, 24 Oct 2015 17:54:23 - FETCH DOC: http://www.dz-rs.si/wps/portal/Home/deloDZ/seje/evidenca?mandat=VII&type=dt&uid=DA59872AE76F5214C1257D8F003287B2
Sat, 24 Oct 2015 17:54:23 - FETCH DOC: http://www.dz-rs.si/wps/portal/Home/deloDZ/seje/evidenca?mandat=VII&type=dt&uid=2A78AFADA5C17AFBC1257D9B004C3A13
Sat, 24 Oct 2015 17:54:24 - FETCH DOC: http://www.dz-rs.si/wps/portal/Home/deloDZ/seje/evidenca?mandat=VII&type=dt&uid=3A65D8D25FDF9B8DC1257DA2002F0C46
Sat, 24 Oct 2015 17:54:24 - FETCH SESSION: http://www.dz-rs.si/wps/portal/Home/deloDZ/seje/izbranaSejaDt?mandat=VII&seja=15%20004.%20Redna&uid=84BA6D94F68CDC54C1257D73002C8441
Sat, 24 Oct 2015 17:54:25 - FETCH SPEECH: http://www.dz-rs.si/wps/portal/Home/deloDZ/seje/evidenca?mandat=VII&type=pmagdt&uid=35FA4D98754D568BC1257D90003F84CA
Sat, 24 Oct 2015 17:54:25 - NEW PERSON: JANKO MEDJA
Sat, 24 Oct 2015 17:54:28 - FETCH DOC: http://www.dz-rs.si/wps/portal/Home/deloDZ/seje/evidenca?mandat=VII&type=dt&uid=BAE2618FAA462E93C1257D7F004884FD
Sat, 24 Oct 2015 17:54:28 - FETCH DOC: http://www.dz-rs.si/wps/portal/Home/deloDZ/seje/evidenca?mandat=VII&type=dt&uid=52D8B6014F2BE4AAC1257D8C004E98DD
Sat, 24 Oct 2015 17:54:28 - FETCH DOC: http://www.dz-rs.si/wps/portal/Home/deloDZ/seje/evidenca?mandat=VII&type=dt&uid=0973BC4F597FC4D9C1257D9000427C20
Sat, 24 Oct 2015 17:54:29 - FETCH SESSION: http://www.dz-rs.si/wps/portal/Home/deloDZ/seje/izbranaSejaDt?mandat=VII&seja=15%20003.%20Redna&uid=F24689338DD39865C1257D6B003E0EE1
Sat, 24 Oct 2015 17:54:30 - FETCH SPEECH: http://www.dz-rs.si/wps/portal/Home/deloDZ/seje/evidenca?mandat=VII&type=pmagdt&uid=7F30B16DF5F17CADC1257D8E0036371E
Sat, 24 Oct 2015 17:54:30 - NEW PERSON: DUŠAN VUČKO
Sat, 24 Oct 2015 17:54:32 - NEW PERSON: JORG K. PETROVIČ
Sat, 24 Oct 2015 17:54:33 - FETCH DOC: http://www.dz-rs.si/wps/portal/Home/deloDZ/seje/evidenca?mandat=VII&type=dt&uid=58BA115878800A70C1257D710042F2A0
Sat, 24 Oct 2015 17:54:34 - FETCH DOC: http://www.dz-rs.si/wps/portal/Home/deloDZ/seje/evidenca?mandat=VII&type=dt&uid=25C1F75FDDA60F94C1257D8600319F39
Sat, 24 Oct 2015 17:54:34 - FETCH DOC: http://www.dz-rs.si/wps/portal/Home/deloDZ/seje/evidenca?mandat=VII&type=dt&uid=CE6D50127D8ED0C8C1257D89003FF8D4
Sat, 24 Oct 2015 17:54:34 - FETCH DOC: http://www.dz-rs.si/wps/portal/Home/deloDZ/seje/evidenca?mandat=VII&type=dt&uid=C6465A42E01F61A0C1257D8C00426A1C
Sat, 24 Oct 2015 17:54:35 - FETCH DOC: http://www.dz-rs.si/wps/portal/Home/deloDZ/seje/evidenca?mandat=VII&type=dt&uid=7C8732484F476574C1257D8C0047FD4E
Sat, 24 Oct 2015 17:54:35 - FETCH DOC: http://www.dz-rs.si/wps/portal/Home/deloDZ/seje/evidenca?mandat=VII&type=dt&uid=60E883F06E5B38A6C1257D8F004784F2
Sat, 24 Oct 2015 17:54:35 - FETCH SESSION: http://www.dz-rs.si/wps/portal/Home/deloDZ/seje/izbranaSejaDt?mandat=VII&seja=15%20002.%20Redna&uid=FEA007BDD189A84EC1257D550030E23A
Sat, 24 Oct 2015 17:54:37 - FETCH SPEECH: http://www.dz-rs.si/wps/portal/Home/deloDZ/seje/evidenca?mandat=VII&type=pmagdt&uid=1B1866223359C130C1257D8C0039942E
Sat, 24 Oct 2015 17:54:37 - NEW PERSON: CARL JOHAN LINDGREN
Sat, 24 Oct 2015 17:54:38 - NEW PERSON: TÖRBJORN MANSSON
Sat, 24 Oct 2015 17:54:39 - NEW PERSON: PETER KOCJANČIČ
Sat, 24 Oct 2015 17:54:41 - FETCH DOC: http://www.dz-rs.si/wps/portal/Home/deloDZ/seje/evidenca?mandat=VII&type=dt&uid=40FE422D2C2BC012C1257D710046E876
Sat, 24 Oct 2015 17:54:41 - FETCH DOC: http://www.dz-rs.si/wps/portal/Home/deloDZ/seje/evidenca?mandat=VII&type=dt&uid=549DE282AFF65809C1257D740033964F
Sat, 24 Oct 2015 17:54:41 - FETCH DOC: http://www.dz-rs.si/wps/portal/Home/deloDZ/seje/evidenca?mandat=VII&type=dt&uid=0B1B432F687AA78CC1257D7F002F60F1
Sat, 24 Oct 2015 17:54:42 - FETCH DOC: http://www.dz-rs.si/wps/portal/Home/deloDZ/seje/evidenca?mandat=VII&type=dt&uid=94D03B021B9D427EC1257D7F0035876A
Sat, 24 Oct 2015 17:54:42 - FETCH DOC: http://www.dz-rs.si/wps/portal/Home/deloDZ/seje/evidenca?mandat=VII&type=dt&uid=6D5BF7977514CF5AC1257D880030279E
Sat, 24 Oct 2015 17:54:42 - FETCH SESSION: http://www.dz-rs.si/wps/portal/Home/deloDZ/seje/izbranaSejaDt?mandat=VII&seja=15%20001.%20Redna&uid=866C99E1D22DC53AC1257D550029F08E
Sat, 24 Oct 2015 17:54:43 - FETCH SPEECH: http://www.dz-rs.si/wps/portal/Home/deloDZ/seje/evidenca?mandat=VII&type=pmagdt&uid=D092536549E5BB7EC1257D7900378D49
Sat, 24 Oct 2015 17:54:44 - NEW PERSON: JERICA POVALEJ
Sat, 24 Oct 2015 17:54:46 - NEW PERSON: DIMITRIJ MARJANOVIČ
Sat, 24 Oct 2015 17:54:46 - NEW PERSON: DARJA ŠTRAUS TRUNK
Sat, 24 Oct 2015 17:54:47 - FETCH DOC: http://www.dz-rs.si/wps/portal/Home/deloDZ/seje/evidenca?mandat=VII&type=dt&uid=31E01797515467BBC1257D58002F8DCF
Sat, 24 Oct 2015 17:54:47 - FETCH DOC: http://www.dz-rs.si/wps/portal/Home/deloDZ/seje/evidenca?mandat=VII&type=dt&uid=7A9B89275E772B65C1257D7A00260834
Sat, 24 Oct 2015 17:54:47 - FETCH SESSION: http://www.dz-rs.si/wps/portal/Home/deloDZ/seje/izbranaSejaDt?mandat=VII&seja=15%20001.%20Nujna&uid=D098841E13957615C1257D4F00303CB4
Sat, 24 Oct 2015 17:54:48 - FETCH SPEECH: http://www.dz-rs.si/wps/portal/Home/deloDZ/seje/evidenca?mandat=VII&type=pmagdt&uid=EC4340DFDD371470C1257D56003848C4
Sat, 24 Oct 2015 17:54:49 - FETCH SPEECH: http://www.dz-rs.si/wps/portal/Home/deloDZ/seje/evidenca?mandat=VII&type=pmagdt&uid=4CC34439C88181FFC1257D56003D4236
Sat, 24 Oct 2015 17:54:49 - FETCH DOC: http://www.dz-rs.si/wps/portal/Home/deloDZ/seje/evidenca?mandat=VII&type=dt&uid=3F2CC69139C38548C1257D4F0032C99D
Sat, 24 Oct 2015 17:54:49 - FETCH DOC: http://www.dz-rs.si/wps/portal/Home/deloDZ/seje/evidenca?mandat=VII&type=dt&uid=FC8E48D4EC6DCC80C1257D51004A5069
Sat, 24 Oct 2015 17:54:50 - FETCH DOC: http://www.dz-rs.si/wps/portal/Home/deloDZ/seje/evidenca?mandat=VII&type=dt&uid=30096C43132FAC4EC1257D54003B86EF
Sat, 24 Oct 2015 17:54:50 - FETCH SESSION: http://www.dz-rs.si/wps/portal/Home/deloDZ/seje/izbranaSejaDt?mandat=VI&seja=15%20009.%20Nujna&uid=14841B4D1A65373CC1257D1F005A8E9E
Sat, 24 Oct 2015 17:54:51 - FETCH SPEECH: http://www.dz-rs.si/wps/portal/Home/deloDZ/seje/evidenca?mandat=VI&type=pmagdt&uid=6008B430DC1C2F63C1257CFA002FDFA3
Sat, 24 Oct 2015 17:54:52 - NEW PERSON: ALEŠ DELAKORDA
Sat, 24 Oct 2015 17:54:53 - FETCH DOC: http://www.dz-rs.si/wps/portal/Home/deloDZ/seje/evidenca?mandat=VI&type=dt&uid=2E81F4540A2F1487C1257D1F005A8EA5
Sat, 24 Oct 2015 17:54:53 - FETCH DOC: http://www.dz-rs.si/wps/portal/Home/deloDZ/seje/evidenca?mandat=VI&type=dt&uid=C5AF589480781E92C1257D1F005A8FA3
Sat, 24 Oct 2015 17:54:53 - FETCH SESSION: http://www.dz-rs.si/wps/portal/Home/deloDZ/seje/izbranaSejaDt?mandat=VI&seja=15%20038.%20Redna&uid=E3D8CFFCFF5EFD2CC1257D1F005A8BEF
Sat, 24 Oct 2015 17:54:54 - FETCH SPEECH: http://www.dz-rs.si/wps/portal/Home/deloDZ/seje/evidenca?mandat=VI&type=pmagdt&uid=FB7F717265692642C1257CF500392AA1
Sat, 24 Oct 2015 17:54:54 - FETCH SPEECH: http://www.dz-rs.si/wps/portal/Home/deloDZ/seje/evidenca?mandat=VI&type=pmagdt&uid=D4094E6062BD4032C1257CFC002F98F0
Sat, 24 Oct 2015 17:54:55 - NEW PERSON: LUCIJA REMEC
Sat, 24 Oct 2015 17:54:55 - NEW PERSON: MATEJ ČEPELNIK
Sat, 24 Oct 2015 17:54:55 - NEW PERSON: MITJA BREZOVNIK
Sat, 24 Oct 2015 17:54:55 - NEW PERSON: UROŠ VAJGL
Sat, 24 Oct 2015 17:54:55 - NEW PERSON: MILENKO ZIHERL
Sat, 24 Oct 2015 17:54:57 - FETCH SPEECH: http://www.dz-rs.si/wps/portal/Home/deloDZ/seje/evidenca?mandat=VI&type=pmagdt&uid=39931C18C0AB7E3DC1257D0700369E9A
Sat, 24 Oct 2015 17:54:58 - NEW PERSON: VIDA ČADONIČ ŠPELIČ
Sat, 24 Oct 2015 17:54:59 - FETCH DOC: http://www.dz-rs.si/wps/portal/Home/deloDZ/seje/evidenca?mandat=VI&type=dt&uid=B9D11E6EBD0D654CC1257D1F005A8E02
Sat, 24 Oct 2015 17:55:00 - FETCH DOC: http://www.dz-rs.si/wps/portal/Home/deloDZ/seje/evidenca?mandat=VI&type=dt&uid=E064D659249D3D33C1257D1F005A8E7C
Sat, 24 Oct 2015 17:55:00 - FETCH DOC: http://www.dz-rs.si/wps/portal/Home/deloDZ/seje/evidenca?mandat=VI&type=dt&uid=CA2DDBF8CD5CF2C5C1257D1F005A8EBB
Sat, 24 Oct 2015 17:55:00 - FETCH DOC: http://www.dz-rs.si/wps/portal/Home/deloDZ/seje/evidenca?mandat=VI&type=dt&uid=65D1F4C1CDECFFADC1257D1F005A8F96
Sat, 24 Oct 2015 17:55:01 - FETCH DOC: http://www.dz-rs.si/wps/portal/Home/deloDZ/seje/evidenca?mandat=VI&type=dt&uid=7766A40DC4B21D2BC1257D1F005A8FF7
Sat, 24 Oct 2015 17:55:02 - FETCH DOC: http://www.dz-rs.si/wps/portal/Home/deloDZ/seje/evidenca?mandat=VI&type=dt&uid=D2109704EE87E457C1257D1F005A9005
Sat, 24 Oct 2015 17:55:02 - FETCH DOC: http://www.dz-rs.si/wps/portal/Home/deloDZ/seje/evidenca?mandat=VI&type=dt&uid=22F1CB441C8F5978C1257D1F005A8FA4
Sat, 24 Oct 2015 17:55:03 - FETCH SESSION: http://www.dz-rs.si/wps/portal/Home/deloDZ/seje/izbranaSejaDt?mandat=VII&seja=05%20004.%20Nujna&uid=5416077D0C856C70C1257ECF002CF25A
Sat, 24 Oct 2015 17:55:05 - FETCH DOC: http://www.dz-rs.si/wps/portal/Home/deloDZ/seje/evidenca?mandat=VII&type=dt&uid=53728B4D3F0C0818C1257ECF004868BF
Sat, 24 Oct 2015 17:55:06 - FETCH SESSION: http://www.dz-rs.si/wps/portal/Home/deloDZ/seje/izbranaSejaDt?mandat=VII&seja=05%20003.%20Redna&uid=D04915077463FD34C1257EA5004948D8
Sat, 24 Oct 2015 17:55:08 - FETCH DOC: http://www.dz-rs.si/wps/portal/Home/deloDZ/seje/evidenca?mandat=VII&type=dt&uid=FF1AA22647734AA9C1257EAB003378E4
Sat, 24 Oct 2015 17:55:08 - FETCH DOC: http://www.dz-rs.si/wps/portal/Home/deloDZ/seje/evidenca?mandat=VII&type=dt&uid=12BB076C2695904AC1257EB40022D619
Sat, 24 Oct 2015 17:55:08 - FETCH DOC: http://www.dz-rs.si/wps/portal/Home/deloDZ/seje/evidenca?mandat=VII&type=dt&uid=150D268671BCBA25C1257EB4003919BA
Sat, 24 Oct 2015 17:55:08 - FETCH DOC: http://www.dz-rs.si/wps/portal/Home/deloDZ/seje/evidenca?mandat=VII&type=dt&uid=A0EC5ECD2185A2CEC1257EB500491547
Sat, 24 Oct 2015 17:55:09 - FETCH DOC: http://www.dz-rs.si/wps/portal/Home/deloDZ/seje/evidenca?mandat=VII&type=dt&uid=F89AD7959F14C135C1257EB6002D41FB
Sat, 24 Oct 2015 17:55:09 - FETCH DOC: http://www.dz-rs.si/wps/portal/Home/deloDZ/seje/evidenca?mandat=VII&type=dt&uid=A7E5850CF1F3252DC1257EC00035F7B0
Sat, 24 Oct 2015 17:55:09 - FETCH SESSION: http://www.dz-rs.si/wps/portal/Home/deloDZ/seje/izbranaSejaDt?mandat=VII&seja=05%20002.%20Redna&uid=1CD975B35BDFF87EC1257E310047E3BC
Sat, 24 Oct 2015 17:55:10 - FETCH SPEECH: http://www.dz-rs.si/wps/portal/Home/deloDZ/seje/evidenca?mandat=VII&type=pmagdt&uid=3FD7DC7B4DB55BC0C1257E460031919E
Sat, 24 Oct 2015 17:55:10 - NEW PERSON: FERENC HORVAT
Sat, 24 Oct 2015 17:55:10 - NEW PERSON: ALBERTO SCERIANI
Sat, 24 Oct 2015 17:55:11 - NEW PERSON: GOSPOD TREMUL
Sat, 24 Oct 2015 17:55:11 - NEW PERSON: GOSPOD LAVTAR
Sat, 24 Oct 2015 17:55:12 - NEW PERSON: MAURIZIO TREMUL
Sat, 24 Oct 2015 17:55:13 - FETCH DOC: http://www.dz-rs.si/wps/portal/Home/deloDZ/seje/evidenca?mandat=VII&type=dt&uid=BFD7FCD0A3A9B918C1257E35002980B9
Sat, 24 Oct 2015 17:55:13 - FETCH DOC: http://www.dz-rs.si/wps/portal/Home/deloDZ/seje/evidenca?mandat=VII&type=dt&uid=1A9BA02623C3F373C1257E3F00398B0F
Sat, 24 Oct 2015 17:55:14 - FETCH DOC: http://www.dz-rs.si/wps/portal/Home/deloDZ/seje/evidenca?mandat=VII&type=dt&uid=2D50CA0E69CE0264C1257E3F004BE1B9
Sat, 24 Oct 2015 17:55:15 - FETCH DOC: http://www.dz-rs.si/wps/portal/Home/deloDZ/seje/evidenca?mandat=VII&type=dt&uid=2CB1FB34208738DFC1257E420037CFD4
Sat, 24 Oct 2015 17:55:15 - FETCH DOC: http://www.dz-rs.si/wps/portal/Home/deloDZ/seje/evidenca?mandat=VII&type=dt&uid=B363DFF5266B1198C1257E4600231C71
Sat, 24 Oct 2015 17:55:15 - FETCH SESSION: http://www.dz-rs.si/wps/portal/Home/deloDZ/seje/izbranaSejaDt?mandat=VII&seja=05%20003.%20Nujna&uid=15B2432CCF61999AC1257DE1002FF5EE
Sat, 24 Oct 2015 17:55:17 - FETCH SPEECH: http://www.dz-rs.si/wps/portal/Home/deloDZ/seje/evidenca?mandat=VII&type=pmagdt&uid=4CD8FA30A9464E86C1257DE400408D46
Sat, 24 Oct 2015 17:55:17 - NEW PERSON: NATAŠA MRZLIKAR
Sat, 24 Oct 2015 17:55:17 - FETCH DOC: http://www.dz-rs.si/wps/portal/Home/deloDZ/seje/evidenca?mandat=VII&type=dt&uid=16AFB7C8EBC18AD9C1257DE100310B33
Sat, 24 Oct 2015 17:55:18 - FETCH DOC: http://www.dz-rs.si/wps/portal/Home/deloDZ/seje/evidenca?mandat=VII&type=dt&uid=1C490F4B25F1D59DC1257DE2004CCDB6
Sat, 24 Oct 2015 17:55:18 - FETCH SESSION: http://www.dz-rs.si/wps/portal/Home/deloDZ/seje/izbranaSejaDt?mandat=VII&seja=05%20001.%20Redna&uid=62F520D9EF076801C1257D5D0022BCAF
Sat, 24 Oct 2015 17:55:19 - FETCH SPEECH: http://www.dz-rs.si/wps/portal/Home/deloDZ/seje/evidenca?mandat=VII&type=pmagdt&uid=8D0875B91F4863CAC1257DCD0040C96E
Sat, 24 Oct 2015 17:55:19 - NEW PERSON: GOSPOD ŠTRUKELJ
Sat, 24 Oct 2015 17:55:20 - NEW PERSON: ANDREA BARTOLE
Sat, 24 Oct 2015 17:55:21 - FETCH DOC: http://www.dz-rs.si/wps/portal/Home/deloDZ/seje/evidenca?mandat=VII&type=dt&uid=9CB193DCFF40DCE8C1257DB3002B664F
Sat, 24 Oct 2015 17:55:21 - FETCH DOC: http://www.dz-rs.si/wps/portal/Home/deloDZ/seje/evidenca?mandat=VII&type=dt&uid=AE3BC9E607A413D1C1257DC8004726C8
Sat, 24 Oct 2015 17:55:21 - FETCH SESSION: http://www.dz-rs.si/wps/portal/Home/deloDZ/seje/izbranaSejaDt?mandat=VII&seja=05%20002.%20Nujna&uid=D9557191D66B7378C1257D86003069D4
Sat, 24 Oct 2015 17:55:23 - FETCH SPEECH: http://www.dz-rs.si/wps/portal/Home/deloDZ/seje/evidenca?mandat=VII&type=pmagdt&uid=CFBD2433DA3099C7C1257D8E004A50A0
Sat, 24 Oct 2015 17:55:23 - FETCH DOC: http://www.dz-rs.si/wps/portal/Home/deloDZ/seje/evidenca?mandat=VII&type=dt&uid=7C284B81DDD7D199C1257D87005435CA
Sat, 24 Oct 2015 17:55:24 - FETCH SESSION: http://www.dz-rs.si/wps/portal/Home/deloDZ/seje/izbranaSejaDt?mandat=VII&seja=05%20001.%20Nujna&uid=E9B35384CB05F617C1257D5E0041CDC3
Sat, 24 Oct 2015 17:55:25 - FETCH SPEECH: http://www.dz-rs.si/wps/portal/Home/deloDZ/seje/evidenca?mandat=VII&type=pmagdt&uid=1AF755F5F3430C04C1257D6C0021EDAE
Sat, 24 Oct 2015 17:55:28 - FETCH DOC: http://www.dz-rs.si/wps/portal/Home/deloDZ/seje/evidenca?mandat=VII&type=dt&uid=F2417C10F1355559C1257D5E00495D36
Sat, 24 Oct 2015 17:55:28 - FETCH DOC: http://www.dz-rs.si/wps/portal/Home/deloDZ/seje/evidenca?mandat=VII&type=dt&uid=E8F8DA97B0BE6D63C1257D640043ACA7
Sat, 24 Oct 2015 17:55:28 - FETCH DOC: http://www.dz-rs.si/wps/portal/Home/deloDZ/seje/evidenca?mandat=VII&type=dt&uid=27AC4487311C8F33C1257D7A00369883
Sat, 24 Oct 2015 17:55:29 - FETCH SESSION: http://www.dz-rs.si/wps/portal/Home/deloDZ/seje/izbranaSejaDt?mandat=VII&seja=54%20024.%20Nujna&uid=C009F4FBA71E4048C1257EE300222FF5
Sat, 24 Oct 2015 17:55:31 - FETCH DOC: http://www.dz-rs.si/wps/portal/Home/deloDZ/seje/evidenca?mandat=VII&type=dt&uid=F77D132B72C70808C1257EE300298A3D
Sat, 24 Oct 2015 17:55:31 - FETCH DOC: http://www.dz-rs.si/wps/portal/Home/deloDZ/seje/evidenca?mandat=VII&type=dt&uid=5DAF1D8256550E69C1257EE300437E8C
Sat, 24 Oct 2015 17:55:31 - FETCH DOC: http://www.dz-rs.si/wps/portal/Home/deloDZ/seje/evidenca?mandat=VII&type=dt&uid=0819AB3E10B57649C1257EE60046EB8D
Sat, 24 Oct 2015 17:55:31 - FETCH SESSION: http://www.dz-rs.si/wps/portal/Home/deloDZ/seje/izbranaSejaDt?mandat=VII&seja=54%20012.%20Redna&uid=42C4643E5F5FEE3AC1257EC2002BDBB9
Sat, 24 Oct 2015 17:55:33 - FETCH DOC: http://www.dz-rs.si/wps/portal/Home/deloDZ/seje/evidenca?mandat=VII&type=dt&uid=F4BCB3984EDD1BE8C1257ECF0033DA7B
Sat, 24 Oct 2015 17:55:34 - FETCH DOC: http://www.dz-rs.si/wps/portal/Home/deloDZ/seje/evidenca?mandat=VII&type=dt&uid=14690E4F73BD1D1EC1257EDC003A1C62
Sat, 24 Oct 2015 17:55:34 - FETCH DOC: http://www.dz-rs.si/wps/portal/Home/deloDZ/seje/evidenca?mandat=VII&type=dt&uid=F9189C2AF47FBAB1C1257EE600474A09
Sat, 24 Oct 2015 17:55:34 - FETCH SESSION: http://www.dz-rs.si/wps/portal/Home/deloDZ/seje/izbranaSejaDt?mandat=VII&seja=54%20011.%20Redna&uid=8243A88D622DE1BEC1257EB3003BABD5
Sat, 24 Oct 2015 17:55:36 - FETCH DOC: http://www.dz-rs.si/wps/portal/Home/deloDZ/seje/evidenca?mandat=VII&type=dt&uid=325479CBD616B302C1257EC9003E7E97
Sat, 24 Oct 2015 17:55:36 - FETCH DOC: http://www.dz-rs.si/wps/portal/Home/deloDZ/seje/evidenca?mandat=VII&type=dt&uid=3C51B01AFA306AB7C1257ECF002A255A
Sat, 24 Oct 2015 17:55:37 - FETCH DOC: http://www.dz-rs.si/wps/portal/Home/deloDZ/seje/evidenca?mandat=VII&type=dt&uid=6F72A8A1ADB1D3EAC1257ED0002A3471
Sat, 24 Oct 2015 17:55:37 - FETCH DOC: http://www.dz-rs.si/wps/portal/Home/deloDZ/seje/evidenca?mandat=VII&type=dt&uid=0969F0BCE804DC50C1257ED00039D795
Sat, 24 Oct 2015 17:55:38 - FETCH DOC: http://www.dz-rs.si/wps/portal/Home/deloDZ/seje/evidenca?mandat=VII&type=dt&uid=DC7E7B29EA84CDB8C1257ED10027219A
Sat, 24 Oct 2015 17:55:38 - FETCH DOC: http://www.dz-rs.si/wps/portal/Home/deloDZ/seje/evidenca?mandat=VII&type=dt&uid=97BD59A1F3BF5245C1257ED1002D6430
Sat, 24 Oct 2015 17:55:38 - FETCH DOC: http://www.dz-rs.si/wps/portal/Home/deloDZ/seje/evidenca?mandat=VII&type=dt&uid=9B742D1ED2AE71F4C1257ED20033FDBB
Sat, 24 Oct 2015 17:55:39 - FETCH DOC: http://www.dz-rs.si/wps/portal/Home/deloDZ/seje/evidenca?mandat=VII&type=dt&uid=97C71D328356AEA4C1257ED50033B3FF
Sat, 24 Oct 2015 17:55:39 - FETCH DOC: http://www.dz-rs.si/wps/portal/Home/deloDZ/seje/evidenca?mandat=VII&type=dt&uid=D3959F3F0E7D1138C1257ED500488F1A
Sat, 24 Oct 2015 17:55:39 - FETCH DOC: http://www.dz-rs.si/wps/portal/Home/deloDZ/seje/evidenca?mandat=VII&type=dt&uid=F6C93A438CA55E39C1257ED600283AAD
Sat, 24 Oct 2015 17:55:40 - FETCH DOC: http://www.dz-rs.si/wps/portal/Home/deloDZ/seje/evidenca?mandat=VII&type=dt&uid=A3CA79E122352B21C1257ED7004381A0
Sat, 24 Oct 2015 17:55:40 - FETCH DOC: http://www.dz-rs.si/wps/portal/Home/deloDZ/seje/evidenca?mandat=VII&type=dt&uid=FE4B6CC99272BE6BC1257ED9002448DB
Sat, 24 Oct 2015 17:55:40 - FETCH SESSION: http://www.dz-rs.si/wps/portal/Home/deloDZ/seje/izbranaSejaDt?mandat=VII&seja=54%20022.%20Nujna&uid=14056577B2B11DB1C1257EC7003C09EF
Sat, 24 Oct 2015 17:55:42 - FETCH DOC: http://www.dz-rs.si/wps/portal/Home/deloDZ/seje/evidenca?mandat=VII&type=dt&uid=46B47ADF335A0620C1257EC80044B11C
Sat, 24 Oct 2015 17:55:42 - FETCH SESSION: http://www.dz-rs.si/wps/portal/Home/deloDZ/seje/izbranaSejaDt?mandat=VII&seja=54%20023.%20Nujna&uid=534E481D1422323BC1257ECB004268CA
Sat, 24 Oct 2015 17:55:42 - FETCH DOC: http://www.dz-rs.si/wps/portal/Home/deloDZ/seje/evidenca?mandat=VII&type=dt&uid=74B143DA3ED99904C1257ECB0046718A
Sat, 24 Oct 2015 17:55:43 - FETCH DOC: http://www.dz-rs.si/wps/portal/Home/deloDZ/seje/evidenca?mandat=VII&type=dt&uid=C6FD6FA07175D9DCC1257ECF0030D1A3
Sat, 24 Oct 2015 17:55:43 - FETCH SESSION: http://www.dz-rs.si/wps/portal/Home/deloDZ/seje/izbranaSejaDt?mandat=VII&seja=54%20021.%20Nujna&uid=A9406C7AC613D613C1257EC000315E1D
Sat, 24 Oct 2015 17:55:44 - FETCH DOC: http://www.dz-rs.si/wps/portal/Home/deloDZ/seje/evidenca?mandat=VII&type=dt&uid=5FEAFE25DF0E4411C1257EC20024ED36
Sat, 24 Oct 2015 17:55:44 - FETCH DOC: http://www.dz-rs.si/wps/portal/Home/deloDZ/seje/evidenca?mandat=VII&type=dt&uid=C86219F3245AEB2BC1257ECA00482B8B
Sat, 24 Oct 2015 17:55:45 - FETCH SESSION: http://www.dz-rs.si/wps/portal/Home/deloDZ/seje/izbranaSejaDt?mandat=VII&seja=54%20010.%20Redna&uid=D5D4566A46918129C1257E7D004F3570
Sat, 24 Oct 2015 17:55:47 - FETCH SPEECH: http://www.dz-rs.si/wps/portal/Home/deloDZ/seje/evidenca?mandat=VII&type=pmagdt&uid=5C097D019BE3B2CBC1257EC1002DBE0F
Sat, 24 Oct 2015 17:55:49 - FETCH DOC: http://www.dz-rs.si/wps/portal/Home/deloDZ/seje/evidenca?mandat=VII&type=dt&uid=AA6BE91CBC471CA5C1257EAB003B1E67
Sat, 24 Oct 2015 17:55:49 - FETCH DOC: http://www.dz-rs.si/wps/portal/Home/deloDZ/seje/evidenca?mandat=VII&type=dt&uid=BAB0684AAF7CB067C1257EB50027B4F0
Sat, 24 Oct 2015 17:55:49 - FETCH DOC: http://www.dz-rs.si/wps/portal/Home/deloDZ/seje/evidenca?mandat=VII&type=dt&uid=692363B9D7568093C1257EB90049A70A
Sat, 24 Oct 2015 17:55:50 - FETCH DOC: http://www.dz-rs.si/wps/portal/Home/deloDZ/seje/evidenca?mandat=VII&type=dt&uid=AE2DDF7765ABF064C1257EBA002798EB
Sat, 24 Oct 2015 17:55:50 - FETCH SESSION: http://www.dz-rs.si/wps/portal/Home/deloDZ/seje/izbranaSejaDt?mandat=VII&seja=54%20020.%20Nujna&uid=632E164E252CB211C1257EAE002DD1DA
Sat, 24 Oct 2015 17:55:51 - FETCH SPEECH: http://www.dz-rs.si/wps/portal/Home/deloDZ/seje/evidenca?mandat=VII&type=pmagdt&uid=77EC7180C1C64AE3C1257EB50038D786
Sat, 24 Oct 2015 17:55:52 - NEW PERSON: METKA NAGLIČ
Sat, 24 Oct 2015 17:55:52 - NEW PERSON: EYACHEW TEFERA
Sat, 24 Oct 2015 17:55:52 - NEW PERSON: ULLA HUDINA KMETIČ
Sat, 24 Oct 2015 17:55:52 - NEW PERSON: PETER TOMAŽIČ
Sat, 24 Oct 2015 17:55:53 - NEW PERSON: ZIJAD BEĆIROVIĆ
Sat, 24 Oct 2015 17:55:53 - NEW PERSON: BAKHATYAR ALJAF
Sat, 24 Oct 2015 17:55:53 - NEW PERSON: BOJANA ADEM
Sat, 24 Oct 2015 17:55:53 - NEW PERSON: VITO ŠOUKAL
Sat, 24 Oct 2015 17:55:54 - NEW PERSON: ZLATAR FRANCI
Sat, 24 Oct 2015 17:55:55 - FETCH DOC: http://www.dz-rs.si/wps/portal/Home/deloDZ/seje/evidenca?mandat=VII&type=dt&uid=8B5E08E314C4FAA0C1257EAE004625CD
Sat, 24 Oct 2015 17:55:56 - FETCH DOC: http://www.dz-rs.si/wps/portal/Home/deloDZ/seje/evidenca?mandat=VII&type=dt&uid=B158289F2A9938C1C1257EB20038CE7C
Sat, 24 Oct 2015 17:55:57 - FETCH DOC: http://www.dz-rs.si/wps/portal/Home/deloDZ/seje/evidenca?mandat=VII&type=dt&uid=519AE16D0A2D5D1DC1257EB2003B1AD3
Sat, 24 Oct 2015 17:55:57 - FETCH DOC: http://www.dz-rs.si/wps/portal/Home/deloDZ/seje/evidenca?mandat=VII&type=dt&uid=3AC43CBB2AD8E74FC1257EB2004723E4
Sat, 24 Oct 2015 17:55:57 - FETCH DOC: http://www.dz-rs.si/wps/portal/Home/deloDZ/seje/evidenca?mandat=VII&type=dt&uid=B89E6667663D3F6BC1257EB40042F2BF
Sat, 24 Oct 2015 17:55:58 - FETCH DOC: http://www.dz-rs.si/wps/portal/Home/deloDZ/seje/evidenca?mandat=VII&type=dt&uid=26C6FB27B22C165AC1257EB400431202
Sat, 24 Oct 2015 17:55:58 - FETCH SESSION: http://www.dz-rs.si/wps/portal/Home/deloDZ/seje/izbranaSejaDt?mandat=VII&seja=54%20018.%20Nujna&uid=559BFCEC8A712C93C1257E7A00240E1F
Sat, 24 Oct 2015 17:55:59 - FETCH SPEECH: http://www.dz-rs.si/wps/portal/Home/deloDZ/seje/evidenca?mandat=VII&type=pmagdt&uid=5C38FE67F7BA7442C1257EB2004011F5
Sat, 24 Oct 2015 17:56:01 - FETCH DOC: http://www.dz-rs.si/wps/portal/Home/deloDZ/seje/evidenca?mandat=VII&type=dt&uid=732B1FB09AB6103BC1257E7B002F24FC
Sat, 24 Oct 2015 17:56:01 - FETCH DOC: http://www.dz-rs.si/wps/portal/Home/deloDZ/seje/evidenca?mandat=VII&type=dt&uid=EF7F14D1ADE76735C1257E83003ECB3B
Sat, 24 Oct 2015 17:56:01 - FETCH SESSION: http://www.dz-rs.si/wps/portal/Home/deloDZ/seje/izbranaSejaDt?mandat=VII&seja=54%20019.%20Nujna&uid=C9D6B225B62CB016C1257E7D004DCFC4
Sat, 24 Oct 2015 17:56:03 - FETCH SPEECH: http://www.dz-rs.si/wps/portal/Home/deloDZ/seje/evidenca?mandat=VII&type=pmagdt&uid=DEFAD037DE7A81FAC1257EB20031610A
Sat, 24 Oct 2015 17:56:04 - FETCH SPEECH: http://www.dz-rs.si/wps/portal/Home/deloDZ/seje/evidenca?mandat=VII&type=pmagdt&uid=D83F3873B6B34DE9C1257EB20045FF6B
Sat, 24 Oct 2015 17:56:04 - NEW PERSON: NINA GREGORI
Sat, 24 Oct 2015 17:56:05 - FETCH DOC: http://www.dz-rs.si/wps/portal/Home/deloDZ/seje/evidenca?mandat=VII&type=dt&uid=666BBE9D65873ECFC1257E7E003DC59A
Sat, 24 Oct 2015 17:56:06 - FETCH DOC: http://www.dz-rs.si/wps/portal/Home/deloDZ/seje/evidenca?mandat=VII&type=dt&uid=92DAEBB45D27A6F5C1257E82003B3AAD
Sat, 24 Oct 2015 17:56:06 - FETCH SESSION: http://www.dz-rs.si/wps/portal/Home/deloDZ/seje/izbranaSejaDt?mandat=VII&seja=54%20009.%20Redna&uid=89A8FEABBCE81285C1257E5B0037F201
Sat, 24 Oct 2015 17:56:07 - FETCH SPEECH: http://www.dz-rs.si/wps/portal/Home/deloDZ/seje/evidenca?mandat=VII&type=pmagdt&uid=39432F2BCB4EB94EC1257EAD0021BB5B
Sat, 24 Oct 2015 17:56:10 - NEW PERSON: GOSPOD BOGATAJ
Sat, 24 Oct 2015 17:56:12 - FETCH DOC: http://www.dz-rs.si/wps/portal/Home/deloDZ/seje/evidenca?mandat=VII&type=dt&uid=9FAE58F48F8DDA5EC1257E6800451AFA
Sat, 24 Oct 2015 17:56:13 - FETCH DOC: http://www.dz-rs.si/wps/portal/Home/deloDZ/seje/evidenca?mandat=VII&type=dt&uid=8BFD55098118E3C5C1257E740026FD05
Sat, 24 Oct 2015 17:56:13 - FETCH DOC: http://www.dz-rs.si/wps/portal/Home/deloDZ/seje/evidenca?mandat=VII&type=dt&uid=73CEB301AAE34E66C1257E740047AD60
Sat, 24 Oct 2015 17:56:13 - FETCH SESSION: http://www.dz-rs.si/wps/portal/Home/deloDZ/seje/izbranaSejaDt?mandat=VII&seja=54%20017.%20Nujna&uid=CA92A84DCFA0A73EC1257E650039A69D
Sat, 24 Oct 2015 17:56:15 - FETCH SPEECH: http://www.dz-rs.si/wps/portal/Home/deloDZ/seje/evidenca?mandat=VII&type=pmagdt&uid=454F44A6B78DEBABC1257E7700334540
Sat, 24 Oct 2015 17:56:17 - FETCH DOC: http://www.dz-rs.si/wps/portal/Home/deloDZ/seje/evidenca?mandat=VII&type=dt&uid=CCF0E23BF8BBE208C1257E6600407054
Sat, 24 Oct 2015 17:56:17 - FETCH DOC: http://www.dz-rs.si/wps/portal/Home/deloDZ/seje/evidenca?mandat=VII&type=dt&uid=403EFF44F6A71ACDC1257E6E0036568F
Sat, 24 Oct 2015 17:56:17 - FETCH SESSION: http://www.dz-rs.si/wps/portal/Home/deloDZ/seje/izbranaSejaDt?mandat=VII&seja=54%20016.%20Nujna&uid=0AE2BF48F125E0C7C1257E6500321D50
Sat, 24 Oct 2015 17:56:18 - FETCH SPEECH: http://www.dz-rs.si/wps/portal/Home/deloDZ/seje/evidenca?mandat=VII&type=pmagdt&uid=033573D5084A448BC1257E7600401B6A
Sat, 24 Oct 2015 17:56:19 - FETCH DOC: http://www.dz-rs.si/wps/portal/Home/deloDZ/seje/evidenca?mandat=VII&type=dt&uid=B7E6F5E45DFFD1F4C1257E650048E201
Sat, 24 Oct 2015 17:56:19 - FETCH SESSION: http://www.dz-rs.si/wps/portal/Home/deloDZ/seje/izbranaSejaDt?mandat=VII&seja=54%20015.%20Nujna&uid=33DC6199F7442871C1257E28004319EF
Sat, 24 Oct 2015 17:56:20 - FETCH SPEECH: http://www.dz-rs.si/wps/portal/Home/deloDZ/seje/evidenca?mandat=VII&type=pmagdt&uid=6AB86567C77DC59EC1257E600042A1F5
Sat, 24 Oct 2015 17:56:22 - FETCH DOC: http://www.dz-rs.si/wps/portal/Home/deloDZ/seje/evidenca?mandat=VII&type=dt&uid=92525A25612E6CBFC1257E5900456D59
Sat, 24 Oct 2015 17:56:22 - FETCH DOC: http://www.dz-rs.si/wps/portal/Home/deloDZ/seje/evidenca?mandat=VII&type=dt&uid=88014BD3FB37CD3DC1257E6000422110
Sat, 24 Oct 2015 17:56:23 - FETCH SESSION: http://www.dz-rs.si/wps/portal/Home/deloDZ/seje/izbranaSejaDt?mandat=VII&seja=54%20008.%20Redna&uid=827390C0850596FAC1257E4600425BFC
Sat, 24 Oct 2015 17:56:24 - FETCH SPEECH: http://www.dz-rs.si/wps/portal/Home/deloDZ/seje/evidenca?mandat=VII&type=pmagdt&uid=12B702F01C2F0A37C1257E5A003DFF6E
Sat, 24 Oct 2015 17:56:26 - FETCH DOC: http://www.dz-rs.si/wps/portal/Home/deloDZ/seje/evidenca?mandat=VII&type=dt&uid=63B440BA660E30C1C1257E4A002C7F8D
Sat, 24 Oct 2015 17:56:27 - FETCH DOC: http://www.dz-rs.si/wps/portal/Home/deloDZ/seje/evidenca?mandat=VII&type=dt&uid=F128D4144A9C1AD4C1257E53004919CB
Sat, 24 Oct 2015 17:56:27 - FETCH DOC: http://www.dz-rs.si/wps/portal/Home/deloDZ/seje/evidenca?mandat=VII&type=dt&uid=76C651A867E88110C1257E540032052E
Sat, 24 Oct 2015 17:56:27 - FETCH DOC: http://www.dz-rs.si/wps/portal/Home/deloDZ/seje/evidenca?mandat=VII&type=dt&uid=C9F53B965208138CC1257E54003FBFE1
Sat, 24 Oct 2015 17:56:28 - FETCH DOC: http://www.dz-rs.si/wps/portal/Home/deloDZ/seje/evidenca?mandat=VII&type=dt&uid=DFE41737D26F7B7FC1257E5700376343
Sat, 24 Oct 2015 17:56:28 - FETCH SESSION: http://www.dz-rs.si/wps/portal/Home/deloDZ/seje/izbranaSejaDt?mandat=VII&seja=54%20007.%20Redna&uid=EA75C58B463A093FC1257DE3003FF292
Sat, 24 Oct 2015 17:56:29 - FETCH SPEECH: http://www.dz-rs.si/wps/portal/Home/deloDZ/seje/evidenca?mandat=VII&type=pmagdt&uid=80886ECD4D77E9D2C1257E51003B0120
Sat, 24 Oct 2015 17:56:30 - FETCH DOC: http://www.dz-rs.si/wps/portal/Home/deloDZ/seje/evidenca?mandat=VII&type=dt&uid=834BFA524FADB463C1257E2F00308004
Sat, 24 Oct 2015 17:56:30 - FETCH SESSION: http://www.dz-rs.si/wps/portal/Home/deloDZ/seje/izbranaSejaDt?mandat=VII&seja=54%20014.%20Nujna&uid=FED77BF79D5DB3DBC1257DEF00441FE9
Sat, 24 Oct 2015 17:56:31 - FETCH SPEECH: http://www.dz-rs.si/wps/portal/Home/deloDZ/seje/evidenca?mandat=VII&type=pmagdt&uid=FBF91CB7F00FEF92C1257E0D00380633
Sat, 24 Oct 2015 17:56:32 - FETCH DOC: http://www.dz-rs.si/wps/portal/Home/deloDZ/seje/evidenca?mandat=VII&type=dt&uid=8DE4A3B00A4B18A0C1257DF1003E1855
Sat, 24 Oct 2015 17:56:33 - FETCH DOC: http://www.dz-rs.si/wps/portal/Home/deloDZ/seje/evidenca?mandat=VII&type=dt&uid=AFEC463F29A3686AC1257DF9002DBF26
Sat, 24 Oct 2015 17:56:33 - FETCH SESSION: http://www.dz-rs.si/wps/portal/Home/deloDZ/seje/izbranaSejaDt?mandat=VII&seja=54%20013.%20Nujna&uid=648FDECD464CC00BC1257DEE003AF6ED
Sat, 24 Oct 2015 17:56:34 - FETCH SPEECH: http://www.dz-rs.si/wps/portal/Home/deloDZ/seje/evidenca?mandat=VII&type=pmagdt&uid=7AD5A96394BB1708C1257E06002A45E5
Sat, 24 Oct 2015 17:56:38 - FETCH DOC: http://www.dz-rs.si/wps/portal/Home/deloDZ/seje/evidenca?mandat=VII&type=dt&uid=9F9DC12F78393937C1257DEF0035E444
Sat, 24 Oct 2015 17:56:39 - FETCH DOC: http://www.dz-rs.si/wps/portal/Home/deloDZ/seje/evidenca?mandat=VII&type=dt&uid=7F7EE2EE48A2D2ECC1257DF800498997
Sat, 24 Oct 2015 17:56:39 - FETCH SESSION: http://www.dz-rs.si/wps/portal/Home/deloDZ/seje/izbranaSejaDt?mandat=VII&seja=54%20012.%20Nujna&uid=30CC2595BD1532EEC1257DE30040086C
Sat, 24 Oct 2015 17:56:40 - FETCH SPEECH: http://www.dz-rs.si/wps/portal/Home/deloDZ/seje/evidenca?mandat=VII&type=pmagdt&uid=5CE1BF2E42E9B139C1257E03002EA3EE
Sat, 24 Oct 2015 17:56:43 - NEW PERSON: GOSPOD SMERDELJ
Sat, 24 Oct 2015 17:56:50 - FETCH DOC: http://www.dz-rs.si/wps/portal/Home/deloDZ/seje/evidenca?mandat=VII&type=dt&uid=BABF2930DA284BD8C1257DE300418AFA
Sat, 24 Oct 2015 17:56:50 - FETCH DOC: http://www.dz-rs.si/wps/portal/Home/deloDZ/seje/evidenca?mandat=VII&type=dt&uid=F46458EDEA01FE1EC1257DEA0039461D
Sat, 24 Oct 2015 17:56:50 - FETCH DOC: http://www.dz-rs.si/wps/portal/Home/deloDZ/seje/evidenca?mandat=VII&type=dt&uid=86C56A7519871903C1257DEE0032AF7A
Sat, 24 Oct 2015 17:56:51 - FETCH SESSION: http://www.dz-rs.si/wps/portal/Home/deloDZ/seje/izbranaSejaDt?mandat=VII&seja=54%20006.%20Redna&uid=A160878D74C39B33C1257DD9002F4149
Sat, 24 Oct 2015 17:56:52 - FETCH SPEECH: http://www.dz-rs.si/wps/portal/Home/deloDZ/seje/evidenca?mandat=VII&type=pmagdt&uid=559D76ECAC07E7CEC1257DF70031FE71
Sat, 24 Oct 2015 17:56:53 - NEW PERSON: MIHA NABERGOJ
Sat, 24 Oct 2015 17:56:53 - NEW PERSON: IRIS JEGLIČ
Sat, 24 Oct 2015 17:56:56 - FETCH DOC: http://www.dz-rs.si/wps/portal/Home/deloDZ/seje/evidenca?mandat=VII&type=dt&uid=C18AE44D44887633C1257DDC00409C09
Sat, 24 Oct 2015 17:56:56 - FETCH DOC: http://www.dz-rs.si/wps/portal/Home/deloDZ/seje/evidenca?mandat=VII&type=dt&uid=38D599C8EE924B4FC1257DE3003F45A0
Sat, 24 Oct 2015 17:56:56 - FETCH DOC: http://www.dz-rs.si/wps/portal/Home/deloDZ/seje/evidenca?mandat=VII&type=dt&uid=D18604F16C02954BC1257DE700467FC7
Sat, 24 Oct 2015 17:56:57 - FETCH DOC: http://www.dz-rs.si/wps/portal/Home/deloDZ/seje/evidenca?mandat=VII&type=dt&uid=88B453CEA51236A5C1257DE80039477F
Sat, 24 Oct 2015 17:56:57 - FETCH DOC: http://www.dz-rs.si/wps/portal/Home/deloDZ/seje/evidenca?mandat=VII&type=dt&uid=89468E8DA0BFEC70C1257DE80051AC7C
Sat, 24 Oct 2015 17:56:57 - FETCH SESSION: http://www.dz-rs.si/wps/portal/Home/deloDZ/seje/izbranaSejaDt?mandat=VII&seja=54%20011.%20Nujna&uid=D2B7501F91D2826DC1257DE100301FB7
Sat, 24 Oct 2015 17:56:58 - FETCH SPEECH: http://www.dz-rs.si/wps/portal/Home/deloDZ/seje/evidenca?mandat=VII&type=pmagdt&uid=F7885887CACDE033C1257DEF00398D85
Sat, 24 Oct 2015 17:56:59 - FETCH DOC: http://www.dz-rs.si/wps/portal/Home/deloDZ/seje/evidenca?mandat=VII&type=dt&uid=5BA89631B495DBDFC1257DE200444449
Sat, 24 Oct 2015 17:56:59 - FETCH DOC: http://www.dz-rs.si/wps/portal/Home/deloDZ/seje/evidenca?mandat=VII&type=dt&uid=2776540426BE5CDDC1257DE9005205E5
Sat, 24 Oct 2015 17:57:00 - FETCH SESSION: http://www.dz-rs.si/wps/portal/Home/deloDZ/seje/izbranaSejaDt?mandat=VII&seja=54%20005.%20Redna&uid=17D81FDA1EF6FC62C1257DC5004395B1
Sat, 24 Oct 2015 17:57:01 - FETCH SPEECH: http://www.dz-rs.si/wps/portal/Home/deloDZ/seje/evidenca?mandat=VII&type=pmagdt&uid=5E6F198074BB5180C1257DDC00336FFB
Sat, 24 Oct 2015 17:57:01 - NEW PERSON: MAJA MAMLIĆ
Sat, 24 Oct 2015 17:57:01 - NEW PERSON: DANICA OŠLAJ
Sat, 24 Oct 2015 17:57:01 - NEW PERSON: BOGDAN MIKLIČ
Sat, 24 Oct 2015 17:57:01 - NEW PERSON: JOŽEK HORVAT MUC
Sat, 24 Oct 2015 17:57:01 - NEW PERSON: DARKO RUDAŽ
Sat, 24 Oct 2015 17:57:02 - NEW PERSON: TJAŠA HERMAN
Sat, 24 Oct 2015 17:57:03 - NEW PERSON: GOSPOD RUDAŠ
Sat, 24 Oct 2015 17:57:03 - NEW PERSON: DUŠKA BALAŽEK
Sat, 24 Oct 2015 17:57:03 - NEW PERSON: GOSPA BALAŽEK
Sat, 24 Oct 2015 17:57:04 - NEW PERSON: EVA TREVEN
Sat, 24 Oct 2015 17:57:04 - NEW PERSON: KRISTINA KOTNIK ŠUMAH
Sat, 24 Oct 2015 17:57:05 - NEW PERSON: MATEJA PREŠERN
Sat, 24 Oct 2015 17:57:05 - FETCH DOC: http://www.dz-rs.si/wps/portal/Home/deloDZ/seje/evidenca?mandat=VII&type=dt&uid=DC1534A5306F471EC1257DC6003D937E
Sat, 24 Oct 2015 17:57:06 - FETCH DOC: http://www.dz-rs.si/wps/portal/Home/deloDZ/seje/evidenca?mandat=VII&type=dt&uid=71348AC24AA0887EC1257DC6004F9DD2
Sat, 24 Oct 2015 17:57:06 - FETCH DOC: http://www.dz-rs.si/wps/portal/Home/deloDZ/seje/evidenca?mandat=VII&type=dt&uid=826CF25D139480CEC1257DD3005140EC
Sat, 24 Oct 2015 17:57:06 - FETCH SESSION: http://www.dz-rs.si/wps/portal/Home/deloDZ/seje/izbranaSejaDt?mandat=VII&seja=54%20004.%20Redna&uid=5004892C67FE1A8EC1257DB300344A61
Sat, 24 Oct 2015 17:57:07 - FETCH SPEECH: http://www.dz-rs.si/wps/portal/Home/deloDZ/seje/evidenca?mandat=VII&type=pmagdt&uid=E96E71EA2F8C68E9C1257DCD003F78C1
Sat, 24 Oct 2015 17:57:08 - FETCH DOC: http://www.dz-rs.si/wps/portal/Home/deloDZ/seje/evidenca?mandat=VII&type=dt&uid=7FD90615DAF5176BC1257DB70031D1C0
Sat, 24 Oct 2015 17:57:08 - FETCH DOC: http://www.dz-rs.si/wps/portal/Home/deloDZ/seje/evidenca?mandat=VII&type=dt&uid=066E0AF0E110B09CC1257DC400414B08
Sat, 24 Oct 2015 17:57:08 - FETCH DOC: http://www.dz-rs.si/wps/portal/Home/deloDZ/seje/evidenca?mandat=VII&type=dt&uid=03A7B4D991040F0CC1257DC8004AA106
Sat, 24 Oct 2015 17:57:09 - FETCH DOC: http://www.dz-rs.si/wps/portal/Home/deloDZ/seje/evidenca?mandat=VII&type=dt&uid=809E231ED26DBD88C1257DCC004AF736
Sat, 24 Oct 2015 17:57:09 - FETCH SESSION: http://www.dz-rs.si/wps/portal/Home/deloDZ/seje/izbranaSejaDt?mandat=VII&seja=54%20010.%20Nujna&uid=0076A1ABC39270EDC1257DAA0044A6C5
Sat, 24 Oct 2015 17:57:10 - FETCH SPEECH: http://www.dz-rs.si/wps/portal/Home/deloDZ/seje/evidenca?mandat=VII&type=pmagdt&uid=05FC01E8B805F443C1257DB00041159F
Sat, 24 Oct 2015 17:57:12 - FETCH DOC: http://www.dz-rs.si/wps/portal/Home/deloDZ/seje/evidenca?mandat=VII&type=dt&uid=CA966FF77CB3462CC1257DAB0034D339
Sat, 24 Oct 2015 17:57:12 - FETCH DOC: http://www.dz-rs.si/wps/portal/Home/deloDZ/seje/evidenca?mandat=VII&type=dt&uid=BDF7091BD76B00A0C1257DAC002D806E
Sat, 24 Oct 2015 17:57:12 - FETCH SESSION: http://www.dz-rs.si/wps/portal/Home/deloDZ/seje/izbranaSejaDt?mandat=VII&seja=54%20003.%20Redna&uid=A18F8142DC8A48C6C1257D93003EBF3B
Sat, 24 Oct 2015 17:57:13 - FETCH SPEECH: http://www.dz-rs.si/wps/portal/Home/deloDZ/seje/evidenca?mandat=VII&type=pmagdt&uid=895C759CBFAC19DBC1257DA40037FDF4
Sat, 24 Oct 2015 17:57:16 - FETCH DOC: http://www.dz-rs.si/wps/portal/Home/deloDZ/seje/evidenca?mandat=VII&type=dt&uid=45A888CD497BE56FC1257D94003D9E23
Sat, 24 Oct 2015 17:57:17 - FETCH DOC: http://www.dz-rs.si/wps/portal/Home/deloDZ/seje/evidenca?mandat=VII&type=dt&uid=0C775B105251AA15C1257D9B00583F9C
Sat, 24 Oct 2015 17:57:17 - FETCH DOC: http://www.dz-rs.si/wps/portal/Home/deloDZ/seje/evidenca?mandat=VII&type=dt&uid=C9649AC2C5608D8EC1257D9E00478B70
Sat, 24 Oct 2015 17:57:18 - FETCH DOC: http://www.dz-rs.si/wps/portal/Home/deloDZ/seje/evidenca?mandat=VII&type=dt&uid=4478E6D194726DEAC1257DA1004F4125
Sat, 24 Oct 2015 17:57:18 - FETCH DOC: http://www.dz-rs.si/wps/portal/Home/deloDZ/seje/evidenca?mandat=VII&type=dt&uid=89B98FDB9C13AC9AC1257DA2003809B4
Sat, 24 Oct 2015 17:57:18 - FETCH SESSION: http://www.dz-rs.si/wps/portal/Home/deloDZ/seje/izbranaSejaDt?mandat=VII&seja=54%20009.%20Nujna&uid=88C59B43CFBDC390C1257D97002C1E3A
Sat, 24 Oct 2015 17:57:19 - FETCH SPEECH: http://www.dz-rs.si/wps/portal/Home/deloDZ/seje/evidenca?mandat=VII&type=pmagdt&uid=5D847A394D834ACEC1257D9C00406AA5
Sat, 24 Oct 2015 17:57:21 - FETCH DOC: http://www.dz-rs.si/wps/portal/Home/deloDZ/seje/evidenca?mandat=VII&type=dt&uid=4DFF396F661B9FA3C1257D97002CB357
Sat, 24 Oct 2015 17:57:21 - FETCH SESSION: http://www.dz-rs.si/wps/portal/Home/deloDZ/seje/izbranaSejaDt?mandat=VII&seja=54%20007.%20Nujna&uid=61ED2ACAF2AFCA7CC1257D86002B9B4E
Sat, 24 Oct 2015 17:57:22 - FETCH SPEECH: http://www.dz-rs.si/wps/portal/Home/deloDZ/seje/evidenca?mandat=VII&type=pmagdt&uid=C4D834D3F8E4D95DC1257D8F003A89C8
Sat, 24 Oct 2015 17:57:23 - NEW PERSON: DOMEN BIZJAK
Sat, 24 Oct 2015 17:57:24 - FETCH DOC: http://www.dz-rs.si/wps/portal/Home/deloDZ/seje/evidenca?mandat=VII&type=dt&uid=AB3AD4A1474ABC98C1257D86002D454D
Sat, 24 Oct 2015 17:57:24 - FETCH SESSION: http://www.dz-rs.si/wps/portal/Home/deloDZ/seje/izbranaSejaDt?mandat=VII&seja=54%20008.%20Nujna&uid=60364D9F7A636C90C1257D87003EDB04
Sat, 24 Oct 2015 17:57:25 - FETCH SPEECH: http://www.dz-rs.si/wps/portal/Home/deloDZ/seje/evidenca?mandat=VII&type=pmagdt&uid=144A3BD1ED9CFA00C1257D8E004DAAB8
Sat, 24 Oct 2015 17:57:25 - NEW PERSON: RADIVOJ UROŠEVIČ
Sat, 24 Oct 2015 17:57:26 - FETCH SPEECH: http://www.dz-rs.si/wps/portal/Home/deloDZ/seje/evidenca?mandat=VII&type=pmagdt&uid=24B6318FF8059C2AC1257DAF003F2278
Sat, 24 Oct 2015 17:57:28 - NEW PERSON: MATJAŽ MRAVLJAK
Sat, 24 Oct 2015 17:57:30 - FETCH DOC: http://www.dz-rs.si/wps/portal/Home/deloDZ/seje/evidenca?mandat=VII&type=dt&uid=2849690781BCBA41C1257D8700418021
Sat, 24 Oct 2015 17:57:30 - FETCH DOC: http://www.dz-rs.si/wps/portal/Home/deloDZ/seje/evidenca?mandat=VII&type=dt&uid=C0DBC41C759732CAC1257D8E00306CC0
Sat, 24 Oct 2015 17:57:31 - FETCH DOC: http://www.dz-rs.si/wps/portal/Home/deloDZ/seje/evidenca?mandat=VII&type=dt&uid=E7FDD6B8F48A7615C1257D90002B7C5D
Sat, 24 Oct 2015 17:57:31 - FETCH DOC: http://www.dz-rs.si/wps/portal/Home/deloDZ/seje/evidenca?mandat=VII&type=dt&uid=29812B436680F332C1257DA4004AAFA5
Sat, 24 Oct 2015 17:57:31 - FETCH DOC: http://www.dz-rs.si/wps/portal/Home/deloDZ/seje/evidenca?mandat=VII&type=dt&uid=018E7092F2849264C1257DAB00440EC2
Sat, 24 Oct 2015 17:57:32 - FETCH DOC: http://www.dz-rs.si/wps/portal/Home/deloDZ/seje/evidenca?mandat=VII&type=dt&uid=FDB3C271049F6496C1257E0C004EFD6B
Sat, 24 Oct 2015 17:57:32 - FETCH SESSION: http://www.dz-rs.si/wps/portal/Home/deloDZ/seje/izbranaSejaDt?mandat=VII&seja=54%20006.%20Nujna&uid=9C3EA5231EF85413C1257D7E002A178B
Sat, 24 Oct 2015 17:57:33 - FETCH SPEECH: http://www.dz-rs.si/wps/portal/Home/deloDZ/seje/evidenca?mandat=VII&type=pmagdt&uid=A47F4EC5B1181D1FC1257D8F0033E7F3
Sat, 24 Oct 2015 17:57:35 - FETCH DOC: http://www.dz-rs.si/wps/portal/Home/deloDZ/seje/evidenca?mandat=VII&type=dt&uid=71DA94489DBA4817C1257D7E004A4E8D
Sat, 24 Oct 2015 17:57:35 - FETCH DOC: http://www.dz-rs.si/wps/portal/Home/deloDZ/seje/evidenca?mandat=VII&type=dt&uid=C11F86DC02D8C518C1257D8E0046936A
Sat, 24 Oct 2015 17:57:36 - FETCH SESSION: http://www.dz-rs.si/wps/portal/Home/deloDZ/seje/izbranaSejaDt?mandat=VII&seja=54%20002.%20Redna&uid=FF3404AE364621E0C1257D6B002CCADB
Sat, 24 Oct 2015 17:57:37 - FETCH SPEECH: http://www.dz-rs.si/wps/portal/Home/deloDZ/seje/evidenca?mandat=VII&type=pmagdt&uid=360152076BF21CCEC1257D8500352281
Sat, 24 Oct 2015 17:57:37 - NEW PERSON: EMIL MILAN PINTAR
Sat, 24 Oct 2015 17:57:38 - NEW PERSON: MIRAN MIHELČIČ
Sat, 24 Oct 2015 17:57:40 - NEW PERSON: GOSPOD MIHELČIČ
Sat, 24 Oct 2015 17:57:41 - FETCH DOC: http://www.dz-rs.si/wps/portal/Home/deloDZ/seje/evidenca?mandat=VII&type=dt&uid=7C5A58DC7B73345EC1257D6B00418F10
Sat, 24 Oct 2015 17:57:42 - FETCH DOC: http://www.dz-rs.si/wps/portal/Home/deloDZ/seje/evidenca?mandat=VII&type=dt&uid=E5FC4895B4F76E1FC1257D7A002F9AB0
Sat, 24 Oct 2015 17:57:43 - FETCH DOC: http://www.dz-rs.si/wps/portal/Home/deloDZ/seje/evidenca?mandat=VII&type=dt&uid=38D83114EB9428A2C1257D7B003CC7ED
Sat, 24 Oct 2015 17:57:43 - FETCH DOC: http://www.dz-rs.si/wps/portal/Home/deloDZ/seje/evidenca?mandat=VII&type=dt&uid=8F7A85C3156BA9ACC1257D7E004D91D9
Sat, 24 Oct 2015 17:57:43 - FETCH SESSION: http://www.dz-rs.si/wps/portal/Home/deloDZ/seje/izbranaSejaDt?mandat=VII&seja=54%20001.%20Redna&uid=EE5D4A9094661AE1C1257D630024ABB9
Sat, 24 Oct 2015 17:57:44 - FETCH SPEECH: http://www.dz-rs.si/wps/portal/Home/deloDZ/seje/evidenca?mandat=VII&type=pmagdt&uid=780691709EC99808C1257D7A002A3064
Sat, 24 Oct 2015 17:57:44 - NEW PERSON: ROSANA LEMUT STRLE
Sat, 24 Oct 2015 17:57:47 - FETCH DOC: http://www.dz-rs.si/wps/portal/Home/deloDZ/seje/evidenca?mandat=VII&type=dt&uid=48DD6C61E1F972BBC1257D6300271CD9
Sat, 24 Oct 2015 17:57:47 - FETCH DOC: http://www.dz-rs.si/wps/portal/Home/deloDZ/seje/evidenca?mandat=VII&type=dt&uid=2BDD0B566F0F6EC0C1257D7400328E5D
Sat, 24 Oct 2015 17:57:47 - FETCH SESSION: http://www.dz-rs.si/wps/portal/Home/deloDZ/seje/izbranaSejaDt?mandat=VII&seja=54%20005.%20Nujna&uid=A926C2D3C33C0D6FC1257D63003F637B
Sat, 24 Oct 2015 17:57:48 - FETCH SPEECH: http://www.dz-rs.si/wps/portal/Home/deloDZ/seje/evidenca?mandat=VII&type=pmagdt&uid=D3EF8C3D55A9DC06C1257D65002F3745
Sat, 24 Oct 2015 17:57:48 - FETCH DOC: http://www.dz-rs.si/wps/portal/Home/deloDZ/seje/evidenca?mandat=VII&type=dt&uid=EBEA90FB87CE9625C1257D64003CB1B3
Sat, 24 Oct 2015 17:57:48 - FETCH SESSION: http://www.dz-rs.si/wps/portal/Home/deloDZ/seje/izbranaSejaDt?mandat=VII&seja=54%20004.%20Nujna&uid=DC031880A278218EC1257D5E00286691
Sat, 24 Oct 2015 17:57:49 - FETCH SPEECH: http://www.dz-rs.si/wps/portal/Home/deloDZ/seje/evidenca?mandat=VII&type=pmagdt&uid=0FE4658A27C74B97C1257D65003F6053
Sat, 24 Oct 2015 17:57:51 - FETCH DOC: http://www.dz-rs.si/wps/portal/Home/deloDZ/seje/evidenca?mandat=VII&type=dt&uid=70821EEAED5AEAA5C1257D5E002A0901
Sat, 24 Oct 2015 17:57:51 - FETCH DOC: http://www.dz-rs.si/wps/portal/Home/deloDZ/seje/evidenca?mandat=VII&type=dt&uid=238EB29259130724C1257D63001E5619
Sat, 24 Oct 2015 17:57:51 - FETCH DOC: http://www.dz-rs.si/wps/portal/Home/deloDZ/seje/evidenca?mandat=VII&type=dt&uid=8457B8305D81C553C1257D64004801AB
Sat, 24 Oct 2015 17:57:52 - FETCH SESSION: http://www.dz-rs.si/wps/portal/Home/deloDZ/seje/izbranaSejaDt?mandat=VII&seja=54%20003.%20Nujna&uid=099676C1044AAAB7C1257D4F00410B63
Sat, 24 Oct 2015 17:57:53 - FETCH SPEECH: http://www.dz-rs.si/wps/portal/Home/deloDZ/seje/evidenca?mandat=VII&type=pmagdt&uid=23B8F092FC7076F0C1257D55004DBF35
Sat, 24 Oct 2015 17:57:55 - FETCH DOC: http://www.dz-rs.si/wps/portal/Home/deloDZ/seje/evidenca?mandat=VII&type=dt&uid=98680A75D29CEE0AC1257D4F0042A422
Sat, 24 Oct 2015 17:57:56 - FETCH SESSION: http://www.dz-rs.si/wps/portal/Home/deloDZ/seje/izbranaSejaDt?mandat=VII&seja=54%20002.%20Nujna&uid=282F179CAD9C5F92C1257D4E003DE09F
Sat, 24 Oct 2015 17:57:56 - FETCH SPEECH: http://www.dz-rs.si/wps/portal/Home/deloDZ/seje/evidenca?mandat=VII&type=pmagdt&uid=14CDF883828B1151C1257D500045EEBE
Sat, 24 Oct 2015 17:57:57 - FETCH DOC: http://www.dz-rs.si/wps/portal/Home/deloDZ/seje/evidenca?mandat=VII&type=dt&uid=5E94EA59B679AD7FC1257D4E003E8A04
Sat, 24 Oct 2015 17:57:58 - FETCH SESSION: http://www.dz-rs.si/wps/portal/Home/deloDZ/seje/izbranaSejaDt?mandat=VII&seja=54%20001.%20Nujna&uid=47D241A0C9A4D5D8C1257D40003F579C
Sat, 24 Oct 2015 17:57:58 - FETCH SPEECH: http://www.dz-rs.si/wps/portal/Home/deloDZ/seje/evidenca?mandat=VII&type=pmagdt&uid=479A8A6F88E1C579C1257D4200273436
Sat, 24 Oct 2015 17:58:01 - FETCH DOC: http://www.dz-rs.si/wps/portal/Home/deloDZ/seje/evidenca?mandat=VII&type=dt&uid=EF02E9C64D29B74BC1257D40004268BF
Sat, 24 Oct 2015 17:58:01 - FETCH DOC: http://www.dz-rs.si/wps/portal/Home/deloDZ/seje/evidenca?mandat=VII&type=dt&uid=43CF17134F1AFF6DC1257D41002F504B
Sat, 24 Oct 2015 17:58:02 - FETCH SESSION: http://www.dz-rs.si/wps/portal/Home/deloDZ/seje/izbranaSejaDt?mandat=VI&seja=54%20037.%20Nujna&uid=4CD653E67059ED59C1257D1F005A8FFB
Sat, 24 Oct 2015 17:58:03 - FETCH SPEECH: http://www.dz-rs.si/wps/portal/Home/deloDZ/seje/evidenca?mandat=VI&type=pmagdt&uid=D890BEF435E295A1C1257CFC004ED75C
Sat, 24 Oct 2015 17:58:03 - NEW PERSON: GREGOR VIRANT
Sat, 24 Oct 2015 17:58:04 - FETCH SPEECH: http://www.dz-rs.si/wps/portal/Home/deloDZ/seje/evidenca?mandat=VI&type=pmagdt&uid=81D271715E1538F1C1257CFD003CF21F
Sat, 24 Oct 2015 17:58:07 - FETCH DOC: http://www.dz-rs.si/wps/portal/Home/deloDZ/seje/evidenca?mandat=VI&type=dt&uid=2839445D2248F27BC1257D1F005A900E
Sat, 24 Oct 2015 17:58:08 - FETCH DOC: http://www.dz-rs.si/wps/portal/Home/deloDZ/seje/evidenca?mandat=VI&type=dt&uid=28633301FA05757EC1257D1F005A902A
Sat, 24 Oct 2015 17:58:08 - FETCH DOC: http://www.dz-rs.si/wps/portal/Home/deloDZ/seje/evidenca?mandat=VI&type=dt&uid=3C56E0A942471084C1257D1F005A9032
Sat, 24 Oct 2015 17:58:08 - FETCH SESSION: http://www.dz-rs.si/wps/portal/Home/deloDZ/seje/izbranaSejaDt?mandat=VI&seja=54%20036.%20Nujna&uid=E52395EE30E83845C1257D1F005A8FB1
Sat, 24 Oct 2015 17:58:09 - FETCH SPEECH: http://www.dz-rs.si/wps/portal/Home/deloDZ/seje/evidenca?mandat=VI&type=pmagdt&uid=52F995368538F448C1257CFC003B4F80
Sat, 24 Oct 2015 17:58:09 - NEW PERSON: NOVICA NOVAKOVIĆ
Sat, 24 Oct 2015 17:58:11 - FETCH DOC: http://www.dz-rs.si/wps/portal/Home/deloDZ/seje/evidenca?mandat=VI&type=dt&uid=8B7C739AF8EB5E18C1257D1F005A8FB6
Sat, 24 Oct 2015 17:58:12 - FETCH DOC: http://www.dz-rs.si/wps/portal/Home/deloDZ/seje/evidenca?mandat=VI&type=dt&uid=1B92378CFAA7EEF5C1257D1F005A901D
Sat, 24 Oct 2015 17:58:12 - FETCH SESSION: http://www.dz-rs.si/wps/portal/Home/deloDZ/seje/izbranaSejaDt?mandat=VI&seja=54%20034.%20Nujna&uid=EBE5FFBEA5894056C1257D1F005A8EB8
Sat, 24 Oct 2015 17:58:12 - FETCH SPEECH: http://www.dz-rs.si/wps/portal/Home/deloDZ/seje/evidenca?mandat=VI&type=pmagdt&uid=7FFDEEA637203676C1257D0800357117
Sat, 24 Oct 2015 17:58:13 - FETCH DOC: http://www.dz-rs.si/wps/portal/Home/deloDZ/seje/evidenca?mandat=VI&type=dt&uid=A23857F74EB51B78C1257D1F005A8F16
Sat, 24 Oct 2015 17:58:14 - FETCH DOC: http://www.dz-rs.si/wps/portal/Home/deloDZ/seje/evidenca?mandat=VI&type=dt&uid=661CE172F7877221C1257D1F005A8F75
Sat, 24 Oct 2015 17:58:14 - FETCH SESSION: http://www.dz-rs.si/wps/portal/Home/deloDZ/seje/izbranaSejaDt?mandat=VI&seja=54%20035.%20Nujna&uid=756B840EAC6C6C98C1257D1F005A8F2A
Sat, 24 Oct 2015 17:58:14 - FETCH SPEECH: http://www.dz-rs.si/wps/portal/Home/deloDZ/seje/evidenca?mandat=VI&type=pmagdt&uid=DE0517867A322908C1257CF60023D701
Sat, 24 Oct 2015 17:58:15 - FETCH DOC: http://www.dz-rs.si/wps/portal/Home/deloDZ/seje/evidenca?mandat=VI&type=dt&uid=DAA24EE28B0D13D5C1257D1F005A8F39
Sat, 24 Oct 2015 17:58:16 - FETCH DOC: http://www.dz-rs.si/wps/portal/Home/deloDZ/seje/evidenca?mandat=VI&type=dt&uid=20E33D822795B818C1257D1F005A8F79
Sat, 24 Oct 2015 17:58:16 - FETCH SESSION: http://www.dz-rs.si/wps/portal/Home/deloDZ/seje/izbranaSejaDt?mandat=VI&seja=54%20021.%20Redna&uid=7E7AF986CC8276C5C1257D1F005A8D26
Sat, 24 Oct 2015 17:58:17 - FETCH SPEECH: http://www.dz-rs.si/wps/portal/Home/deloDZ/seje/evidenca?mandat=VI&type=pmagdt&uid=C9CAB5E6AAAD9A78C1257CE70045DB0F
Sat, 24 Oct 2015 17:58:17 - FETCH DOC: http://www.dz-rs.si/wps/portal/Home/deloDZ/seje/evidenca?mandat=VI&type=dt&uid=1E30AD4C2E68134DC1257D1F005A8D82
Sat, 24 Oct 2015 17:58:18 - FETCH DOC: http://www.dz-rs.si/wps/portal/Home/deloDZ/seje/evidenca?mandat=VI&type=dt&uid=0C2723B571622D71C1257D1F005A8D93
Sat, 24 Oct 2015 17:58:18 - FETCH DOC: http://www.dz-rs.si/wps/portal/Home/deloDZ/seje/evidenca?mandat=VI&type=dt&uid=3B2C09E84C4C6E2CC1257D1F005A8E44
Sat, 24 Oct 2015 17:58:18 - FETCH DOC: http://www.dz-rs.si/wps/portal/Home/deloDZ/seje/evidenca?mandat=VI&type=dt&uid=2617B0EF7423141DC1257D1F005A8E70
Sat, 24 Oct 2015 17:58:18 - FETCH DOC: http://www.dz-rs.si/wps/portal/Home/deloDZ/seje/evidenca?mandat=VI&type=dt&uid=76F703B8E5B885B2C1257D1F005A8E77
Sat, 24 Oct 2015 17:58:19 - FETCH SESSION: http://www.dz-rs.si/wps/portal/Home/deloDZ/seje/izbranaSejaDt?mandat=VI&seja=54%20033.%20Nujna&uid=B29A9C8D0C647D79C1257D1F005A8CCA
Sat, 24 Oct 2015 17:58:19 - FETCH SPEECH: http://www.dz-rs.si/wps/portal/Home/deloDZ/seje/evidenca?mandat=VI&type=pmagdt&uid=DBBA5F7096EC94E9C1257CDF00265C13
Sat, 24 Oct 2015 17:58:21 - FETCH DOC: http://www.dz-rs.si/wps/portal/Home/deloDZ/seje/evidenca?mandat=VI&type=dt&uid=7579BB653CD60FE8C1257D1F005A8CDA
Sat, 24 Oct 2015 17:58:21 - FETCH DOC: http://www.dz-rs.si/wps/portal/Home/deloDZ/seje/evidenca?mandat=VI&type=dt&uid=8903C50087B50CD4C1257D1F005A8CFB
Sat, 24 Oct 2015 17:58:21 - FETCH SESSION: http://www.dz-rs.si/wps/portal/Home/deloDZ/seje/izbranaSejaDt?mandat=VI&seja=54%20020.%20Redna&uid=EE0405D20EB9FF9BC1257D1F005A8B3E
Sat, 24 Oct 2015 17:58:22 - FETCH SPEECH: http://www.dz-rs.si/wps/portal/Home/deloDZ/seje/evidenca?mandat=VI&type=pmagdt&uid=4D1732684B08EC4FC1257CD300367FAC
Sat, 24 Oct 2015 17:58:23 - FETCH DOC: http://www.dz-rs.si/wps/portal/Home/deloDZ/seje/evidenca?mandat=VI&type=dt&uid=CBF0D82220FDC853C1257D1F005A8BE7
Sat, 24 Oct 2015 17:58:24 - FETCH DOC: http://www.dz-rs.si/wps/portal/Home/deloDZ/seje/evidenca?mandat=VI&type=dt&uid=3B94D346079E5A2CC1257D1F005A8C55
Sat, 24 Oct 2015 17:58:24 - FETCH DOC: http://www.dz-rs.si/wps/portal/Home/deloDZ/seje/evidenca?mandat=VI&type=dt&uid=6B15661AE57F1C3DC1257D1F005A8C79
Sat, 24 Oct 2015 17:58:24 - FETCH SESSION: http://www.dz-rs.si/wps/portal/Home/deloDZ/seje/izbranaSejaDt?mandat=VI&seja=54%20032.%20Nujna&uid=1ECEF151893FA079C1257D1F005A8B07
Sat, 24 Oct 2015 17:58:25 - FETCH SPEECH: http://www.dz-rs.si/wps/portal/Home/deloDZ/seje/evidenca?mandat=VI&type=pmagdt&uid=82847B33239F841BC1257CC20029D85A
Sat, 24 Oct 2015 17:58:25 - FETCH DOC: http://www.dz-rs.si/wps/portal/Home/deloDZ/seje/evidenca?mandat=VI&type=dt&uid=32AF4F037ABDEA15C1257D1F005A8B0C
Sat, 24 Oct 2015 18:09:18 - FETCH SESSION: http://www.dz-rs.si/wps/portal/Home/deloDZ/seje/izbranaSeja?mandat=VII&seja=12.%20Redna&uid=33A9CB26AAAEE9D0C1257E7E0029F088
Sat, 24 Oct 2015 18:09:21 - FETCH SPEECH: http://www.dz-rs.si/wps/portal/Home/deloDZ/seje/evidenca?mandat=VII&type=sz&uid=99E77AC7FA5A16D8C1257EE70047562F
Sat, 24 Oct 2015 18:09:30 - FETCH DOC: http://www.dz-rs.si/wps/portal/Home/deloDZ/seje/evidenca?mandat=VII&type=sej&uid=3BE7CB2600792BF8C1257E8300251C15
Sat, 24 Oct 2015 18:09:30 - FETCH DOC: http://www.dz-rs.si/wps/portal/Home/deloDZ/seje/evidenca?mandat=VII&type=sej&uid=BACDEF9FD9C51D27C1257EBD002F5DC0
Sat, 24 Oct 2015 18:09:31 - FETCH DOC: http://www.dz-rs.si/wps/portal/Home/deloDZ/seje/evidenca?mandat=VII&type=sej&uid=6565AA427149C44CC1257ED9003CD889
Sat, 24 Oct 2015 18:09:31 - FETCH DOC: http://www.dz-rs.si/wps/portal/Home/deloDZ/seje/evidenca?mandat=VII&type=sej&uid=24DD503DFB555608C1257ED9004374D3
Sat, 24 Oct 2015 18:09:32 - FETCH DOC: http://www.dz-rs.si/wps/portal/Home/deloDZ/seje/evidenca?mandat=VII&type=sej&uid=8823798034CFFEEEC1257EDE0034545A
Sat, 24 Oct 2015 18:09:32 - FETCH DOC: http://www.dz-rs.si/wps/portal/Home/deloDZ/seje/evidenca?mandat=VII&type=sej&uid=9AEFEDD7D40B1EDDC1257EE0003C92EC
Sat, 24 Oct 2015 18:09:32 - FETCH DOC: http://www.dz-rs.si/wps/portal/Home/deloDZ/seje/evidenca?mandat=VII&type=sej&uid=059853FAA847E944C1257EE30029D24C
Sat, 24 Oct 2015 18:09:33 - FETCH DOC: http://www.dz-rs.si/wps/portal/Home/deloDZ/seje/evidenca?mandat=VII&type=sej&uid=43C2A927B8721930C1257EE3002DC06B
Sat, 24 Oct 2015 18:09:33 - FETCH DOC: http://www.dz-rs.si/wps/portal/Home/deloDZ/seje/evidenca?mandat=VII&type=sej&uid=CEC42E65096D3091C1257EE300387D01
Sat, 24 Oct 2015 18:09:33 - FETCH DOC: http://www.dz-rs.si/wps/portal/Home/deloDZ/seje/evidenca?mandat=VII&type=sej&uid=C8EDB2E710D2B6C7C1257EE4003B8740
Sat, 24 Oct 2015 18:09:34 - FETCH DOC: http://www.dz-rs.si/wps/portal/Home/deloDZ/seje/evidenca?mandat=VII&type=sej&uid=A99758DE1EA5A1C1C1257EE500382E3B
Sat, 24 Oct 2015 18:09:34 - FETCH DOC: http://www.dz-rs.si/wps/portal/Home/deloDZ/seje/evidenca?mandat=VII&type=sej&uid=33BAC973D6C96A36C1257EE5003EF160
Sat, 24 Oct 2015 18:09:34 - FETCH DOC: http://www.dz-rs.si/wps/portal/Home/deloDZ/seje/evidenca?mandat=VII&type=sej&uid=6FC588C10628CAB4C1257EE70038C277
Sat, 24 Oct 2015 18:09:35 - FETCH VOTES: http://www.dz-rs.si/wps/portal/Home/deloDZ/seje/glasovanje?mandat=VII&seja=12.%20Redna&uid=C1257A70003EE753C1257EE50056318A
Sat, 24 Oct 2015 18:09:38 - FETCH VOTES: http://www.dz-rs.si/wps/portal/Home/deloDZ/seje/glasovanje?mandat=VII&seja=12.%20Redna&uid=C1257A70003EE753C1257EE500560CD4
Sat, 24 Oct 2015 18:09:40 - FETCH VOTES: http://www.dz-rs.si/wps/portal/Home/deloDZ/seje/glasovanje?mandat=VII&seja=12.%20Redna&uid=C1257A70003EE753C1257EE50055A902
Sat, 24 Oct 2015 18:09:43 - FETCH VOTES: http://www.dz-rs.si/wps/portal/Home/deloDZ/seje/glasovanje?mandat=VII&seja=12.%20Redna&uid=C1257A70003EE753C1257EE50055970B
Sat, 24 Oct 2015 18:09:46 - FETCH VOTES: http://www.dz-rs.si/wps/portal/Home/deloDZ/seje/glasovanje?mandat=VII&seja=12.%20Redna&uid=C1257A70003EE753C1257EE500550BAA
Sat, 24 Oct 2015 18:09:49 - FETCH VOTES: http://www.dz-rs.si/wps/portal/Home/deloDZ/seje/glasovanje?mandat=VII&seja=12.%20Redna&uid=C1257A70003EE753C1257EE50054FC10
Sat, 24 Oct 2015 18:09:52 - FETCH VOTES: http://www.dz-rs.si/wps/portal/Home/deloDZ/seje/glasovanje?mandat=VII&seja=12.%20Redna&uid=C1257A70003EE753C1257EE50054EADF
Sat, 24 Oct 2015 18:09:55 - FETCH VOTES: http://www.dz-rs.si/wps/portal/Home/deloDZ/seje/glasovanje?mandat=VII&seja=12.%20Redna&uid=C1257A70003EE753C1257EE50054D780
Sat, 24 Oct 2015 18:09:58 - FETCH VOTES: http://www.dz-rs.si/wps/portal/Home/deloDZ/seje/glasovanje?mandat=VII&seja=12.%20Redna&uid=C1257A70003EE753C1257EE500547442
Sat, 24 Oct 2015 18:10:01 - FETCH VOTES: http://www.dz-rs.si/wps/portal/Home/deloDZ/seje/glasovanje?mandat=VII&seja=12.%20Redna&uid=C1257A70003EE753C1257EE500541B54
Sat, 24 Oct 2015 18:10:04 - FETCH VOTES: http://www.dz-rs.si/wps/portal/Home/deloDZ/seje/glasovanje?mandat=VII&seja=12.%20Redna&uid=C1257A70003EE753C1257EE500540BAA
Sat, 24 Oct 2015 18:10:07 - FETCH VOTES: http://www.dz-rs.si/wps/portal/Home/deloDZ/seje/glasovanje?mandat=VII&seja=12.%20Redna&uid=C1257A70003EE753C1257EE50053FC15
Sat, 24 Oct 2015 18:10:10 - FETCH VOTES: http://www.dz-rs.si/wps/portal/Home/deloDZ/seje/glasovanje?mandat=VII&seja=12.%20Redna&uid=C1257A70003EE753C1257EE500539A1F
Sat, 24 Oct 2015 18:10:13 - FETCH VOTES: http://www.dz-rs.si/wps/portal/Home/deloDZ/seje/glasovanje?mandat=VII&seja=12.%20Redna&uid=C1257A70003EE753C1257EE5005388FE
Sat, 24 Oct 2015 18:10:16 - FETCH VOTES: http://www.dz-rs.si/wps/portal/Home/deloDZ/seje/glasovanje?mandat=VII&seja=12.%20Redna&uid=C1257A70003EE753C1257EE500535C88
Sat, 24 Oct 2015 18:10:20 - FETCH SESSION: http://www.dz-rs.si/wps/portal/Home/deloDZ/seje/izbranaSeja?mandat=VII&seja=11.%20Redna&uid=AACB21E489B9794AC1257E5700282309
Sat, 24 Oct 2015 18:10:23 - FETCH SPEECH: http://www.dz-rs.si/wps/portal/Home/deloDZ/seje/evidenca?mandat=VII&type=sz&uid=A600E286586775FCC1257ECB00446C35
Sat, 24 Oct 2015 18:10:34 - FETCH DOC: http://www.dz-rs.si/wps/portal/Home/deloDZ/seje/evidenca?mandat=VII&type=sej&uid=673A28970678E9FCC1257E5E002E49CC
Sat, 24 Oct 2015 18:10:34 - FETCH DOC: http://www.dz-rs.si/wps/portal/Home/deloDZ/seje/evidenca?mandat=VII&type=sej&uid=339A66896CA162ABC1257E8300251530
Sat, 24 Oct 2015 18:10:35 - FETCH DOC: http://www.dz-rs.si/wps/portal/Home/deloDZ/seje/evidenca?mandat=VII&type=sej&uid=8A8E7EC9181C2F23C1257EBD002F53FF
Sat, 24 Oct 2015 18:10:35 - FETCH DOC: http://www.dz-rs.si/wps/portal/Home/deloDZ/seje/evidenca?mandat=VII&type=sej&uid=0657A1BA7F3FC49DC1257EC4003F4720
Sat, 24 Oct 2015 18:10:35 - FETCH DOC: http://www.dz-rs.si/wps/portal/Home/deloDZ/seje/evidenca?mandat=VII&type=sej&uid=307E87CA03E6750EC1257EC40043793B
Sat, 24 Oct 2015 18:10:36 - FETCH DOC: http://www.dz-rs.si/wps/portal/Home/deloDZ/seje/evidenca?mandat=VII&type=sej&uid=EB32B7C5BB95DFACC1257EC70028780C
Sat, 24 Oct 2015 18:10:36 - FETCH DOC: http://www.dz-rs.si/wps/portal/Home/deloDZ/seje/evidenca?mandat=VII&type=sej&uid=F9C16A9245007124C1257EC7002C89AB
Sat, 24 Oct 2015 18:10:36 - FETCH DOC: http://www.dz-rs.si/wps/portal/Home/deloDZ/seje/evidenca?mandat=VII&type=sej&uid=E9E7E9F5C06A303BC1257EC7003BF320
Sat, 24 Oct 2015 18:10:37 - FETCH DOC: http://www.dz-rs.si/wps/portal/Home/deloDZ/seje/evidenca?mandat=VII&type=sej&uid=88674F15DA08B84BC1257EC8003C0A96
Sat, 24 Oct 2015 18:10:37 - FETCH DOC: http://www.dz-rs.si/wps/portal/Home/deloDZ/seje/evidenca?mandat=VII&type=sej&uid=B799230DE814A72BC1257EC900379103
Sat, 24 Oct 2015 18:10:37 - FETCH DOC: http://www.dz-rs.si/wps/portal/Home/deloDZ/seje/evidenca?mandat=VII&type=sej&uid=80534D5C65B4F13CC1257ECA0039BCF1
Sat, 24 Oct 2015 18:10:38 - FETCH DOC: http://www.dz-rs.si/wps/portal/Home/deloDZ/seje/evidenca?mandat=VII&type=sej&uid=DBD4AAE654E37AAAC1257ECE003728A9
Sat, 24 Oct 2015 18:10:38 - FETCH VOTES: http://www.dz-rs.si/wps/portal/Home/deloDZ/seje/glasovanje?mandat=VII&seja=11.%20Redna&uid=C1257A70003EE753C1257ECF004D7A56
Sat, 24 Oct 2015 18:10:41 - FETCH VOTES: http://www.dz-rs.si/wps/portal/Home/deloDZ/seje/glasovanje?mandat=VII&seja=11.%20Redna&uid=C1257A70003EE753C1257ECF004CE091
Sat, 24 Oct 2015 18:10:44 - FETCH VOTES: http://www.dz-rs.si/wps/portal/Home/deloDZ/seje/glasovanje?mandat=VII&seja=11.%20Redna&uid=C1257A70003EE753C1257ECF004CC9E9
Sat, 24 Oct 2015 18:10:47 - FETCH VOTES: http://www.dz-rs.si/wps/portal/Home/deloDZ/seje/glasovanje?mandat=VII&seja=11.%20Redna&uid=C1257A70003EE753C1257ECF004CB3C6
Sat, 24 Oct 2015 18:10:50 - FETCH VOTES: http://www.dz-rs.si/wps/portal/Home/deloDZ/seje/glasovanje?mandat=VII&seja=11.%20Redna&uid=C1257A70003EE753C1257ECF004C9D2A
Sat, 24 Oct 2015 18:10:53 - FETCH VOTES: http://www.dz-rs.si/wps/portal/Home/deloDZ/seje/glasovanje?mandat=VII&seja=11.%20Redna&uid=C1257A70003EE753C1257ECB0066084B
Sat, 24 Oct 2015 18:10:56 - FETCH VOTES: http://www.dz-rs.si/wps/portal/Home/deloDZ/seje/glasovanje?mandat=VII&seja=11.%20Redna&uid=C1257A70003EE753C1257ECB0065F57F
Sat, 24 Oct 2015 18:10:59 - FETCH VOTES: http://www.dz-rs.si/wps/portal/Home/deloDZ/seje/glasovanje?mandat=VII&seja=11.%20Redna&uid=C1257A70003EE753C1257ECB0065C8B8
Sat, 24 Oct 2015 18:11:02 - FETCH VOTES: http://www.dz-rs.si/wps/portal/Home/deloDZ/seje/glasovanje?mandat=VII&seja=11.%20Redna&uid=C1257A70003EE753C1257ECB0063FCA3
Sat, 24 Oct 2015 18:11:05 - FETCH VOTES: http://www.dz-rs.si/wps/portal/Home/deloDZ/seje/glasovanje?mandat=VII&seja=11.%20Redna&uid=C1257A70003EE753C1257ECB0063E2F7
Sat, 24 Oct 2015 18:11:08 - FETCH VOTES: http://www.dz-rs.si/wps/portal/Home/deloDZ/seje/glasovanje?mandat=VII&seja=11.%20Redna&uid=C1257A70003EE753C1257ECB0063C9D8
Sat, 24 Oct 2015 18:11:11 - FETCH VOTES: http://www.dz-rs.si/wps/portal/Home/deloDZ/seje/glasovanje?mandat=VII&seja=11.%20Redna&uid=C1257A70003EE753C1257ECB00638DC9
Sat, 24 Oct 2015 18:11:14 - FETCH VOTES: http://www.dz-rs.si/wps/portal/Home/deloDZ/seje/glasovanje?mandat=VII&seja=11.%20Redna&uid=C1257A70003EE753C1257ECB00637729
Sat, 24 Oct 2015 18:11:17 - FETCH VOTES: http://www.dz-rs.si/wps/portal/Home/deloDZ/seje/glasovanje?mandat=VII&seja=11.%20Redna&uid=C1257A70003EE753C1257ECB00636079
Sat, 24 Oct 2015 18:11:20 - FETCH VOTES: http://www.dz-rs.si/wps/portal/Home/deloDZ/seje/glasovanje?mandat=VII&seja=11.%20Redna&uid=C1257A70003EE753C1257ECB0063490E
Sat, 24 Oct 2015 18:11:25 - FETCH SESSION: http://www.dz-rs.si/wps/portal/Home/deloDZ/seje/izbranaSeja?mandat=VII&seja=10.%20Redna&uid=CF28ECF6746C7592C1257E3B003F7003
Sat, 24 Oct 2015 18:11:27 - FETCH SPEECH: http://www.dz-rs.si/wps/portal/Home/deloDZ/seje/evidenca?mandat=VII&type=sz&uid=EAFE35474D48FC34C1257EE0002DFD5E
Sat, 24 Oct 2015 18:11:35 - FETCH SPEECH: http://www.dz-rs.si/wps/portal/Home/deloDZ/seje/evidenca?mandat=VII&type=sz&uid=E7B0E21002D59E7FC1257ED90046E9FF
Sat, 24 Oct 2015 18:11:47 - FETCH SPEECH: http://www.dz-rs.si/wps/portal/Home/deloDZ/seje/evidenca?mandat=VII&type=sz&uid=EFE4D7869EA547ECC1257EE6004A3704
Sat, 24 Oct 2015 18:11:57 - FETCH SPEECH: http://www.dz-rs.si/wps/portal/Home/deloDZ/seje/evidenca?mandat=VII&type=sz&uid=9B669FF46017C69FC1257EAB003FDC22
Sat, 24 Oct 2015 18:12:12 - FETCH DOC: http://www.dz-rs.si/wps/portal/Home/deloDZ/seje/evidenca?mandat=VII&type=sej&uid=3E99257EDE73A1BCC1257E3F00319EEB
Sat, 24 Oct 2015 18:12:13 - FETCH DOC: http://www.dz-rs.si/wps/portal/Home/deloDZ/seje/evidenca?mandat=VII&type=sej&uid=8BF574D4DAC20190C1257E5E002E407E
Sat, 24 Oct 2015 18:12:13 - FETCH DOC: http://www.dz-rs.si/wps/portal/Home/deloDZ/seje/evidenca?mandat=VII&type=sej&uid=95FCF787A0FBDCFDC1257E7600368200
Sat, 24 Oct 2015 18:12:14 - FETCH DOC: http://www.dz-rs.si/wps/portal/Home/deloDZ/seje/evidenca?mandat=VII&type=sej&uid=4C759272AA902974C1257E7A002C3FD5
Sat, 24 Oct 2015 18:12:14 - FETCH DOC: http://www.dz-rs.si/wps/portal/Home/deloDZ/seje/evidenca?mandat=VII&type=sej&uid=55E9D615A4283B69C1257E7C002F06E8
Sat, 24 Oct 2015 18:12:14 - FETCH DOC: http://www.dz-rs.si/wps/portal/Home/deloDZ/seje/evidenca?mandat=VII&type=sej&uid=DEA0BB58AC20E3F3C1257E7C004A2AB5
Sat, 24 Oct 2015 18:12:15 - FETCH DOC: http://www.dz-rs.si/wps/portal/Home/deloDZ/seje/evidenca?mandat=VII&type=sej&uid=8A64B1C7032E17AEC1257E7C004BD2A4
Sat, 24 Oct 2015 18:12:15 - FETCH DOC: http://www.dz-rs.si/wps/portal/Home/deloDZ/seje/evidenca?mandat=VII&type=sej&uid=136293F01026F581C1257E7C004EEFDB
Sat, 24 Oct 2015 18:12:15 - FETCH DOC: http://www.dz-rs.si/wps/portal/Home/deloDZ/seje/evidenca?mandat=VII&type=sej&uid=83A0426F6DD7B83CC1257E7D00306015
Sat, 24 Oct 2015 18:12:16 - FETCH DOC: http://www.dz-rs.si/wps/portal/Home/deloDZ/seje/evidenca?mandat=VII&type=sej&uid=8652CCF17A26E938C1257E7D003C8BB5
Sat, 24 Oct 2015 18:12:16 - FETCH DOC: http://www.dz-rs.si/wps/portal/Home/deloDZ/seje/evidenca?mandat=VII&type=sej&uid=857B59F98311D874C1257E7D00522986
Sat, 24 Oct 2015 18:12:16 - FETCH DOC: http://www.dz-rs.si/wps/portal/Home/deloDZ/seje/evidenca?mandat=VII&type=sej&uid=5D304F07D3DF1A8EC1257E7E002FE46E
Sat, 24 Oct 2015 18:12:17 - FETCH DOC: http://www.dz-rs.si/wps/portal/Home/deloDZ/seje/evidenca?mandat=VII&type=sej&uid=A4CC2AE41DF37D1EC1257E7E003AF7C6
Sat, 24 Oct 2015 18:12:17 - FETCH DOC: http://www.dz-rs.si/wps/portal/Home/deloDZ/seje/evidenca?mandat=VII&type=sej&uid=CE997243109AED04C1257E810028176C
Sat, 24 Oct 2015 18:12:18 - FETCH DOC: http://www.dz-rs.si/wps/portal/Home/deloDZ/seje/evidenca?mandat=VII&type=sej&uid=E57A744BB0CEE66EC1257E81003F3AAD
Sat, 24 Oct 2015 18:12:18 - FETCH DOC: http://www.dz-rs.si/wps/portal/Home/deloDZ/seje/evidenca?mandat=VII&type=sej&uid=F73D013C909C1925C1257E820038132F
Sat, 24 Oct 2015 18:12:18 - FETCH DOC: http://www.dz-rs.si/wps/portal/Home/deloDZ/seje/evidenca?mandat=VII&type=sej&uid=C920A13797EA0214C1257E820041C847
Sat, 24 Oct 2015 18:12:18 - FETCH DOC: http://www.dz-rs.si/wps/portal/Home/deloDZ/seje/evidenca?mandat=VII&type=sej&uid=FD8276A303C62448C1257E83002B8668
Sat, 24 Oct 2015 18:12:19 - FETCH VOTES: http://www.dz-rs.si/wps/portal/Home/deloDZ/seje/glasovanje?mandat=VII&seja=10.%20Redna&uid=9C2019AC8B4B04CCC1257E83006F659B
Sat, 24 Oct 2015 18:12:22 - FETCH VOTES: http://www.dz-rs.si/wps/portal/Home/deloDZ/seje/glasovanje?mandat=VII&seja=10.%20Redna&uid=5AC51DD4904DCD9EC1257E83006E3B26
Sat, 24 Oct 2015 18:12:25 - FETCH VOTES: http://www.dz-rs.si/wps/portal/Home/deloDZ/seje/glasovanje?mandat=VII&seja=10.%20Redna&uid=19466C973EDAD796C1257E83006E0E98
Sat, 24 Oct 2015 18:12:28 - FETCH VOTES: http://www.dz-rs.si/wps/portal/Home/deloDZ/seje/glasovanje?mandat=VII&seja=10.%20Redna&uid=17A0E83702939D60C1257E83006DFBD2
Sat, 24 Oct 2015 18:12:31 - FETCH VOTES: http://www.dz-rs.si/wps/portal/Home/deloDZ/seje/glasovanje?mandat=VII&seja=10.%20Redna&uid=1C9543EF9723E04AC1257E83006DEBC8
Sat, 24 Oct 2015 18:12:34 - FETCH VOTES: http://www.dz-rs.si/wps/portal/Home/deloDZ/seje/glasovanje?mandat=VII&seja=10.%20Redna&uid=1D7B7A4792EBBC82C1257E83006DDAFA
Sat, 24 Oct 2015 18:12:37 - FETCH VOTES: http://www.dz-rs.si/wps/portal/Home/deloDZ/seje/glasovanje?mandat=VII&seja=10.%20Redna&uid=D8824AF5EDACB828C1257E83006D80C0
Sat, 24 Oct 2015 18:12:40 - FETCH VOTES: http://www.dz-rs.si/wps/portal/Home/deloDZ/seje/glasovanje?mandat=VII&seja=10.%20Redna&uid=5E8BCC316F7F2430C1257E83006D3D5C
Sat, 24 Oct 2015 18:12:43 - FETCH VOTES: http://www.dz-rs.si/wps/portal/Home/deloDZ/seje/glasovanje?mandat=VII&seja=10.%20Redna&uid=6A7204D259EA96FBC1257E83006D0505
Sat, 24 Oct 2015 18:12:46 - FETCH VOTES: http://www.dz-rs.si/wps/portal/Home/deloDZ/seje/glasovanje?mandat=VII&seja=10.%20Redna&uid=1E558D62B2A5E767C1257E83006CBC82
Sat, 24 Oct 2015 18:12:49 - FETCH VOTES: http://www.dz-rs.si/wps/portal/Home/deloDZ/seje/glasovanje?mandat=VII&seja=10.%20Redna&uid=8815718119D1355BC1257E83006C7549
Sat, 24 Oct 2015 18:12:52 - FETCH VOTES: http://www.dz-rs.si/wps/portal/Home/deloDZ/seje/glasovanje?mandat=VII&seja=10.%20Redna&uid=084FD9ECA7F5CD06C1257E83006C4232
Sat, 24 Oct 2015 18:12:55 - FETCH VOTES: http://www.dz-rs.si/wps/portal/Home/deloDZ/seje/glasovanje?mandat=VII&seja=10.%20Redna&uid=9C2A0832B6953854C1257E83006BF5DD
Sat, 24 Oct 2015 18:12:58 - FETCH VOTES: http://www.dz-rs.si/wps/portal/Home/deloDZ/seje/glasovanje?mandat=VII&seja=10.%20Redna&uid=E94F8833CA9B8E1EC1257E83006BBD33
Sat, 24 Oct 2015 18:13:01 - FETCH VOTES: http://www.dz-rs.si/wps/portal/Home/deloDZ/seje/glasovanje?mandat=VII&seja=10.%20Redna&uid=D4FF620F71B10BE7C1257E83006B95E0
Sat, 24 Oct 2015 18:13:07 - FETCH SESSION: http://www.dz-rs.si/wps/portal/Home/deloDZ/seje/izbranaSeja?mandat=VII&seja=09.%20Redna&uid=ED4C7A1794EB2DA5C1257E1C002F06B9
Sat, 24 Oct 2015 18:13:09 - FETCH SPEECH: http://www.dz-rs.si/wps/portal/Home/deloDZ/seje/evidenca?mandat=VII&type=sz&uid=99BAA957C23A983CC1257E6900471686
Sat, 24 Oct 2015 18:13:22 - FETCH SPEECH: http://www.dz-rs.si/wps/portal/Home/deloDZ/seje/evidenca?mandat=VII&type=sz&uid=772D44B88001975AC1257E8F00491C77
Sat, 24 Oct 2015 18:13:28 - FETCH SPEECH: http://www.dz-rs.si/wps/portal/Home/deloDZ/seje/evidenca?mandat=VII&type=sz&uid=62D73643526B5B91C1257EAB003A567F
Sat, 24 Oct 2015 18:13:35 - FETCH SPEECH: http://www.dz-rs.si/wps/portal/Home/deloDZ/seje/evidenca?mandat=VII&type=sz&uid=B5D71D46B1570FF5C1257EB2002CE705
Sat, 24 Oct 2015 18:13:42 - FETCH SPEECH: http://www.dz-rs.si/wps/portal/Home/deloDZ/seje/evidenca?mandat=VII&type=sz&uid=1EE31F853E8C1182C1257ED7003D5539
Sat, 24 Oct 2015 18:13:49 - FETCH SPEECH: http://www.dz-rs.si/wps/portal/Home/deloDZ/seje/evidenca?mandat=VII&type=sz&uid=A2A75B0BAF24A6B3C1257ED0002D382F
Sat, 24 Oct 2015 18:13:54 - FETCH DOC: http://www.dz-rs.si/wps/portal/Home/deloDZ/seje/evidenca?mandat=VII&type=sej&uid=336B1864A72271ECC1257E230028F251
Sat, 24 Oct 2015 18:13:54 - FETCH DOC: http://www.dz-rs.si/wps/portal/Home/deloDZ/seje/evidenca?mandat=VII&type=sej&uid=EB7A208E22C959CBC1257E3F00319B9E
Sat, 24 Oct 2015 18:13:55 - FETCH DOC: http://www.dz-rs.si/wps/portal/Home/deloDZ/seje/evidenca?mandat=VII&type=sej&uid=3D579456CE153F8FC1257E5E002E5CEF
Sat, 24 Oct 2015 18:13:55 - FETCH DOC: http://www.dz-rs.si/wps/portal/Home/deloDZ/seje/evidenca?mandat=VII&type=sej&uid=5E17E5AED1FB9E16C1257E620041FDA9
Sat, 24 Oct 2015 18:13:55 - FETCH DOC: http://www.dz-rs.si/wps/portal/Home/deloDZ/seje/evidenca?mandat=VII&type=sej&uid=51F26C86649B9ECBC1257E6200434CB1
Sat, 24 Oct 2015 18:13:56 - FETCH DOC: http://www.dz-rs.si/wps/portal/Home/deloDZ/seje/evidenca?mandat=VII&type=sej&uid=1046AF9B9D7E95D2C1257E6500241709
Sat, 24 Oct 2015 18:13:56 - FETCH DOC: http://www.dz-rs.si/wps/portal/Home/deloDZ/seje/evidenca?mandat=VII&type=sej&uid=1193E91D59DF3CEBC1257E6500313E06
Sat, 24 Oct 2015 18:13:56 - FETCH DOC: http://www.dz-rs.si/wps/portal/Home/deloDZ/seje/evidenca?mandat=VII&type=sej&uid=112CDB339281671AC1257E6500348ADC
Sat, 24 Oct 2015 18:13:56 - FETCH DOC: http://www.dz-rs.si/wps/portal/Home/deloDZ/seje/evidenca?mandat=VII&type=sej&uid=1B96A0D6BAFB40B3C1257E65003A522A
Sat, 24 Oct 2015 18:13:57 - FETCH DOC: http://www.dz-rs.si/wps/portal/Home/deloDZ/seje/evidenca?mandat=VII&type=sej&uid=3FB9711CE7D5492BC1257E660039D4B3
Sat, 24 Oct 2015 18:13:57 - FETCH DOC: http://www.dz-rs.si/wps/portal/Home/deloDZ/seje/evidenca?mandat=VII&type=sej&uid=C88E320F610561A8C1257E67003D37AA
Sat, 24 Oct 2015 18:13:58 - FETCH DOC: http://www.dz-rs.si/wps/portal/Home/deloDZ/seje/evidenca?mandat=VII&type=sej&uid=A5DC4F15A15EB894C1257E68003EA39C
Sat, 24 Oct 2015 18:13:58 - FETCH DOC: http://www.dz-rs.si/wps/portal/Home/deloDZ/seje/evidenca?mandat=VII&type=sej&uid=2F5194B80318C0E9C1257E6900385054
Sat, 24 Oct 2015 18:13:58 - FETCH VOTES: http://www.dz-rs.si/wps/portal/Home/deloDZ/seje/glasovanje?mandat=VII&seja=09.%20Redna&uid=6E70D882ED936393C1257E6C00587D80
Sat, 24 Oct 2015 18:14:02 - FETCH VOTES: http://www.dz-rs.si/wps/portal/Home/deloDZ/seje/glasovanje?mandat=VII&seja=09.%20Redna&uid=0C56D4766B85FB3AC1257E6C0057D888
Sat, 24 Oct 2015 18:14:05 - FETCH VOTES: http://www.dz-rs.si/wps/portal/Home/deloDZ/seje/glasovanje?mandat=VII&seja=09.%20Redna&uid=118A31FBCD9D4237C1257E6C0056EDBE
Sat, 24 Oct 2015 18:14:08 - FETCH VOTES: http://www.dz-rs.si/wps/portal/Home/deloDZ/seje/glasovanje?mandat=VII&seja=09.%20Redna&uid=FDB801BE3209B77DC1257E6C0056D881
Sat, 24 Oct 2015 18:14:11 - FETCH VOTES: http://www.dz-rs.si/wps/portal/Home/deloDZ/seje/glasovanje?mandat=VII&seja=09.%20Redna&uid=9EEAC3446FCD37E4C1257E6C0055D132
Sat, 24 Oct 2015 18:14:14 - FETCH VOTES: http://www.dz-rs.si/wps/portal/Home/deloDZ/seje/glasovanje?mandat=VII&seja=09.%20Redna&uid=6DFA4141E425628DC1257E6C0055C4A6
Sat, 24 Oct 2015 18:14:17 - FETCH VOTES: http://www.dz-rs.si/wps/portal/Home/deloDZ/seje/glasovanje?mandat=VII&seja=09.%20Redna&uid=ED318E99BDB68218C1257E6C0055B884
Sat, 24 Oct 2015 18:14:20 - FETCH VOTES: http://www.dz-rs.si/wps/portal/Home/deloDZ/seje/glasovanje?mandat=VII&seja=09.%20Redna&uid=B7FBAF8FD20201C3C1257E6C0055ABFD
Sat, 24 Oct 2015 18:14:23 - FETCH VOTES: http://www.dz-rs.si/wps/portal/Home/deloDZ/seje/glasovanje?mandat=VII&seja=09.%20Redna&uid=CD303F7ABABA6529C1257E6C00558895
Sat, 24 Oct 2015 18:14:26 - FETCH VOTES: http://www.dz-rs.si/wps/portal/Home/deloDZ/seje/glasovanje?mandat=VII&seja=09.%20Redna&uid=A6B58706BCA739A7C1257E6C00551F32
Sat, 24 Oct 2015 18:14:29 - FETCH VOTES: http://www.dz-rs.si/wps/portal/Home/deloDZ/seje/glasovanje?mandat=VII&seja=09.%20Redna&uid=753590012A3F7BA0C1257E680051517C
Sat, 24 Oct 2015 18:14:32 - FETCH VOTES: http://www.dz-rs.si/wps/portal/Home/deloDZ/seje/glasovanje?mandat=VII&seja=09.%20Redna&uid=1A02CC918685FCDBC1257E68004FB343
Sat, 24 Oct 2015 18:14:35 - FETCH VOTES: http://www.dz-rs.si/wps/portal/Home/deloDZ/seje/glasovanje?mandat=VII&seja=09.%20Redna&uid=43C9091F4FE36D53C1257E68004F0569
Sat, 24 Oct 2015 18:14:38 - FETCH VOTES: http://www.dz-rs.si/wps/portal/Home/deloDZ/seje/glasovanje?mandat=VII&seja=09.%20Redna&uid=3A116C88B64F989CC1257E68004EDC5A
Sat, 24 Oct 2015 18:14:41 - FETCH VOTES: http://www.dz-rs.si/wps/portal/Home/deloDZ/seje/glasovanje?mandat=VII&seja=09.%20Redna&uid=43FFF584D2DAB092C1257E68004EC4A4
Sat, 24 Oct 2015 18:14:48 - FETCH SESSION: http://www.dz-rs.si/wps/portal/Home/deloDZ/seje/izbranaSeja?mandat=VII&seja=08.%20Redna&uid=C64EE3A6CC94823EC1257E07002AF7A9
Sat, 24 Oct 2015 18:14:49 - FETCH SPEECH: http://www.dz-rs.si/wps/portal/Home/deloDZ/seje/evidenca?mandat=VII&type=sz&uid=2517F1E4B7AAC1C5C1257E4D003DE3A6
Sat, 24 Oct 2015 18:14:59 - FETCH SPEECH: http://www.dz-rs.si/wps/portal/Home/deloDZ/seje/evidenca?mandat=VII&type=sz&uid=8FADE1CC426D641EC1257E7D00452EEF
Sat, 24 Oct 2015 18:15:06 - FETCH SPEECH: http://www.dz-rs.si/wps/portal/Home/deloDZ/seje/evidenca?mandat=VII&type=sz&uid=1F1BAC863F1D140FC1257E83002FFADB
Sat, 24 Oct 2015 18:15:12 - FETCH DOC: http://www.dz-rs.si/wps/portal/Home/deloDZ/seje/evidenca?mandat=VII&type=sej&uid=42317540C70A07E3C1257E0C003FE3D4
Sat, 24 Oct 2015 18:15:12 - FETCH DOC: http://www.dz-rs.si/wps/portal/Home/deloDZ/seje/evidenca?mandat=VII&type=sej&uid=35EC0FA8B45C22D2C1257E230028EBB4
Sat, 24 Oct 2015 18:15:13 - FETCH DOC: http://www.dz-rs.si/wps/portal/Home/deloDZ/seje/evidenca?mandat=VII&type=sej&uid=113D1998CDC4D573C1257E3F00310ADA
Sat, 24 Oct 2015 18:15:13 - FETCH DOC: http://www.dz-rs.si/wps/portal/Home/deloDZ/seje/evidenca?mandat=VII&type=sej&uid=753B2B2FB20D5FF9C1257E46003ED5C0
Sat, 24 Oct 2015 18:15:14 - FETCH DOC: http://www.dz-rs.si/wps/portal/Home/deloDZ/seje/evidenca?mandat=VII&type=sej&uid=37470B26B932FEFAC1257E460046024F
Sat, 24 Oct 2015 18:15:14 - FETCH DOC: http://www.dz-rs.si/wps/portal/Home/deloDZ/seje/evidenca?mandat=VII&type=sej&uid=30B2B2EF0FD6C03CC1257E490027F492
Sat, 24 Oct 2015 18:15:14 - FETCH DOC: http://www.dz-rs.si/wps/portal/Home/deloDZ/seje/evidenca?mandat=VII&type=sej&uid=21E97D141A2BE33BC1257E49002A6F62
Sat, 24 Oct 2015 18:15:14 - FETCH DOC: http://www.dz-rs.si/wps/portal/Home/deloDZ/seje/evidenca?mandat=VII&type=sej&uid=E64783CA333A9F37C1257E49003C7895
Sat, 24 Oct 2015 18:15:15 - FETCH DOC: http://www.dz-rs.si/wps/portal/Home/deloDZ/seje/evidenca?mandat=VII&type=sej&uid=6AEB5CF036643C23C1257E4A003C28E7
Sat, 24 Oct 2015 18:15:15 - FETCH VOTES: http://www.dz-rs.si/wps/portal/Home/deloDZ/seje/glasovanje?mandat=VII&seja=08.%20Redna&uid=1323BBEE4E85ED12C1257E4B005EDF51
Sat, 24 Oct 2015 18:15:18 - FETCH VOTES: http://www.dz-rs.si/wps/portal/Home/deloDZ/seje/glasovanje?mandat=VII&seja=08.%20Redna&uid=F19A030E38339A31C1257E4B005EC494
Sat, 24 Oct 2015 18:15:21 - FETCH VOTES: http://www.dz-rs.si/wps/portal/Home/deloDZ/seje/glasovanje?mandat=VII&seja=08.%20Redna&uid=68E75E400D380657C1257E4B005DB4AD
Sat, 24 Oct 2015 18:15:24 - FETCH VOTES: http://www.dz-rs.si/wps/portal/Home/deloDZ/seje/glasovanje?mandat=VII&seja=08.%20Redna&uid=91C1EE969CCFBFE6C1257E4B005D9CA0
Sat, 24 Oct 2015 18:15:28 - FETCH VOTES: http://www.dz-rs.si/wps/portal/Home/deloDZ/seje/glasovanje?mandat=VII&seja=08.%20Redna&uid=D67DA564D0660F18C1257E4B005D4389
Sat, 24 Oct 2015 18:15:31 - FETCH VOTES: http://www.dz-rs.si/wps/portal/Home/deloDZ/seje/glasovanje?mandat=VII&seja=08.%20Redna&uid=9618D0444541DA58C1257E4B005D2D3A
Sat, 24 Oct 2015 18:15:34 - FETCH VOTES: http://www.dz-rs.si/wps/portal/Home/deloDZ/seje/glasovanje?mandat=VII&seja=08.%20Redna&uid=973976EF330E28EBC1257E4A006E1993
Sat, 24 Oct 2015 18:15:37 - FETCH VOTES: http://www.dz-rs.si/wps/portal/Home/deloDZ/seje/glasovanje?mandat=VII&seja=08.%20Redna&uid=B838FAF0DBB3F432C1257E4A006E053D
Sat, 24 Oct 2015 18:15:40 - FETCH VOTES: http://www.dz-rs.si/wps/portal/Home/deloDZ/seje/glasovanje?mandat=VII&seja=08.%20Redna&uid=398C886FA7C2232FC1257E4A006DF3A3
Sat, 24 Oct 2015 18:15:43 - FETCH VOTES: http://www.dz-rs.si/wps/portal/Home/deloDZ/seje/glasovanje?mandat=VII&seja=08.%20Redna&uid=2C00D121D9EA5977C1257E4A006DC713
Sat, 24 Oct 2015 18:15:46 - FETCH VOTES: http://www.dz-rs.si/wps/portal/Home/deloDZ/seje/glasovanje?mandat=VII&seja=08.%20Redna&uid=2B9DCE68D90C10F3C1257E4A006DB5D8
Sat, 24 Oct 2015 18:15:49 - FETCH VOTES: http://www.dz-rs.si/wps/portal/Home/deloDZ/seje/glasovanje?mandat=VII&seja=08.%20Redna&uid=4AA252FC21F43EB0C1257E4A006DA56A
Sat, 24 Oct 2015 18:15:52 - FETCH VOTES: http://www.dz-rs.si/wps/portal/Home/deloDZ/seje/glasovanje?mandat=VII&seja=08.%20Redna&uid=A991E2EACCC92CEEC1257E4A006D9497
Sat, 24 Oct 2015 18:15:55 - FETCH VOTES: http://www.dz-rs.si/wps/portal/Home/deloDZ/seje/glasovanje?mandat=VII&seja=08.%20Redna&uid=7B3B5E2D33417F7CC1257E4A006D8299
Sat, 24 Oct 2015 18:15:58 - FETCH VOTES: http://www.dz-rs.si/wps/portal/Home/deloDZ/seje/glasovanje?mandat=VII&seja=08.%20Redna&uid=04146D0CDD39D111C1257E4A006D7066
Sat, 24 Oct 2015 18:16:03 - FETCH SESSION: http://www.dz-rs.si/wps/portal/Home/deloDZ/seje/izbranaSeja?mandat=VII&seja=07.%20Redna&uid=5F47133366AA26DFC1257DEE004110A3
Sat, 24 Oct 2015 18:16:05 - FETCH SPEECH: http://www.dz-rs.si/wps/portal/Home/deloDZ/seje/evidenca?mandat=VII&type=sz&uid=0A0B0DA46C456B27C1257E30004747BC
Sat, 24 Oct 2015 18:16:14 - FETCH SPEECH: http://www.dz-rs.si/wps/portal/Home/deloDZ/seje/evidenca?mandat=VII&type=sz&uid=E404B4B04DB24BE2C1257E46003797F3
Sat, 24 Oct 2015 18:16:17 - FETCH SPEECH: http://www.dz-rs.si/wps/portal/Home/deloDZ/seje/evidenca?mandat=VII&type=sz&uid=3771ED7C888D1329C1257E5400431710
Sat, 24 Oct 2015 18:16:23 - FETCH SPEECH: http://www.dz-rs.si/wps/portal/Home/deloDZ/seje/evidenca?mandat=VII&type=sz&uid=4EB2F128CA133B0DC1257E580045486F
Sat, 24 Oct 2015 18:16:29 - FETCH SPEECH: http://www.dz-rs.si/wps/portal/Home/deloDZ/seje/evidenca?mandat=VII&type=sz&uid=E8EAACC51FD4FC85C1257E5B002A61AF
Sat, 24 Oct 2015 18:16:33 - FETCH DOC: http://www.dz-rs.si/wps/portal/Home/deloDZ/seje/evidenca?mandat=VII&type=sej&uid=CC6745364AB8DA5EC1257DF200440A68
Sat, 24 Oct 2015 18:16:33 - FETCH DOC: http://www.dz-rs.si/wps/portal/Home/deloDZ/seje/evidenca?mandat=VII&type=sej&uid=68B6D5D487DB9277C1257E0C003FBA18
Sat, 24 Oct 2015 18:16:34 - FETCH DOC: http://www.dz-rs.si/wps/portal/Home/deloDZ/seje/evidenca?mandat=VII&type=sej&uid=81953CEDEB60F240C1257E23002AB75A
Sat, 24 Oct 2015 18:16:34 - FETCH DOC: http://www.dz-rs.si/wps/portal/Home/deloDZ/seje/evidenca?mandat=VII&type=sej&uid=2F696D67883E86BFC1257E28002DF078
Sat, 24 Oct 2015 18:16:34 - FETCH DOC: http://www.dz-rs.si/wps/portal/Home/deloDZ/seje/evidenca?mandat=VII&type=sej&uid=9C96A01FCC1059E3C1257E2A0032805E
Sat, 24 Oct 2015 18:16:35 - FETCH DOC: http://www.dz-rs.si/wps/portal/Home/deloDZ/seje/evidenca?mandat=VII&type=sej&uid=C6D89C8FF7F6B5FAC1257E2A003CD1EB
Sat, 24 Oct 2015 18:16:35 - FETCH DOC: http://www.dz-rs.si/wps/portal/Home/deloDZ/seje/evidenca?mandat=VII&type=sej&uid=A45F69D13D69DCB3C1257E2A0042689E
Sat, 24 Oct 2015 18:16:35 - FETCH DOC: http://www.dz-rs.si/wps/portal/Home/deloDZ/seje/evidenca?mandat=VII&type=sej&uid=F0D0B0ACCCF0CA30C1257E2D002BF583
Sat, 24 Oct 2015 18:16:36 - FETCH DOC: http://www.dz-rs.si/wps/portal/Home/deloDZ/seje/evidenca?mandat=VII&type=sej&uid=288F6B2744F90FCDC1257E2D002F5691
Sat, 24 Oct 2015 18:16:36 - FETCH DOC: http://www.dz-rs.si/wps/portal/Home/deloDZ/seje/evidenca?mandat=VII&type=sej&uid=CE63562FCF5761C9C1257E2D003F3102
Sat, 24 Oct 2015 18:16:36 - FETCH DOC: http://www.dz-rs.si/wps/portal/Home/deloDZ/seje/evidenca?mandat=VII&type=sej&uid=7DCA7E2212259823C1257E2E003D986D
Sat, 24 Oct 2015 18:16:37 - FETCH DOC: http://www.dz-rs.si/wps/portal/Home/deloDZ/seje/evidenca?mandat=VII&type=sej&uid=0ABDCE8C59A6A608C1257E2F003B0B6D
Sat, 24 Oct 2015 18:16:37 - FETCH DOC: http://www.dz-rs.si/wps/portal/Home/deloDZ/seje/evidenca?mandat=VII&type=sej&uid=4D48F80A958C10E7C1257E300044D8AF
Sat, 24 Oct 2015 18:16:37 - FETCH VOTES: http://www.dz-rs.si/wps/portal/Home/deloDZ/seje/glasovanje?mandat=VII&seja=07.%20Redna&uid=CD909DDAF5CF05BDC1257E31004DA6CC
Sat, 24 Oct 2015 18:16:40 - FETCH VOTES: http://www.dz-rs.si/wps/portal/Home/deloDZ/seje/glasovanje?mandat=VII&seja=07.%20Redna&uid=0DC0DA6AAAA7F73CC1257E31004D82EC
Sat, 24 Oct 2015 18:16:43 - FETCH VOTES: http://www.dz-rs.si/wps/portal/Home/deloDZ/seje/glasovanje?mandat=VII&seja=07.%20Redna&uid=EAD5F3411ED9C23AC1257E31004A66B2
Sat, 24 Oct 2015 18:16:46 - FETCH VOTES: http://www.dz-rs.si/wps/portal/Home/deloDZ/seje/glasovanje?mandat=VII&seja=07.%20Redna&uid=7FDC63F69D699C6AC1257E310049873D
Sat, 24 Oct 2015 18:16:49 - FETCH VOTES: http://www.dz-rs.si/wps/portal/Home/deloDZ/seje/glasovanje?mandat=VII&seja=07.%20Redna&uid=C7BAAF8EA8502CF3C1257E310049749F
Sat, 24 Oct 2015 18:16:53 - FETCH VOTES: http://www.dz-rs.si/wps/portal/Home/deloDZ/seje/glasovanje?mandat=VII&seja=07.%20Redna&uid=FAD69C9226D908B5C1257E3100492531
Sat, 24 Oct 2015 18:16:56 - FETCH VOTES: http://www.dz-rs.si/wps/portal/Home/deloDZ/seje/glasovanje?mandat=VII&seja=07.%20Redna&uid=AD396A937865C806C1257E310048A24D
Sat, 24 Oct 2015 18:16:59 - FETCH VOTES: http://www.dz-rs.si/wps/portal/Home/deloDZ/seje/glasovanje?mandat=VII&seja=07.%20Redna&uid=1E98AF5DDA4371B7C1257E3100488F24
Sat, 24 Oct 2015 18:17:02 - FETCH VOTES: http://www.dz-rs.si/wps/portal/Home/deloDZ/seje/glasovanje?mandat=VII&seja=07.%20Redna&uid=1592D05BA57A3144C1257E3100487B31
Sat, 24 Oct 2015 18:17:05 - FETCH VOTES: http://www.dz-rs.si/wps/portal/Home/deloDZ/seje/glasovanje?mandat=VII&seja=07.%20Redna&uid=CBB38E683F2E5801C1257E3100486586
Sat, 24 Oct 2015 18:17:08 - FETCH VOTES: http://www.dz-rs.si/wps/portal/Home/deloDZ/seje/glasovanje?mandat=VII&seja=07.%20Redna&uid=8A5B7437D5A34C4DC1257E310047E8E3
Sat, 24 Oct 2015 18:17:11 - FETCH VOTES: http://www.dz-rs.si/wps/portal/Home/deloDZ/seje/glasovanje?mandat=VII&seja=07.%20Redna&uid=FE585415BC4BD7F4C1257E310047D235
Sat, 24 Oct 2015 18:17:14 - FETCH VOTES: http://www.dz-rs.si/wps/portal/Home/deloDZ/seje/glasovanje?mandat=VII&seja=07.%20Redna&uid=6B1E7505D023BD76C1257E310047AE36
Sat, 24 Oct 2015 18:17:17 - FETCH VOTES: http://www.dz-rs.si/wps/portal/Home/deloDZ/seje/glasovanje?mandat=VII&seja=07.%20Redna&uid=4460E697A341E848C1257E2E0044E3F7
Sat, 24 Oct 2015 18:17:20 - FETCH VOTES: http://www.dz-rs.si/wps/portal/Home/deloDZ/seje/glasovanje?mandat=VII&seja=07.%20Redna&uid=453FB73BB73FD02DC1257E2E0044D258
Sat, 24 Oct 2015 18:17:26 - FETCH SESSION: http://www.dz-rs.si/wps/portal/Home/deloDZ/seje/izbranaSeja?mandat=VII&seja=06.%20Redna&uid=CEB95B8CE3732752C1257DC5003FDD72
Sat, 24 Oct 2015 18:17:28 - FETCH SPEECH: http://www.dz-rs.si/wps/portal/Home/deloDZ/seje/evidenca?mandat=VII&type=sz&uid=B20EE9370206267AC1257E2D0030E300
Sat, 24 Oct 2015 18:17:34 - FETCH SPEECH: http://www.dz-rs.si/wps/portal/Home/deloDZ/seje/evidenca?mandat=VII&type=sz&uid=27FDBC0BD38AF2D2C1257E4500396038
Sat, 24 Oct 2015 18:17:39 - FETCH SPEECH: http://www.dz-rs.si/wps/portal/Home/deloDZ/seje/evidenca?mandat=VII&type=sz&uid=2F21F5FACA1F8BE3C1257E1C003348E0
Sat, 24 Oct 2015 18:17:49 - FETCH SPEECH: http://www.dz-rs.si/wps/portal/Home/deloDZ/seje/evidenca?mandat=VII&type=sz&uid=2C2DD4B5458F98ACC1257E450044F628
Sat, 24 Oct 2015 18:17:55 - FETCH DOC: http://www.dz-rs.si/wps/portal/Home/deloDZ/seje/evidenca?mandat=VII&type=sej&uid=2C70C7628893FDADC1257DCF0038901E
Sat, 24 Oct 2015 18:17:56 - FETCH DOC: http://www.dz-rs.si/wps/portal/Home/deloDZ/seje/evidenca?mandat=VII&type=sej&uid=0346A319779F91A1C1257DF2002A81AB
Sat, 24 Oct 2015 18:17:56 - FETCH DOC: http://www.dz-rs.si/wps/portal/Home/deloDZ/seje/evidenca?mandat=VII&type=sej&uid=A98F23F1B41A31D2C1257E0C002DBF5B
Sat, 24 Oct 2015 18:17:57 - FETCH DOC: http://www.dz-rs.si/wps/portal/Home/deloDZ/seje/evidenca?mandat=VII&type=sej&uid=66A5BB72CC3F0162C1257E0E00304F38
Sat, 24 Oct 2015 18:17:57 - FETCH DOC: http://www.dz-rs.si/wps/portal/Home/deloDZ/seje/evidenca?mandat=VII&type=sej&uid=4F1A94BBC429EF59C1257E120046D18D
Sat, 24 Oct 2015 18:17:57 - FETCH DOC: http://www.dz-rs.si/wps/portal/Home/deloDZ/seje/evidenca?mandat=VII&type=sej&uid=0357483A0DB24F51C1257E12004A1286
Sat, 24 Oct 2015 18:17:58 - FETCH DOC: http://www.dz-rs.si/wps/portal/Home/deloDZ/seje/evidenca?mandat=VII&type=sej&uid=707165BFEF6AE5F7C1257E12004E322B
Sat, 24 Oct 2015 18:17:58 - FETCH DOC: http://www.dz-rs.si/wps/portal/Home/deloDZ/seje/evidenca?mandat=VII&type=sej&uid=02E9BC4A338B1107C1257E130040D81B
Sat, 24 Oct 2015 18:17:58 - FETCH DOC: http://www.dz-rs.si/wps/portal/Home/deloDZ/seje/evidenca?mandat=VII&type=sej&uid=623414FC132F7592C1257E140042D21B
Sat, 24 Oct 2015 18:17:59 - FETCH DOC: http://www.dz-rs.si/wps/portal/Home/deloDZ/seje/evidenca?mandat=VII&type=sej&uid=B1FC8C34CA867C8FC1257E18002E284F
Sat, 24 Oct 2015 18:17:59 - FETCH DOC: http://www.dz-rs.si/wps/portal/Home/deloDZ/seje/evidenca?mandat=VII&type=sej&uid=3A1AE75A369E33BFC1257E18003F4A20
Sat, 24 Oct 2015 18:17:59 - FETCH VOTES: http://www.dz-rs.si/wps/portal/Home/deloDZ/seje/glasovanje?mandat=VII&seja=06.%20Redna&uid=4E5B9F521EBF8A89C1257E19007062D9
Sat, 24 Oct 2015 18:18:03 - FETCH VOTES: http://www.dz-rs.si/wps/portal/Home/deloDZ/seje/glasovanje?mandat=VII&seja=06.%20Redna&uid=DC4D177EF1B8694BC1257E19006F3657
Sat, 24 Oct 2015 18:18:06 - FETCH VOTES: http://www.dz-rs.si/wps/portal/Home/deloDZ/seje/glasovanje?mandat=VII&seja=06.%20Redna&uid=0E1E1C7825C766CAC1257E19006D184C
Sat, 24 Oct 2015 18:18:09 - FETCH VOTES: http://www.dz-rs.si/wps/portal/Home/deloDZ/seje/glasovanje?mandat=VII&seja=06.%20Redna&uid=16DA7B10BAE0A54BC1257E19006CDDF4
Sat, 24 Oct 2015 18:18:12 - FETCH VOTES: http://www.dz-rs.si/wps/portal/Home/deloDZ/seje/glasovanje?mandat=VII&seja=06.%20Redna&uid=3B3BACB4C0800780C1257E19006C7F02
Sat, 24 Oct 2015 18:18:15 - FETCH VOTES: http://www.dz-rs.si/wps/portal/Home/deloDZ/seje/glasovanje?mandat=VII&seja=06.%20Redna&uid=B05EB95547B9E4BCC1257E19006C38D1
Sat, 24 Oct 2015 18:18:18 - FETCH VOTES: http://www.dz-rs.si/wps/portal/Home/deloDZ/seje/glasovanje?mandat=VII&seja=06.%20Redna&uid=4E2A09C03DF4A02CC1257E19006BE8C4
Sat, 24 Oct 2015 18:18:21 - FETCH VOTES: http://www.dz-rs.si/wps/portal/Home/deloDZ/seje/glasovanje?mandat=VII&seja=06.%20Redna&uid=DBC1F2E737CE2AF3C1257E19006BA75F
Sat, 24 Oct 2015 18:18:24 - FETCH VOTES: http://www.dz-rs.si/wps/portal/Home/deloDZ/seje/glasovanje?mandat=VII&seja=06.%20Redna&uid=E33C26D9F6D6F92DC1257E19006B599E
Sat, 24 Oct 2015 18:18:27 - FETCH VOTES: http://www.dz-rs.si/wps/portal/Home/deloDZ/seje/glasovanje?mandat=VII&seja=06.%20Redna&uid=76AADE7060FCD02DC1257E19006B4911
Sat, 24 Oct 2015 18:18:30 - FETCH VOTES: http://www.dz-rs.si/wps/portal/Home/deloDZ/seje/glasovanje?mandat=VII&seja=06.%20Redna&uid=6A897D8B2FD3EFACC1257E19006B12B8
Sat, 24 Oct 2015 18:18:33 - FETCH VOTES: http://www.dz-rs.si/wps/portal/Home/deloDZ/seje/glasovanje?mandat=VII&seja=06.%20Redna&uid=EC80D6EF30E1F863C1257E19006AB00F
Sat, 24 Oct 2015 18:18:36 - FETCH VOTES: http://www.dz-rs.si/wps/portal/Home/deloDZ/seje/glasovanje?mandat=VII&seja=06.%20Redna&uid=06A95110705D8599C1257E19006A78F4
Sat, 24 Oct 2015 18:18:39 - FETCH VOTES: http://www.dz-rs.si/wps/portal/Home/deloDZ/seje/glasovanje?mandat=VII&seja=06.%20Redna&uid=3994E0FFA9CC9FC7C1257E19006A693A
Sat, 24 Oct 2015 18:18:42 - FETCH VOTES: http://www.dz-rs.si/wps/portal/Home/deloDZ/seje/glasovanje?mandat=VII&seja=06.%20Redna&uid=77AB35073E659F04C1257E19006A1692
Sat, 24 Oct 2015 18:18:48 - FETCH SESSION: http://www.dz-rs.si/wps/portal/Home/deloDZ/seje/izbranaSeja?mandat=VII&seja=05.%20Redna&uid=15756EB2DE99AC38C1257DA1002C8F39
Sat, 24 Oct 2015 18:18:50 - FETCH SPEECH: http://www.dz-rs.si/wps/portal/Home/deloDZ/seje/evidenca?mandat=VII&type=sz&uid=44608B7E56D7AB39C1257E030034D847
Sat, 24 Oct 2015 18:19:02 - FETCH SPEECH: http://www.dz-rs.si/wps/portal/Home/deloDZ/seje/evidenca?mandat=VII&type=sz&uid=35A180E640331B97C1257E0D00482C7C
Sat, 24 Oct 2015 18:19:12 - FETCH SPEECH: http://www.dz-rs.si/wps/portal/Home/deloDZ/seje/evidenca?mandat=VII&type=sz&uid=F6DF6E7AFC6A6F0AC1257E14003D46FF
Sat, 24 Oct 2015 18:19:18 - FETCH SPEECH: http://www.dz-rs.si/wps/portal/Home/deloDZ/seje/evidenca?mandat=VII&type=sz&uid=F38F7A6C9243E743C1257E150034AEFC
Sat, 24 Oct 2015 18:19:24 - FETCH SPEECH: http://www.dz-rs.si/wps/portal/Home/deloDZ/seje/evidenca?mandat=VII&type=sz&uid=538909DD818105FCC1257E21002628ED
Sat, 24 Oct 2015 18:19:29 - FETCH SPEECH: http://www.dz-rs.si/wps/portal/Home/deloDZ/seje/evidenca?mandat=VII&type=sz&uid=1BB46A29D130DBA7C1257E280030D15D
Sat, 24 Oct 2015 18:19:33 - FETCH DOC: http://www.dz-rs.si/wps/portal/Home/deloDZ/seje/evidenca?mandat=VII&type=sej&uid=653932AF4A28FD33C1257DA500333301
Sat, 24 Oct 2015 18:19:34 - FETCH DOC: http://www.dz-rs.si/wps/portal/Home/deloDZ/seje/evidenca?mandat=VII&type=sej&uid=4E989262B0B2EFEBC1257DCF003889A5
Sat, 24 Oct 2015 18:19:34 - FETCH DOC: http://www.dz-rs.si/wps/portal/Home/deloDZ/seje/evidenca?mandat=VII&type=sej&uid=530BFD6255B7EFFCC1257DF2002A8F6D
Sat, 24 Oct 2015 18:19:34 - FETCH DOC: http://www.dz-rs.si/wps/portal/Home/deloDZ/seje/evidenca?mandat=VII&type=sej&uid=E98CD9D1F44E51EAC1257DF7004A2E36
Sat, 24 Oct 2015 18:19:35 - FETCH DOC: http://www.dz-rs.si/wps/portal/Home/deloDZ/seje/evidenca?mandat=VII&type=sej&uid=FD07F61D4262E075C1257DF8004C2701
Sat, 24 Oct 2015 18:19:35 - FETCH DOC: http://www.dz-rs.si/wps/portal/Home/deloDZ/seje/evidenca?mandat=VII&type=sej&uid=35F8A3947858D70EC1257DF90036B2FE
Sat, 24 Oct 2015 18:19:35 - FETCH DOC: http://www.dz-rs.si/wps/portal/Home/deloDZ/seje/evidenca?mandat=VII&type=sej&uid=94914EEC6B8D6EC4C1257DF900402F2C
Sat, 24 Oct 2015 18:19:36 - FETCH DOC: http://www.dz-rs.si/wps/portal/Home/deloDZ/seje/evidenca?mandat=VII&type=sej&uid=7991CB7307DFA330C1257DFC002D5304
Sat, 24 Oct 2015 18:19:36 - FETCH DOC: http://www.dz-rs.si/wps/portal/Home/deloDZ/seje/evidenca?mandat=VII&type=sej&uid=BCB22B0AD2D67B6CC1257DFC00330DC9
Sat, 24 Oct 2015 18:19:36 - FETCH DOC: http://www.dz-rs.si/wps/portal/Home/deloDZ/seje/evidenca?mandat=VII&type=sej&uid=C7B6EFFD9ECB9278C1257DFC0045118A
Sat, 24 Oct 2015 18:19:37 - FETCH DOC: http://www.dz-rs.si/wps/portal/Home/deloDZ/seje/evidenca?mandat=VII&type=sej&uid=BD8C6809937AF049C1257DFD0044F489
Sat, 24 Oct 2015 18:19:37 - FETCH DOC: http://www.dz-rs.si/wps/portal/Home/deloDZ/seje/evidenca?mandat=VII&type=sej&uid=2C9446C7413ADF2DC1257DFE0040CE0A
Sat, 24 Oct 2015 18:19:37 - FETCH DOC: http://www.dz-rs.si/wps/portal/Home/deloDZ/seje/evidenca?mandat=VII&type=sej&uid=880AE7EA546EDFFCC1257DFF00442674
Sat, 24 Oct 2015 18:19:37 - FETCH DOC: http://www.dz-rs.si/wps/portal/Home/deloDZ/seje/evidenca?mandat=VII&type=sej&uid=6322D9ADA0531FB2C1257E000042BB7E
Sat, 24 Oct 2015 18:19:38 - FETCH VOTES: http://www.dz-rs.si/wps/portal/Home/deloDZ/seje/glasovanje?mandat=VII&seja=05.%20Redna&uid=855394D602C1B269C1257E030046E4BF
Sat, 24 Oct 2015 18:19:41 - FETCH VOTES: http://www.dz-rs.si/wps/portal/Home/deloDZ/seje/glasovanje?mandat=VII&seja=05.%20Redna&uid=9981955E38EAC39BC1257E030046C0C7
Sat, 24 Oct 2015 18:19:44 - FETCH VOTES: http://www.dz-rs.si/wps/portal/Home/deloDZ/seje/glasovanje?mandat=VII&seja=05.%20Redna&uid=93327153775F86ABC1257E030046B379
Sat, 24 Oct 2015 18:19:47 - FETCH VOTES: http://www.dz-rs.si/wps/portal/Home/deloDZ/seje/glasovanje?mandat=VII&seja=05.%20Redna&uid=9A29007098220390C1257E03004698DE
Sat, 24 Oct 2015 18:19:50 - FETCH VOTES: http://www.dz-rs.si/wps/portal/Home/deloDZ/seje/glasovanje?mandat=VII&seja=05.%20Redna&uid=44BDEB135527AE3AC1257E0300467D67
Sat, 24 Oct 2015 18:19:53 - FETCH VOTES: http://www.dz-rs.si/wps/portal/Home/deloDZ/seje/glasovanje?mandat=VII&seja=05.%20Redna&uid=467E0B4D8073698AC1257E0300440942
Sat, 24 Oct 2015 18:19:56 - FETCH VOTES: http://www.dz-rs.si/wps/portal/Home/deloDZ/seje/glasovanje?mandat=VII&seja=05.%20Redna&uid=1B51A6A21B3BD37EC1257E030043F343
Sat, 24 Oct 2015 18:19:59 - FETCH VOTES: http://www.dz-rs.si/wps/portal/Home/deloDZ/seje/glasovanje?mandat=VII&seja=05.%20Redna&uid=FF5FE5317C98777EC1257E030043DCF5
Sat, 24 Oct 2015 18:20:03 - FETCH VOTES: http://www.dz-rs.si/wps/portal/Home/deloDZ/seje/glasovanje?mandat=VII&seja=05.%20Redna&uid=6FB187C740D868DBC1257E030043C6AD
Sat, 24 Oct 2015 18:20:06 - FETCH VOTES: http://www.dz-rs.si/wps/portal/Home/deloDZ/seje/glasovanje?mandat=VII&seja=05.%20Redna&uid=E195FAD3A3E376F1C1257E030043AEC9
Sat, 24 Oct 2015 18:20:09 - FETCH VOTES: http://www.dz-rs.si/wps/portal/Home/deloDZ/seje/glasovanje?mandat=VII&seja=05.%20Redna&uid=41AFC3CF1E821782C1257E03004394FB
Sat, 24 Oct 2015 18:20:12 - FETCH VOTES: http://www.dz-rs.si/wps/portal/Home/deloDZ/seje/glasovanje?mandat=VII&seja=05.%20Redna&uid=05D2FB0C5967B9AEC1257E0300437F79
Sat, 24 Oct 2015 18:20:15 - FETCH VOTES: http://www.dz-rs.si/wps/portal/Home/deloDZ/seje/glasovanje?mandat=VII&seja=05.%20Redna&uid=A00143DE80DCD5E9C1257E0300436BEA
Sat, 24 Oct 2015 18:20:18 - FETCH VOTES: http://www.dz-rs.si/wps/portal/Home/deloDZ/seje/glasovanje?mandat=VII&seja=05.%20Redna&uid=4BAF9D6954304B40C1257E0300435E9C
Sat, 24 Oct 2015 18:20:21 - FETCH VOTES: http://www.dz-rs.si/wps/portal/Home/deloDZ/seje/glasovanje?mandat=VII&seja=05.%20Redna&uid=9F8E2E8AC133C524C1257E03004345FA
Sat, 24 Oct 2015 18:20:27 - FETCH SESSION: http://www.dz-rs.si/wps/portal/Home/deloDZ/seje/izbranaSeja?mandat=VII&seja=04.%20Redna&uid=FE13FC5043D936E6C1257D80004B57AD
Sat, 24 Oct 2015 18:20:30 - FETCH SPEECH: http://www.dz-rs.si/wps/portal/Home/deloDZ/seje/evidenca?mandat=VII&type=sz&uid=F9D059F022B54FB8C1257DDD0043BC98
Sat, 24 Oct 2015 18:20:40 - FETCH SPEECH: http://www.dz-rs.si/wps/portal/Home/deloDZ/seje/evidenca?mandat=VII&type=sz&uid=BBF7946B980D3A14C1257DEB00319D77
Sat, 24 Oct 2015 18:20:48 - FETCH SPEECH: http://www.dz-rs.si/wps/portal/Home/deloDZ/seje/evidenca?mandat=VII&type=sz&uid=F06B72C339331982C1257DF6004B5225
Sat, 24 Oct 2015 18:20:54 - FETCH SPEECH: http://www.dz-rs.si/wps/portal/Home/deloDZ/seje/evidenca?mandat=VII&type=sz&uid=8A0AF7B0E01824A5C1257DF7002FC4C0
Sat, 24 Oct 2015 18:20:59 - FETCH SPEECH: http://www.dz-rs.si/wps/portal/Home/deloDZ/seje/evidenca?mandat=VII&type=sz&uid=0E56983CB20704A4C1257E0B0035741A
Sat, 24 Oct 2015 18:21:08 - FETCH DOC: http://www.dz-rs.si/wps/portal/Home/deloDZ/seje/evidenca?mandat=VII&type=sej&uid=B7E65083E7D2B2F9C1257D890042A8AE
Sat, 24 Oct 2015 18:21:09 - FETCH DOC: http://www.dz-rs.si/wps/portal/Home/deloDZ/seje/evidenca?mandat=VII&type=sej&uid=5D8105204D13A372C1257DA500332002
Sat, 24 Oct 2015 18:21:14 - FETCH DOC: http://www.dz-rs.si/wps/portal/Home/deloDZ/seje/evidenca?mandat=VII&type=sej&uid=15219C30A5D87972C1257DCF003882A5
Sat, 24 Oct 2015 18:21:15 - FETCH DOC: http://www.dz-rs.si/wps/portal/Home/deloDZ/seje/evidenca?mandat=VII&type=sej&uid=1E5E393E718F83E2C1257DD50045F4D9
Sat, 24 Oct 2015 18:21:19 - FETCH DOC: http://www.dz-rs.si/wps/portal/Home/deloDZ/seje/evidenca?mandat=VII&type=sej&uid=9AE24AC5279036CBC1257DD600421F61
Sat, 24 Oct 2015 18:21:20 - FETCH DOC: http://www.dz-rs.si/wps/portal/Home/deloDZ/seje/evidenca?mandat=VII&type=sej&uid=E5C8A22963F52866C1257DD60047B0C8
Sat, 24 Oct 2015 18:21:23 - FETCH DOC: http://www.dz-rs.si/wps/portal/Home/deloDZ/seje/evidenca?mandat=VII&type=sej&uid=C07673FECB05AC2FC1257DD90030656E
Sat, 24 Oct 2015 18:21:23 - FETCH DOC: http://www.dz-rs.si/wps/portal/Home/deloDZ/seje/evidenca?mandat=VII&type=sej&uid=108CC5403C5E3238C1257DD900341F90
Sat, 24 Oct 2015 18:21:24 - FETCH DOC: http://www.dz-rs.si/wps/portal/Home/deloDZ/seje/evidenca?mandat=VII&type=sej&uid=13D7F4992DBDE62EC1257DD900480B54
Sat, 24 Oct 2015 18:21:24 - FETCH DOC: http://www.dz-rs.si/wps/portal/Home/deloDZ/seje/evidenca?mandat=VII&type=sej&uid=72C3A1498C0CFDA3C1257DDA004171F1
Sat, 24 Oct 2015 18:21:24 - FETCH DOC: http://www.dz-rs.si/wps/portal/Home/deloDZ/seje/evidenca?mandat=VII&type=sej&uid=8C6BDAD795BC0AC5C1257DDB0049606E
Sat, 24 Oct 2015 18:21:24 - FETCH DOC: http://www.dz-rs.si/wps/portal/Home/deloDZ/seje/evidenca?mandat=VII&type=sej&uid=4D981ABD56E02629C1257DDC00452222
Sat, 24 Oct 2015 18:21:25 - FETCH VOTES: http://www.dz-rs.si/wps/portal/Home/deloDZ/seje/glasovanje?mandat=VII&seja=04.%20Redna&uid=417A4EDA4611C9B0C1257DDD005B8CE9
Sat, 24 Oct 2015 18:21:28 - FETCH VOTES: http://www.dz-rs.si/wps/portal/Home/deloDZ/seje/glasovanje?mandat=VII&seja=04.%20Redna&uid=1F5D42E786F08FB8C1257DDD005B8CE8
Sat, 24 Oct 2015 18:21:31 - FETCH VOTES: http://www.dz-rs.si/wps/portal/Home/deloDZ/seje/glasovanje?mandat=VII&seja=04.%20Redna&uid=43F5F221DDBC2DA8C1257DDD005B8CE7
Sat, 24 Oct 2015 18:21:34 - FETCH VOTES: http://www.dz-rs.si/wps/portal/Home/deloDZ/seje/glasovanje?mandat=VII&seja=04.%20Redna&uid=BF359D5B275C04BCC1257DDD005B8CE6
Sat, 24 Oct 2015 18:21:37 - FETCH VOTES: http://www.dz-rs.si/wps/portal/Home/deloDZ/seje/glasovanje?mandat=VII&seja=04.%20Redna&uid=7FBE2AC02A34EB7BC1257DDD005B8CE5
Sat, 24 Oct 2015 18:21:40 - FETCH VOTES: http://www.dz-rs.si/wps/portal/Home/deloDZ/seje/glasovanje?mandat=VII&seja=04.%20Redna&uid=0E267774B47EFDB6C1257DDD005B8CE4
Sat, 24 Oct 2015 18:21:43 - FETCH VOTES: http://www.dz-rs.si/wps/portal/Home/deloDZ/seje/glasovanje?mandat=VII&seja=04.%20Redna&uid=902C2229F9544CC9C1257DDD005B8CE3
Sat, 24 Oct 2015 18:21:47 - FETCH VOTES: http://www.dz-rs.si/wps/portal/Home/deloDZ/seje/glasovanje?mandat=VII&seja=04.%20Redna&uid=0B5F671280787A45C1257DDD005B8CE2
Sat, 24 Oct 2015 18:21:49 - FETCH VOTES: http://www.dz-rs.si/wps/portal/Home/deloDZ/seje/glasovanje?mandat=VII&seja=04.%20Redna&uid=267C3A5DA7AC2313C1257DDD005B8CE1
Sat, 24 Oct 2015 18:21:52 - FETCH VOTES: http://www.dz-rs.si/wps/portal/Home/deloDZ/seje/glasovanje?mandat=VII&seja=04.%20Redna&uid=E22219EC723D2288C1257DDD005B8CE0
Sat, 24 Oct 2015 18:21:56 - FETCH VOTES: http://www.dz-rs.si/wps/portal/Home/deloDZ/seje/glasovanje?mandat=VII&seja=04.%20Redna&uid=09F5EAB52C2C79F6C1257DDD005B8CDF
Sat, 24 Oct 2015 18:21:59 - FETCH VOTES: http://www.dz-rs.si/wps/portal/Home/deloDZ/seje/glasovanje?mandat=VII&seja=04.%20Redna&uid=48EC4B88D97C1EA8C1257DDD005B8CDE
Sat, 24 Oct 2015 18:22:02 - FETCH VOTES: http://www.dz-rs.si/wps/portal/Home/deloDZ/seje/glasovanje?mandat=VII&seja=04.%20Redna&uid=F395E69922828B71C1257DDD005B8CDD
Sat, 24 Oct 2015 18:22:05 - FETCH VOTES: http://www.dz-rs.si/wps/portal/Home/deloDZ/seje/glasovanje?mandat=VII&seja=04.%20Redna&uid=6169EC08A4ABEC32C1257DDD005B8CDC
Sat, 24 Oct 2015 18:22:08 - FETCH VOTES: http://www.dz-rs.si/wps/portal/Home/deloDZ/seje/glasovanje?mandat=VII&seja=04.%20Redna&uid=D39CF57E2079567FC1257DDD005B8CDB
Sat, 24 Oct 2015 18:22:14 - FETCH SESSION: http://www.dz-rs.si/wps/portal/Home/deloDZ/seje/izbranaSeja?mandat=VII&seja=03.%20Redna&uid=1F6B54AEE1C6D8EBC1257D6500307664
Sat, 24 Oct 2015 18:22:17 - FETCH SPEECH: http://www.dz-rs.si/wps/portal/Home/deloDZ/seje/evidenca?mandat=VII&type=sz&uid=D93F3C56665C6A1CC1257DB3004C86B5
Sat, 24 Oct 2015 18:22:28 - FETCH SPEECH: http://www.dz-rs.si/wps/portal/Home/deloDZ/seje/evidenca?mandat=VII&type=sz&uid=F5A479B57C75EBE5C1257DD3003096C4
Sat, 24 Oct 2015 18:22:39 - FETCH SPEECH: http://www.dz-rs.si/wps/portal/Home/deloDZ/seje/evidenca?mandat=VII&type=sz&uid=4BAD73BA25D77981C1257DD5004406DE
Sat, 24 Oct 2015 18:22:47 - FETCH SPEECH: http://www.dz-rs.si/wps/portal/Home/deloDZ/seje/evidenca?mandat=VII&type=sz&uid=3BE1B3DC5CE78B93C1257DD50039075B
Sat, 24 Oct 2015 18:22:53 - FETCH SPEECH: http://www.dz-rs.si/wps/portal/Home/deloDZ/seje/evidenca?mandat=VII&type=sz&uid=45DDA008BD25730AC1257DDD0050CA9A
Sat, 24 Oct 2015 18:23:01 - FETCH DOC: http://www.dz-rs.si/wps/portal/Home/deloDZ/seje/evidenca?mandat=VII&type=sej&uid=89B48169991F9F07C1257D6D0024849A
Sat, 24 Oct 2015 18:23:02 - FETCH DOC: http://www.dz-rs.si/wps/portal/Home/deloDZ/seje/evidenca?mandat=VII&type=sej&uid=378C788BEAA39EFFC1257D890039889D
Sat, 24 Oct 2015 18:23:02 - FETCH DOC: http://www.dz-rs.si/wps/portal/Home/deloDZ/seje/evidenca?mandat=VII&type=sej&uid=538F3E9FAE4A64F9C1257DA50033181C
Sat, 24 Oct 2015 18:23:03 - FETCH DOC: http://www.dz-rs.si/wps/portal/Home/deloDZ/seje/evidenca?mandat=VII&type=sej&uid=F262BB4CE2B1B961C1257DAC00403CED
Sat, 24 Oct 2015 18:23:03 - FETCH DOC: http://www.dz-rs.si/wps/portal/Home/deloDZ/seje/evidenca?mandat=VII&type=sej&uid=0BF006F2BBDC7F9AC1257DAC0049E8E0
Sat, 24 Oct 2015 18:23:03 - FETCH DOC: http://www.dz-rs.si/wps/portal/Home/deloDZ/seje/evidenca?mandat=VII&type=sej&uid=6B2D02C850F1D138C1257DAF002F6096
Sat, 24 Oct 2015 18:23:03 - FETCH DOC: http://www.dz-rs.si/wps/portal/Home/deloDZ/seje/evidenca?mandat=VII&type=sej&uid=BE6AA1B8FD4EF733C1257DAF0031C929
Sat, 24 Oct 2015 18:23:04 - FETCH DOC: http://www.dz-rs.si/wps/portal/Home/deloDZ/seje/evidenca?mandat=VII&type=sej&uid=C1B6D78604582E34C1257DAF00388427
Sat, 24 Oct 2015 18:23:04 - FETCH DOC: http://www.dz-rs.si/wps/portal/Home/deloDZ/seje/evidenca?mandat=VII&type=sej&uid=7A7E47527706B205C1257DAF00475154
Sat, 24 Oct 2015 18:23:04 - FETCH DOC: http://www.dz-rs.si/wps/portal/Home/deloDZ/seje/evidenca?mandat=VII&type=sej&uid=8533F90F252EB97AC1257DB0004096EC
Sat, 24 Oct 2015 18:23:05 - FETCH DOC: http://www.dz-rs.si/wps/portal/Home/deloDZ/seje/evidenca?mandat=VII&type=sej&uid=5004CDB15328CA6DC1257DB10043F81D
Sat, 24 Oct 2015 18:23:05 - FETCH DOC: http://www.dz-rs.si/wps/portal/Home/deloDZ/seje/evidenca?mandat=VII&type=sej&uid=9029785AF842545BC1257DB2004530C6
Sat, 24 Oct 2015 18:23:05 - FETCH VOTES: http://www.dz-rs.si/wps/portal/Home/deloDZ/seje/glasovanje?mandat=VII&seja=03.%20Redna&uid=F294455EAB13678BC1257DB30069C3A2
Sat, 24 Oct 2015 18:23:08 - FETCH VOTES: http://www.dz-rs.si/wps/portal/Home/deloDZ/seje/glasovanje?mandat=VII&seja=03.%20Redna&uid=C3420DE05366D709C1257DB300699D20
Sat, 24 Oct 2015 18:23:12 - FETCH VOTES: http://www.dz-rs.si/wps/portal/Home/deloDZ/seje/glasovanje?mandat=VII&seja=03.%20Redna&uid=F2B85197D03B771BC1257DB300671E6E
Sat, 24 Oct 2015 18:23:15 - FETCH VOTES: http://www.dz-rs.si/wps/portal/Home/deloDZ/seje/glasovanje?mandat=VII&seja=03.%20Redna&uid=440DFB7AB7CA23CEC1257DB30066FEAB
Sat, 24 Oct 2015 18:23:18 - FETCH VOTES: http://www.dz-rs.si/wps/portal/Home/deloDZ/seje/glasovanje?mandat=VII&seja=03.%20Redna&uid=6DE9A3257B8800BDC1257DB30065CBC2
Sat, 24 Oct 2015 18:23:21 - FETCH VOTES: http://www.dz-rs.si/wps/portal/Home/deloDZ/seje/glasovanje?mandat=VII&seja=03.%20Redna&uid=6DE9A3257B8800BDC1257DB30065CBC2
Sat, 24 Oct 2015 18:23:24 - FETCH VOTES: http://www.dz-rs.si/wps/portal/Home/deloDZ/seje/glasovanje?mandat=VII&seja=03.%20Redna&uid=3E31EB847B0D661FC1257DB30063134F
Sat, 24 Oct 2015 18:23:27 - FETCH VOTES: http://www.dz-rs.si/wps/portal/Home/deloDZ/seje/glasovanje?mandat=VII&seja=03.%20Redna&uid=3E31EB847B0D661FC1257DB30063134F
Sat, 24 Oct 2015 18:23:30 - FETCH VOTES: http://www.dz-rs.si/wps/portal/Home/deloDZ/seje/glasovanje?mandat=VII&seja=03.%20Redna&uid=9481B3742D06C6CAC1257DB3005F38DD
Sat, 24 Oct 2015 18:23:33 - FETCH VOTES: http://www.dz-rs.si/wps/portal/Home/deloDZ/seje/glasovanje?mandat=VII&seja=03.%20Redna&uid=9481B3742D06C6CAC1257DB3005F38DD
Sat, 24 Oct 2015 18:23:37 - FETCH VOTES: http://www.dz-rs.si/wps/portal/Home/deloDZ/seje/glasovanje?mandat=VII&seja=03.%20Redna&uid=14539F4C0B9F07C4C1257DB100594AAC
Sat, 24 Oct 2015 18:23:40 - FETCH VOTES: http://www.dz-rs.si/wps/portal/Home/deloDZ/seje/glasovanje?mandat=VII&seja=03.%20Redna&uid=14539F4C0B9F07C4C1257DB100594AAC
Sat, 24 Oct 2015 18:23:43 - FETCH VOTES: http://www.dz-rs.si/wps/portal/Home/deloDZ/seje/glasovanje?mandat=VII&seja=03.%20Redna&uid=9000F20FE8105439C1257DB1005938EE
Sat, 24 Oct 2015 18:23:46 - FETCH VOTES: http://www.dz-rs.si/wps/portal/Home/deloDZ/seje/glasovanje?mandat=VII&seja=03.%20Redna&uid=1BFF2A3F2CF0F3B8C1257DB10058B47B
Sat, 24 Oct 2015 18:23:49 - FETCH VOTES: http://www.dz-rs.si/wps/portal/Home/deloDZ/seje/glasovanje?mandat=VII&seja=03.%20Redna&uid=1BFF2A3F2CF0F3B8C1257DB10058B47B
Sat, 24 Oct 2015 18:23:52 - FETCH VOTES: http://www.dz-rs.si/wps/portal/Home/deloDZ/seje/glasovanje?mandat=VII&seja=03.%20Redna&uid=BE89CBF62CCDDC3BC1257DB100589E65
Sat, 24 Oct 2015 18:23:55 - FETCH VOTES: http://www.dz-rs.si/wps/portal/Home/deloDZ/seje/glasovanje?mandat=VII&seja=03.%20Redna&uid=22B4247FC66038D0C1257DB10057FB7B
Sat, 24 Oct 2015 18:23:59 - FETCH VOTES: http://www.dz-rs.si/wps/portal/Home/deloDZ/seje/glasovanje?mandat=VII&seja=03.%20Redna&uid=22B4247FC66038D0C1257DB10057FB7B
Sat, 24 Oct 2015 18:24:01 - FETCH VOTES: http://www.dz-rs.si/wps/portal/Home/deloDZ/seje/glasovanje?mandat=VII&seja=03.%20Redna&uid=173746A39C708F75C1257DB10057EF81
Sat, 24 Oct 2015 18:24:05 - FETCH VOTES: http://www.dz-rs.si/wps/portal/Home/deloDZ/seje/glasovanje?mandat=VII&seja=03.%20Redna&uid=173746A39C708F75C1257DB10057EF81
Sat, 24 Oct 2015 18:24:08 - FETCH VOTES: http://www.dz-rs.si/wps/portal/Home/deloDZ/seje/glasovanje?mandat=VII&seja=03.%20Redna&uid=BB84C8E89A8DAF79C1257DB100572AE3
Sat, 24 Oct 2015 18:24:11 - FETCH VOTES: http://www.dz-rs.si/wps/portal/Home/deloDZ/seje/glasovanje?mandat=VII&seja=03.%20Redna&uid=FD0D74F711C05848C1257DB10056EA27
Sat, 24 Oct 2015 18:24:14 - FETCH VOTES: http://www.dz-rs.si/wps/portal/Home/deloDZ/seje/glasovanje?mandat=VII&seja=03.%20Redna&uid=FD0D74F711C05848C1257DB10056EA27
Sat, 24 Oct 2015 18:24:21 - FETCH SESSION: http://www.dz-rs.si/wps/portal/Home/deloDZ/seje/izbranaSeja?mandat=VII&seja=02.%20Redna&uid=4D5221C8DB9E2D90C1257D270025193E
Sat, 24 Oct 2015 18:24:23 - FETCH SPEECH: http://www.dz-rs.si/wps/portal/Home/deloDZ/seje/evidenca?mandat=VII&type=sz&uid=DD2CBB000517CF9AC1257D970045E01D
Sat, 24 Oct 2015 18:24:38 - FETCH SPEECH: http://www.dz-rs.si/wps/portal/Home/deloDZ/seje/evidenca?mandat=VII&type=sz&uid=DA7D8F18ECD4D2A6C1257DA300408B25
Sat, 24 Oct 2015 18:24:43 - FETCH SPEECH: http://www.dz-rs.si/wps/portal/Home/deloDZ/seje/evidenca?mandat=VII&type=sz&uid=AEB393B7EBC59AE5C1257DAB004C233F
Sat, 24 Oct 2015 18:24:53 - FETCH SPEECH: http://www.dz-rs.si/wps/portal/Home/deloDZ/seje/evidenca?mandat=VII&type=sz&uid=06BEC51231AE5A4BC1257DCC0039768C
Sat, 24 Oct 2015 18:25:01 - FETCH SPEECH: http://www.dz-rs.si/wps/portal/Home/deloDZ/seje/evidenca?mandat=VII&type=sz&uid=199A006E1F98EE0AC1257DC800497273
Sat, 24 Oct 2015 18:25:06 - FETCH DOC: http://www.dz-rs.si/wps/portal/Home/deloDZ/seje/evidenca?mandat=VII&type=sej&uid=DE19FD46C97BAA17C1257D6D002D4053
Sat, 24 Oct 2015 18:25:07 - FETCH DOC: http://www.dz-rs.si/wps/portal/Home/deloDZ/seje/evidenca?mandat=VII&type=sej&uid=124D759DE967047DC1257D890039823F
Sat, 24 Oct 2015 18:25:07 - FETCH DOC: http://www.dz-rs.si/wps/portal/Home/deloDZ/seje/evidenca?mandat=VII&type=sej&uid=6A6181500DCF5E92C1257D8E002F9AC9
Sat, 24 Oct 2015 18:25:07 - FETCH DOC: http://www.dz-rs.si/wps/portal/Home/deloDZ/seje/evidenca?mandat=VII&type=sej&uid=F79C6E7A8E3A5913C1257D90004046AB
Sat, 24 Oct 2015 18:25:08 - FETCH DOC: http://www.dz-rs.si/wps/portal/Home/deloDZ/seje/evidenca?mandat=VII&type=sej&uid=27B436C3DC814AC2C1257D90004121AA
Sat, 24 Oct 2015 18:25:08 - FETCH DOC: http://www.dz-rs.si/wps/portal/Home/deloDZ/seje/evidenca?mandat=VII&type=sej&uid=A4D8077CD372510FC1257D930031E2F6
Sat, 24 Oct 2015 18:25:08 - FETCH DOC: http://www.dz-rs.si/wps/portal/Home/deloDZ/seje/evidenca?mandat=VII&type=sej&uid=A94C9B151D8401B3C1257D9300348108
Sat, 24 Oct 2015 18:25:08 - FETCH DOC: http://www.dz-rs.si/wps/portal/Home/deloDZ/seje/evidenca?mandat=VII&type=sej&uid=24EB9DD041F7DFCFC1257D9300365010
Sat, 24 Oct 2015 18:25:09 - FETCH DOC: http://www.dz-rs.si/wps/portal/Home/deloDZ/seje/evidenca?mandat=VII&type=sej&uid=170FB6AD571F4174C1257D93003A75E9
Sat, 24 Oct 2015 18:25:09 - FETCH DOC: http://www.dz-rs.si/wps/portal/Home/deloDZ/seje/evidenca?mandat=VII&type=sej&uid=835FDFA4DFAEBBDCC1257D930044AD4E
Sat, 24 Oct 2015 18:25:09 - FETCH DOC: http://www.dz-rs.si/wps/portal/Home/deloDZ/seje/evidenca?mandat=VII&type=sej&uid=8D994EA223DAEEAAC1257D94004434D8
Sat, 24 Oct 2015 18:25:10 - FETCH DOC: http://www.dz-rs.si/wps/portal/Home/deloDZ/seje/evidenca?mandat=VII&type=sej&uid=B14544C14DCD1558C1257D95004211EA
Sat, 24 Oct 2015 18:25:10 - FETCH DOC: http://www.dz-rs.si/wps/portal/Home/deloDZ/seje/evidenca?mandat=VII&type=sej&uid=2EA36188AA0B0E02C1257D960044459A
Sat, 24 Oct 2015 18:25:10 - FETCH VOTES: http://www.dz-rs.si/wps/portal/Home/deloDZ/seje/glasovanje?mandat=VII&seja=02.%20Redna&uid=7785176F6C665C5AC1257D9700682459
Sat, 24 Oct 2015 18:25:13 - FETCH VOTES: http://www.dz-rs.si/wps/portal/Home/deloDZ/seje/glasovanje?mandat=VII&seja=02.%20Redna&uid=3C56F016FA3B6D31C1257D970067A85D
Sat, 24 Oct 2015 18:25:16 - FETCH VOTES: http://www.dz-rs.si/wps/portal/Home/deloDZ/seje/glasovanje?mandat=VII&seja=02.%20Redna&uid=BE2ED44221C830E5C1257D970067370E
Sat, 24 Oct 2015 18:25:20 - FETCH VOTES: http://www.dz-rs.si/wps/portal/Home/deloDZ/seje/glasovanje?mandat=VII&seja=02.%20Redna&uid=06CB9C2EE91E4E0FC1257D970067218C
Sat, 24 Oct 2015 18:25:23 - FETCH VOTES: http://www.dz-rs.si/wps/portal/Home/deloDZ/seje/glasovanje?mandat=VII&seja=02.%20Redna&uid=AA5C4A7498B6701FC1257D970066F6EF
Sat, 24 Oct 2015 18:25:26 - FETCH VOTES: http://www.dz-rs.si/wps/portal/Home/deloDZ/seje/glasovanje?mandat=VII&seja=02.%20Redna&uid=7F29303C201755ADC1257D970066E03F
Sat, 24 Oct 2015 18:25:29 - FETCH VOTES: http://www.dz-rs.si/wps/portal/Home/deloDZ/seje/glasovanje?mandat=VII&seja=02.%20Redna&uid=4945E14AB85E7B3CC1257D970066BDD9
Sat, 24 Oct 2015 18:25:32 - FETCH VOTES: http://www.dz-rs.si/wps/portal/Home/deloDZ/seje/glasovanje?mandat=VII&seja=02.%20Redna&uid=B8C05DFC03E75406C1257D970066A59A
Sat, 24 Oct 2015 18:25:36 - FETCH VOTES: http://www.dz-rs.si/wps/portal/Home/deloDZ/seje/glasovanje?mandat=VII&seja=02.%20Redna&uid=B8C05DFC03E75406C1257D970066A59A
Sat, 24 Oct 2015 18:25:39 - FETCH VOTES: http://www.dz-rs.si/wps/portal/Home/deloDZ/seje/glasovanje?mandat=VII&seja=02.%20Redna&uid=516A4FF133E4D4ECC1257D9700668BC1
Sat, 24 Oct 2015 18:25:42 - FETCH VOTES: http://www.dz-rs.si/wps/portal/Home/deloDZ/seje/glasovanje?mandat=VII&seja=02.%20Redna&uid=2366F6034270D0E0C1257D970063C2D8
Sat, 24 Oct 2015 18:25:45 - FETCH VOTES: http://www.dz-rs.si/wps/portal/Home/deloDZ/seje/glasovanje?mandat=VII&seja=02.%20Redna&uid=19D253C280F00564C1257D970063A6EA
Sat, 24 Oct 2015 18:25:48 - FETCH VOTES: http://www.dz-rs.si/wps/portal/Home/deloDZ/seje/glasovanje?mandat=VII&seja=02.%20Redna&uid=651D0842DD6740E9C1257D9700632BD7
Sat, 24 Oct 2015 18:25:51 - FETCH VOTES: http://www.dz-rs.si/wps/portal/Home/deloDZ/seje/glasovanje?mandat=VII&seja=02.%20Redna&uid=651D0842DD6740E9C1257D9700632BD7
Sat, 24 Oct 2015 18:25:54 - FETCH VOTES: http://www.dz-rs.si/wps/portal/Home/deloDZ/seje/glasovanje?mandat=VII&seja=02.%20Redna&uid=4C01CA827A46D62DC1257D9700631CF8
Sat, 24 Oct 2015 18:25:57 - FETCH VOTES: http://www.dz-rs.si/wps/portal/Home/deloDZ/seje/glasovanje?mandat=VII&seja=02.%20Redna&uid=4C01CA827A46D62DC1257D9700631CF8
Sat, 24 Oct 2015 18:26:00 - FETCH VOTES: http://www.dz-rs.si/wps/portal/Home/deloDZ/seje/glasovanje?mandat=VII&seja=02.%20Redna&uid=4F53F0DFD9D85307C1257D9700630E39
Sat, 24 Oct 2015 18:26:03 - FETCH VOTES: http://www.dz-rs.si/wps/portal/Home/deloDZ/seje/glasovanje?mandat=VII&seja=02.%20Redna&uid=4F53F0DFD9D85307C1257D9700630E39
Sat, 24 Oct 2015 18:26:07 - FETCH VOTES: http://www.dz-rs.si/wps/portal/Home/deloDZ/seje/glasovanje?mandat=VII&seja=02.%20Redna&uid=6B2E8C53FA403AE2C1257D96006DF9E0
Sat, 24 Oct 2015 18:26:13 - FETCH SESSION: http://www.dz-rs.si/wps/portal/Home/deloDZ/seje/izbranaSeja?mandat=VII&seja=01.%20Redna&uid=759674DC5F35FF08C1257D1F0052790B
Sat, 24 Oct 2015 18:26:15 - FETCH SPEECH: http://www.dz-rs.si/wps/portal/Home/deloDZ/seje/evidenca?mandat=VII&type=sz&uid=1324DC2FE44607F9C1257D2A003CC1AF
Sat, 24 Oct 2015 18:26:16 - FETCH DOC: http://www.dz-rs.si/wps/portal/Home/deloDZ/seje/evidenca?mandat=VII&type=sej&uid=A8DDD83415DCC02BC1257D1F0052E327
Sat, 24 Oct 2015 18:26:16 - FETCH DOC: http://www.dz-rs.si/wps/portal/Home/deloDZ/seje/evidenca?mandat=VII&type=sej&uid=E9103223A88A5279C1257D23002918A4
Sat, 24 Oct 2015 18:26:17 - FETCH DOC: http://www.dz-rs.si/wps/portal/Home/deloDZ/seje/evidenca?mandat=VII&type=sej&uid=CC6DA737BD53ECDFC1257D25004902AE
Sat, 24 Oct 2015 18:26:17 - FETCH VOTES: http://www.dz-rs.si/wps/portal/Home/deloDZ/seje/glasovanje?mandat=VII&seja=01.%20Redna&uid=B2EC75F8E4D9991AC1257D27004169BA
Sat, 24 Oct 2015 18:26:20 - FETCH VOTES: http://www.dz-rs.si/wps/portal/Home/deloDZ/seje/glasovanje?mandat=VII&seja=01.%20Redna&uid=AC35A6B3EE803AD9C1257D2700389E77
Sat, 24 Oct 2015 18:26:23 - FETCH VOTES: http://www.dz-rs.si/wps/portal/Home/deloDZ/seje/glasovanje?mandat=VII&seja=01.%20Redna&uid=B57441C5D13D3AD2C1257D2700307227
Sat, 24 Oct 2015 18:26:26 - FETCH VOTES: http://www.dz-rs.si/wps/portal/Home/deloDZ/seje/glasovanje?mandat=VII&seja=01.%20Redna&uid=6F4621F3A4DD4E51C1257D27002FF419
Sat, 24 Oct 2015 18:26:29 - FETCH VOTES: http://www.dz-rs.si/wps/portal/Home/deloDZ/seje/glasovanje?mandat=VII&seja=01.%20Redna&uid=07FAA105EB1E8BCAC1257D27002D7DC9
Sat, 24 Oct 2015 18:26:33 - FETCH SESSION: http://www.dz-rs.si/wps/portal/Home/deloDZ/seje/izbranaSeja?mandat=VII&seja=22.%20Izredna&uid=14437BA4E68B08E0C1257EE4003E3A14
Sat, 24 Oct 2015 18:26:34 - FETCH DOC: http://www.dz-rs.si/wps/portal/Home/deloDZ/seje/evidenca?mandat=VII&type=sej&uid=3E75CA360D1C1906C1257EE4003E51FE
Sat, 24 Oct 2015 18:26:34 - FETCH DOC: http://www.dz-rs.si/wps/portal/Home/deloDZ/seje/evidenca?mandat=VII&type=sej&uid=B573C3C094BF3B62C1257EE400456551
Sat, 24 Oct 2015 18:26:35 - FETCH DOC: http://www.dz-rs.si/wps/portal/Home/deloDZ/seje/evidenca?mandat=VII&type=sej&uid=9B404A2C4CAF5A26C1257EE400514B7E
Sat, 24 Oct 2015 18:26:35 - FETCH DOC: http://www.dz-rs.si/wps/portal/Home/deloDZ/seje/evidenca?mandat=VII&type=sej&uid=44719D63D6F8A0E0C1257EE4006F7505
Sat, 24 Oct 2015 18:26:35 - FETCH VOTES: http://www.dz-rs.si/wps/portal/Home/deloDZ/seje/glasovanje?mandat=VII&seja=22.%20Izredna&uid=C1257A70003EE753C1257EE400823AC0
Sat, 24 Oct 2015 18:26:38 - FETCH VOTES: http://www.dz-rs.si/wps/portal/Home/deloDZ/seje/glasovanje?mandat=VII&seja=22.%20Izredna&uid=C1257A70003EE753C1257EE4008159D1
Sat, 24 Oct 2015 18:26:41 - FETCH VOTES: http://www.dz-rs.si/wps/portal/Home/deloDZ/seje/glasovanje?mandat=VII&seja=22.%20Izredna&uid=C1257A70003EE753C1257EE4008159D1
Sat, 24 Oct 2015 18:26:44 - FETCH VOTES: http://www.dz-rs.si/wps/portal/Home/deloDZ/seje/glasovanje?mandat=VII&seja=22.%20Izredna&uid=C1257A70003EE753C1257EE400634B4C
Sat, 24 Oct 2015 18:26:47 - FETCH SESSION: http://www.dz-rs.si/wps/portal/Home/deloDZ/seje/izbranaSeja?mandat=VII&seja=21.%20Izredna&uid=E2BB9690C23899C2C1257ED9002E3F2A
Sat, 24 Oct 2015 18:26:48 - FETCH DOC: http://www.dz-rs.si/wps/portal/Home/deloDZ/seje/evidenca?mandat=VII&type=sej&uid=9AAF8CD07D47CD34C1257ED900373022
Sat, 24 Oct 2015 18:26:48 - FETCH DOC: http://www.dz-rs.si/wps/portal/Home/deloDZ/seje/evidenca?mandat=VII&type=sej&uid=B2664E7755DBA5B1C1257EDC003B4999
Sat, 24 Oct 2015 18:26:49 - FETCH DOC: http://www.dz-rs.si/wps/portal/Home/deloDZ/seje/evidenca?mandat=VII&type=sej&uid=455F4853F91E2536C1257EDC003BEB73
Sat, 24 Oct 2015 18:26:49 - FETCH VOTES: http://www.dz-rs.si/wps/portal/Home/deloDZ/seje/glasovanje?mandat=VII&seja=21.%20Izredna&uid=C1257A70003EE753C1257EDD0041D8B5
Sat, 24 Oct 2015 18:26:52 - FETCH SESSION: http://www.dz-rs.si/wps/portal/Home/deloDZ/seje/izbranaSeja?mandat=VII&seja=20.%20Izredna&uid=3CB09D8E63266DE1C1257ECF00254D72
Sat, 24 Oct 2015 18:26:53 - FETCH DOC: http://www.dz-rs.si/wps/portal/Home/deloDZ/seje/evidenca?mandat=VII&type=sej&uid=E5404BD44B4CCF4EC1257ECF0027984D
Sat, 24 Oct 2015 18:26:53 - FETCH DOC: http://www.dz-rs.si/wps/portal/Home/deloDZ/seje/evidenca?mandat=VII&type=sej&uid=F6C029570C178C87C1257ED000384414
Sat, 24 Oct 2015 18:26:54 - FETCH DOC: http://www.dz-rs.si/wps/portal/Home/deloDZ/seje/evidenca?mandat=VII&type=sej&uid=41BDDB63DA5B5479C1257ED200495A87
Sat, 24 Oct 2015 18:26:54 - FETCH DOC: http://www.dz-rs.si/wps/portal/Home/deloDZ/seje/evidenca?mandat=VII&type=sej&uid=8CE81F8B0B36B83EC1257ED2004A140A
Sat, 24 Oct 2015 18:26:54 - FETCH DOC: http://www.dz-rs.si/wps/portal/Home/deloDZ/seje/evidenca?mandat=VII&type=sej&uid=6CC9A9AF64BFDF90C1257ED2004BF856
Sat, 24 Oct 2015 18:26:55 - FETCH VOTES: http://www.dz-rs.si/wps/portal/Home/deloDZ/seje/glasovanje?mandat=VII&seja=20.%20Izredna&uid=C1257A70003EE753C1257ED200503974
Sat, 24 Oct 2015 18:26:57 - FETCH VOTES: http://www.dz-rs.si/wps/portal/Home/deloDZ/seje/glasovanje?mandat=VII&seja=20.%20Izredna&uid=C1257A70003EE753C1257ED2004D1EDB
Sat, 24 Oct 2015 18:27:00 - FETCH VOTES: http://www.dz-rs.si/wps/portal/Home/deloDZ/seje/glasovanje?mandat=VII&seja=20.%20Izredna&uid=C1257A70003EE753C1257ED2004D0DD7
Sat, 24 Oct 2015 18:27:03 - FETCH SESSION: http://www.dz-rs.si/wps/portal/Home/deloDZ/seje/izbranaSeja?mandat=VII&seja=19.%20Izredna&uid=C50054C80BEEE32AC1257EC70029AC24
Sat, 24 Oct 2015 18:27:04 - FETCH DOC: http://www.dz-rs.si/wps/portal/Home/deloDZ/seje/evidenca?mandat=VII&type=sej&uid=687D1F97FAEBE77CC1257EC7002B39BC
Sat, 24 Oct 2015 18:27:04 - FETCH DOC: http://www.dz-rs.si/wps/portal/Home/deloDZ/seje/evidenca?mandat=VII&type=sej&uid=DC2430BBD4C13F00C1257EC8003DD9FC
Sat, 24 Oct 2015 18:27:05 - FETCH VOTES: http://www.dz-rs.si/wps/portal/Home/deloDZ/seje/glasovanje?mandat=VII&seja=19.%20Izredna&uid=C1257A70003EE753C1257EC90053E4D9
Sat, 24 Oct 2015 18:27:08 - FETCH SESSION: http://www.dz-rs.si/wps/portal/Home/deloDZ/seje/izbranaSeja?mandat=VII&seja=18.%20Izredna&uid=27B2BD8BDE6D6958C1257EBD002F753B
Sat, 24 Oct 2015 18:27:09 - FETCH DOC: http://www.dz-rs.si/wps/portal/Home/deloDZ/seje/evidenca?mandat=VII&type=sej&uid=51620983766D3F75C1257EBD002F852E
Sat, 24 Oct 2015 18:27:09 - FETCH DOC: http://www.dz-rs.si/wps/portal/Home/deloDZ/seje/evidenca?mandat=VII&type=sej&uid=2064F1A71ADF5E34C1257EC10042926E
Sat, 24 Oct 2015 18:27:10 - FETCH VOTES: http://www.dz-rs.si/wps/portal/Home/deloDZ/seje/glasovanje?mandat=VII&seja=18.%20Izredna&uid=C1257A70003EE753C1257EC2004A7B84
Sat, 24 Oct 2015 18:27:12 - FETCH VOTES: http://www.dz-rs.si/wps/portal/Home/deloDZ/seje/glasovanje?mandat=VII&seja=18.%20Izredna&uid=C1257A70003EE753C1257EC200267CAD
Sat, 24 Oct 2015 18:27:16 - FETCH SESSION: http://www.dz-rs.si/wps/portal/Home/deloDZ/seje/izbranaSeja?mandat=VII&seja=17.%20Izredna&uid=3F02AE51149CF116C1257E850056CE59
Sat, 24 Oct 2015 18:27:17 - FETCH SPEECH: http://www.dz-rs.si/wps/portal/Home/deloDZ/seje/evidenca?mandat=VII&type=sz&uid=56E954A2AC897530C1257EAE004B7154
Sat, 24 Oct 2015 18:27:18 - FETCH DOC: http://www.dz-rs.si/wps/portal/Home/deloDZ/seje/evidenca?mandat=VII&type=sej&uid=6C863264118A88A4C1257E850056E8C4
Sat, 24 Oct 2015 18:27:18 - FETCH DOC: http://www.dz-rs.si/wps/portal/Home/deloDZ/seje/evidenca?mandat=VII&type=sej&uid=ABF216A099911DA7C1257E8800307576
Sat, 24 Oct 2015 18:27:18 - FETCH VOTES: http://www.dz-rs.si/wps/portal/Home/deloDZ/seje/glasovanje?mandat=VII&seja=17.%20Izredna&uid=FC0248B520FD3620C1257E88003AC5AF
Sat, 24 Oct 2015 18:27:21 - FETCH VOTES: http://www.dz-rs.si/wps/portal/Home/deloDZ/seje/glasovanje?mandat=VII&seja=17.%20Izredna&uid=20F62F634D4A14ADC1257E880036FEAC
Sat, 24 Oct 2015 18:27:24 - FETCH SESSION: http://www.dz-rs.si/wps/portal/Home/deloDZ/seje/izbranaSeja?mandat=VII&seja=16.%20Izredna&uid=56A1BFCCB78D3E20C1257E7C002EB0AA
Sat, 24 Oct 2015 18:27:25 - FETCH DOC: http://www.dz-rs.si/wps/portal/Home/deloDZ/seje/evidenca?mandat=VII&type=sej&uid=8F82C9F3EC41AB49C1257E7C002ED9A3
Sat, 24 Oct 2015 18:27:26 - FETCH DOC: http://www.dz-rs.si/wps/portal/Home/deloDZ/seje/evidenca?mandat=VII&type=sej&uid=47BD3E94F8F5392AC1257E83003B68CB
Sat, 24 Oct 2015 18:27:26 - FETCH DOC: http://www.dz-rs.si/wps/portal/Home/deloDZ/seje/evidenca?mandat=VII&type=sej&uid=AFB2B853BBA5205AC1257E840048B8F6
Sat, 24 Oct 2015 18:27:26 - FETCH DOC: http://www.dz-rs.si/wps/portal/Home/deloDZ/seje/evidenca?mandat=VII&type=sej&uid=62D8EE7C87C89590C1257E84004AD2A8
Sat, 24 Oct 2015 18:27:26 - FETCH DOC: http://www.dz-rs.si/wps/portal/Home/deloDZ/seje/evidenca?mandat=VII&type=sej&uid=FE4F2BE756BD8451C1257E84004B5C1A
Sat, 24 Oct 2015 18:27:27 - FETCH DOC: http://www.dz-rs.si/wps/portal/Home/deloDZ/seje/evidenca?mandat=VII&type=sej&uid=9DE88D7857ACBD97C1257E85003263B5
Sat, 24 Oct 2015 18:27:27 - FETCH DOC: http://www.dz-rs.si/wps/portal/Home/deloDZ/seje/evidenca?mandat=VII&type=sej&uid=533AF353FB6253B2C1257E8500354CBA
Sat, 24 Oct 2015 18:27:27 - FETCH VOTES: http://www.dz-rs.si/wps/portal/Home/deloDZ/seje/glasovanje?mandat=VII&seja=16.%20Izredna&uid=DABDB950987F1C33C1257E8500595198
Sat, 24 Oct 2015 18:27:30 - FETCH VOTES: http://www.dz-rs.si/wps/portal/Home/deloDZ/seje/glasovanje?mandat=VII&seja=16.%20Izredna&uid=0CB85B8D0B92B949C1257E85005880FA
Sat, 24 Oct 2015 18:27:33 - FETCH VOTES: http://www.dz-rs.si/wps/portal/Home/deloDZ/seje/glasovanje?mandat=VII&seja=16.%20Izredna&uid=276B1BFBBAE9A000C1257E8500586CCC
Sat, 24 Oct 2015 18:27:36 - FETCH VOTES: http://www.dz-rs.si/wps/portal/Home/deloDZ/seje/glasovanje?mandat=VII&seja=16.%20Izredna&uid=06DF8F09EC038FCDC1257E85005827B1
Sat, 24 Oct 2015 18:27:39 - FETCH VOTES: http://www.dz-rs.si/wps/portal/Home/deloDZ/seje/glasovanje?mandat=VII&seja=16.%20Izredna&uid=249B0666DD89B5D7C1257E850044602C
Sat, 24 Oct 2015 18:27:42 - FETCH VOTES: http://www.dz-rs.si/wps/portal/Home/deloDZ/seje/glasovanje?mandat=VII&seja=16.%20Izredna&uid=68146D586F90CB24C1257E8500409CA8
Sat, 24 Oct 2015 18:27:45 - FETCH VOTES: http://www.dz-rs.si/wps/portal/Home/deloDZ/seje/glasovanje?mandat=VII&seja=16.%20Izredna&uid=95A95A516583EE33C1257E85003DF42A
Sat, 24 Oct 2015 18:27:48 - FETCH VOTES: http://www.dz-rs.si/wps/portal/Home/deloDZ/seje/glasovanje?mandat=VII&seja=16.%20Izredna&uid=6D77D220CFB59BDAC1257E85003DE427
Sat, 24 Oct 2015 18:27:52 - FETCH SESSION: http://www.dz-rs.si/wps/portal/Home/deloDZ/seje/izbranaSeja?mandat=VII&seja=15.%20Izredna&uid=A42A993E93B019B0C1257E5900288862
Sat, 24 Oct 2015 18:27:53 - FETCH DOC: http://www.dz-rs.si/wps/portal/Home/deloDZ/seje/evidenca?mandat=VII&type=sej&uid=CD3309CEDC8B1000C1257E59003F7B70
Sat, 24 Oct 2015 18:27:53 - FETCH DOC: http://www.dz-rs.si/wps/portal/Home/deloDZ/seje/evidenca?mandat=VII&type=sej&uid=2BE51BA21E46E9CCC1257E5A00407D4D
Sat, 24 Oct 2015 18:27:53 - FETCH VOTES: http://www.dz-rs.si/wps/portal/Home/deloDZ/seje/glasovanje?mandat=VII&seja=15.%20Izredna&uid=A95169763A190328C1257E5B00622392
Sat, 24 Oct 2015 18:27:56 - FETCH VOTES: http://www.dz-rs.si/wps/portal/Home/deloDZ/seje/glasovanje?mandat=VII&seja=15.%20Izredna&uid=776D6910C4D7C6E9C1257E5B0061363B
Sat, 24 Oct 2015 18:28:00 - FETCH VOTES: http://www.dz-rs.si/wps/portal/Home/deloDZ/seje/glasovanje?mandat=VII&seja=15.%20Izredna&uid=F75397C5CBA18450C1257E5B003C950C
Sat, 24 Oct 2015 18:28:02 - FETCH SESSION: http://www.dz-rs.si/wps/portal/Home/deloDZ/seje/izbranaSeja?mandat=VII&seja=14.%20Izredna&uid=EFB9D504CCA0343DC1257E4600300697
Sat, 24 Oct 2015 18:28:04 - FETCH SPEECH: http://www.dz-rs.si/wps/portal/Home/deloDZ/seje/evidenca?mandat=VII&type=sz&uid=55B10713C0974C2CC1257EC2003A7E9C
Sat, 24 Oct 2015 18:28:08 - FETCH DOC: http://www.dz-rs.si/wps/portal/Home/deloDZ/seje/evidenca?mandat=VII&type=sej&uid=44EDEE547ADB32B4C1257E4600302613
Sat, 24 Oct 2015 18:28:08 - FETCH DOC: http://www.dz-rs.si/wps/portal/Home/deloDZ/seje/evidenca?mandat=VII&type=sej&uid=0AB9C8877B8983C8C1257E4B0031B683
Sat, 24 Oct 2015 18:28:08 - FETCH DOC: http://www.dz-rs.si/wps/portal/Home/deloDZ/seje/evidenca?mandat=VII&type=sej&uid=D3CCF72C6ABA326EC1257E4C003B2000
Sat, 24 Oct 2015 18:28:09 - FETCH DOC: http://www.dz-rs.si/wps/portal/Home/deloDZ/seje/evidenca?mandat=VII&type=sej&uid=EE47A08858AC3A10C1257E4D0023F7A6
Sat, 24 Oct 2015 18:28:09 - FETCH DOC: http://www.dz-rs.si/wps/portal/Home/deloDZ/seje/evidenca?mandat=VII&type=sej&uid=2DFC5C1E768DDBFAC1257E4D0027B785
Sat, 24 Oct 2015 18:28:09 - FETCH DOC: http://www.dz-rs.si/wps/portal/Home/deloDZ/seje/evidenca?mandat=VII&type=sej&uid=4DDFFE643B37AA6CC1257E4D0040AC1D
Sat, 24 Oct 2015 18:28:10 - FETCH VOTES: http://www.dz-rs.si/wps/portal/Home/deloDZ/seje/glasovanje?mandat=VII&seja=14.%20Izredna&uid=80961A82766DA783C1257E4D002E64D5
Sat, 24 Oct 2015 18:28:13 - FETCH VOTES: http://www.dz-rs.si/wps/portal/Home/deloDZ/seje/glasovanje?mandat=VII&seja=14.%20Izredna&uid=222913773C35F74EC1257E4D002C4127
Sat, 24 Oct 2015 18:28:16 - FETCH VOTES: http://www.dz-rs.si/wps/portal/Home/deloDZ/seje/glasovanje?mandat=VII&seja=14.%20Izredna&uid=E2204A760ADA06D5C1257E4D002C2E41
Sat, 24 Oct 2015 18:28:19 - FETCH SESSION: http://www.dz-rs.si/wps/portal/Home/deloDZ/seje/izbranaSeja?mandat=VII&seja=13.%20Izredna&uid=1C785C5A599843D0C1257E3F00311902
Sat, 24 Oct 2015 18:28:20 - FETCH SPEECH: http://www.dz-rs.si/wps/portal/Home/deloDZ/seje/evidenca?mandat=VII&type=sz&uid=7FFE942F63D095CEC1257EAF0032287E
Sat, 24 Oct 2015 18:28:23 - FETCH DOC: http://www.dz-rs.si/wps/portal/Home/deloDZ/seje/evidenca?mandat=VII&type=sej&uid=61296D5A9EF27E32C1257E3F003189CC
Sat, 24 Oct 2015 18:28:24 - FETCH DOC: http://www.dz-rs.si/wps/portal/Home/deloDZ/seje/evidenca?mandat=VII&type=sej&uid=5E65E1B189821E3CC1257E43003EFA30
Sat, 24 Oct 2015 18:28:24 - FETCH VOTES: http://www.dz-rs.si/wps/portal/Home/deloDZ/seje/glasovanje?mandat=VII&seja=13.%20Izredna&uid=A434C2FA7FC5433DC1257E4400587568
Sat, 24 Oct 2015 18:28:27 - FETCH VOTES: http://www.dz-rs.si/wps/portal/Home/deloDZ/seje/glasovanje?mandat=VII&seja=13.%20Izredna&uid=9FAF042284FBA1E6C1257E440057D0D1
Sat, 24 Oct 2015 18:28:30 - FETCH VOTES: http://www.dz-rs.si/wps/portal/Home/deloDZ/seje/glasovanje?mandat=VII&seja=13.%20Izredna&uid=814D8151F95D58F1C1257E440057412D
Sat, 24 Oct 2015 18:28:33 - FETCH VOTES: http://www.dz-rs.si/wps/portal/Home/deloDZ/seje/glasovanje?mandat=VII&seja=13.%20Izredna&uid=C0A43D024789C89DC1257E4400570A58
Sat, 24 Oct 2015 18:28:36 - FETCH VOTES: http://www.dz-rs.si/wps/portal/Home/deloDZ/seje/glasovanje?mandat=VII&seja=13.%20Izredna&uid=14367ACC0467903CC1257E4400372775
Sat, 24 Oct 2015 18:28:40 - FETCH SESSION: http://www.dz-rs.si/wps/portal/Home/deloDZ/seje/izbranaSeja?mandat=VII&seja=12.%20Izredna&uid=573FC52A5911F695C1257E2000242366
Sat, 24 Oct 2015 18:28:41 - FETCH SPEECH: http://www.dz-rs.si/wps/portal/Home/deloDZ/seje/evidenca?mandat=VII&type=sz&uid=F5B2A612842E0F70C1257EC1003E0A6B
Sat, 24 Oct 2015 18:28:42 - FETCH DOC: http://www.dz-rs.si/wps/portal/Home/deloDZ/seje/evidenca?mandat=VII&type=sej&uid=A3D232AB60378E2EC1257E2000243676
Sat, 24 Oct 2015 18:28:43 - FETCH DOC: http://www.dz-rs.si/wps/portal/Home/deloDZ/seje/evidenca?mandat=VII&type=sej&uid=36AAF1F9B0F33DB8C1257E21003A853D
Sat, 24 Oct 2015 18:28:43 - FETCH VOTES: http://www.dz-rs.si/wps/portal/Home/deloDZ/seje/glasovanje?mandat=VII&seja=12.%20Izredna&uid=7E413741D6402C95C1257E22006C53CB
Sat, 24 Oct 2015 18:28:46 - FETCH VOTES: http://www.dz-rs.si/wps/portal/Home/deloDZ/seje/glasovanje?mandat=VII&seja=12.%20Izredna&uid=1DA635534C8A18B9C1257E22006ADCDA
Sat, 24 Oct 2015 18:28:49 - FETCH VOTES: http://www.dz-rs.si/wps/portal/Home/deloDZ/seje/glasovanje?mandat=VII&seja=12.%20Izredna&uid=F9E18012433A965EC1257E22003CD3E5
Sat, 24 Oct 2015 18:28:52 - FETCH SESSION: http://www.dz-rs.si/wps/portal/Home/deloDZ/seje/izbranaSeja?mandat=VII&seja=11.%20Izredna&uid=1F10133339F5ADC4C1257E1200366F63
Sat, 24 Oct 2015 18:28:54 - FETCH SPEECH: http://www.dz-rs.si/wps/portal/Home/deloDZ/seje/evidenca?mandat=VII&type=sz&uid=638600BB701ABA40C1257E900048AF5D
Sat, 24 Oct 2015 18:29:02 - FETCH DOC: http://www.dz-rs.si/wps/portal/Home/deloDZ/seje/evidenca?mandat=VII&type=sej&uid=E4677208D250913DC1257E1200369617
Sat, 24 Oct 2015 18:29:02 - FETCH DOC: http://www.dz-rs.si/wps/portal/Home/deloDZ/seje/evidenca?mandat=VII&type=sej&uid=1CC09C837C9F23F3C1257E130038FE45
Sat, 24 Oct 2015 18:29:02 - FETCH DOC: http://www.dz-rs.si/wps/portal/Home/deloDZ/seje/evidenca?mandat=VII&type=sej&uid=02341005EC3B4DCCC1257E13004C60F9
Sat, 24 Oct 2015 18:29:03 - FETCH DOC: http://www.dz-rs.si/wps/portal/Home/deloDZ/seje/evidenca?mandat=VII&type=sej&uid=D76CFD8E1A82263DC1257E13005B92F7
Sat, 24 Oct 2015 18:29:03 - FETCH VOTES: http://www.dz-rs.si/wps/portal/Home/deloDZ/seje/glasovanje?mandat=VII&seja=11.%20Izredna&uid=AB39966C1540740EC1257E14006503F8
Sat, 24 Oct 2015 18:29:06 - FETCH VOTES: http://www.dz-rs.si/wps/portal/Home/deloDZ/seje/glasovanje?mandat=VII&seja=11.%20Izredna&uid=F384C472D387FF75C1257E1400632C0E
Sat, 24 Oct 2015 18:29:09 - FETCH VOTES: http://www.dz-rs.si/wps/portal/Home/deloDZ/seje/glasovanje?mandat=VII&seja=11.%20Izredna&uid=F38B882936507508C1257E1400631D5B
Sat, 24 Oct 2015 18:29:12 - FETCH VOTES: http://www.dz-rs.si/wps/portal/Home/deloDZ/seje/glasovanje?mandat=VII&seja=11.%20Izredna&uid=D68DC4842F2D4643C1257E14002F35C7
Sat, 24 Oct 2015 18:29:16 - FETCH SESSION: http://www.dz-rs.si/wps/portal/Home/deloDZ/seje/izbranaSeja?mandat=VII&seja=10.%20Izredna&uid=FF11316FEEE8545EC1257DF9004375E2
Sat, 24 Oct 2015 18:29:17 - FETCH SPEECH: http://www.dz-rs.si/wps/portal/Home/deloDZ/seje/evidenca?mandat=VII&type=sz&uid=13345A62457A31B6C1257EAF002D9D17
Sat, 24 Oct 2015 18:29:20 - FETCH DOC: http://www.dz-rs.si/wps/portal/Home/deloDZ/seje/evidenca?mandat=VII&type=sej&uid=CF73543E1E4E6DA8C1257DF9004395A7
Sat, 24 Oct 2015 18:29:21 - FETCH DOC: http://www.dz-rs.si/wps/portal/Home/deloDZ/seje/evidenca?mandat=VII&type=sej&uid=8C29188EA6B75E5BC1257E06002C5B6D
Sat, 24 Oct 2015 18:29:22 - FETCH DOC: http://www.dz-rs.si/wps/portal/Home/deloDZ/seje/evidenca?mandat=VII&type=sej&uid=02EAD9B07920C6ECC1257E060039DA0E
Sat, 24 Oct 2015 18:29:22 - FETCH DOC: http://www.dz-rs.si/wps/portal/Home/deloDZ/seje/evidenca?mandat=VII&type=sej&uid=6E939EAC5AA1BA17C1257E06003C3072
Sat, 24 Oct 2015 18:29:23 - FETCH DOC: http://www.dz-rs.si/wps/portal/Home/deloDZ/seje/evidenca?mandat=VII&type=sej&uid=00636237CF3DEB9FC1257E07002CFFA2
Sat, 24 Oct 2015 18:29:23 - FETCH VOTES: http://www.dz-rs.si/wps/portal/Home/deloDZ/seje/glasovanje?mandat=VII&seja=10.%20Izredna&uid=8118525FE2280190C1257E07005CB5F5
Sat, 24 Oct 2015 18:29:26 - FETCH VOTES: http://www.dz-rs.si/wps/portal/Home/deloDZ/seje/glasovanje?mandat=VII&seja=10.%20Izredna&uid=24E1928E0BDAD9B9C1257E07003208EE
Sat, 24 Oct 2015 18:29:29 - FETCH VOTES: http://www.dz-rs.si/wps/portal/Home/deloDZ/seje/glasovanje?mandat=VII&seja=10.%20Izredna&uid=1FBF01EEEC1982A0C1257E070031F2AA
Sat, 24 Oct 2015 18:29:32 - FETCH SESSION: http://www.dz-rs.si/wps/portal/Home/deloDZ/seje/izbranaSeja?mandat=VII&seja=09.%20Izredna&uid=3008CADEBF3FB719C1257DEA003CC418
Sat, 24 Oct 2015 18:29:34 - FETCH SPEECH: http://www.dz-rs.si/wps/portal/Home/deloDZ/seje/evidenca?mandat=VII&type=sz&uid=52638D01353C99F1C1257E77004630A6
Sat, 24 Oct 2015 18:29:43 - FETCH SPEECH: http://www.dz-rs.si/wps/portal/Home/deloDZ/seje/evidenca?mandat=VII&type=sz&uid=CBA0910EECD24235C1257E7C002B7850
Sat, 24 Oct 2015 18:29:55 - FETCH DOC: http://www.dz-rs.si/wps/portal/Home/deloDZ/seje/evidenca?mandat=VII&type=sej&uid=3236CA05EE87413FC1257DEF00330627
Sat, 24 Oct 2015 18:29:55 - FETCH DOC: http://www.dz-rs.si/wps/portal/Home/deloDZ/seje/evidenca?mandat=VII&type=sej&uid=5CB5E764CACF9ECDC1257DF0004AE09F
Sat, 24 Oct 2015 18:29:56 - FETCH DOC: http://www.dz-rs.si/wps/portal/Home/deloDZ/seje/evidenca?mandat=VII&type=sej&uid=4A8CA1713197DBBEC1257DF000507B64
Sat, 24 Oct 2015 18:29:56 - FETCH VOTES: http://www.dz-rs.si/wps/portal/Home/deloDZ/seje/glasovanje?mandat=VII&seja=09.%20Izredna&uid=83981FED17631F6DC1257DF2007AF4F1
Sat, 24 Oct 2015 18:29:59 - FETCH VOTES: http://www.dz-rs.si/wps/portal/Home/deloDZ/seje/glasovanje?mandat=VII&seja=09.%20Izredna&uid=FC94DCDCE7A28FEDC1257DF2007ADE42
Sat, 24 Oct 2015 18:30:02 - FETCH VOTES: http://www.dz-rs.si/wps/portal/Home/deloDZ/seje/glasovanje?mandat=VII&seja=09.%20Izredna&uid=5BF742799E7737F9C1257DF2007ACF99
Sat, 24 Oct 2015 18:30:05 - FETCH VOTES: http://www.dz-rs.si/wps/portal/Home/deloDZ/seje/glasovanje?mandat=VII&seja=09.%20Izredna&uid=8C37198F286A7141C1257DF2007A923F
Sat, 24 Oct 2015 18:30:08 - FETCH VOTES: http://www.dz-rs.si/wps/portal/Home/deloDZ/seje/glasovanje?mandat=VII&seja=09.%20Izredna&uid=64021DB97AB615B9C1257DF2007A7915
Sat, 24 Oct 2015 18:30:11 - FETCH VOTES: http://www.dz-rs.si/wps/portal/Home/deloDZ/seje/glasovanje?mandat=VII&seja=09.%20Izredna&uid=C8AAAC51073EFA4BC1257DF20076DF7F
Sat, 24 Oct 2015 18:30:14 - FETCH VOTES: http://www.dz-rs.si/wps/portal/Home/deloDZ/seje/glasovanje?mandat=VII&seja=09.%20Izredna&uid=BFD0F9A16588CEB1C1257DF200727ADF
Sat, 24 Oct 2015 18:30:17 - FETCH VOTES: http://www.dz-rs.si/wps/portal/Home/deloDZ/seje/glasovanje?mandat=VII&seja=09.%20Izredna&uid=F7725A71ED3346A1C1257DF200726CC9
Sat, 24 Oct 2015 18:30:20 - FETCH VOTES: http://www.dz-rs.si/wps/portal/Home/deloDZ/seje/glasovanje?mandat=VII&seja=09.%20Izredna&uid=7C99C90469D17C02C1257DF200725E94
Sat, 24 Oct 2015 18:30:23 - FETCH VOTES: http://www.dz-rs.si/wps/portal/Home/deloDZ/seje/glasovanje?mandat=VII&seja=09.%20Izredna&uid=AEC25331C2CCCC58C1257DF2006BD9A2
Sat, 24 Oct 2015 18:30:26 - FETCH VOTES: http://www.dz-rs.si/wps/portal/Home/deloDZ/seje/glasovanje?mandat=VII&seja=09.%20Izredna&uid=F389BCDD70818733C1257DF2006B8846
Sat, 24 Oct 2015 18:30:29 - FETCH VOTES: http://www.dz-rs.si/wps/portal/Home/deloDZ/seje/glasovanje?mandat=VII&seja=09.%20Izredna&uid=D7E5449C84A90386C1257DF2006B17ED
Sat, 24 Oct 2015 18:30:33 - FETCH VOTES: http://www.dz-rs.si/wps/portal/Home/deloDZ/seje/glasovanje?mandat=VII&seja=09.%20Izredna&uid=3853E54D89DA8A24C1257DF2006A5FD5
Sat, 24 Oct 2015 18:30:36 - FETCH VOTES: http://www.dz-rs.si/wps/portal/Home/deloDZ/seje/glasovanje?mandat=VII&seja=09.%20Izredna&uid=6D827D633983533DC1257DF20069EEAE
Sat, 24 Oct 2015 18:30:39 - FETCH VOTES: http://www.dz-rs.si/wps/portal/Home/deloDZ/seje/glasovanje?mandat=VII&seja=09.%20Izredna&uid=04B2DC13E943C920C1257DF20069263E
Sat, 24 Oct 2015 18:30:44 - FETCH SESSION: http://www.dz-rs.si/wps/portal/Home/deloDZ/seje/izbranaSeja?mandat=VII&seja=08.%20Izredna&uid=FFC530CD41079307C1257DB70028AAB9
Sat, 24 Oct 2015 18:30:45 - FETCH SPEECH: http://www.dz-rs.si/wps/portal/Home/deloDZ/seje/evidenca?mandat=VII&type=sz&uid=5BFAE0EC33C646D9C1257DE2002CD621
Sat, 24 Oct 2015 18:30:46 - FETCH DOC: http://www.dz-rs.si/wps/portal/Home/deloDZ/seje/evidenca?mandat=VII&type=sej&uid=9F575311187B3D6DC1257DB70028C64C
Sat, 24 Oct 2015 18:30:46 - FETCH DOC: http://www.dz-rs.si/wps/portal/Home/deloDZ/seje/evidenca?mandat=VII&type=sej&uid=794D11C43D85916DC1257DB7003A2D4A
Sat, 24 Oct 2015 18:30:47 - FETCH VOTES: http://www.dz-rs.si/wps/portal/Home/deloDZ/seje/glasovanje?mandat=VII&seja=08.%20Izredna&uid=F60F696048FC0EC8C1257DB700515ABC
Sat, 24 Oct 2015 18:30:49 - FETCH VOTES: http://www.dz-rs.si/wps/portal/Home/deloDZ/seje/glasovanje?mandat=VII&seja=08.%20Izredna&uid=F2CCE53D10B3E77BC1257DB7004D471B
Sat, 24 Oct 2015 18:30:53 - FETCH SESSION: http://www.dz-rs.si/wps/portal/Home/deloDZ/seje/izbranaSeja?mandat=VII&seja=07.%20Izredna&uid=12AD7FE8BE0A4F46C1257D9C002B59CF
Sat, 24 Oct 2015 18:30:55 - FETCH SPEECH: http://www.dz-rs.si/wps/portal/Home/deloDZ/seje/evidenca?mandat=VII&type=sz&uid=DEAFA5B072771A7DC1257EAF003BAFB0
Sat, 24 Oct 2015 18:31:00 - FETCH SPEECH: http://www.dz-rs.si/wps/portal/Home/deloDZ/seje/evidenca?mandat=VII&type=sz&uid=356AECE050A3B942C1257EAF003EFAF4
Sat, 24 Oct 2015 18:31:05 - FETCH DOC: http://www.dz-rs.si/wps/portal/Home/deloDZ/seje/evidenca?mandat=VII&type=sej&uid=555D22D5F6BA6CAAC1257D9C00301E6E
Sat, 24 Oct 2015 18:31:05 - FETCH DOC: http://www.dz-rs.si/wps/portal/Home/deloDZ/seje/evidenca?mandat=VII&type=sej&uid=5FA8B1E8E62CBD5FC1257D9D002E337D
Sat, 24 Oct 2015 18:31:05 - FETCH DOC: http://www.dz-rs.si/wps/portal/Home/deloDZ/seje/evidenca?mandat=VII&type=sej&uid=5FB108CB267990E7C1257DA200514542
Sat, 24 Oct 2015 18:31:06 - FETCH DOC: http://www.dz-rs.si/wps/portal/Home/deloDZ/seje/evidenca?mandat=VII&type=sej&uid=5A898A1E387CC39CC1257DA4002DA624
Sat, 24 Oct 2015 18:31:06 - FETCH DOC: http://www.dz-rs.si/wps/portal/Home/deloDZ/seje/evidenca?mandat=VII&type=sej&uid=C1A59EB319FD4E8BC1257DA40037BF7D
Sat, 24 Oct 2015 18:31:06 - FETCH VOTES: http://www.dz-rs.si/wps/portal/Home/deloDZ/seje/glasovanje?mandat=VII&seja=07.%20Izredna&uid=F55FB5B92B6E5C57C1257DA50048DFF8
Sat, 24 Oct 2015 18:31:09 - FETCH VOTES: http://www.dz-rs.si/wps/portal/Home/deloDZ/seje/glasovanje?mandat=VII&seja=07.%20Izredna&uid=FF7B6B9B147B538CC1257DA500473305
Sat, 24 Oct 2015 18:31:12 - FETCH VOTES: http://www.dz-rs.si/wps/portal/Home/deloDZ/seje/glasovanje?mandat=VII&seja=07.%20Izredna&uid=B67475121C4067D1C1257DA500471F10
Sat, 24 Oct 2015 18:31:15 - FETCH VOTES: http://www.dz-rs.si/wps/portal/Home/deloDZ/seje/glasovanje?mandat=VII&seja=07.%20Izredna&uid=EE933701EFE0CE15C1257DA50046FFB5
Sat, 24 Oct 2015 18:31:18 - FETCH VOTES: http://www.dz-rs.si/wps/portal/Home/deloDZ/seje/glasovanje?mandat=VII&seja=07.%20Izredna&uid=2989E2B45BDD4AE1C1257DA5004640DA
Sat, 24 Oct 2015 18:31:21 - FETCH VOTES: http://www.dz-rs.si/wps/portal/Home/deloDZ/seje/glasovanje?mandat=VII&seja=07.%20Izredna&uid=EFCA0A222F8A57D7C1257DA500454CF7
Sat, 24 Oct 2015 18:31:24 - FETCH VOTES: http://www.dz-rs.si/wps/portal/Home/deloDZ/seje/glasovanje?mandat=VII&seja=07.%20Izredna&uid=149B8E1CD06866EFC1257DA5004406E9
Sat, 24 Oct 2015 18:31:27 - FETCH VOTES: http://www.dz-rs.si/wps/portal/Home/deloDZ/seje/glasovanje?mandat=VII&seja=07.%20Izredna&uid=DE3C5D40D2FFBB3FC1257DA5004217AE
Sat, 24 Oct 2015 18:31:30 - FETCH VOTES: http://www.dz-rs.si/wps/portal/Home/deloDZ/seje/glasovanje?mandat=VII&seja=07.%20Izredna&uid=8FA5B0A68DE7362CC1257DA400497C64
Sat, 24 Oct 2015 18:31:33 - FETCH VOTES: http://www.dz-rs.si/wps/portal/Home/deloDZ/seje/glasovanje?mandat=VII&seja=07.%20Izredna&uid=982EB71D5C44AC97C1257DA400414077
Sat, 24 Oct 2015 18:31:36 - FETCH VOTES: http://www.dz-rs.si/wps/portal/Home/deloDZ/seje/glasovanje?mandat=VII&seja=07.%20Izredna&uid=DEB175EE009BB3F0C1257DA4003CF859
Sat, 24 Oct 2015 18:31:40 - FETCH VOTES: http://www.dz-rs.si/wps/portal/Home/deloDZ/seje/glasovanje?mandat=VII&seja=07.%20Izredna&uid=51F1CDA2DBDCE1DBC1257DA4003CE39D
Sat, 24 Oct 2015 18:31:44 - FETCH SESSION: http://www.dz-rs.si/wps/portal/Home/deloDZ/seje/izbranaSeja?mandat=VII&seja=06.%20Izredna&uid=51B311D7815953C1C1257D7A0040809E
Sat, 24 Oct 2015 18:31:45 - FETCH SPEECH: http://www.dz-rs.si/wps/portal/Home/deloDZ/seje/evidenca?mandat=VII&type=sz&uid=8B597578368DA499C1257D81002FBA1D
Sat, 24 Oct 2015 18:31:45 - FETCH DOC: http://www.dz-rs.si/wps/portal/Home/deloDZ/seje/evidenca?mandat=VII&type=sej&uid=7FCEA43658E41A86C1257D7B00297733
Sat, 24 Oct 2015 18:31:46 - FETCH DOC: http://www.dz-rs.si/wps/portal/Home/deloDZ/seje/evidenca?mandat=VII&type=sej&uid=A8E05F57F2A5B1D1C1257D7F003D1DF1
Sat, 24 Oct 2015 18:31:46 - FETCH VOTES: http://www.dz-rs.si/wps/portal/Home/deloDZ/seje/glasovanje?mandat=VII&seja=06.%20Izredna&uid=C0DA7F526B0F6CEDC1257D80002C4459
Sat, 24 Oct 2015 18:31:49 - FETCH SESSION: http://www.dz-rs.si/wps/portal/Home/deloDZ/seje/izbranaSeja?mandat=VII&seja=05.%20Izredna&uid=BC8EF2BDCBFBE6B0C1257D6D00249080
Sat, 24 Oct 2015 18:31:50 - FETCH SPEECH: http://www.dz-rs.si/wps/portal/Home/deloDZ/seje/evidenca?mandat=VII&type=sz&uid=5CF273E8B06BB21CC1257D7700437F23
Sat, 24 Oct 2015 18:31:59 - FETCH DOC: http://www.dz-rs.si/wps/portal/Home/deloDZ/seje/evidenca?mandat=VII&type=sej&uid=5D8442ADD25830BAC1257D6D00249CDE
Sat, 24 Oct 2015 18:31:59 - FETCH DOC: http://www.dz-rs.si/wps/portal/Home/deloDZ/seje/evidenca?mandat=VII&type=sej&uid=4B8D1A5C4CDA1B6DC1257D710047E68B
Sat, 24 Oct 2015 18:32:00 - FETCH VOTES: http://www.dz-rs.si/wps/portal/Home/deloDZ/seje/glasovanje?mandat=VII&seja=05.%20Izredna&uid=96D71EDA0782683EC1257D720063CFC4
Sat, 24 Oct 2015 18:32:03 - FETCH VOTES: http://www.dz-rs.si/wps/portal/Home/deloDZ/seje/glasovanje?mandat=VII&seja=05.%20Izredna&uid=96D71EDA0782683EC1257D720063CFC4
Sat, 24 Oct 2015 18:32:06 - FETCH VOTES: http://www.dz-rs.si/wps/portal/Home/deloDZ/seje/glasovanje?mandat=VII&seja=05.%20Izredna&uid=DC6A5BDD6BDBB05DC1257D72005E42A3
Sat, 24 Oct 2015 18:32:09 - FETCH VOTES: http://www.dz-rs.si/wps/portal/Home/deloDZ/seje/glasovanje?mandat=VII&seja=05.%20Izredna&uid=DC6A5BDD6BDBB05DC1257D72005E42A3
Sat, 24 Oct 2015 18:32:12 - FETCH VOTES: http://www.dz-rs.si/wps/portal/Home/deloDZ/seje/glasovanje?mandat=VII&seja=05.%20Izredna&uid=8426934657B93A39C1257D72003733B9
Sat, 24 Oct 2015 18:32:15 - FETCH SESSION: http://www.dz-rs.si/wps/portal/Home/deloDZ/seje/izbranaSeja?mandat=VII&seja=04.%20Izredna&uid=D91D4CEA0448D804C1257D5E003E1256
Sat, 24 Oct 2015 18:32:17 - FETCH SPEECH: http://www.dz-rs.si/wps/portal/Home/deloDZ/seje/evidenca?mandat=VII&type=sz&uid=4B214564C77A2CB8C1257D65002B53CD
Sat, 24 Oct 2015 18:32:19 - FETCH DOC: http://www.dz-rs.si/wps/portal/Home/deloDZ/seje/evidenca?mandat=VII&type=sej&uid=CAEE051822BE0C33C1257D5E003E223D
Sat, 24 Oct 2015 18:32:19 - FETCH DOC: http://www.dz-rs.si/wps/portal/Home/deloDZ/seje/evidenca?mandat=VII&type=sej&uid=57B39B4D57F74031C1257D63002455AC
Sat, 24 Oct 2015 18:32:19 - FETCH DOC: http://www.dz-rs.si/wps/portal/Home/deloDZ/seje/evidenca?mandat=VII&type=sej&uid=6813BD3902E7950FC1257D63002732BD
Sat, 24 Oct 2015 18:32:20 - FETCH DOC: http://www.dz-rs.si/wps/portal/Home/deloDZ/seje/evidenca?mandat=VII&type=sej&uid=C99CF89204668291C1257D6300312AD7
Sat, 24 Oct 2015 18:32:20 - FETCH VOTES: http://www.dz-rs.si/wps/portal/Home/deloDZ/seje/glasovanje?mandat=VII&seja=04.%20Izredna&uid=0C243CE30176C76BC1257D6300444369
Sat, 24 Oct 2015 18:32:23 - FETCH VOTES: http://www.dz-rs.si/wps/portal/Home/deloDZ/seje/glasovanje?mandat=VII&seja=04.%20Izredna&uid=9ED7C22A67D7CF42C1257D6300440B86
Sat, 24 Oct 2015 18:32:26 - FETCH VOTES: http://www.dz-rs.si/wps/portal/Home/deloDZ/seje/glasovanje?mandat=VII&seja=04.%20Izredna&uid=7C135EFE123AEAE3C1257D630043F510
Sat, 24 Oct 2015 18:32:29 - FETCH VOTES: http://www.dz-rs.si/wps/portal/Home/deloDZ/seje/glasovanje?mandat=VII&seja=04.%20Izredna&uid=982B5528E873E1C0C1257D6300437CBA
Sat, 24 Oct 2015 18:32:32 - FETCH VOTES: http://www.dz-rs.si/wps/portal/Home/deloDZ/seje/glasovanje?mandat=VII&seja=04.%20Izredna&uid=465BB61EAA1CC209C1257D63004356B1
Sat, 24 Oct 2015 18:32:35 - FETCH VOTES: http://www.dz-rs.si/wps/portal/Home/deloDZ/seje/glasovanje?mandat=VII&seja=04.%20Izredna&uid=6653A5517BEBA8B5C1257D6300432729
Sat, 24 Oct 2015 18:32:38 - FETCH VOTES: http://www.dz-rs.si/wps/portal/Home/deloDZ/seje/glasovanje?mandat=VII&seja=04.%20Izredna&uid=8F671552826F0A68C1257D6300409851
Sat, 24 Oct 2015 18:32:41 - FETCH VOTES: http://www.dz-rs.si/wps/portal/Home/deloDZ/seje/glasovanje?mandat=VII&seja=04.%20Izredna&uid=AD8C51773E474E3BC1257D6300399C65
Sat, 24 Oct 2015 18:32:44 - FETCH VOTES: http://www.dz-rs.si/wps/portal/Home/deloDZ/seje/glasovanje?mandat=VII&seja=04.%20Izredna&uid=0767255F1CC2DF89C1257D630038365D
Sat, 24 Oct 2015 18:32:47 - FETCH VOTES: http://www.dz-rs.si/wps/portal/Home/deloDZ/seje/glasovanje?mandat=VII&seja=04.%20Izredna&uid=732C5DFA368EF50CC1257D630037E25A
Sat, 24 Oct 2015 18:32:50 - FETCH VOTES: http://www.dz-rs.si/wps/portal/Home/deloDZ/seje/glasovanje?mandat=VII&seja=04.%20Izredna&uid=A1DBAAB575DC1933C1257D630037CBD0
Sat, 24 Oct 2015 18:32:54 - FETCH SESSION: http://www.dz-rs.si/wps/portal/Home/deloDZ/seje/izbranaSeja?mandat=VII&seja=03.%20Izredna&uid=19C27646214C9619C1257D4F0034E821
Sat, 24 Oct 2015 18:32:56 - FETCH SPEECH: http://www.dz-rs.si/wps/portal/Home/deloDZ/seje/evidenca?mandat=VII&type=sz&uid=E56DA2FB62277600C1257D5D004A9CAE
Sat, 24 Oct 2015 18:33:04 - FETCH SPEECH: http://www.dz-rs.si/wps/portal/Home/deloDZ/seje/evidenca?mandat=VII&type=sz&uid=A79A086331C3E63BC1257D62003F6990
Sat, 24 Oct 2015 18:33:07 - FETCH DOC: http://www.dz-rs.si/wps/portal/Home/deloDZ/seje/evidenca?mandat=VII&type=sej&uid=83CEB98DC06EC382C1257D4F0035275F
Sat, 24 Oct 2015 18:33:07 - FETCH DOC: http://www.dz-rs.si/wps/portal/Home/deloDZ/seje/evidenca?mandat=VII&type=sej&uid=F46873DA47E64D60C1257D560028534A
Sat, 24 Oct 2015 18:33:08 - FETCH DOC: http://www.dz-rs.si/wps/portal/Home/deloDZ/seje/evidenca?mandat=VII&type=sej&uid=23CFC36A6395F6ECC1257D5600417FE9
Sat, 24 Oct 2015 18:33:08 - FETCH VOTES: http://www.dz-rs.si/wps/portal/Home/deloDZ/seje/glasovanje?mandat=VII&seja=3..izredna&uid=3E55136BA9DD33ABC1257D58003C23DE
Sat, 24 Oct 2015 18:33:11 - FETCH VOTES: http://www.dz-rs.si/wps/portal/Home/deloDZ/seje/glasovanje?mandat=VII&seja=03.%20Izredna&uid=1700C6BE03C6B8A1C1257D58003B140C
Sat, 24 Oct 2015 18:33:14 - FETCH VOTES: http://www.dz-rs.si/wps/portal/Home/deloDZ/seje/glasovanje?mandat=VII&seja=03.%20Izredna&uid=6DF1E7680E227DCFC1257D58002C8819
Sat, 24 Oct 2015 18:33:17 - FETCH VOTES: http://www.dz-rs.si/wps/portal/Home/deloDZ/seje/glasovanje?mandat=VII&seja=03.%20Izredna&uid=09D6695AD9244805C1257D5700626EF3
Sat, 24 Oct 2015 18:33:20 - FETCH VOTES: http://www.dz-rs.si/wps/portal/Home/deloDZ/seje/glasovanje?mandat=VII&seja=03.%20Izredna&uid=E40D860266329B7FC1257D57002C61D0
Sat, 24 Oct 2015 18:33:24 - FETCH SESSION: http://www.dz-rs.si/wps/portal/Home/deloDZ/seje/izbranaSeja?mandat=VII&seja=02.%20Izredna&uid=521B6C2088959F5AC1257D4000314C23
Sat, 24 Oct 2015 18:33:25 - FETCH SPEECH: http://www.dz-rs.si/wps/portal/Home/deloDZ/seje/evidenca?mandat=VII&type=sz&uid=2FFB98C41DE895DDC1257D4900440E9E
Sat, 24 Oct 2015 18:33:33 - FETCH DOC: http://www.dz-rs.si/wps/portal/Home/deloDZ/seje/evidenca?mandat=VII&type=sej&uid=43B1BE6DEEEF3C42C1257D4000315850
Sat, 24 Oct 2015 18:33:34 - FETCH DOC: http://www.dz-rs.si/wps/portal/Home/deloDZ/seje/evidenca?mandat=VII&type=sej&uid=E5ABF3402495757DC1257D4100466A45
Sat, 24 Oct 2015 18:33:34 - FETCH DOC: http://www.dz-rs.si/wps/portal/Home/deloDZ/seje/evidenca?mandat=VII&type=sej&uid=694F1F3C3BFDD77CC1257D42002482FB
Sat, 24 Oct 2015 18:33:34 - FETCH VOTES: http://www.dz-rs.si/wps/portal/Home/deloDZ/seje/glasovanje?mandat=VII&seja=02.%20Izredna&uid=CFC8FE24DD566FB2C1257D42005D9196
Sat, 24 Oct 2015 18:33:37 - FETCH VOTES: http://www.dz-rs.si/wps/portal/Home/deloDZ/seje/glasovanje?mandat=VII&seja=02.%20Izredna&uid=B382DAE7C577D633C1257D42005CBA1F
Sat, 24 Oct 2015 18:33:40 - FETCH VOTES: http://www.dz-rs.si/wps/portal/Home/deloDZ/seje/glasovanje?mandat=VII&seja=02.%20Izredna&uid=E88E82D5A0485A5EC1257D42004927D5
Sat, 24 Oct 2015 18:33:43 - FETCH VOTES: http://www.dz-rs.si/wps/portal/Home/deloDZ/seje/glasovanje?mandat=VII&seja=02.%20Izredna&uid=16F4BBFC3AEA921AC1257D420035E0FC
Sat, 24 Oct 2015 18:33:47 - FETCH VOTES: http://www.dz-rs.si/wps/portal/Home/deloDZ/seje/glasovanje?mandat=VII&seja=02.%20Izredna&uid=7AC77928174E37B0C1257D42002C882B
Sat, 24 Oct 2015 18:33:50 - FETCH VOTES: http://www.dz-rs.si/wps/portal/Home/deloDZ/seje/glasovanje?mandat=VII&seja=02.%20Izredna&uid=8432CEB00553BDFDC1257D42002C51B6
Sat, 24 Oct 2015 18:33:53 - FETCH SESSION: http://www.dz-rs.si/wps/portal/Home/deloDZ/seje/izbranaSeja?mandat=VII&seja=01.%20Izredna&uid=EE06F706C60BC7AAC1257D3A00310F28
Sat, 24 Oct 2015 18:33:55 - FETCH SPEECH: http://www.dz-rs.si/wps/portal/Home/deloDZ/seje/evidenca?mandat=VII&type=sz&uid=21C8F2C86F5604FDC1257D43004A87D0
Sat, 24 Oct 2015 18:34:01 - FETCH DOC: http://www.dz-rs.si/wps/portal/Home/deloDZ/seje/evidenca?mandat=VII&type=sej&uid=E545184D6264169FC1257D3C003962CD
Sat, 24 Oct 2015 18:34:01 - FETCH DOC: http://www.dz-rs.si/wps/portal/Home/deloDZ/seje/evidenca?mandat=VII&type=sej&uid=78A345A5B1B69B6DC1257D3C004E547B
Sat, 24 Oct 2015 18:34:01 - FETCH VOTES: http://www.dz-rs.si/wps/portal/Home/deloDZ/seje/glasovanje?mandat=VII&seja=01.%20Izredna&uid=AD2368DEA6C30937C1257D3F005E3694
Sat, 24 Oct 2015 18:34:04 - FETCH VOTES: http://www.dz-rs.si/wps/portal/Home/deloDZ/seje/glasovanje?mandat=VII&seja=01.%20Izredna&uid=11A644D01E033773C1257D3F005D66A5
Sat, 24 Oct 2015 18:34:07 - FETCH VOTES: http://www.dz-rs.si/wps/portal/Home/deloDZ/seje/glasovanje?mandat=VII&seja=01.%20Izredna&uid=CD9158B23A15B05FC1257D3F005B58FF
Sat, 24 Oct 2015 18:34:10 - FETCH VOTES: http://www.dz-rs.si/wps/portal/Home/deloDZ/seje/glasovanje?mandat=VII&seja=01.%20Izredna&uid=D28946F78299B471C1257D3F0059683B
Sat, 24 Oct 2015 18:34:13 - FETCH VOTES: http://www.dz-rs.si/wps/portal/Home/deloDZ/seje/glasovanje?mandat=VII&seja=01.%20Izredna&uid=05051328D1193B19C1257D3F002E54A3
Sat, 24 Oct 2015 18:34:16 - FETCH VOTES: http://www.dz-rs.si/wps/portal/Home/deloDZ/seje/glasovanje?mandat=VII&seja=01.%20Izredna&uid=65A49454B4373F19C1257D3F002C93BC
Sat, 24 Oct 2015 18:43:33 - FETCH SESSION: http://www.dz-rs.si/wps/portal/Home/deloDZ/seje/izbranaSejaDt?mandat=VII&seja=57%20008.%20Nujna&uid=002D1A4DE63BD4BBC1257ED90028A1E6
Sat, 24 Oct 2015 18:43:34 - FETCH SPEECH: http://www.dz-rs.si/wps/portal/Home/deloDZ/seje/evidenca?mandat=VII&type=pmagdt&uid=10444D14B0841212C1257EDF00421184
Sat, 24 Oct 2015 18:43:36 - FETCH DOC: http://www.dz-rs.si/wps/portal/Home/deloDZ/seje/evidenca?mandat=VII&type=dt&uid=01E4E5E17CB40FF2C1257ED9003FB68E
Sat, 24 Oct 2015 18:43:36 - FETCH DOC: http://www.dz-rs.si/wps/portal/Home/deloDZ/seje/evidenca?mandat=VII&type=dt&uid=18903DD55C6E819EC1257EDC0027DC22
Sat, 24 Oct 2015 18:43:37 - FETCH DOC: http://www.dz-rs.si/wps/portal/Home/deloDZ/seje/evidenca?mandat=VII&type=dt&uid=CE4E192A3C93205AC1257EDD003495DB
Sat, 24 Oct 2015 18:43:37 - FETCH DOC: http://www.dz-rs.si/wps/portal/Home/deloDZ/seje/evidenca?mandat=VII&type=dt&uid=22FB1DC8508D8494C1257EE300342A75
Sat, 24 Oct 2015 18:43:37 - FETCH SESSION: http://www.dz-rs.si/wps/portal/Home/deloDZ/seje/izbranaSejaDt?mandat=VII&seja=57%20006.%20Redna&uid=C3471718EFA47F49C1257ED000242B31
Sat, 24 Oct 2015 18:43:38 - FETCH SPEECH: http://www.dz-rs.si/wps/portal/Home/deloDZ/seje/evidenca?mandat=VII&type=pmagdt&uid=E578547943E36568C1257EE0002FBC18
Sat, 24 Oct 2015 18:43:41 - FETCH DOC: http://www.dz-rs.si/wps/portal/Home/deloDZ/seje/evidenca?mandat=VII&type=dt&uid=2EE94A8C2EA52325C1257ED000268311
Sat, 24 Oct 2015 18:43:41 - FETCH DOC: http://www.dz-rs.si/wps/portal/Home/deloDZ/seje/evidenca?mandat=VII&type=dt&uid=BF5E6D57B961D9D2C1257ED7003A8577
Sat, 24 Oct 2015 18:43:42 - FETCH DOC: http://www.dz-rs.si/wps/portal/Home/deloDZ/seje/evidenca?mandat=VII&type=dt&uid=3C5BBEB86B27439CC1257EDD0049305B
Sat, 24 Oct 2015 18:43:42 - FETCH SESSION: http://www.dz-rs.si/wps/portal/Home/deloDZ/seje/izbranaSejaDt?mandat=VII&seja=57%20007.%20Nujna&uid=4241531CA14E7E2CC1257ECF003EC7D8
Sat, 24 Oct 2015 18:43:43 - FETCH SPEECH: http://www.dz-rs.si/wps/portal/Home/deloDZ/seje/evidenca?mandat=VII&type=pmagdt&uid=60CAE6D71C41F92EC1257EDC0034363B
Sat, 24 Oct 2015 18:43:45 - FETCH DOC: http://www.dz-rs.si/wps/portal/Home/deloDZ/seje/evidenca?mandat=VII&type=dt&uid=B3A64B7926B6466CC1257ED20027C76D
Sat, 24 Oct 2015 18:43:45 - FETCH SESSION: http://www.dz-rs.si/wps/portal/Home/deloDZ/seje/izbranaSejaDt?mandat=VII&seja=57%20005.%20Redna&uid=AB8BD7F717D89874C1257EC70048DC3D
Sat, 24 Oct 2015 18:43:46 - FETCH DOC: http://www.dz-rs.si/wps/portal/Home/deloDZ/seje/evidenca?mandat=VII&type=dt&uid=81B45B2821F55C5DC1257EC80028DD95
Sat, 24 Oct 2015 18:43:46 - FETCH DOC: http://www.dz-rs.si/wps/portal/Home/deloDZ/seje/evidenca?mandat=VII&type=dt&uid=4AD67E0419578724C1257ECF0029AA14
Sat, 24 Oct 2015 18:43:46 - FETCH DOC: http://www.dz-rs.si/wps/portal/Home/deloDZ/seje/evidenca?mandat=VII&type=dt&uid=A966C108A85334E2C1257ED00039004D
Sat, 24 Oct 2015 18:43:47 - FETCH DOC: http://www.dz-rs.si/wps/portal/Home/deloDZ/seje/evidenca?mandat=VII&type=dt&uid=6683892FC6410FC9C1257ED1002D7811
Sat, 24 Oct 2015 18:43:47 - FETCH SESSION: http://www.dz-rs.si/wps/portal/Home/deloDZ/seje/izbranaSejaDt?mandat=VII&seja=57%20004.%20Redna&uid=2A753D97AE52DE01C1257E44004123CD
Sat, 24 Oct 2015 18:43:48 - FETCH SPEECH: http://www.dz-rs.si/wps/portal/Home/deloDZ/seje/evidenca?mandat=VII&type=pmagdt&uid=C6C0F34D1E62E4F9C1257E8200279899
Sat, 24 Oct 2015 18:43:50 - FETCH DOC: http://www.dz-rs.si/wps/portal/Home/deloDZ/seje/evidenca?mandat=VII&type=dt&uid=4D30391839CBD7C3C1257E5F00352F2D
Sat, 24 Oct 2015 18:43:51 - FETCH DOC: http://www.dz-rs.si/wps/portal/Home/deloDZ/seje/evidenca?mandat=VII&type=dt&uid=F61AD8733EE2F8EFC1257E690039D12F
Sat, 24 Oct 2015 18:43:51 - FETCH DOC: http://www.dz-rs.si/wps/portal/Home/deloDZ/seje/evidenca?mandat=VII&type=dt&uid=4A743DF51FFB0E96C1257E6C00310A57
Sat, 24 Oct 2015 18:43:52 - FETCH SESSION: http://www.dz-rs.si/wps/portal/Home/deloDZ/seje/izbranaSejaDt?mandat=VII&seja=57%20006.%20Nujna&uid=98EAACB1EEF6F9C9C1257E5A00468E15
Sat, 24 Oct 2015 18:43:52 - FETCH SPEECH: http://www.dz-rs.si/wps/portal/Home/deloDZ/seje/evidenca?mandat=VII&type=pmagdt&uid=EE689715E27E369DC1257E6C0028535B
Sat, 24 Oct 2015 18:43:55 - FETCH DOC: http://www.dz-rs.si/wps/portal/Home/deloDZ/seje/evidenca?mandat=VII&type=dt&uid=E312E231D15FFE42C1257E5B00484EC4
Sat, 24 Oct 2015 18:43:56 - FETCH DOC: http://www.dz-rs.si/wps/portal/Home/deloDZ/seje/evidenca?mandat=VII&type=dt&uid=0A3F90C8E341394CC1257E6800215AA7
Sat, 24 Oct 2015 18:43:56 - FETCH SESSION: http://www.dz-rs.si/wps/portal/Home/deloDZ/seje/izbranaSejaDt?mandat=VII&seja=57%20003.%20Redna&uid=A965E6DBF01DE498C1257E43002C73E1
Sat, 24 Oct 2015 18:43:57 - FETCH SPEECH: http://www.dz-rs.si/wps/portal/Home/deloDZ/seje/evidenca?mandat=VII&type=pmagdt&uid=C578E4E250B238C1C1257E5A0030C29B
Sat, 24 Oct 2015 18:43:58 - FETCH DOC: http://www.dz-rs.si/wps/portal/Home/deloDZ/seje/evidenca?mandat=VII&type=dt&uid=2BAAC442BDDB9FBDC1257E43002D4F49
Sat, 24 Oct 2015 18:43:58 - FETCH SESSION: http://www.dz-rs.si/wps/portal/Home/deloDZ/seje/izbranaSejaDt?mandat=VII&seja=57%20002.%20Redna&uid=36F4D6B5F33304D0C1257E13003B4F46
Sat, 24 Oct 2015 18:43:59 - FETCH SPEECH: http://www.dz-rs.si/wps/portal/Home/deloDZ/seje/evidenca?mandat=VII&type=pmagdt&uid=AB22B517CDBB3162C1257E27003E64A8
Sat, 24 Oct 2015 18:44:01 - FETCH DOC: http://www.dz-rs.si/wps/portal/Home/deloDZ/seje/evidenca?mandat=VII&type=dt&uid=0ADB6DB0603E2BCEC1257E13003D59B3
Sat, 24 Oct 2015 18:44:01 - FETCH DOC: http://www.dz-rs.si/wps/portal/Home/deloDZ/seje/evidenca?mandat=VII&type=dt&uid=C7091D801FC18A0EC1257E2200564028
Sat, 24 Oct 2015 18:44:01 - FETCH SESSION: http://www.dz-rs.si/wps/portal/Home/deloDZ/seje/izbranaSejaDt?mandat=VII&seja=57%20005.%20Nujna&uid=EE538016E8885FCBC1257DE20045F158
Sat, 24 Oct 2015 18:44:02 - FETCH SPEECH: http://www.dz-rs.si/wps/portal/Home/deloDZ/seje/evidenca?mandat=VII&type=pmagdt&uid=2049086C7A5255DCC1257DEB0031B5BC
Sat, 24 Oct 2015 18:44:03 - FETCH DOC: http://www.dz-rs.si/wps/portal/Home/deloDZ/seje/evidenca?mandat=VII&type=dt&uid=C23E4B184FDEC4E0C1257DE20047928E
Sat, 24 Oct 2015 18:44:04 - FETCH SESSION: http://www.dz-rs.si/wps/portal/Home/deloDZ/seje/izbranaSejaDt?mandat=VII&seja=57%20001.%20Redna&uid=5B5427F2732393F5C1257DD4003CC05A
Sat, 24 Oct 2015 18:44:05 - FETCH SPEECH: http://www.dz-rs.si/wps/portal/Home/deloDZ/seje/evidenca?mandat=VII&type=pmagdt&uid=81B163C7238930E3C1257DEA0050B458
Sat, 24 Oct 2015 18:44:07 - FETCH SPEECH: http://www.dz-rs.si/wps/portal/Home/deloDZ/seje/evidenca?mandat=VII&type=pmagdt&uid=42646F6A24283433C1257E120038797D
Sat, 24 Oct 2015 18:44:09 - FETCH DOC: http://www.dz-rs.si/wps/portal/Home/deloDZ/seje/evidenca?mandat=VII&type=dt&uid=389F122570BFC261C1257DD5002DD2B2
Sat, 24 Oct 2015 18:44:09 - FETCH DOC: http://www.dz-rs.si/wps/portal/Home/deloDZ/seje/evidenca?mandat=VII&type=dt&uid=66D5D445E9F59C1CC1257DD6004BB483
Sat, 24 Oct 2015 18:44:10 - FETCH DOC: http://www.dz-rs.si/wps/portal/Home/deloDZ/seje/evidenca?mandat=VII&type=dt&uid=7C0CB0AFECD25330C1257DD9003FAC8E
Sat, 24 Oct 2015 18:44:10 - FETCH DOC: http://www.dz-rs.si/wps/portal/Home/deloDZ/seje/evidenca?mandat=VII&type=dt&uid=ABC28829FDB8FBE3C1257DE0003D9602
Sat, 24 Oct 2015 18:44:10 - FETCH DOC: http://www.dz-rs.si/wps/portal/Home/deloDZ/seje/evidenca?mandat=VII&type=dt&uid=3E27D06EAE0C8F8CC1257DE200360CEC
Sat, 24 Oct 2015 18:44:11 - FETCH DOC: http://www.dz-rs.si/wps/portal/Home/deloDZ/seje/evidenca?mandat=VII&type=dt&uid=E4FBCDCFADC7D02DC1257DEF0052BFD0
Sat, 24 Oct 2015 18:44:11 - FETCH SESSION: http://www.dz-rs.si/wps/portal/Home/deloDZ/seje/izbranaSejaDt?mandat=VII&seja=57%20004.%20Nujna&uid=1CFC12143DA1FA67C1257D940048279D
Sat, 24 Oct 2015 18:44:12 - FETCH SPEECH: http://www.dz-rs.si/wps/portal/Home/deloDZ/seje/evidenca?mandat=VII&type=pmagdt&uid=14B78478A812DBD8C1257DAB0033E8B9
Sat, 24 Oct 2015 18:44:12 - FETCH DOC: http://www.dz-rs.si/wps/portal/Home/deloDZ/seje/evidenca?mandat=VII&type=dt&uid=411A88DDA199B32FC1257D950029492C
Sat, 24 Oct 2015 18:44:13 - FETCH SESSION: http://www.dz-rs.si/wps/portal/Home/deloDZ/seje/izbranaSejaDt?mandat=VII&seja=57%20003.%20Nujna&uid=C249F97EE7F1364AC1257D87003806D3
Sat, 24 Oct 2015 18:44:13 - FETCH SPEECH: http://www.dz-rs.si/wps/portal/Home/deloDZ/seje/evidenca?mandat=VII&type=pmagdt&uid=2A54F93A03C806C2C1257D910031F9A0
Sat, 24 Oct 2015 18:44:14 - FETCH DOC: http://www.dz-rs.si/wps/portal/Home/deloDZ/seje/evidenca?mandat=VII&type=dt&uid=A7CF1392C9474F6AC1257D87003862B9
Sat, 24 Oct 2015 18:44:14 - FETCH SESSION: http://www.dz-rs.si/wps/portal/Home/deloDZ/seje/izbranaSejaDt?mandat=VII&seja=57%20002.%20Nujna&uid=6BCAC6572F3541D9C1257D7E003A09D5
Sat, 24 Oct 2015 18:44:15 - FETCH SPEECH: http://www.dz-rs.si/wps/portal/Home/deloDZ/seje/evidenca?mandat=VII&type=pmagdt&uid=674C27D5D032B7A7C1257D8F003399E9
Sat, 24 Oct 2015 18:44:17 - FETCH DOC: http://www.dz-rs.si/wps/portal/Home/deloDZ/seje/evidenca?mandat=VII&type=dt&uid=1BB4056C03AB6651C1257D7E004CB0AD
Sat, 24 Oct 2015 18:44:17 - FETCH DOC: http://www.dz-rs.si/wps/portal/Home/deloDZ/seje/evidenca?mandat=VII&type=dt&uid=0F26CA01A5D12298C1257D90002E8944
Sat, 24 Oct 2015 18:44:17 - FETCH SESSION: http://www.dz-rs.si/wps/portal/Home/deloDZ/seje/izbranaSejaDt?mandat=VII&seja=57%20001.%20Nujna&uid=03DEA87674272F07C1257D4900236CEC
Sat, 24 Oct 2015 18:44:18 - FETCH SPEECH: http://www.dz-rs.si/wps/portal/Home/deloDZ/seje/evidenca?mandat=VII&type=pmagdt&uid=F971D84DD3C246D9C1257D5500607AE3
Sat, 24 Oct 2015 18:44:20 - FETCH DOC: http://www.dz-rs.si/wps/portal/Home/deloDZ/seje/evidenca?mandat=VII&type=dt&uid=F61D6B77BF949A3DC1257D4F0040C82D
Sat, 24 Oct 2015 18:44:21 - FETCH SESSION: http://www.dz-rs.si/wps/portal/Home/deloDZ/seje/izbranaSejaDt?mandat=VII&seja=28%20041.%20Redna&uid=30356786C4E2E5DAC1257EE400380946
Sat, 24 Oct 2015 18:44:22 - FETCH DOC: http://www.dz-rs.si/wps/portal/Home/deloDZ/seje/evidenca?mandat=VII&type=dt&uid=3400D79FEEF0E8E1C1257EE40038862D
Sat, 24 Oct 2015 18:44:22 - FETCH SESSION: http://www.dz-rs.si/wps/portal/Home/deloDZ/seje/izbranaSejaDt?mandat=VII&seja=28%20040.%20Redna&uid=93EF3B15D4B36F5BC1257EDF002BD059
Sat, 24 Oct 2015 18:44:22 - FETCH DOC: http://www.dz-rs.si/wps/portal/Home/deloDZ/seje/evidenca?mandat=VII&type=dt&uid=803517775F76C8C7C1257EDF0041A1EE
Sat, 24 Oct 2015 18:44:23 - FETCH SESSION: http://www.dz-rs.si/wps/portal/Home/deloDZ/seje/izbranaSejaDt?mandat=VII&seja=28%20039.%20Redna&uid=D92DB4EACDF53F75C1257ED500257503
Sat, 24 Oct 2015 18:44:23 - FETCH DOC: http://www.dz-rs.si/wps/portal/Home/deloDZ/seje/evidenca?mandat=VII&type=dt&uid=FD7D1F726F842662C1257ED5003E5E30
Sat, 24 Oct 2015 18:44:24 - FETCH DOC: http://www.dz-rs.si/wps/portal/Home/deloDZ/seje/evidenca?mandat=VII&type=dt&uid=4340250518A85BC1C1257ED900253744
Sat, 24 Oct 2015 18:44:24 - FETCH SESSION: http://www.dz-rs.si/wps/portal/Home/deloDZ/seje/izbranaSejaDt?mandat=VII&seja=28%20038.%20Redna&uid=5543459D3AF25762C1257ECB004B10C7
Sat, 24 Oct 2015 18:44:25 - FETCH DOC: http://www.dz-rs.si/wps/portal/Home/deloDZ/seje/evidenca?mandat=VII&type=dt&uid=09C238DE6B50CC5DC1257ECB005064B1
Sat, 24 Oct 2015 18:44:25 - FETCH DOC: http://www.dz-rs.si/wps/portal/Home/deloDZ/seje/evidenca?mandat=VII&type=dt&uid=D5C781EDFE173A25C1257ECE00403361
Sat, 24 Oct 2015 18:44:25 - FETCH SESSION: http://www.dz-rs.si/wps/portal/Home/deloDZ/seje/izbranaSejaDt?mandat=VII&seja=28%20037.%20Redna&uid=A2E8D3574458F9C3C1257EC4003B458D
Sat, 24 Oct 2015 18:44:26 - FETCH DOC: http://www.dz-rs.si/wps/portal/Home/deloDZ/seje/evidenca?mandat=VII&type=dt&uid=821831BF01D21213C1257EC400470970
Sat, 24 Oct 2015 18:44:26 - FETCH SESSION: http://www.dz-rs.si/wps/portal/Home/deloDZ/seje/izbranaSejaDt?mandat=VII&seja=28%20036.%20Redna&uid=61F59C9057F0E0C4C1257EC000397D53
Sat, 24 Oct 2015 18:44:27 - FETCH DOC: http://www.dz-rs.si/wps/portal/Home/deloDZ/seje/evidenca?mandat=VII&type=dt&uid=517E05D0C4063560C1257EC0003FA2DB
Sat, 24 Oct 2015 18:44:27 - FETCH DOC: http://www.dz-rs.si/wps/portal/Home/deloDZ/seje/evidenca?mandat=VII&type=dt&uid=90AE0324D5BA430BC1257EC30044F39C
Sat, 24 Oct 2015 18:44:27 - FETCH SESSION: http://www.dz-rs.si/wps/portal/Home/deloDZ/seje/izbranaSejaDt?mandat=VII&seja=28%20035.%20Redna&uid=73C440CDB3AEC01EC1257EB90029EA38
Sat, 24 Oct 2015 18:44:28 - FETCH DOC: http://www.dz-rs.si/wps/portal/Home/deloDZ/seje/evidenca?mandat=VII&type=dt&uid=3F1D7741FEAFA4E0C1257EB90040D5B0
Sat, 24 Oct 2015 18:44:28 - FETCH DOC: http://www.dz-rs.si/wps/portal/Home/deloDZ/seje/evidenca?mandat=VII&type=dt&uid=03CA40672D9AA80EC1257EBB003ED87D
Sat, 24 Oct 2015 18:44:29 - FETCH DOC: http://www.dz-rs.si/wps/portal/Home/deloDZ/seje/evidenca?mandat=VII&type=dt&uid=764C4429681EDC50C1257EBC0030A4AD
Sat, 24 Oct 2015 18:44:29 - FETCH DOC: http://www.dz-rs.si/wps/portal/Home/deloDZ/seje/evidenca?mandat=VII&type=dt&uid=485805C170C40607C1257EBC004D4866
Sat, 24 Oct 2015 18:44:29 - FETCH SESSION: http://www.dz-rs.si/wps/portal/Home/deloDZ/seje/izbranaSejaDt?mandat=VII&seja=28%20034.%20Redna&uid=96AB0893B31CEC27C1257E7E002A63FE
Sat, 24 Oct 2015 18:44:30 - FETCH DOC: http://www.dz-rs.si/wps/portal/Home/deloDZ/seje/evidenca?mandat=VII&type=dt&uid=0A3528DFCA33DB05C1257E7E003369F2
Sat, 24 Oct 2015 18:44:30 - FETCH DOC: http://www.dz-rs.si/wps/portal/Home/deloDZ/seje/evidenca?mandat=VII&type=dt&uid=48C83AA773CE7E66C1257E8200405BCE
Sat, 24 Oct 2015 18:44:30 - FETCH SESSION: http://www.dz-rs.si/wps/portal/Home/deloDZ/seje/izbranaSejaDt?mandat=VII&seja=28%20033.%20Redna&uid=E740D80507E159C1C1257E760025ABD8
Sat, 24 Oct 2015 18:44:31 - FETCH DOC: http://www.dz-rs.si/wps/portal/Home/deloDZ/seje/evidenca?mandat=VII&type=dt&uid=0BAAE34418608523C1257E760040BDB3
Sat, 24 Oct 2015 18:44:32 - FETCH DOC: http://www.dz-rs.si/wps/portal/Home/deloDZ/seje/evidenca?mandat=VII&type=dt&uid=C91C4E2F4AC9F202C1257E7B004C6322
Sat, 24 Oct 2015 18:44:32 - FETCH DOC: http://www.dz-rs.si/wps/portal/Home/deloDZ/seje/evidenca?mandat=VII&type=dt&uid=2A0FD75B47929319C1257E7B004F07EF
Sat, 24 Oct 2015 18:44:32 - FETCH SESSION: http://www.dz-rs.si/wps/portal/Home/deloDZ/seje/izbranaSejaDt?mandat=VII&seja=28%20032.%20Redna&uid=51653AC8B81B425EC1257E6E0026A7F5
Sat, 24 Oct 2015 18:44:33 - FETCH DOC: http://www.dz-rs.si/wps/portal/Home/deloDZ/seje/evidenca?mandat=VII&type=dt&uid=FCC59C0C5783AC57C1257E6E0038781E
Sat, 24 Oct 2015 18:44:33 - FETCH DOC: http://www.dz-rs.si/wps/portal/Home/deloDZ/seje/evidenca?mandat=VII&type=dt&uid=9A493915CBD5D450C1257E740036369E
Sat, 24 Oct 2015 18:44:34 - FETCH DOC: http://www.dz-rs.si/wps/portal/Home/deloDZ/seje/evidenca?mandat=VII&type=dt&uid=C0237F8765B36EAEC1257E76002524A2
Sat, 24 Oct 2015 18:44:34 - FETCH SESSION: http://www.dz-rs.si/wps/portal/Home/deloDZ/seje/izbranaSejaDt?mandat=VII&seja=28%20031.%20Redna&uid=61C3005690B2099DC1257E6100372A77
Sat, 24 Oct 2015 18:44:35 - FETCH DOC: http://www.dz-rs.si/wps/portal/Home/deloDZ/seje/evidenca?mandat=VII&type=dt&uid=96E2DCF5D32A3592C1257E610049F8D4
Sat, 24 Oct 2015 18:44:35 - FETCH SESSION: http://www.dz-rs.si/wps/portal/Home/deloDZ/seje/izbranaSejaDt?mandat=VII&seja=28%20030.%20Redna&uid=09516F31A9905099C1257E57002887D0
Sat, 24 Oct 2015 18:44:36 - FETCH SPEECH: http://www.dz-rs.si/wps/portal/Home/deloDZ/seje/evidenca?mandat=VII&type=pmagdt&uid=53D10AEC3F6BEFD0C1257E5E004430C7
Sat, 24 Oct 2015 18:44:39 - FETCH DOC: http://www.dz-rs.si/wps/portal/Home/deloDZ/seje/evidenca?mandat=VII&type=dt&uid=6B1710AF8A2F447DC1257E5700442C62
Sat, 24 Oct 2015 18:44:40 - FETCH DOC: http://www.dz-rs.si/wps/portal/Home/deloDZ/seje/evidenca?mandat=VII&type=dt&uid=2475412134B78243C1257E5800345EB7
Sat, 24 Oct 2015 18:44:40 - FETCH DOC: http://www.dz-rs.si/wps/portal/Home/deloDZ/seje/evidenca?mandat=VII&type=dt&uid=15BD940472164A51C1257E5E00251767
Sat, 24 Oct 2015 18:44:40 - FETCH SESSION: http://www.dz-rs.si/wps/portal/Home/deloDZ/seje/izbranaSejaDt?mandat=VII&seja=28%20029.%20Redna&uid=39D03D0248247C56C1257E5700283FB1
Sat, 24 Oct 2015 18:44:41 - FETCH SPEECH: http://www.dz-rs.si/wps/portal/Home/deloDZ/seje/evidenca?mandat=VII&type=pmagdt&uid=FA953A91B74370ECC1257E59004CB1BB
Sat, 24 Oct 2015 18:44:42 - FETCH DOC: http://www.dz-rs.si/wps/portal/Home/deloDZ/seje/evidenca?mandat=VII&type=dt&uid=A439E9667275C818C1257E570042EC70
Sat, 24 Oct 2015 18:44:43 - FETCH DOC: http://www.dz-rs.si/wps/portal/Home/deloDZ/seje/evidenca?mandat=VII&type=dt&uid=CD823B31B3AEBABAC1257E590025B851
Sat, 24 Oct 2015 18:44:43 - FETCH SESSION: http://www.dz-rs.si/wps/portal/Home/deloDZ/seje/izbranaSejaDt?mandat=VII&seja=28%20028.%20Redna&uid=08A0C60B486BFD93C1257E450031F661
Sat, 24 Oct 2015 18:44:43 - FETCH SPEECH: http://www.dz-rs.si/wps/portal/Home/deloDZ/seje/evidenca?mandat=VII&type=pmagdt&uid=7F473FEAB6E03C04C1257E46003CB63F
Sat, 24 Oct 2015 18:44:44 - FETCH DOC: http://www.dz-rs.si/wps/portal/Home/deloDZ/seje/evidenca?mandat=VII&type=dt&uid=A622AFB365CA595AC1257E45004097AA
Sat, 24 Oct 2015 18:44:44 - FETCH DOC: http://www.dz-rs.si/wps/portal/Home/deloDZ/seje/evidenca?mandat=VII&type=dt&uid=DA0DAF1085732569C1257E46002D39EC
Sat, 24 Oct 2015 18:44:45 - FETCH SESSION: http://www.dz-rs.si/wps/portal/Home/deloDZ/seje/izbranaSejaDt?mandat=VII&seja=28%20027.%20Redna&uid=FC66B1FBD53981EFC1257E3B003135C8
Sat, 24 Oct 2015 18:44:45 - FETCH SPEECH: http://www.dz-rs.si/wps/portal/Home/deloDZ/seje/evidenca?mandat=VII&type=pmagdt&uid=75473E50A37D160AC1257E3F00420135
Sat, 24 Oct 2015 18:44:47 - FETCH DOC: http://www.dz-rs.si/wps/portal/Home/deloDZ/seje/evidenca?mandat=VII&type=dt&uid=1DFCC7DC00A1E090C1257E3B00426AC1
Sat, 24 Oct 2015 18:44:47 - FETCH DOC: http://www.dz-rs.si/wps/portal/Home/deloDZ/seje/evidenca?mandat=VII&type=dt&uid=A153A304E78FE4ACC1257E3E003AD313
Sat, 24 Oct 2015 18:44:48 - FETCH DOC: http://www.dz-rs.si/wps/portal/Home/deloDZ/seje/evidenca?mandat=VII&type=dt&uid=F9E38A573CEA5CDAC1257E3F002966A2
Sat, 24 Oct 2015 18:44:48 - FETCH SESSION: http://www.dz-rs.si/wps/portal/Home/deloDZ/seje/izbranaSejaDt?mandat=VI&seja=28%20102.%20Redna&uid=3743DF2FF8D3AEF0C1257D1F005A8F3D
Sat, 24 Oct 2015 18:44:49 - FETCH DOC: http://www.dz-rs.si/wps/portal/Home/deloDZ/seje/evidenca?mandat=VI&type=dt&uid=3B88F450E8791F03C1257D1F005A8F46
Sat, 24 Oct 2015 18:44:50 - FETCH DOC: http://www.dz-rs.si/wps/portal/Home/deloDZ/seje/evidenca?mandat=VI&type=dt&uid=9FA718565416A71BC1257D1F005A8FB2
Sat, 24 Oct 2015 18:44:50 - FETCH DOC: http://www.dz-rs.si/wps/portal/Home/deloDZ/seje/evidenca?mandat=VI&type=dt&uid=25301C8F20950011C1257D1F005A8FE8
Sat, 24 Oct 2015 18:44:50 - FETCH SESSION: http://www.dz-rs.si/wps/portal/Home/deloDZ/seje/izbranaSejaDt?mandat=VI&seja=28%20101.%20Redna&uid=D276FA5DFCF7BAACC1257D1F005A8ECC
Sat, 24 Oct 2015 18:44:51 - FETCH DOC: http://www.dz-rs.si/wps/portal/Home/deloDZ/seje/evidenca?mandat=VI&type=dt&uid=6F306672467B2786C1257D1F005A8EDE
Sat, 24 Oct 2015 18:44:52 - FETCH DOC: http://www.dz-rs.si/wps/portal/Home/deloDZ/seje/evidenca?mandat=VI&type=dt&uid=D75C80A0B6503EB5C1257D1F005A8F2F
Sat, 24 Oct 2015 18:44:52 - FETCH SESSION: http://www.dz-rs.si/wps/portal/Home/deloDZ/seje/izbranaSejaDt?mandat=VI&seja=28%20100.%20Redna&uid=E9C12A241E9852C2C1257D1F005A8E49
Sat, 24 Oct 2015 18:44:52 - FETCH DOC: http://www.dz-rs.si/wps/portal/Home/deloDZ/seje/evidenca?mandat=VI&type=dt&uid=7CF25D126BED6E38C1257D1F005A8E57
Sat, 24 Oct 2015 18:44:53 - FETCH DOC: http://www.dz-rs.si/wps/portal/Home/deloDZ/seje/evidenca?mandat=VI&type=dt&uid=3FA93D73A8FA2847C1257D1F005A8E69
Sat, 24 Oct 2015 18:44:53 - FETCH DOC: http://www.dz-rs.si/wps/portal/Home/deloDZ/seje/evidenca?mandat=VI&type=dt&uid=7F3AC626413CCBB1C1257D1F005A8EAF
Sat, 24 Oct 2015 18:44:53 - FETCH DOC: http://www.dz-rs.si/wps/portal/Home/deloDZ/seje/evidenca?mandat=VI&type=dt&uid=36A4351D6815C5B3C1257D1F005A8EB2
Sat, 24 Oct 2015 18:44:54 - FETCH SESSION: http://www.dz-rs.si/wps/portal/Home/deloDZ/seje/izbranaSejaDt?mandat=VI&seja=28%20099.%20Redna&uid=CC2684080BF02655C1257D1F005A8DAD
Sat, 24 Oct 2015 18:44:54 - FETCH DOC: http://www.dz-rs.si/wps/portal/Home/deloDZ/seje/evidenca?mandat=VI&type=dt&uid=4F1B956C0C06044AC1257D1F005A8DAF
Sat, 24 Oct 2015 18:44:55 - FETCH DOC: http://www.dz-rs.si/wps/portal/Home/deloDZ/seje/evidenca?mandat=VI&type=dt&uid=8D7C3C94F46EBB09C1257D1F005A8E18
Sat, 24 Oct 2015 18:44:55 - FETCH DOC: http://www.dz-rs.si/wps/portal/Home/deloDZ/seje/evidenca?mandat=VI&type=dt&uid=8FB0C22672263768C1257D1F005A8E1E
Sat, 24 Oct 2015 18:44:55 - FETCH DOC: http://www.dz-rs.si/wps/portal/Home/deloDZ/seje/evidenca?mandat=VI&type=dt&uid=CDE0E4F3C943AF61C1257D1F005A8E27
Sat, 24 Oct 2015 18:44:56 - FETCH SESSION: http://www.dz-rs.si/wps/portal/Home/deloDZ/seje/izbranaSejaDt?mandat=VI&seja=28%20097.%20Redna&uid=97D0592346975BB5C1257D1F005A8CCD
Sat, 24 Oct 2015 18:44:57 - FETCH DOC: http://www.dz-rs.si/wps/portal/Home/deloDZ/seje/evidenca?mandat=VI&type=dt&uid=7AFE9161AD0B31A8C1257D1F005A8CD0
Sat, 24 Oct 2015 18:44:57 - FETCH DOC: http://www.dz-rs.si/wps/portal/Home/deloDZ/seje/evidenca?mandat=VI&type=dt&uid=05649A119769E34AC1257D1F005A8D72
Sat, 24 Oct 2015 18:44:58 - FETCH DOC: http://www.dz-rs.si/wps/portal/Home/deloDZ/seje/evidenca?mandat=VI&type=dt&uid=A4456BD849A927B0C1257D1F005A8D8A
Sat, 24 Oct 2015 18:44:58 - FETCH DOC: http://www.dz-rs.si/wps/portal/Home/deloDZ/seje/evidenca?mandat=VI&type=dt&uid=FCC8EB1E57655BEBC1257D1F005A8D8F
Sat, 24 Oct 2015 18:44:58 - FETCH SESSION: http://www.dz-rs.si/wps/portal/Home/deloDZ/seje/izbranaSejaDt?mandat=VI&seja=28%20098.%20Redna&uid=EBA5449138127248C1257D1F005A8D6C
Sat, 24 Oct 2015 18:44:59 - FETCH SPEECH: http://www.dz-rs.si/wps/portal/Home/deloDZ/seje/evidenca?mandat=VI&type=pmagdt&uid=713D49D43817C810C1257CD9002A438B
Sat, 24 Oct 2015 18:44:59 - FETCH DOC: http://www.dz-rs.si/wps/portal/Home/deloDZ/seje/evidenca?mandat=VI&type=dt&uid=7EABDD257EE30D3CC1257D1F005A8D69
Sat, 24 Oct 2015 18:44:59 - FETCH SESSION: http://www.dz-rs.si/wps/portal/Home/deloDZ/seje/izbranaSejaDt?mandat=VI&seja=28%20096.%20Redna&uid=FC6C1E92AD2B0DDEC1257D1F005A8C3C
Sat, 24 Oct 2015 18:45:01 - FETCH SPEECH: http://www.dz-rs.si/wps/portal/Home/deloDZ/seje/evidenca?mandat=VI&type=pmagdt&uid=C8BBAA7252D67038C1257CD3003AA631
Sat, 24 Oct 2015 18:45:02 - FETCH DOC: http://www.dz-rs.si/wps/portal/Home/deloDZ/seje/evidenca?mandat=VI&type=dt&uid=ABDE63366C787492C1257D1F005A8C53
Sat, 24 Oct 2015 18:45:02 - FETCH DOC: http://www.dz-rs.si/wps/portal/Home/deloDZ/seje/evidenca?mandat=VI&type=dt&uid=90A96BCC804D31E9C1257D1F005A8CB5
Sat, 24 Oct 2015 18:45:03 - FETCH DOC: http://www.dz-rs.si/wps/portal/Home/deloDZ/seje/evidenca?mandat=VI&type=dt&uid=CEB34FF9FE5144D7C1257D1F005A8CB9
Sat, 24 Oct 2015 18:45:03 - FETCH SESSION: http://www.dz-rs.si/wps/portal/Home/deloDZ/seje/izbranaSejaDt?mandat=VI&seja=28%20095.%20Redna&uid=AC6CBDB700425309C1257D1F005A8C33
Sat, 24 Oct 2015 18:45:03 - FETCH SPEECH: http://www.dz-rs.si/wps/portal/Home/deloDZ/seje/evidenca?mandat=VI&type=pmagdt&uid=C25FD849B8E66BFBC1257CD1005AEF69
Sat, 24 Oct 2015 18:45:05 - FETCH DOC: http://www.dz-rs.si/wps/portal/Home/deloDZ/seje/evidenca?mandat=VI&type=dt&uid=9DBEA7F8EE7EC894C1257D1F005A8C4E
Sat, 24 Oct 2015 18:45:06 - FETCH DOC: http://www.dz-rs.si/wps/portal/Home/deloDZ/seje/evidenca?mandat=VI&type=dt&uid=52397596CE4FC6D7C1257D1F005A8C7B
Sat, 24 Oct 2015 18:45:06 - FETCH SESSION: http://www.dz-rs.si/wps/portal/Home/deloDZ/seje/izbranaSejaDt?mandat=VI&seja=28%20094.%20Redna&uid=B660A0A470215228C1257D1F005A8AFF
Sat, 24 Oct 2015 18:45:07 - FETCH SPEECH: http://www.dz-rs.si/wps/portal/Home/deloDZ/seje/evidenca?mandat=VI&type=pmagdt&uid=83C0446711C5059DC1257CBE0036647A
Sat, 24 Oct 2015 18:45:08 - FETCH DOC: http://www.dz-rs.si/wps/portal/Home/deloDZ/seje/evidenca?mandat=VI&type=dt&uid=E41AFE64FF4386CAC1257D1F005A8B05
Sat, 24 Oct 2015 18:45:08 - FETCH DOC: http://www.dz-rs.si/wps/portal/Home/deloDZ/seje/evidenca?mandat=VI&type=dt&uid=5AD11DBE20E71803C1257D1F005A8B52
Sat, 24 Oct 2015 18:45:09 - FETCH DOC: http://www.dz-rs.si/wps/portal/Home/deloDZ/seje/evidenca?mandat=VI&type=dt&uid=7C0BC6ACB18B096EC1257D1F005A8B61
Sat, 24 Oct 2015 18:45:09 - FETCH SESSION: http://www.dz-rs.si/wps/portal/Home/deloDZ/seje/izbranaSejaDt?mandat=VI&seja=28%20093.%20Redna&uid=EEF140D3E6E3B764C1257D1F005A8A65
Sat, 24 Oct 2015 18:45:10 - FETCH SPEECH: http://www.dz-rs.si/wps/portal/Home/deloDZ/seje/evidenca?mandat=VI&type=pmagdt&uid=1A63BCC44116C7F7C1257CB7003AFD53
Sat, 24 Oct 2015 18:45:10 - FETCH DOC: http://www.dz-rs.si/wps/portal/Home/deloDZ/seje/evidenca?mandat=VI&type=dt&uid=560CABAC37736310C1257D1F005A8A71
Sat, 24 Oct 2015 18:45:11 - FETCH DOC: http://www.dz-rs.si/wps/portal/Home/deloDZ/seje/evidenca?mandat=VI&type=dt&uid=D6F3F3DCAF38BC65C1257D1F005A8AD7
Sat, 24 Oct 2015 18:45:11 - FETCH SESSION: http://www.dz-rs.si/wps/portal/Home/deloDZ/seje/izbranaSejaDt?mandat=VI&seja=28%20092.%20Redna&uid=1EF3606A0791B508C1257D1F005A89C4
Sat, 24 Oct 2015 18:45:12 - FETCH SPEECH: http://www.dz-rs.si/wps/portal/Home/deloDZ/seje/evidenca?mandat=VI&type=pmagdt&uid=32DE7B8D6683EEF1C1257CB0002C2760
Sat, 24 Oct 2015 18:45:13 - FETCH DOC: http://www.dz-rs.si/wps/portal/Home/deloDZ/seje/evidenca?mandat=VI&type=dt&uid=3CA59025B85D633AC1257D1F005A89D5
Sat, 24 Oct 2015 18:45:13 - FETCH DOC: http://www.dz-rs.si/wps/portal/Home/deloDZ/seje/evidenca?mandat=VI&type=dt&uid=3262C88306FE6459C1257D1F005A8A27
Sat, 24 Oct 2015 18:45:13 - FETCH SESSION: http://www.dz-rs.si/wps/portal/Home/deloDZ/seje/izbranaSejaDt?mandat=VI&seja=28%20091.%20Redna&uid=8A7BE86B2E73A63BC1257D1F005A899D
Sat, 24 Oct 2015 18:45:14 - FETCH DOC: http://www.dz-rs.si/wps/portal/Home/deloDZ/seje/evidenca?mandat=VI&type=dt&uid=07F658741A5AF790C1257D1F005A89B1
Sat, 24 Oct 2015 18:45:14 - FETCH SESSION: http://www.dz-rs.si/wps/portal/Home/deloDZ/seje/izbranaSejaDt?mandat=VI&seja=28%20090.%20Redna&uid=722C85239294F412C1257D1F005A8913
Sat, 24 Oct 2015 18:45:15 - FETCH SPEECH: http://www.dz-rs.si/wps/portal/Home/deloDZ/seje/evidenca?mandat=VI&type=pmagdt&uid=E84E6959D61DAB9CC1257CA6005077D7
Sat, 24 Oct 2015 18:45:17 - FETCH DOC: http://www.dz-rs.si/wps/portal/Home/deloDZ/seje/evidenca?mandat=VI&type=dt&uid=17205B371892C11FC1257D1F005A891A
Sat, 24 Oct 2015 18:45:17 - FETCH DOC: http://www.dz-rs.si/wps/portal/Home/deloDZ/seje/evidenca?mandat=VI&type=dt&uid=E5339A2D83CD9C04C1257D1F005A8930
Sat, 24 Oct 2015 18:45:17 - FETCH SESSION: http://www.dz-rs.si/wps/portal/Home/deloDZ/seje/izbranaSejaDt?mandat=VI&seja=28%20089.%20Redna&uid=73B90316A3BB9214C1257D1F005A8906
Sat, 24 Oct 2015 18:45:18 - FETCH SPEECH: http://www.dz-rs.si/wps/portal/Home/deloDZ/seje/evidenca?mandat=VI&type=pmagdt&uid=12F0BEEA2F3B6B2FC1257CA20030A4C9
Sat, 24 Oct 2015 18:45:19 - FETCH DOC: http://www.dz-rs.si/wps/portal/Home/deloDZ/seje/evidenca?mandat=VI&type=dt&uid=9011B3E99CBFEA71C1257D1F005A890E
Sat, 24 Oct 2015 18:45:19 - FETCH SESSION: http://www.dz-rs.si/wps/portal/Home/deloDZ/seje/izbranaSejaDt?mandat=VI&seja=28%20088.%20Redna&uid=24A6337CDD3B53E7C1257D1F005A8862
Sat, 24 Oct 2015 18:45:20 - FETCH SPEECH: http://www.dz-rs.si/wps/portal/Home/deloDZ/seje/evidenca?mandat=VI&type=pmagdt&uid=CDBB8CF4935F1E78C1257CA0004AC76E
Sat, 24 Oct 2015 18:45:21 - FETCH DOC: http://www.dz-rs.si/wps/portal/Home/deloDZ/seje/evidenca?mandat=VI&type=dt&uid=DB8EDB5951755BEAC1257D1F005A886E
Sat, 24 Oct 2015 18:45:22 - FETCH DOC: http://www.dz-rs.si/wps/portal/Home/deloDZ/seje/evidenca?mandat=VI&type=dt&uid=FF0F16DF4E7C73B0C1257D1F005A888A
Sat, 24 Oct 2015 18:45:22 - FETCH DOC: http://www.dz-rs.si/wps/portal/Home/deloDZ/seje/evidenca?mandat=VI&type=dt&uid=7319F31AF7A8866EC1257D1F005A88B8
Sat, 24 Oct 2015 18:45:22 - FETCH DOC: http://www.dz-rs.si/wps/portal/Home/deloDZ/seje/evidenca?mandat=VI&type=dt&uid=7304A278B061B314C1257D1F005A88C9
Sat, 24 Oct 2015 18:45:23 - FETCH SESSION: http://www.dz-rs.si/wps/portal/Home/deloDZ/seje/izbranaSejaDt?mandat=VI&seja=28%20087.%20Redna&uid=451A276D6106241AC1257D1F005A8767
Sat, 24 Oct 2015 18:45:24 - FETCH SPEECH: http://www.dz-rs.si/wps/portal/Home/deloDZ/seje/evidenca?mandat=VI&type=pmagdt&uid=392DE49FB147D284C1257C94003B77CD
Sat, 24 Oct 2015 18:45:24 - FETCH DOC: http://www.dz-rs.si/wps/portal/Home/deloDZ/seje/evidenca?mandat=VI&type=dt&uid=619B8C0908F4E284C1257D1F005A876B
Sat, 24 Oct 2015 18:45:25 - FETCH DOC: http://www.dz-rs.si/wps/portal/Home/deloDZ/seje/evidenca?mandat=VI&type=dt&uid=3CEAC392BEC56462C1257D1F005A87CC
Sat, 24 Oct 2015 18:45:25 - FETCH SESSION: http://www.dz-rs.si/wps/portal/Home/deloDZ/seje/izbranaSejaDt?mandat=VI&seja=28%20085.%20Redna&uid=E8DE42FD5244FDB4C1257D1F005A8694
Sat, 24 Oct 2015 18:45:26 - FETCH DOC: http://www.dz-rs.si/wps/portal/Home/deloDZ/seje/evidenca?mandat=VI&type=dt&uid=89E1943562E8E46FC1257D1F005A8691
Sat, 24 Oct 2015 18:45:26 - FETCH DOC: http://www.dz-rs.si/wps/portal/Home/deloDZ/seje/evidenca?mandat=VI&type=dt&uid=A9EE8A5F3419F0D1C1257D1F005A86EA
Sat, 24 Oct 2015 18:45:26 - FETCH DOC: http://www.dz-rs.si/wps/portal/Home/deloDZ/seje/evidenca?mandat=VI&type=dt&uid=723E6C401022AFA3C1257D1F005A8748
Sat, 24 Oct 2015 18:45:26 - FETCH SESSION: http://www.dz-rs.si/wps/portal/Home/deloDZ/seje/izbranaSejaDt?mandat=VI&seja=28%20086.%20Redna&uid=5D9E4726B90EB74FC1257D1F005A86D9
Sat, 24 Oct 2015 18:45:27 - FETCH SPEECH: http://www.dz-rs.si/wps/portal/Home/deloDZ/seje/evidenca?mandat=VI&type=pmagdt&uid=244527F0BE3DD361C1257C8A005C3B09
Sat, 24 Oct 2015 18:45:28 - FETCH DOC: http://www.dz-rs.si/wps/portal/Home/deloDZ/seje/evidenca?mandat=VI&type=dt&uid=602CCD2752F2FB8FC1257D1F005A86E2
Sat, 24 Oct 2015 18:45:28 - FETCH SESSION: http://www.dz-rs.si/wps/portal/Home/deloDZ/seje/izbranaSejaDt?mandat=VI&seja=28%20084.%20Redna&uid=5ACFEF0F53008478C1257D1F005A8682
Sat, 24 Oct 2015 18:45:29 - FETCH SPEECH: http://www.dz-rs.si/wps/portal/Home/deloDZ/seje/evidenca?mandat=VI&type=pmagdt&uid=EF741398031F121AC1257C890034DEAF
Sat, 24 Oct 2015 18:45:29 - FETCH DOC: http://www.dz-rs.si/wps/portal/Home/deloDZ/seje/evidenca?mandat=VI&type=dt&uid=66CBDE384ED7B3D9C1257D1F005A8686
Sat, 24 Oct 2015 18:45:30 - FETCH SESSION: http://www.dz-rs.si/wps/portal/Home/deloDZ/seje/izbranaSejaDt?mandat=VI&seja=28%20083.%20Redna&uid=47E886179AF937EBC1257D1F005A85FC
Sat, 24 Oct 2015 18:45:30 - FETCH SPEECH: http://www.dz-rs.si/wps/portal/Home/deloDZ/seje/evidenca?mandat=VI&type=pmagdt&uid=69AA07EEA5033367C1257C8900327149
Sat, 24 Oct 2015 18:45:32 - FETCH DOC: http://www.dz-rs.si/wps/portal/Home/deloDZ/seje/evidenca?mandat=VI&type=dt&uid=199F15815B39D00EC1257D1F005A8613
Sat, 24 Oct 2015 18:45:33 - FETCH DOC: http://www.dz-rs.si/wps/portal/Home/deloDZ/seje/evidenca?mandat=VI&type=dt&uid=125BC351A72DC595C1257D1F005A8655
Sat, 24 Oct 2015 18:45:33 - FETCH DOC: http://www.dz-rs.si/wps/portal/Home/deloDZ/seje/evidenca?mandat=VI&type=dt&uid=E71E27639EF45F06C1257D1F005A8670
Sat, 24 Oct 2015 18:45:33 - FETCH SESSION: http://www.dz-rs.si/wps/portal/Home/deloDZ/seje/izbranaSejaDt?mandat=VI&seja=28%20082.%20Redna&uid=C686A21F7549C069C1257D1F005A85F2
Sat, 24 Oct 2015 18:45:34 - FETCH SPEECH: http://www.dz-rs.si/wps/portal/Home/deloDZ/seje/evidenca?mandat=VI&type=pmagdt&uid=AD03A5DFA6C51EE1C1257C8400418136
Sat, 24 Oct 2015 18:45:34 - FETCH DOC: http://www.dz-rs.si/wps/portal/Home/deloDZ/seje/evidenca?mandat=VI&type=dt&uid=05CDF12B651200F4C1257D1F005A85F8
Sat, 24 Oct 2015 18:45:35 - FETCH SESSION: http://www.dz-rs.si/wps/portal/Home/deloDZ/seje/izbranaSejaDt?mandat=VI&seja=28%20081.%20Redna&uid=ADD17512E91A6E8AC1257D1F005A845A
Sat, 24 Oct 2015 18:45:35 - FETCH DOC: http://www.dz-rs.si/wps/portal/Home/deloDZ/seje/evidenca?mandat=VI&type=dt&uid=BD6F7E20E1F7F6BBC1257D1F005A845C
Sat, 24 Oct 2015 18:45:35 - FETCH SESSION: http://www.dz-rs.si/wps/portal/Home/deloDZ/seje/izbranaSejaDt?mandat=VI&seja=28%20080.%20Redna&uid=27E7460C5D9BAB1BC1257D1F005A83F1
Sat, 24 Oct 2015 18:45:36 - FETCH SPEECH: http://www.dz-rs.si/wps/portal/Home/deloDZ/seje/evidenca?mandat=VI&type=pmagdt&uid=F733AE0412C2E829C1257C6A002D0540
Sat, 24 Oct 2015 18:45:37 - FETCH DOC: http://www.dz-rs.si/wps/portal/Home/deloDZ/seje/evidenca?mandat=VI&type=dt&uid=9480B6295ABB1663C1257D1F005A8418
Sat, 24 Oct 2015 18:45:37 - FETCH SESSION: http://www.dz-rs.si/wps/portal/Home/deloDZ/seje/izbranaSejaDt?mandat=VI&seja=28%20079.%20Redna&uid=1769678DF2A504EFC1257D1F005A82E8
Sat, 24 Oct 2015 18:45:38 - FETCH SPEECH: http://www.dz-rs.si/wps/portal/Home/deloDZ/seje/evidenca?mandat=VI&type=pmagdt&uid=63740CD2B57FCC11C1257C6300468A32
Sat, 24 Oct 2015 18:45:40 - FETCH DOC: http://www.dz-rs.si/wps/portal/Home/deloDZ/seje/evidenca?mandat=VI&type=dt&uid=4B58E384E787265BC1257D1F005A8301
Sat, 24 Oct 2015 18:45:40 - FETCH DOC: http://www.dz-rs.si/wps/portal/Home/deloDZ/seje/evidenca?mandat=VI&type=dt&uid=99ACB05488CAD23FC1257D1F005A8354
Sat, 24 Oct 2015 18:45:40 - FETCH SESSION: http://www.dz-rs.si/wps/portal/Home/deloDZ/seje/izbranaSejaDt?mandat=VI&seja=28%20078.%20Redna&uid=C0AFC6B74DF4478EC1257D1F005A8285
Sat, 24 Oct 2015 18:45:41 - FETCH SPEECH: http://www.dz-rs.si/wps/portal/Home/deloDZ/seje/evidenca?mandat=VI&type=pmagdt&uid=9EC373A5552AD088C1257C5C00424DBC
Sat, 24 Oct 2015 18:45:42 - FETCH DOC: http://www.dz-rs.si/wps/portal/Home/deloDZ/seje/evidenca?mandat=VI&type=dt&uid=AFB0C8CA8A464D44C1257D1F005A828B
Sat, 24 Oct 2015 18:45:42 - FETCH DOC: http://www.dz-rs.si/wps/portal/Home/deloDZ/seje/evidenca?mandat=VI&type=dt&uid=A28371FB842E76D8C1257D1F005A82D5
Sat, 24 Oct 2015 18:45:42 - FETCH SESSION: http://www.dz-rs.si/wps/portal/Home/deloDZ/seje/izbranaSejaDt?mandat=VI&seja=28%20077.%20Redna&uid=A725D7C1D2DF7339C1257D1F005A81BA
Sat, 24 Oct 2015 18:45:43 - FETCH SPEECH: http://www.dz-rs.si/wps/portal/Home/deloDZ/seje/evidenca?mandat=VI&type=pmagdt&uid=501670DCE79C74F7C1257C4500324081
Sat, 24 Oct 2015 18:45:44 - FETCH DOC: http://www.dz-rs.si/wps/portal/Home/deloDZ/seje/evidenca?mandat=VI&type=dt&uid=473E706A7501CD92C1257D1F005A81CB
Sat, 24 Oct 2015 18:45:44 - FETCH SESSION: http://www.dz-rs.si/wps/portal/Home/deloDZ/seje/izbranaSejaDt?mandat=VI&seja=28%20075.%20Redna&uid=D804CC8FD600D824C1257D1F005A818E
Sat, 24 Oct 2015 18:45:45 - FETCH SPEECH: http://www.dz-rs.si/wps/portal/Home/deloDZ/seje/evidenca?mandat=VI&type=pmagdt&uid=4BF16AFF0A272285C1257C40002E9879
Sat, 24 Oct 2015 18:45:45 - FETCH DOC: http://www.dz-rs.si/wps/portal/Home/deloDZ/seje/evidenca?mandat=VI&type=dt&uid=4F7A1A2DDFF16F84C1257D1F005A81AB
Sat, 24 Oct 2015 18:45:46 - FETCH SESSION: http://www.dz-rs.si/wps/portal/Home/deloDZ/seje/izbranaSejaDt?mandat=VI&seja=28%20076.%20Redna&uid=6CC83EA9B3495C31C1257D1F005A81AD
Sat, 24 Oct 2015 18:45:46 - FETCH DOC: http://www.dz-rs.si/wps/portal/Home/deloDZ/seje/evidenca?mandat=VI&type=dt&uid=FD27865EE41FECC2C1257D1F005A81B3
Sat, 24 Oct 2015 18:45:46 - FETCH SESSION: http://www.dz-rs.si/wps/portal/Home/deloDZ/seje/izbranaSejaDt?mandat=VI&seja=28%20074.%20Redna&uid=96771BE91E40797DC1257D1F005A80B0
Sat, 24 Oct 2015 18:45:47 - FETCH DOC: http://www.dz-rs.si/wps/portal/Home/deloDZ/seje/evidenca?mandat=VI&type=dt&uid=70208CC014C740C4C1257D1F005A80C3
Sat, 24 Oct 2015 18:45:48 - FETCH DOC: http://www.dz-rs.si/wps/portal/Home/deloDZ/seje/evidenca?mandat=VI&type=dt&uid=D8EB334C0291CDC3C1257D1F005A8100
Sat, 24 Oct 2015 18:45:48 - FETCH DOC: http://www.dz-rs.si/wps/portal/Home/deloDZ/seje/evidenca?mandat=VI&type=dt&uid=AA874B9A17A8BAC6C1257D1F005A8109
Sat, 24 Oct 2015 18:45:48 - FETCH DOC: http://www.dz-rs.si/wps/portal/Home/deloDZ/seje/evidenca?mandat=VI&type=dt&uid=118C4BA8565A8FBCC1257D1F005A8111
Sat, 24 Oct 2015 18:45:48 - FETCH SESSION: http://www.dz-rs.si/wps/portal/Home/deloDZ/seje/izbranaSejaDt?mandat=VI&seja=28%20073.%20Redna&uid=8EAC9DB6F10E4E4BC1257D1F005A8046
Sat, 24 Oct 2015 18:45:49 - FETCH SPEECH: http://www.dz-rs.si/wps/portal/Home/deloDZ/seje/evidenca?mandat=VI&type=pmagdt&uid=30F166779901E427C1257C3100369591
Sat, 24 Oct 2015 18:45:52 - FETCH DOC: http://www.dz-rs.si/wps/portal/Home/deloDZ/seje/evidenca?mandat=VI&type=dt&uid=8419CD37D1B334CBC1257D1F005A805B
Sat, 24 Oct 2015 18:45:53 - FETCH SESSION: http://www.dz-rs.si/wps/portal/Home/deloDZ/seje/izbranaSejaDt?mandat=VII&seja=32%20056.%20Redna&uid=E6A2E07C93E51F51C1257EDE0041121A
Sat, 24 Oct 2015 18:45:54 - FETCH DOC: http://www.dz-rs.si/wps/portal/Home/deloDZ/seje/evidenca?mandat=VII&type=dt&uid=C11FD288BF2181C1C1257EDE00442B07
Sat, 24 Oct 2015 18:45:54 - FETCH DOC: http://www.dz-rs.si/wps/portal/Home/deloDZ/seje/evidenca?mandat=VII&type=dt&uid=6B40EB4B0133C380C1257EE3003712C3
Sat, 24 Oct 2015 18:45:54 - FETCH DOC: http://www.dz-rs.si/wps/portal/Home/deloDZ/seje/evidenca?mandat=VII&type=dt&uid=809AADBB4FCDF1F8C1257EE50047ADFB
Sat, 24 Oct 2015 18:45:55 - FETCH DOC: http://www.dz-rs.si/wps/portal/Home/deloDZ/seje/evidenca?mandat=VII&type=dt&uid=5C91B2A6460FC6F1C1257EE60039E56D
Sat, 24 Oct 2015 18:45:55 - FETCH SESSION: http://www.dz-rs.si/wps/portal/Home/deloDZ/seje/izbranaSejaDt?mandat=VII&seja=32%20055.%20Redna&uid=EA6583DDE1A3C9F3C1257ED90032E573
Sat, 24 Oct 2015 18:45:56 - FETCH DOC: http://www.dz-rs.si/wps/portal/Home/deloDZ/seje/evidenca?mandat=VII&type=dt&uid=7430C6DD3A650D0FC1257ED9003715B8
Sat, 24 Oct 2015 18:45:56 - FETCH SESSION: http://www.dz-rs.si/wps/portal/Home/deloDZ/seje/izbranaSejaDt?mandat=VII&seja=32%20054.%20Redna&uid=5175245C3DD89918C1257ECF004C02C1
Sat, 24 Oct 2015 18:45:57 - FETCH DOC: http://www.dz-rs.si/wps/portal/Home/deloDZ/seje/evidenca?mandat=VII&type=dt&uid=6159E157322144FBC1257ED0001FC846
Sat, 24 Oct 2015 18:45:57 - FETCH DOC: http://www.dz-rs.si/wps/portal/Home/deloDZ/seje/evidenca?mandat=VII&type=dt&uid=4F9DFB7A5BF0B313C1257ED8003BA9AD
Sat, 24 Oct 2015 18:45:57 - FETCH SESSION: http://www.dz-rs.si/wps/portal/Home/deloDZ/seje/izbranaSejaDt?mandat=VII&seja=32%20021.%20Nujna&uid=C6C00987FE9FBA9FC1257ECF004691D7
Sat, 24 Oct 2015 18:45:58 - FETCH DOC: http://www.dz-rs.si/wps/portal/Home/deloDZ/seje/evidenca?mandat=VII&type=dt&uid=99AFD975D5FA52D7C1257ECF00497653
Sat, 24 Oct 2015 18:45:58 - FETCH SESSION: http://www.dz-rs.si/wps/portal/Home/deloDZ/seje/izbranaSejaDt?mandat=VII&seja=32%20053.%20Redna&uid=4CBEA43FD1E97530C1257EC8001FB4D0
Sat, 24 Oct 2015 18:45:59 - FETCH DOC: http://www.dz-rs.si/wps/portal/Home/deloDZ/seje/evidenca?mandat=VII&type=dt&uid=4EE10C2714F734F4C1257EC800392486
Sat, 24 Oct 2015 18:45:59 - FETCH DOC: http://www.dz-rs.si/wps/portal/Home/deloDZ/seje/evidenca?mandat=VII&type=dt&uid=67F9D6BFCD4C178DC1257ED100437310
Sat, 24 Oct 2015 18:45:59 - FETCH SESSION: http://www.dz-rs.si/wps/portal/Home/deloDZ/seje/izbranaSejaDt?mandat=VII&seja=32%20020.%20Nujna&uid=69B47D87F6E2A796C1257ECB0038682D
Sat, 24 Oct 2015 18:46:00 - FETCH DOC: http://www.dz-rs.si/wps/portal/Home/deloDZ/seje/evidenca?mandat=VII&type=dt&uid=6BCA32BB77FE7EDBC1257ECB00462B47
Sat, 24 Oct 2015 18:46:00 - FETCH DOC: http://www.dz-rs.si/wps/portal/Home/deloDZ/seje/evidenca?mandat=VII&type=dt&uid=992349488806CF60C1257ECF003051D9
Sat, 24 Oct 2015 18:46:00 - FETCH SESSION: http://www.dz-rs.si/wps/portal/Home/deloDZ/seje/izbranaSejaDt?mandat=VII&seja=32%20052.%20Redna&uid=9B5DA0D43CE541DCC1257EC40030D969
Sat, 24 Oct 2015 18:46:01 - FETCH DOC: http://www.dz-rs.si/wps/portal/Home/deloDZ/seje/evidenca?mandat=VII&type=dt&uid=D5AF6D045DEC25CBC1257EC400325FB6
Sat, 24 Oct 2015 18:46:01 - FETCH DOC: http://www.dz-rs.si/wps/portal/Home/deloDZ/seje/evidenca?mandat=VII&type=dt&uid=AA623E4D66E6D1F8C1257EC9002D0AE0
Sat, 24 Oct 2015 18:46:02 - FETCH DOC: http://www.dz-rs.si/wps/portal/Home/deloDZ/seje/evidenca?mandat=VII&type=dt&uid=58FBAF27934401EBC1257EC900302F72
Sat, 24 Oct 2015 18:46:02 - FETCH SESSION: http://www.dz-rs.si/wps/portal/Home/deloDZ/seje/izbranaSejaDt?mandat=VII&seja=32%20019.%20Nujna&uid=407561CF7100412CC1257EC800326C08
Sat, 24 Oct 2015 18:46:02 - FETCH DOC: http://www.dz-rs.si/wps/portal/Home/deloDZ/seje/evidenca?mandat=VII&type=dt&uid=7A3407DA7A0B8087C1257EC8003872E0
Sat, 24 Oct 2015 18:46:02 - FETCH SESSION: http://www.dz-rs.si/wps/portal/Home/deloDZ/seje/izbranaSejaDt?mandat=VII&seja=32%20018.%20Nujna&uid=BFB1ED50804FF608C1257EC1002B8472
Sat, 24 Oct 2015 18:46:03 - FETCH DOC: http://www.dz-rs.si/wps/portal/Home/deloDZ/seje/evidenca?mandat=VII&type=dt&uid=E64D336906EAB81FC1257EC1002F6B40
Sat, 24 Oct 2015 18:46:04 - FETCH SESSION: http://www.dz-rs.si/wps/portal/Home/deloDZ/seje/izbranaSejaDt?mandat=VII&seja=32%20051.%20Redna&uid=8B36C7B5F1432857C1257EB50031411E
Sat, 24 Oct 2015 18:46:04 - FETCH DOC: http://www.dz-rs.si/wps/portal/Home/deloDZ/seje/evidenca?mandat=VII&type=dt&uid=36ECAEF29BF35380C1257EB600373B06
Sat, 24 Oct 2015 18:46:05 - FETCH DOC: http://www.dz-rs.si/wps/portal/Home/deloDZ/seje/evidenca?mandat=VII&type=dt&uid=5993DBEC35955BA3C1257EBA0042CF91
Sat, 24 Oct 2015 18:46:05 - FETCH SESSION: http://www.dz-rs.si/wps/portal/Home/deloDZ/seje/izbranaSejaDt?mandat=VII&seja=32%20050.%20Redna&uid=064880F8CBA8B20EC1257E9100322655
Sat, 24 Oct 2015 18:46:05 - FETCH DOC: http://www.dz-rs.si/wps/portal/Home/deloDZ/seje/evidenca?mandat=VII&type=dt&uid=B782E5CB9744E730C1257E910045A21D
Sat, 24 Oct 2015 18:46:05 - FETCH SESSION: http://www.dz-rs.si/wps/portal/Home/deloDZ/seje/izbranaSejaDt?mandat=VII&seja=32%20017.%20Nujna&uid=5BA4C349340B58BBC1257EAE002D5A6E
Sat, 24 Oct 2015 18:46:06 - FETCH DOC: http://www.dz-rs.si/wps/portal/Home/deloDZ/seje/evidenca?mandat=VII&type=dt&uid=B0184039825957A8C1257EAE0035D36B
Sat, 24 Oct 2015 18:46:07 - FETCH DOC: http://www.dz-rs.si/wps/portal/Home/deloDZ/seje/evidenca?mandat=VII&type=dt&uid=41E54F1E95145F78C1257EB2004199D4
Sat, 24 Oct 2015 18:46:07 - FETCH DOC: http://www.dz-rs.si/wps/portal/Home/deloDZ/seje/evidenca?mandat=VII&type=dt&uid=E798DA9ACFBCDD02C1257EB2004756AC
Sat, 24 Oct 2015 18:46:07 - FETCH SESSION: http://www.dz-rs.si/wps/portal/Home/deloDZ/seje/izbranaSejaDt?mandat=VII&seja=32%20049.%20Redna&uid=F390806AD6ABC1AFC1257E7D003A96B8
Sat, 24 Oct 2015 18:46:08 - FETCH DOC: http://www.dz-rs.si/wps/portal/Home/deloDZ/seje/evidenca?mandat=VII&type=dt&uid=BF168058E780A6CEC1257E7E0034A410
Sat, 24 Oct 2015 18:46:08 - FETCH DOC: http://www.dz-rs.si/wps/portal/Home/deloDZ/seje/evidenca?mandat=VII&type=dt&uid=2106F64D20ADAF4FC1257E81002DFBBA
Sat, 24 Oct 2015 18:46:08 - FETCH SESSION: http://www.dz-rs.si/wps/portal/Home/deloDZ/seje/izbranaSejaDt?mandat=VII&seja=32%20016.%20Nujna&uid=B6249F897C82D73FC1257E81002D10EB
Sat, 24 Oct 2015 18:46:09 - FETCH DOC: http://www.dz-rs.si/wps/portal/Home/deloDZ/seje/evidenca?mandat=VII&type=dt&uid=67226418A9681228C1257E8100304BAF
Sat, 24 Oct 2015 18:46:09 - FETCH DOC: http://www.dz-rs.si/wps/portal/Home/deloDZ/seje/evidenca?mandat=VII&type=dt&uid=BAEB1646EB890151C1257E84003DA083
Sat, 24 Oct 2015 18:46:10 - FETCH DOC: http://www.dz-rs.si/wps/portal/Home/deloDZ/seje/evidenca?mandat=VII&type=dt&uid=AFBE8AFE5539C608C1257E84003ECA4F
Sat, 24 Oct 2015 18:46:10 - FETCH DOC: http://www.dz-rs.si/wps/portal/Home/deloDZ/seje/evidenca?mandat=VII&type=dt&uid=84235A3205AC8B06C1257E8500448F5E
Sat, 24 Oct 2015 18:46:11 - FETCH SESSION: http://www.dz-rs.si/wps/portal/Home/deloDZ/seje/izbranaSejaDt?mandat=VII&seja=32%20048.%20Redna&uid=A876BDC7FD3ED008C1257E750038E44F
Sat, 24 Oct 2015 18:46:11 - FETCH DOC: http://www.dz-rs.si/wps/portal/Home/deloDZ/seje/evidenca?mandat=VII&type=dt&uid=4F68558E40D140B3C1257E75003B185C
Sat, 24 Oct 2015 18:46:12 - FETCH DOC: http://www.dz-rs.si/wps/portal/Home/deloDZ/seje/evidenca?mandat=VII&type=dt&uid=CB2734218EDF1AB4C1257E7B0034ED88
Sat, 24 Oct 2015 18:46:12 - FETCH SESSION: http://www.dz-rs.si/wps/portal/Home/deloDZ/seje/izbranaSejaDt?mandat=VII&seja=32%20015.%20Nujna&uid=6B282C856CBBD800C1257E750045F548
Sat, 24 Oct 2015 18:46:13 - FETCH DOC: http://www.dz-rs.si/wps/portal/Home/deloDZ/seje/evidenca?mandat=VII&type=dt&uid=78254DAB9AB7C18EC1257E75004A3402
Sat, 24 Oct 2015 18:46:13 - FETCH DOC: http://www.dz-rs.si/wps/portal/Home/deloDZ/seje/evidenca?mandat=VII&type=dt&uid=F1DAD1103EA1B76DC1257E77003039DE
Sat, 24 Oct 2015 18:46:13 - FETCH DOC: http://www.dz-rs.si/wps/portal/Home/deloDZ/seje/evidenca?mandat=VII&type=dt&uid=075ADF44E25D11F2C1257E7B003B4E8D
Sat, 24 Oct 2015 18:46:13 - FETCH DOC: http://www.dz-rs.si/wps/portal/Home/deloDZ/seje/evidenca?mandat=VII&type=dt&uid=4DE2FCE6FEAC7CBFC1257E7D00447242
Sat, 24 Oct 2015 18:46:14 - FETCH SESSION: http://www.dz-rs.si/wps/portal/Home/deloDZ/seje/izbranaSejaDt?mandat=VII&seja=32%20047.%20Redna&uid=B9A9265571351C06C1257E69002C8C90
Sat, 24 Oct 2015 18:46:15 - FETCH DOC: http://www.dz-rs.si/wps/portal/Home/deloDZ/seje/evidenca?mandat=VII&type=dt&uid=C6C32F60185F472BC1257E6900371BDB
Sat, 24 Oct 2015 18:46:15 - FETCH DOC: http://www.dz-rs.si/wps/portal/Home/deloDZ/seje/evidenca?mandat=VII&type=dt&uid=F2EB6A4A10C75932C1257E75003220C6
Sat, 24 Oct 2015 18:46:15 - FETCH SESSION: http://www.dz-rs.si/wps/portal/Home/deloDZ/seje/izbranaSejaDt?mandat=VII&seja=32%20014.%20Nujna&uid=70D68C86D9FE5F14C1257E690022957A
Sat, 24 Oct 2015 18:46:16 - FETCH DOC: http://www.dz-rs.si/wps/portal/Home/deloDZ/seje/evidenca?mandat=VII&type=dt&uid=A814AE1A9A7A7ADFC1257E690026C84C
Sat, 24 Oct 2015 18:46:16 - FETCH SESSION: http://www.dz-rs.si/wps/portal/Home/deloDZ/seje/izbranaSejaDt?mandat=VII&seja=32%20046.%20Redna&uid=7F5E5D931730407EC1257E5E00346FC7
Sat, 24 Oct 2015 18:46:17 - FETCH DOC: http://www.dz-rs.si/wps/portal/Home/deloDZ/seje/evidenca?mandat=VII&type=dt&uid=0BC26542F7B499F9C1257E5E003F8553
Sat, 24 Oct 2015 18:46:17 - FETCH DOC: http://www.dz-rs.si/wps/portal/Home/deloDZ/seje/evidenca?mandat=VII&type=dt&uid=77331AE719714A40C1257E6600342797
Sat, 24 Oct 2015 18:46:18 - FETCH DOC: http://www.dz-rs.si/wps/portal/Home/deloDZ/seje/evidenca?mandat=VII&type=dt&uid=D1D42188562604A7C1257E680032EB0E
Sat, 24 Oct 2015 18:46:18 - FETCH SESSION: http://www.dz-rs.si/wps/portal/Home/deloDZ/seje/izbranaSejaDt?mandat=VII&seja=32%20045.%20Redna&uid=B0B69E5BA5F7B4D0C1257E5A0035DD3A
Sat, 24 Oct 2015 18:46:18 - FETCH DOC: http://www.dz-rs.si/wps/portal/Home/deloDZ/seje/evidenca?mandat=VII&type=dt&uid=F73F4F123C697E07C1257E5A003EA7E4
Sat, 24 Oct 2015 18:46:18 - FETCH SESSION: http://www.dz-rs.si/wps/portal/Home/deloDZ/seje/izbranaSejaDt?mandat=VII&seja=32%20044.%20Redna&uid=8E9F6644E5C508F9C1257E5A00266697
Sat, 24 Oct 2015 18:46:19 - FETCH DOC: http://www.dz-rs.si/wps/portal/Home/deloDZ/seje/evidenca?mandat=VII&type=dt&uid=66372400B5634FB9C1257E5A002BEFE1
Sat, 24 Oct 2015 18:46:19 - FETCH DOC: http://www.dz-rs.si/wps/portal/Home/deloDZ/seje/evidenca?mandat=VII&type=dt&uid=40278097A54EA491C1257E5B00383847
Sat, 24 Oct 2015 18:46:20 - FETCH DOC: http://www.dz-rs.si/wps/portal/Home/deloDZ/seje/evidenca?mandat=VII&type=dt&uid=89E0C4296F80D016C1257E5E003834D2
Sat, 24 Oct 2015 18:46:20 - FETCH DOC: http://www.dz-rs.si/wps/portal/Home/deloDZ/seje/evidenca?mandat=VII&type=dt&uid=DA10809BBDB300CDC1257E5E0040C41E
Sat, 24 Oct 2015 18:46:20 - FETCH SESSION: http://www.dz-rs.si/wps/portal/Home/deloDZ/seje/izbranaSejaDt?mandat=VII&seja=32%20043.%20Redna&uid=F3BD76DA1CCC0962C1257E510044B7E5
Sat, 24 Oct 2015 18:46:21 - FETCH DOC: http://www.dz-rs.si/wps/portal/Home/deloDZ/seje/evidenca?mandat=VII&type=dt&uid=6E12393AD515F312C1257E5100493714
Sat, 24 Oct 2015 18:46:21 - FETCH DOC: http://www.dz-rs.si/wps/portal/Home/deloDZ/seje/evidenca?mandat=VII&type=dt&uid=358912B53F9C828AC1257E5A0047EF6E
Sat, 24 Oct 2015 18:46:21 - FETCH SESSION: http://www.dz-rs.si/wps/portal/Home/deloDZ/seje/izbranaSejaDt?mandat=VII&seja=32%20013.%20Nujna&uid=463CFF523D416D91C1257E5100461473
Sat, 24 Oct 2015 18:46:22 - FETCH DOC: http://www.dz-rs.si/wps/portal/Home/deloDZ/seje/evidenca?mandat=VII&type=dt&uid=2D5FA38B56892D29C1257E5200209695
Sat, 24 Oct 2015 18:46:22 - FETCH SESSION: http://www.dz-rs.si/wps/portal/Home/deloDZ/seje/izbranaSejaDt?mandat=VII&seja=32%20042.%20Redna&uid=21861DC866C7D8A9C1257E4D0023C74B
Sat, 24 Oct 2015 18:46:23 - FETCH DOC: http://www.dz-rs.si/wps/portal/Home/deloDZ/seje/evidenca?mandat=VII&type=dt&uid=E83AF261F1CED9B2C1257E4D002E27B1
Sat, 24 Oct 2015 18:46:23 - FETCH DOC: http://www.dz-rs.si/wps/portal/Home/deloDZ/seje/evidenca?mandat=VII&type=dt&uid=1B4EB0832CDDBB65C1257E5000443639
Sat, 24 Oct 2015 18:46:24 - FETCH DOC: http://www.dz-rs.si/wps/portal/Home/deloDZ/seje/evidenca?mandat=VII&type=dt&uid=DBB4CD2AC691BAE7C1257E53004559FD
Sat, 24 Oct 2015 18:46:24 - FETCH SESSION: http://www.dz-rs.si/wps/portal/Home/deloDZ/seje/izbranaSejaDt?mandat=VII&seja=32%20041.%20Redna&uid=4EEF81564800C7B2C1257E45002FAB4B
Sat, 24 Oct 2015 18:46:25 - FETCH DOC: http://www.dz-rs.si/wps/portal/Home/deloDZ/seje/evidenca?mandat=VII&type=dt&uid=2E07F77557308F26C1257E45003A5C47
Sat, 24 Oct 2015 18:46:25 - FETCH DOC: http://www.dz-rs.si/wps/portal/Home/deloDZ/seje/evidenca?mandat=VII&type=dt&uid=17FC7A8F8FC474AEC1257E4A001DED85
Sat, 24 Oct 2015 18:46:25 - FETCH SESSION: http://www.dz-rs.si/wps/portal/Home/deloDZ/seje/izbranaSejaDt?mandat=VII&seja=32%20040.%20Redna&uid=0923B19787CB34C5C1257E45002F3BE2
Sat, 24 Oct 2015 18:46:26 - FETCH DOC: http://www.dz-rs.si/wps/portal/Home/deloDZ/seje/evidenca?mandat=VII&type=dt&uid=D20C07372BCF2398C1257E46001FA247
Sat, 24 Oct 2015 18:46:26 - FETCH DOC: http://www.dz-rs.si/wps/portal/Home/deloDZ/seje/evidenca?mandat=VII&type=dt&uid=42DBDC0945D7D6FEC1257E4A00260E06
Sat, 24 Oct 2015 18:46:26 - FETCH SESSION: http://www.dz-rs.si/wps/portal/Home/deloDZ/seje/izbranaSejaDt?mandat=VII&seja=32%20039.%20Redna&uid=5AAEDCE5C5A110E1C1257E4400372344
Sat, 24 Oct 2015 18:46:27 - FETCH DOC: http://www.dz-rs.si/wps/portal/Home/deloDZ/seje/evidenca?mandat=VII&type=dt&uid=DFA1212176DE8D4CC1257E44003C9181
Sat, 24 Oct 2015 18:46:27 - FETCH SESSION: http://www.dz-rs.si/wps/portal/Home/deloDZ/seje/izbranaSejaDt?mandat=VII&seja=32%20038.%20Redna&uid=11552243FC2649B2C1257E3C00343345
Sat, 24 Oct 2015 18:46:28 - FETCH DOC: http://www.dz-rs.si/wps/portal/Home/deloDZ/seje/evidenca?mandat=VII&type=dt&uid=3CB83424C24E37E0C1257E3E0021656C
Sat, 24 Oct 2015 18:46:28 - FETCH SESSION: http://www.dz-rs.si/wps/portal/Home/deloDZ/seje/izbranaSejaDt?mandat=VII&seja=32%20037.%20Redna&uid=76A14E6CB886B0F0C1257E3C00341F8C
Sat, 24 Oct 2015 18:46:28 - FETCH DOC: http://www.dz-rs.si/wps/portal/Home/deloDZ/seje/evidenca?mandat=VII&type=dt&uid=5B476124A7DA1415C1257E3D00473BB1
Sat, 24 Oct 2015 18:46:29 - FETCH SESSION: http://www.dz-rs.si/wps/portal/Home/deloDZ/seje/izbranaSejaDt?mandat=VII&seja=32%20036.%20Redna&uid=A5558AF67337539FC1257E2F0020E821
Sat, 24 Oct 2015 18:46:30 - FETCH DOC: http://www.dz-rs.si/wps/portal/Home/deloDZ/seje/evidenca?mandat=VII&type=dt&uid=57B4766CC48BA0E9C1257E2F0034CC5C
Sat, 24 Oct 2015 18:46:30 - FETCH SESSION: http://www.dz-rs.si/wps/portal/Home/deloDZ/seje/izbranaSejaDt?mandat=VII&seja=32%20035.%20Redna&uid=CB2D660D198BD829C1257E2F0020A96C
Sat, 24 Oct 2015 18:46:31 - FETCH DOC: http://www.dz-rs.si/wps/portal/Home/deloDZ/seje/evidenca?mandat=VII&type=dt&uid=421347491316FCDDC1257E2F0030451F
Sat, 24 Oct 2015 18:46:31 - FETCH SESSION: http://www.dz-rs.si/wps/portal/Home/deloDZ/seje/izbranaSejaDt?mandat=VII&seja=32%20034.%20Redna&uid=90B6BB6145D39631C1257E200048BC50
Sat, 24 Oct 2015 18:46:32 - FETCH DOC: http://www.dz-rs.si/wps/portal/Home/deloDZ/seje/evidenca?mandat=VII&type=dt&uid=88B5135A3DC0ABF5C1257E2100441F41
Sat, 24 Oct 2015 18:46:32 - FETCH SESSION: http://www.dz-rs.si/wps/portal/Home/deloDZ/seje/izbranaSejaDt?mandat=VII&seja=32%20033.%20Redna&uid=08BAC9B4D47105C8C1257E200045A5CF
Sat, 24 Oct 2015 18:46:33 - FETCH DOC: http://www.dz-rs.si/wps/portal/Home/deloDZ/seje/evidenca?mandat=VII&type=dt&uid=E1651C6CA2AF829FC1257E210040A812
Sat, 24 Oct 2015 18:46:33 - FETCH SESSION: http://www.dz-rs.si/wps/portal/Home/deloDZ/seje/izbranaSejaDt?mandat=VII&seja=32%20012.%20Nujna&uid=5F9DFE46C82A9BFCC1257E280023C74F
Sat, 24 Oct 2015 18:46:34 - FETCH DOC: http://www.dz-rs.si/wps/portal/Home/deloDZ/seje/evidenca?mandat=VII&type=dt&uid=003F1CA671E3CB58C1257E2800328D09
Sat, 24 Oct 2015 18:46:34 - FETCH SESSION: http://www.dz-rs.si/wps/portal/Home/deloDZ/seje/izbranaSejaDt?mandat=VII&seja=32%20011.%20Nujna&uid=871DC311A7026DD1C1257E19003A05DC
Sat, 24 Oct 2015 18:46:35 - FETCH DOC: http://www.dz-rs.si/wps/portal/Home/deloDZ/seje/evidenca?mandat=VII&type=dt&uid=8ED24758B0FD5528C1257E1B00294748
Sat, 24 Oct 2015 18:46:35 - FETCH DOC: http://www.dz-rs.si/wps/portal/Home/deloDZ/seje/evidenca?mandat=VII&type=dt&uid=5FC291FEC30236B1C1257E200043D59C
Sat, 24 Oct 2015 18:46:35 - FETCH SESSION: http://www.dz-rs.si/wps/portal/Home/deloDZ/seje/izbranaSejaDt?mandat=VII&seja=32%20032.%20Redna&uid=C997005C53083700C1257E12002D0F13
Sat, 24 Oct 2015 18:46:36 - FETCH DOC: http://www.dz-rs.si/wps/portal/Home/deloDZ/seje/evidenca?mandat=VII&type=dt&uid=471A4AE3F9A9900DC1257E140038DAD4
Sat, 24 Oct 2015 18:46:36 - FETCH DOC: http://www.dz-rs.si/wps/portal/Home/deloDZ/seje/evidenca?mandat=VII&type=dt&uid=030009CDD2770CD1C1257E2000284443
Sat, 24 Oct 2015 18:46:37 - FETCH DOC: http://www.dz-rs.si/wps/portal/Home/deloDZ/seje/evidenca?mandat=VII&type=dt&uid=AE6FBDDD1134AFDDC1257E2000413CAB
Sat, 24 Oct 2015 18:46:37 - FETCH DOC: http://www.dz-rs.si/wps/portal/Home/deloDZ/seje/evidenca?mandat=VII&type=dt&uid=64045190CBDD9B70C1257E21002950D3
Sat, 24 Oct 2015 18:46:37 - FETCH DOC: http://www.dz-rs.si/wps/portal/Home/deloDZ/seje/evidenca?mandat=VII&type=dt&uid=A17BAE29BA4F22E1C1257E21004004A3
Sat, 24 Oct 2015 18:46:37 - FETCH SESSION: http://www.dz-rs.si/wps/portal/Home/deloDZ/seje/izbranaSejaDt?mandat=VII&seja=32%20031.%20Redna&uid=EBA67A9C4060E3DDC1257E05004DD371
Sat, 24 Oct 2015 18:46:38 - FETCH DOC: http://www.dz-rs.si/wps/portal/Home/deloDZ/seje/evidenca?mandat=VII&type=dt&uid=558D76FECE4C11AEC1257E060032F0CD
Sat, 24 Oct 2015 18:46:38 - FETCH SESSION: http://www.dz-rs.si/wps/portal/Home/deloDZ/seje/izbranaSejaDt?mandat=VII&seja=32%20030.%20Redna&uid=42EB090DADE5B2E4C1257E05004DC4EB
Sat, 24 Oct 2015 18:46:39 - FETCH DOC: http://www.dz-rs.si/wps/portal/Home/deloDZ/seje/evidenca?mandat=VII&type=dt&uid=77D508243E082B8EC1257E06002DD920
Sat, 24 Oct 2015 18:46:39 - FETCH DOC: http://www.dz-rs.si/wps/portal/Home/deloDZ/seje/evidenca?mandat=VII&type=dt&uid=3A795A761FBEDD47C1257E0A003F5788
Sat, 24 Oct 2015 18:46:40 - FETCH DOC: http://www.dz-rs.si/wps/portal/Home/deloDZ/seje/evidenca?mandat=VII&type=dt&uid=5DB3ABC27EB0AD5FC1257E0D004EAAD3
Sat, 24 Oct 2015 18:46:40 - FETCH SESSION: http://www.dz-rs.si/wps/portal/Home/deloDZ/seje/izbranaSejaDt?mandat=VII&seja=32%20029.%20Redna&uid=C87D93A7E3EBFCAEC1257DFE003F8333
Sat, 24 Oct 2015 18:46:41 - FETCH DOC: http://www.dz-rs.si/wps/portal/Home/deloDZ/seje/evidenca?mandat=VII&type=dt&uid=24A289C7EFF61FB6C1257DFE00460216
Sat, 24 Oct 2015 18:46:41 - FETCH DOC: http://www.dz-rs.si/wps/portal/Home/deloDZ/seje/evidenca?mandat=VII&type=dt&uid=228206F11F05A9F3C1257E0600472CC6
Sat, 24 Oct 2015 18:46:41 - FETCH SESSION: http://www.dz-rs.si/wps/portal/Home/deloDZ/seje/izbranaSejaDt?mandat=VII&seja=32%20028.%20Redna&uid=44D9DA0DAE4E1FCFC1257DF700296F06
Sat, 24 Oct 2015 18:46:42 - FETCH DOC: http://www.dz-rs.si/wps/portal/Home/deloDZ/seje/evidenca?mandat=VII&type=dt&uid=4B1A8911DADB8DE4C1257DF7003F59D9
Sat, 24 Oct 2015 18:46:42 - FETCH DOC: http://www.dz-rs.si/wps/portal/Home/deloDZ/seje/evidenca?mandat=VII&type=dt&uid=446B9BFD157F863DC1257DFF004E567E
Sat, 24 Oct 2015 18:46:42 - FETCH SESSION: http://www.dz-rs.si/wps/portal/Home/deloDZ/seje/izbranaSejaDt?mandat=VII&seja=32%20027.%20Redna&uid=3D73EB2E064E042EC1257DF60030BB70
Sat, 24 Oct 2015 18:46:43 - FETCH DOC: http://www.dz-rs.si/wps/portal/Home/deloDZ/seje/evidenca?mandat=VII&type=dt&uid=FD432DA882AEAAF6C1257DF6004A8D44
Sat, 24 Oct 2015 18:46:43 - FETCH DOC: http://www.dz-rs.si/wps/portal/Home/deloDZ/seje/evidenca?mandat=VII&type=dt&uid=50DA25313BAC7F6AC1257DFC003489E3
Sat, 24 Oct 2015 18:46:44 - FETCH SESSION: http://www.dz-rs.si/wps/portal/Home/deloDZ/seje/izbranaSejaDt?mandat=VII&seja=32%20026.%20Redna&uid=6DFF090C54ACD4A0C1257DEF0038DA62
Sat, 24 Oct 2015 18:46:44 - FETCH DOC: http://www.dz-rs.si/wps/portal/Home/deloDZ/seje/evidenca?mandat=VII&type=dt&uid=925350A1BBB5EA4BC1257DEF003C6E69
Sat, 24 Oct 2015 18:46:44 - FETCH SESSION: http://www.dz-rs.si/wps/portal/Home/deloDZ/seje/izbranaSejaDt?mandat=VII&seja=32%20025.%20Redna&uid=957C1C2F068C3442C1257DE70035BE53
Sat, 24 Oct 2015 18:46:45 - FETCH DOC: http://www.dz-rs.si/wps/portal/Home/deloDZ/seje/evidenca?mandat=VII&type=dt&uid=0D26D259FB1F0490C1257DE7003B4ECE
Sat, 24 Oct 2015 18:46:45 - FETCH SESSION: http://www.dz-rs.si/wps/portal/Home/deloDZ/seje/izbranaSejaDt?mandat=VII&seja=32%20024.%20Redna&uid=16FD4E9F0DBDAF1EC1257DE20049D7CE
Sat, 24 Oct 2015 18:46:46 - FETCH DOC: http://www.dz-rs.si/wps/portal/Home/deloDZ/seje/evidenca?mandat=VII&type=dt&uid=F42B4236C1E4699DC1257DE3003701EA
Sat, 24 Oct 2015 18:46:47 - FETCH SESSION: http://www.dz-rs.si/wps/portal/Home/deloDZ/seje/izbranaSejaDt?mandat=VII&seja=32%20023.%20Redna&uid=342669F33426F8FCC1257DE2004666DE
Sat, 24 Oct 2015 18:46:48 - FETCH DOC: http://www.dz-rs.si/wps/portal/Home/deloDZ/seje/evidenca?mandat=VII&type=dt&uid=690334F15C152ADBC1257DE300303DD5
Sat, 24 Oct 2015 18:46:48 - FETCH DOC: http://www.dz-rs.si/wps/portal/Home/deloDZ/seje/evidenca?mandat=VII&type=dt&uid=0099EA8D554FDDABC1257DE7003A7450
Sat, 24 Oct 2015 18:46:48 - FETCH DOC: http://www.dz-rs.si/wps/portal/Home/deloDZ/seje/evidenca?mandat=VII&type=dt&uid=FF57B6860FF9311CC1257DEA004D516E
Sat, 24 Oct 2015 18:46:48 - FETCH SESSION: http://www.dz-rs.si/wps/portal/Home/deloDZ/seje/izbranaSejaDt?mandat=VII&seja=32%20022.%20Redna&uid=744919177FB948FFC1257DDA003D336A
Sat, 24 Oct 2015 18:46:49 - FETCH DOC: http://www.dz-rs.si/wps/portal/Home/deloDZ/seje/evidenca?mandat=VII&type=dt&uid=514ECB265E0F87B2C1257DDA00415B7A
Sat, 24 Oct 2015 18:46:49 - FETCH DOC: http://www.dz-rs.si/wps/portal/Home/deloDZ/seje/evidenca?mandat=VII&type=dt&uid=6361F039AA5B1759C1257DE3004669AE
Sat, 24 Oct 2015 18:46:50 - FETCH SESSION: http://www.dz-rs.si/wps/portal/Home/deloDZ/seje/izbranaSejaDt?mandat=VII&seja=32%20010.%20Nujna&uid=BB320AD4E7C422B3C1257DDC00394529
Sat, 24 Oct 2015 18:46:50 - FETCH DOC: http://www.dz-rs.si/wps/portal/Home/deloDZ/seje/evidenca?mandat=VII&type=dt&uid=C45EAB8710264365C1257DE000296EAB
Sat, 24 Oct 2015 18:46:51 - FETCH DOC: http://www.dz-rs.si/wps/portal/Home/deloDZ/seje/evidenca?mandat=VII&type=dt&uid=807671E28A9E5390C1257DE3004E980A
Sat, 24 Oct 2015 18:46:51 - FETCH SESSION: http://www.dz-rs.si/wps/portal/Home/deloDZ/seje/izbranaSejaDt?mandat=VII&seja=32%20021.%20Redna&uid=5288D073DFD25DF6C1257DCC002F1FB1
Sat, 24 Oct 2015 18:46:52 - FETCH DOC: http://www.dz-rs.si/wps/portal/Home/deloDZ/seje/evidenca?mandat=VII&type=dt&uid=2380A28A3AD0EF66C1257DCC00336CDF
Sat, 24 Oct 2015 18:46:52 - FETCH DOC: http://www.dz-rs.si/wps/portal/Home/deloDZ/seje/evidenca?mandat=VII&type=dt&uid=A450FE21637BD26DC1257DD30030ED68
Sat, 24 Oct 2015 18:46:52 - FETCH SESSION: http://www.dz-rs.si/wps/portal/Home/deloDZ/seje/izbranaSejaDt?mandat=VII&seja=32%20020.%20Redna&uid=4437E65DE4D13DBCC1257DB20036B1A1
Sat, 24 Oct 2015 18:46:53 - FETCH DOC: http://www.dz-rs.si/wps/portal/Home/deloDZ/seje/evidenca?mandat=VII&type=dt&uid=EBCCE288A563D53BC1257DB2004D5588
Sat, 24 Oct 2015 18:46:53 - FETCH DOC: http://www.dz-rs.si/wps/portal/Home/deloDZ/seje/evidenca?mandat=VII&type=dt&uid=DE181EF2A3EF783BC1257DC40048E078
Sat, 24 Oct 2015 18:46:53 - FETCH DOC: http://www.dz-rs.si/wps/portal/Home/deloDZ/seje/evidenca?mandat=VII&type=dt&uid=C8F59C0CA720906BC1257DC70049F813
Sat, 24 Oct 2015 18:46:54 - FETCH DOC: http://www.dz-rs.si/wps/portal/Home/deloDZ/seje/evidenca?mandat=VII&type=dt&uid=903EA0D497ABEDF4C1257DCE0046E29B
Sat, 24 Oct 2015 18:46:54 - FETCH SESSION: http://www.dz-rs.si/wps/portal/Home/deloDZ/seje/izbranaSejaDt?mandat=VII&seja=32%20019.%20Redna&uid=434C9D816F25FA54C1257DAB0034F737
Sat, 24 Oct 2015 18:46:55 - FETCH DOC: http://www.dz-rs.si/wps/portal/Home/deloDZ/seje/evidenca?mandat=VII&type=dt&uid=F9736F2EB07174D7C1257DAB003C1C32
Sat, 24 Oct 2015 18:46:55 - FETCH DOC: http://www.dz-rs.si/wps/portal/Home/deloDZ/seje/evidenca?mandat=VII&type=dt&uid=65DD14135A5CEB39C1257DC8003B5DF4
Sat, 24 Oct 2015 18:46:55 - FETCH SESSION: http://www.dz-rs.si/wps/portal/Home/deloDZ/seje/izbranaSejaDt?mandat=VII&seja=32%20018.%20Redna&uid=7595448909DBA685C1257DA5003D67CD
Sat, 24 Oct 2015 18:46:56 - FETCH DOC: http://www.dz-rs.si/wps/portal/Home/deloDZ/seje/evidenca?mandat=VII&type=dt&uid=133C73BE2AD53603C1257DA50044518B
Sat, 24 Oct 2015 18:46:56 - FETCH SESSION: http://www.dz-rs.si/wps/portal/Home/deloDZ/seje/izbranaSejaDt?mandat=VII&seja=32%20017.%20Redna&uid=D6CF030B526CD40CC1257DA4003B44A3
Sat, 24 Oct 2015 18:46:57 - FETCH DOC: http://www.dz-rs.si/wps/portal/Home/deloDZ/seje/evidenca?mandat=VII&type=dt&uid=A28DA978737B0693C1257DA40050D360
Sat, 24 Oct 2015 18:46:57 - FETCH DOC: http://www.dz-rs.si/wps/portal/Home/deloDZ/seje/evidenca?mandat=VII&type=dt&uid=E9BA9D13CF31A83FC1257DAA004D9631
Sat, 24 Oct 2015 18:46:57 - FETCH SESSION: http://www.dz-rs.si/wps/portal/Home/deloDZ/seje/izbranaSejaDt?mandat=VII&seja=32%20016.%20Redna&uid=3F1B5165C722A895C1257DA4002F03ED
Sat, 24 Oct 2015 18:46:59 - FETCH DOC: http://www.dz-rs.si/wps/portal/Home/deloDZ/seje/evidenca?mandat=VII&type=dt&uid=DC5E1369FB720175C1257DA40034EFC5
Sat, 24 Oct 2015 18:46:59 - FETCH DOC: http://www.dz-rs.si/wps/portal/Home/deloDZ/seje/evidenca?mandat=VII&type=dt&uid=275023355A53F012C1257DAB004EFF6C
Sat, 24 Oct 2015 18:46:59 - FETCH SESSION: http://www.dz-rs.si/wps/portal/Home/deloDZ/seje/izbranaSejaDt?mandat=VII&seja=32%20015.%20Redna&uid=1502BE7DBB13EEDCC1257DA4002C5F84
Sat, 24 Oct 2015 18:47:00 - FETCH DOC: http://www.dz-rs.si/wps/portal/Home/deloDZ/seje/evidenca?mandat=VII&type=dt&uid=FC4B088C786A9BBDC1257DA400301346
Sat, 24 Oct 2015 18:47:00 - FETCH SESSION: http://www.dz-rs.si/wps/portal/Home/deloDZ/seje/izbranaSejaDt?mandat=VII&seja=32%20014.%20Redna&uid=87F29F1FC86E9EFBC1257D950046F8A1
Sat, 24 Oct 2015 18:47:01 - FETCH DOC: http://www.dz-rs.si/wps/portal/Home/deloDZ/seje/evidenca?mandat=VII&type=dt&uid=6C0370C8828AFFCDC1257D95004859EA
Sat, 24 Oct 2015 18:47:01 - FETCH DOC: http://www.dz-rs.si/wps/portal/Home/deloDZ/seje/evidenca?mandat=VII&type=dt&uid=F5FA11A13035B314C1257D9D0030B470
Sat, 24 Oct 2015 18:47:01 - FETCH DOC: http://www.dz-rs.si/wps/portal/Home/deloDZ/seje/evidenca?mandat=VII&type=dt&uid=B5FBE470397CB0FCC1257DA5002CAC90
Sat, 24 Oct 2015 18:47:02 - FETCH SESSION: http://www.dz-rs.si/wps/portal/Home/deloDZ/seje/izbranaSejaDt?mandat=VII&seja=32%20013.%20Redna&uid=ADBDF7FF95C699D6C1257D93004ACD12
Sat, 24 Oct 2015 18:47:02 - FETCH DOC: http://www.dz-rs.si/wps/portal/Home/deloDZ/seje/evidenca?mandat=VII&type=dt&uid=63EC9A01C86771D6C1257D940026CCD4
Sat, 24 Oct 2015 18:47:03 - FETCH DOC: http://www.dz-rs.si/wps/portal/Home/deloDZ/seje/evidenca?mandat=VII&type=dt&uid=E9CF29F5EDE88811C1257D9E002DEAC4
Sat, 24 Oct 2015 18:47:03 - FETCH SESSION: http://www.dz-rs.si/wps/portal/Home/deloDZ/seje/izbranaSejaDt?mandat=VII&seja=32%20012.%20Redna&uid=3526613DA15EBAFEC1257D8F0030871D
Sat, 24 Oct 2015 18:47:04 - FETCH DOC: http://www.dz-rs.si/wps/portal/Home/deloDZ/seje/evidenca?mandat=VII&type=dt&uid=53DAFA73B7D99EADC1257D8F00393807
Sat, 24 Oct 2015 18:47:04 - FETCH DOC: http://www.dz-rs.si/wps/portal/Home/deloDZ/seje/evidenca?mandat=VII&type=dt&uid=1D8A1A749B40DA3DC1257D9B004D6BC2
Sat, 24 Oct 2015 18:47:04 - FETCH SESSION: http://www.dz-rs.si/wps/portal/Home/deloDZ/seje/izbranaSejaDt?mandat=VII&seja=32%20011.%20Redna&uid=2E7218911486A0B5C1257D8D00464613
Sat, 24 Oct 2015 18:47:05 - FETCH DOC: http://www.dz-rs.si/wps/portal/Home/deloDZ/seje/evidenca?mandat=VII&type=dt&uid=1B7ABF017BAEB529C1257D8D004E4CA6
Sat, 24 Oct 2015 18:47:06 - FETCH DOC: http://www.dz-rs.si/wps/portal/Home/deloDZ/seje/evidenca?mandat=VII&type=dt&uid=64C6CA60E452D0A2C1257D960053A8B3
Sat, 24 Oct 2015 18:47:06 - FETCH DOC: http://www.dz-rs.si/wps/portal/Home/deloDZ/seje/evidenca?mandat=VII&type=dt&uid=2E1B74775BA3FE05C1257D97004A4246
Sat, 24 Oct 2015 18:47:06 - FETCH SESSION: http://www.dz-rs.si/wps/portal/Home/deloDZ/seje/izbranaSejaDt?mandat=VII&seja=32%20010.%20Redna&uid=F7662161DCC3B087C1257D88002F4861
Sat, 24 Oct 2015 18:47:07 - FETCH DOC: http://www.dz-rs.si/wps/portal/Home/deloDZ/seje/evidenca?mandat=VII&type=dt&uid=E39006AE3D4332E6C1257D8800381A61
Sat, 24 Oct 2015 18:47:07 - FETCH DOC: http://www.dz-rs.si/wps/portal/Home/deloDZ/seje/evidenca?mandat=VII&type=dt&uid=AB22909E8439BCD1C1257D8F004F1A5C
Sat, 24 Oct 2015 18:47:08 - FETCH SESSION: http://www.dz-rs.si/wps/portal/Home/deloDZ/seje/izbranaSejaDt?mandat=VII&seja=32%20009.%20Redna&uid=97502A0EA4BFF29AC1257D7E0031C59A
Sat, 24 Oct 2015 18:47:09 - FETCH DOC: http://www.dz-rs.si/wps/portal/Home/deloDZ/seje/evidenca?mandat=VII&type=dt&uid=AB759733FE080BB2C1257D7E0040A3B2
Sat, 24 Oct 2015 18:47:09 - FETCH DOC: http://www.dz-rs.si/wps/portal/Home/deloDZ/seje/evidenca?mandat=VII&type=dt&uid=11B5014F25479708C1257D8700423250
Sat, 24 Oct 2015 18:47:10 - FETCH DOC: http://www.dz-rs.si/wps/portal/Home/deloDZ/seje/evidenca?mandat=VII&type=dt&uid=7B3D2B7FCCAB7032C1257D88004A338F
Sat, 24 Oct 2015 18:47:10 - FETCH SESSION: http://www.dz-rs.si/wps/portal/Home/deloDZ/seje/izbranaSejaDt?mandat=VI&seja=32%20112.%20Redna&uid=AB5E070CDB16A31BC1257D1F005A8FC0
Sat, 24 Oct 2015 18:47:10 - FETCH DOC: http://www.dz-rs.si/wps/portal/Home/deloDZ/seje/evidenca?mandat=VI&type=dt&uid=03E48ACE0D52592BC1257D1F005A8FC9
Sat, 24 Oct 2015 18:47:11 - FETCH DOC: http://www.dz-rs.si/wps/portal/Home/deloDZ/seje/evidenca?mandat=VI&type=dt&uid=2F05D13C67F9486AC1257D1F005A904D
Sat, 24 Oct 2015 18:47:11 - FETCH SESSION: http://www.dz-rs.si/wps/portal/Home/deloDZ/seje/izbranaSejaDt?mandat=VI&seja=32%20111.%20Redna&uid=3ECB7801D1C20DAAC1257D1F005A8F24
Sat, 24 Oct 2015 18:47:12 - FETCH DOC: http://www.dz-rs.si/wps/portal/Home/deloDZ/seje/evidenca?mandat=VI&type=dt&uid=0D0FDB545D177FF4C1257D1F005A8F33
Sat, 24 Oct 2015 18:47:12 - FETCH DOC: http://www.dz-rs.si/wps/portal/Home/deloDZ/seje/evidenca?mandat=VI&type=dt&uid=6D461A603B3AE0A7C1257D1F005A8F7C
Sat, 24 Oct 2015 18:47:12 - FETCH DOC: http://www.dz-rs.si/wps/portal/Home/deloDZ/seje/evidenca?mandat=VI&type=dt&uid=AFB632FA407700D0C1257D1F005A8FDE
Sat, 24 Oct 2015 18:47:12 - FETCH SESSION: http://www.dz-rs.si/wps/portal/Home/deloDZ/seje/izbranaSejaDt?mandat=VI&seja=32%20110.%20Redna&uid=24D25BCC923CAFA2C1257D1F005A8E6F
Sat, 24 Oct 2015 18:47:13 - FETCH DOC: http://www.dz-rs.si/wps/portal/Home/deloDZ/seje/evidenca?mandat=VI&type=dt&uid=C13F0175DA186145C1257D1F005A8E73
Sat, 24 Oct 2015 18:47:14 - FETCH DOC: http://www.dz-rs.si/wps/portal/Home/deloDZ/seje/evidenca?mandat=VI&type=dt&uid=BA6CC2E2D5ACEEF1C1257D1F005A8F28
Sat, 24 Oct 2015 18:47:14 - FETCH SESSION: http://www.dz-rs.si/wps/portal/Home/deloDZ/seje/izbranaSejaDt?mandat=VI&seja=32%20109.%20Redna&uid=C402046F6DEAF8CFC1257D1F005A8DD1
Sat, 24 Oct 2015 18:47:15 - FETCH DOC: http://www.dz-rs.si/wps/portal/Home/deloDZ/seje/evidenca?mandat=VI&type=dt&uid=74182C21E9D257E9C1257D1F005A8DE7
Sat, 24 Oct 2015 18:47:15 - FETCH DOC: http://www.dz-rs.si/wps/portal/Home/deloDZ/seje/evidenca?mandat=VI&type=dt&uid=A68FE7913DE9192CC1257D1F005A8EAA
Sat, 24 Oct 2015 18:47:15 - FETCH SESSION: http://www.dz-rs.si/wps/portal/Home/deloDZ/seje/izbranaSejaDt?mandat=VI&seja=32%20108.%20Redna&uid=A3A5037E2B75A9A4C1257D1F005A8D4E
Sat, 24 Oct 2015 18:47:16 - FETCH DOC: http://www.dz-rs.si/wps/portal/Home/deloDZ/seje/evidenca?mandat=VI&type=dt&uid=6F8CD506EA524B38C1257D1F005A8D53
Sat, 24 Oct 2015 18:47:16 - FETCH DOC: http://www.dz-rs.si/wps/portal/Home/deloDZ/seje/evidenca?mandat=VI&type=dt&uid=0CC47BA1DCC50304C1257D1F005A8E28
Sat, 24 Oct 2015 18:47:16 - FETCH SESSION: http://www.dz-rs.si/wps/portal/Home/deloDZ/seje/izbranaSejaDt?mandat=VI&seja=32%20107.%20Redna&uid=411DEEB11074643FC1257D1F005A8C5D
Sat, 24 Oct 2015 18:47:17 - FETCH DOC: http://www.dz-rs.si/wps/portal/Home/deloDZ/seje/evidenca?mandat=VI&type=dt&uid=C201A21F66B7029EC1257D1F005A8C71
Sat, 24 Oct 2015 18:47:17 - FETCH DOC: http://www.dz-rs.si/wps/portal/Home/deloDZ/seje/evidenca?mandat=VI&type=dt&uid=81FF749BD0D9D897C1257D1F005A8D23
Sat, 24 Oct 2015 18:47:18 - FETCH DOC: http://www.dz-rs.si/wps/portal/Home/deloDZ/seje/evidenca?mandat=VI&type=dt&uid=27A82640DF064F1AC1257D1F005A8D89
Sat, 24 Oct 2015 18:47:18 - FETCH SESSION: http://www.dz-rs.si/wps/portal/Home/deloDZ/seje/izbranaSejaDt?mandat=VI&seja=32%20037.%20Nujna&uid=C9C3D1321087EF62C1257D1F005A8D64
Sat, 24 Oct 2015 18:47:19 - FETCH DOC: http://www.dz-rs.si/wps/portal/Home/deloDZ/seje/evidenca?mandat=VI&type=dt&uid=44B156F073446053C1257D1F005A8D78
Sat, 24 Oct 2015 18:47:19 - FETCH DOC: http://www.dz-rs.si/wps/portal/Home/deloDZ/seje/evidenca?mandat=VI&type=dt&uid=AC54D0021C9D67B0C1257D1F005A8D92
Sat, 24 Oct 2015 18:47:19 - FETCH DOC: http://www.dz-rs.si/wps/portal/Home/deloDZ/seje/evidenca?mandat=VI&type=dt&uid=427D6355FDC76594C1257D1F005A8E5C
Sat, 24 Oct 2015 18:47:19 - FETCH SESSION: http://www.dz-rs.si/wps/portal/Home/deloDZ/seje/izbranaSejaDt?mandat=VI&seja=32%20106.%20Redna&uid=3EEE702CD87B16EFC1257D1F005A8B9D
Sat, 24 Oct 2015 18:47:20 - FETCH DOC: http://www.dz-rs.si/wps/portal/Home/deloDZ/seje/evidenca?mandat=VI&type=dt&uid=B32929B24E158004C1257D1F005A8BA7
Sat, 24 Oct 2015 18:47:20 - FETCH DOC: http://www.dz-rs.si/wps/portal/Home/deloDZ/seje/evidenca?mandat=VI&type=dt&uid=52DF8A7D55F78172C1257D1F005A8C98
Sat, 24 Oct 2015 18:47:21 - FETCH DOC: http://www.dz-rs.si/wps/portal/Home/deloDZ/seje/evidenca?mandat=VI&type=dt&uid=04B8333F0D3F7CAFC1257D1F005A8CB4
Sat, 24 Oct 2015 18:47:21 - FETCH SESSION: http://www.dz-rs.si/wps/portal/Home/deloDZ/seje/izbranaSejaDt?mandat=VI&seja=32%20105.%20Redna&uid=36A337914264ECA5C1257D1F005A8B93
Sat, 24 Oct 2015 18:47:22 - FETCH DOC: http://www.dz-rs.si/wps/portal/Home/deloDZ/seje/evidenca?mandat=VI&type=dt&uid=D2FFC914F6489161C1257D1F005A8B9A
Sat, 24 Oct 2015 18:47:22 - FETCH DOC: http://www.dz-rs.si/wps/portal/Home/deloDZ/seje/evidenca?mandat=VI&type=dt&uid=94523789E0B7F154C1257D1F005A8C58
Sat, 24 Oct 2015 18:47:22 - FETCH SESSION: http://www.dz-rs.si/wps/portal/Home/deloDZ/seje/izbranaSejaDt?mandat=VI&seja=32%20036.%20Nujna&uid=C32612422C0F9B60C1257D1F005A8C10
Sat, 24 Oct 2015 18:47:23 - FETCH DOC: http://www.dz-rs.si/wps/portal/Home/deloDZ/seje/evidenca?mandat=VI&type=dt&uid=EFCE4E15ECA89A5AC1257D1F005A8C19
Sat, 24 Oct 2015 18:47:23 - FETCH SESSION: http://www.dz-rs.si/wps/portal/Home/deloDZ/seje/izbranaSejaDt?mandat=VI&seja=32%20035.%20Nujna&uid=38757A5DED61F2EFC1257D1F005A8B7A
Sat, 24 Oct 2015 18:47:24 - FETCH DOC: http://www.dz-rs.si/wps/portal/Home/deloDZ/seje/evidenca?mandat=VI&type=dt&uid=49F42FABE24260E2C1257D1F005A8B7E
Sat, 24 Oct 2015 18:47:24 - FETCH SESSION: http://www.dz-rs.si/wps/portal/Home/deloDZ/seje/izbranaSejaDt?mandat=VI&seja=32%20104.%20Redna&uid=80434A48B62EF1B3C1257D1F005A8AA0
Sat, 24 Oct 2015 18:47:25 - FETCH DOC: http://www.dz-rs.si/wps/portal/Home/deloDZ/seje/evidenca?mandat=VI&type=dt&uid=8FF63C31904B1F1BC1257D1F005A8AA5
Sat, 24 Oct 2015 18:47:25 - FETCH SESSION: http://www.dz-rs.si/wps/portal/Home/deloDZ/seje/izbranaSejaDt?mandat=VI&seja=32%20103.%20Redna&uid=C5615FF72F0EC586C1257D1F005A8A53
Sat, 24 Oct 2015 18:47:25 - FETCH DOC: http://www.dz-rs.si/wps/portal/Home/deloDZ/seje/evidenca?mandat=VI&type=dt&uid=408EE4DE62201D4CC1257D1F005A8A59
Sat, 24 Oct 2015 18:47:26 - FETCH DOC: http://www.dz-rs.si/wps/portal/Home/deloDZ/seje/evidenca?mandat=VI&type=dt&uid=55B77B9336C360CBC1257D1F005A8A92
Sat, 24 Oct 2015 18:47:26 - FETCH DOC: http://www.dz-rs.si/wps/portal/Home/deloDZ/seje/evidenca?mandat=VI&type=dt&uid=3EA7C56AD7F181B9C1257D1F005A8AD4
Sat, 24 Oct 2015 18:47:26 - FETCH SESSION: http://www.dz-rs.si/wps/portal/Home/deloDZ/seje/izbranaSejaDt?mandat=VI&seja=32%20034.%20Nujna&uid=6C51908E597249E9C1257D1F005A89D8
Sat, 24 Oct 2015 18:47:27 - FETCH DOC: http://www.dz-rs.si/wps/portal/Home/deloDZ/seje/evidenca?mandat=VI&type=dt&uid=31CD7E9507A4AB20C1257D1F005A89DE
Sat, 24 Oct 2015 18:47:28 - FETCH SESSION: http://www.dz-rs.si/wps/portal/Home/deloDZ/seje/izbranaSejaDt?mandat=VI&seja=32%20102.%20Redna&uid=EB5DA238884A75E8C1257D1F005A88A0
Sat, 24 Oct 2015 18:47:29 - FETCH DOC: http://www.dz-rs.si/wps/portal/Home/deloDZ/seje/evidenca?mandat=VI&type=dt&uid=C3C8178656501353C1257D1F005A88A3
Sat, 24 Oct 2015 18:47:29 - FETCH DOC: http://www.dz-rs.si/wps/portal/Home/deloDZ/seje/evidenca?mandat=VI&type=dt&uid=4A234DE99348722AC1257D1F005A8986
Sat, 24 Oct 2015 18:47:30 - FETCH DOC: http://www.dz-rs.si/wps/portal/Home/deloDZ/seje/evidenca?mandat=VI&type=dt&uid=C48EBA4C1C24A4F4C1257D1F005A8997
Sat, 24 Oct 2015 18:47:30 - FETCH SESSION: http://www.dz-rs.si/wps/portal/Home/deloDZ/seje/izbranaSejaDt?mandat=VI&seja=32%20101.%20Redna&uid=E355AE2B1340BBB2C1257D1F005A8842
Sat, 24 Oct 2015 18:47:30 - FETCH DOC: http://www.dz-rs.si/wps/portal/Home/deloDZ/seje/evidenca?mandat=VI&type=dt&uid=86B9DEC2475D2AEFC1257D1F005A8867
Sat, 24 Oct 2015 18:47:31 - FETCH DOC: http://www.dz-rs.si/wps/portal/Home/deloDZ/seje/evidenca?mandat=VI&type=dt&uid=4DB0807C993B2A4DC1257D1F005A8899
Sat, 24 Oct 2015 18:47:31 - FETCH DOC: http://www.dz-rs.si/wps/portal/Home/deloDZ/seje/evidenca?mandat=VI&type=dt&uid=A59C84ABB5A3A352C1257D1F005A8908
Sat, 24 Oct 2015 18:47:31 - FETCH SESSION: http://www.dz-rs.si/wps/portal/Home/deloDZ/seje/izbranaSejaDt?mandat=VI&seja=32%20033.%20Nujna&uid=AAD6ED279B435403C1257D1F005A88EF
Sat, 24 Oct 2015 18:47:32 - FETCH DOC: http://www.dz-rs.si/wps/portal/Home/deloDZ/seje/evidenca?mandat=VI&type=dt&uid=F940F0FC74D22429C1257D1F005A88F4
Sat, 24 Oct 2015 18:47:32 - FETCH DOC: http://www.dz-rs.si/wps/portal/Home/deloDZ/seje/evidenca?mandat=VI&type=dt&uid=3746B757BEB2EAD7C1257D1F005A892C
Sat, 24 Oct 2015 18:47:33 - FETCH SESSION: http://www.dz-rs.si/wps/portal/Home/deloDZ/seje/izbranaSejaDt?mandat=VI&seja=32%20100.%20Redna&uid=D63C4CEEC790712EC1257D1F005A8799
Sat, 24 Oct 2015 18:47:33 - FETCH DOC: http://www.dz-rs.si/wps/portal/Home/deloDZ/seje/evidenca?mandat=VI&type=dt&uid=51E5ED31B425CF34C1257D1F005A87A1
Sat, 24 Oct 2015 18:47:34 - FETCH DOC: http://www.dz-rs.si/wps/portal/Home/deloDZ/seje/evidenca?mandat=VI&type=dt&uid=3897B6F0217F49B0C1257D1F005A880D
Sat, 24 Oct 2015 18:47:34 - FETCH DOC: http://www.dz-rs.si/wps/portal/Home/deloDZ/seje/evidenca?mandat=VI&type=dt&uid=CC40AD7F1D56075FC1257D1F005A883D
Sat, 24 Oct 2015 18:47:34 - FETCH DOC: http://www.dz-rs.si/wps/portal/Home/deloDZ/seje/evidenca?mandat=VI&type=dt&uid=8A19E69574A7B38EC1257D1F005A8868
Sat, 24 Oct 2015 18:47:34 - FETCH SESSION: http://www.dz-rs.si/wps/portal/Home/deloDZ/seje/izbranaSejaDt?mandat=VI&seja=32%20099.%20Redna&uid=AEB03E2D302BAEAAC1257D1F005A86C3
Sat, 24 Oct 2015 18:47:35 - FETCH DOC: http://www.dz-rs.si/wps/portal/Home/deloDZ/seje/evidenca?mandat=VI&type=dt&uid=5FEA8F6FCBD1BA34C1257D1F005A86D3
Sat, 24 Oct 2015 18:47:36 - FETCH DOC: http://www.dz-rs.si/wps/portal/Home/deloDZ/seje/evidenca?mandat=VI&type=dt&uid=451A5BEC2FC67A04C1257D1F005A8820
Sat, 24 Oct 2015 18:47:36 - FETCH DOC: http://www.dz-rs.si/wps/portal/Home/deloDZ/seje/evidenca?mandat=VI&type=dt&uid=73B6E8C51922039BC1257D1F005A881F
Sat, 24 Oct 2015 18:47:36 - FETCH DOC: http://www.dz-rs.si/wps/portal/Home/deloDZ/seje/evidenca?mandat=VI&type=dt&uid=5515A851D0773799C1257D1F005A8837
Sat, 24 Oct 2015 18:47:37 - FETCH DOC: http://www.dz-rs.si/wps/portal/Home/deloDZ/seje/evidenca?mandat=VI&type=dt&uid=C8E535D529CC946BC1257D1F005A884C
Sat, 24 Oct 2015 18:47:37 - FETCH SESSION: http://www.dz-rs.si/wps/portal/Home/deloDZ/seje/izbranaSejaDt?mandat=VI&seja=32%20098.%20Redna&uid=6FEF50EE0E29444AC1257D1F005A86C7
Sat, 24 Oct 2015 18:47:37 - FETCH DOC: http://www.dz-rs.si/wps/portal/Home/deloDZ/seje/evidenca?mandat=VI&type=dt&uid=72B19795EF73F476C1257D1F005A86CE
Sat, 24 Oct 2015 18:47:38 - FETCH SESSION: http://www.dz-rs.si/wps/portal/Home/deloDZ/seje/izbranaSejaDt?mandat=VI&seja=32%20097.%20Redna&uid=EC594E3E99E971EFC1257D1F005A859D
Sat, 24 Oct 2015 18:47:38 - FETCH DOC: http://www.dz-rs.si/wps/portal/Home/deloDZ/seje/evidenca?mandat=VI&type=dt&uid=522BBF5FF412227CC1257D1F005A85A3
Sat, 24 Oct 2015 18:47:39 - FETCH DOC: http://www.dz-rs.si/wps/portal/Home/deloDZ/seje/evidenca?mandat=VI&type=dt&uid=FFD90B1327F78069C1257D1F005A8689
Sat, 24 Oct 2015 18:47:39 - FETCH SESSION: http://www.dz-rs.si/wps/portal/Home/deloDZ/seje/izbranaSejaDt?mandat=VI&seja=32%20096.%20Redna&uid=18EB1885E5E01B88C1257D1F005A8594
Sat, 24 Oct 2015 18:47:40 - FETCH DOC: http://www.dz-rs.si/wps/portal/Home/deloDZ/seje/evidenca?mandat=VI&type=dt&uid=953394D66F407493C1257D1F005A8598
Sat, 24 Oct 2015 18:47:40 - FETCH DOC: http://www.dz-rs.si/wps/portal/Home/deloDZ/seje/evidenca?mandat=VI&type=dt&uid=6FE1AA06F1745C80C1257D1F005A8650
Sat, 24 Oct 2015 18:47:40 - FETCH SESSION: http://www.dz-rs.si/wps/portal/Home/deloDZ/seje/izbranaSejaDt?mandat=VI&seja=32%20032.%20Nujna&uid=704F632729724605C1257D1F005A85A6
Sat, 24 Oct 2015 18:47:41 - FETCH DOC: http://www.dz-rs.si/wps/portal/Home/deloDZ/seje/evidenca?mandat=VI&type=dt&uid=7E56A87A3BC5B9E8C1257D1F005A85C9
Sat, 24 Oct 2015 18:47:41 - FETCH SESSION: http://www.dz-rs.si/wps/portal/Home/deloDZ/seje/izbranaSejaDt?mandat=VI&seja=32%20095.%20Redna&uid=B06BF94AC8000453C1257D1F005A851C
Sat, 24 Oct 2015 18:47:42 - FETCH DOC: http://www.dz-rs.si/wps/portal/Home/deloDZ/seje/evidenca?mandat=VI&type=dt&uid=03390769D2226899C1257D1F005A8520
Sat, 24 Oct 2015 18:47:42 - FETCH DOC: http://www.dz-rs.si/wps/portal/Home/deloDZ/seje/evidenca?mandat=VI&type=dt&uid=702ED817FCF50B9AC1257D1F005A85CA
Sat, 24 Oct 2015 18:47:42 - FETCH SESSION: http://www.dz-rs.si/wps/portal/Home/deloDZ/seje/izbranaSejaDt?mandat=VI&seja=32%20094.%20Redna&uid=DD389C3717AD4857C1257D1F005A84D1
Sat, 24 Oct 2015 18:47:43 - FETCH DOC: http://www.dz-rs.si/wps/portal/Home/deloDZ/seje/evidenca?mandat=VI&type=dt&uid=B3B0B2CFB53599E2C1257D1F005A84D6
Sat, 24 Oct 2015 18:47:43 - FETCH SESSION: http://www.dz-rs.si/wps/portal/Home/deloDZ/seje/izbranaSejaDt?mandat=VI&seja=32%20093.%20Redna&uid=2704EA1A668CB15DC1257D1F005A84A1
Sat, 24 Oct 2015 18:47:44 - FETCH DOC: http://www.dz-rs.si/wps/portal/Home/deloDZ/seje/evidenca?mandat=VI&type=dt&uid=B880F06B9119CF99C1257D1F005A84A3
Sat, 24 Oct 2015 18:47:44 - FETCH DOC: http://www.dz-rs.si/wps/portal/Home/deloDZ/seje/evidenca?mandat=VI&type=dt&uid=DB3BD2180CBE73D3C1257D1F005A8522
Sat, 24 Oct 2015 18:47:44 - FETCH SESSION: http://www.dz-rs.si/wps/portal/Home/deloDZ/seje/izbranaSejaDt?mandat=VI&seja=32%20092.%20Redna&uid=CBE431136798A0F5C1257D1F005A8496
Sat, 24 Oct 2015 18:47:45 - FETCH DOC: http://www.dz-rs.si/wps/portal/Home/deloDZ/seje/evidenca?mandat=VI&type=dt&uid=4D213A5646408392C1257D1F005A849F
Sat, 24 Oct 2015 18:47:45 - FETCH DOC: http://www.dz-rs.si/wps/portal/Home/deloDZ/seje/evidenca?mandat=VI&type=dt&uid=CA9D6A9FE26153A4C1257D1F005A852C
Sat, 24 Oct 2015 18:47:45 - FETCH SESSION: http://www.dz-rs.si/wps/portal/Home/deloDZ/seje/izbranaSejaDt?mandat=VI&seja=32%20091.%20Redna&uid=5791E020A9C50AD4C1257D1F005A82FC
Sat, 24 Oct 2015 18:47:46 - FETCH DOC: http://www.dz-rs.si/wps/portal/Home/deloDZ/seje/evidenca?mandat=VI&type=dt&uid=E480079C729EB2D8C1257D1F005A839C
Sat, 24 Oct 2015 18:47:46 - FETCH DOC: http://www.dz-rs.si/wps/portal/Home/deloDZ/seje/evidenca?mandat=VI&type=dt&uid=4B8504ADACA0169AC1257D1F005A8447
Sat, 24 Oct 2015 18:47:47 - FETCH DOC: http://www.dz-rs.si/wps/portal/Home/deloDZ/seje/evidenca?mandat=VI&type=dt&uid=D8D0BBADC42ACBF3C1257D1F005A8486
Sat, 24 Oct 2015 18:47:47 - FETCH SESSION: http://www.dz-rs.si/wps/portal/Home/deloDZ/seje/izbranaSejaDt?mandat=VI&seja=32%20090.%20Redna&uid=8E4FC1DDE0C476C1C1257D1F005A82F9
Sat, 24 Oct 2015 18:47:48 - FETCH DOC: http://www.dz-rs.si/wps/portal/Home/deloDZ/seje/evidenca?mandat=VI&type=dt&uid=5D5DB3702E2855FEC1257D1F005A82FB
Sat, 24 Oct 2015 18:47:48 - FETCH DOC: http://www.dz-rs.si/wps/portal/Home/deloDZ/seje/evidenca?mandat=VI&type=dt&uid=6BB8E222B5281FBDC1257D1F005A8399
Sat, 24 Oct 2015 18:47:49 - FETCH SESSION: http://www.dz-rs.si/wps/portal/Home/deloDZ/seje/izbranaSejaDt?mandat=VII&seja=20%20007.%20Redna&uid=E627B35B0D2F543CC1257ECF00334846
Sat, 24 Oct 2015 18:47:49 - FETCH DOC: http://www.dz-rs.si/wps/portal/Home/deloDZ/seje/evidenca?mandat=VII&type=dt&uid=EB6DDAFD88427D1AC1257ECF0041B743
Sat, 24 Oct 2015 18:47:50 - FETCH DOC: http://www.dz-rs.si/wps/portal/Home/deloDZ/seje/evidenca?mandat=VII&type=dt&uid=CB2116A3C80C8660C1257ED70032B21E
Sat, 24 Oct 2015 18:47:50 - FETCH SESSION: http://www.dz-rs.si/wps/portal/Home/deloDZ/seje/izbranaSejaDt?mandat=VII&seja=20%20015.%20Nujna&uid=D7E6773318E7F90CC1257ECF00270314
Sat, 24 Oct 2015 18:47:51 - FETCH DOC: http://www.dz-rs.si/wps/portal/Home/deloDZ/seje/evidenca?mandat=VII&type=dt&uid=137816910AB675E9C1257ECF0029761B
Sat, 24 Oct 2015 18:47:51 - FETCH SESSION: http://www.dz-rs.si/wps/portal/Home/deloDZ/seje/izbranaSejaDt?mandat=VII&seja=20%20014.%20Nujna&uid=F582F63635CD6AD4C1257ECA0025C0B3
Sat, 24 Oct 2015 18:47:51 - FETCH DOC: http://www.dz-rs.si/wps/portal/Home/deloDZ/seje/evidenca?mandat=VII&type=dt&uid=AD6369FEEC062E6FC1257ECA00298F36
Sat, 24 Oct 2015 18:47:52 - FETCH DOC: http://www.dz-rs.si/wps/portal/Home/deloDZ/seje/evidenca?mandat=VII&type=dt&uid=4A28AB98C59547EFC1257ECF00259732
Sat, 24 Oct 2015 18:47:52 - FETCH DOC: http://www.dz-rs.si/wps/portal/Home/deloDZ/seje/evidenca?mandat=VII&type=dt&uid=A19D5EAFA1999420C1257ED10032A09C
Sat, 24 Oct 2015 18:47:52 - FETCH SESSION: http://www.dz-rs.si/wps/portal/Home/deloDZ/seje/izbranaSejaDt?mandat=VII&seja=20%20013.%20Nujna&uid=FDA6FA2197F4A12AC1257EAD002B15A1
Sat, 24 Oct 2015 18:47:53 - FETCH SPEECH: http://www.dz-rs.si/wps/portal/Home/deloDZ/seje/evidenca?mandat=VII&type=pmagdt&uid=F948159F01535C02C1257EC8002140CD
Sat, 24 Oct 2015 18:47:57 - FETCH DOC: http://www.dz-rs.si/wps/portal/Home/deloDZ/seje/evidenca?mandat=VII&type=dt&uid=F725F25F29DDCCB1C1257EAD0035BFEA
Sat, 24 Oct 2015 18:47:57 - FETCH DOC: http://www.dz-rs.si/wps/portal/Home/deloDZ/seje/evidenca?mandat=VII&type=dt&uid=1CF3E6FA674401EBC1257EB300265B84
Sat, 24 Oct 2015 18:47:57 - FETCH DOC: http://www.dz-rs.si/wps/portal/Home/deloDZ/seje/evidenca?mandat=VII&type=dt&uid=7DCE640CDA76BC74C1257EB50026BA5F
Sat, 24 Oct 2015 18:47:58 - FETCH DOC: http://www.dz-rs.si/wps/portal/Home/deloDZ/seje/evidenca?mandat=VII&type=dt&uid=8FDCFA1AB8E9D475C1257EC800289A1E
Sat, 24 Oct 2015 18:47:58 - FETCH SESSION: http://www.dz-rs.si/wps/portal/Home/deloDZ/seje/izbranaSejaDt?mandat=VII&seja=20%20006.%20Redna&uid=7EB4477C402113CEC1257E5F002B0C7F
Sat, 24 Oct 2015 18:47:59 - FETCH SPEECH: http://www.dz-rs.si/wps/portal/Home/deloDZ/seje/evidenca?mandat=VII&type=pmagdt&uid=3F0BB2B3E3B520E5C1257E99003059C7
Sat, 24 Oct 2015 18:48:01 - FETCH DOC: http://www.dz-rs.si/wps/portal/Home/deloDZ/seje/evidenca?mandat=VII&type=dt&uid=9B6D74B40ADB3362C1257E5F002D87E9
Sat, 24 Oct 2015 18:48:02 - FETCH DOC: http://www.dz-rs.si/wps/portal/Home/deloDZ/seje/evidenca?mandat=VII&type=dt&uid=07AB7F7F5D9BA8DCC1257E69002FDC22
Sat, 24 Oct 2015 18:48:02 - FETCH DOC: http://www.dz-rs.si/wps/portal/Home/deloDZ/seje/evidenca?mandat=VII&type=dt&uid=280F8154235B775EC1257E6C0032928F
Sat, 24 Oct 2015 18:48:02 - FETCH DOC: http://www.dz-rs.si/wps/portal/Home/deloDZ/seje/evidenca?mandat=VII&type=dt&uid=172741F1568EC29CC1257E6D002EC305
Sat, 24 Oct 2015 18:48:03 - FETCH SESSION: http://www.dz-rs.si/wps/portal/Home/deloDZ/seje/izbranaSejaDt?mandat=VII&seja=20%20012.%20Nujna&uid=1246A1AA6B32AA36C1257E58002840D3
Sat, 24 Oct 2015 18:48:03 - FETCH SPEECH: http://www.dz-rs.si/wps/portal/Home/deloDZ/seje/evidenca?mandat=VII&type=pmagdt&uid=34A6F335AF9A4424C1257E5B0031123E
Sat, 24 Oct 2015 18:48:06 - FETCH DOC: http://www.dz-rs.si/wps/portal/Home/deloDZ/seje/evidenca?mandat=VII&type=dt&uid=D80C77815F87A84DC1257E58002F3DBA
Sat, 24 Oct 2015 18:48:06 - FETCH DOC: http://www.dz-rs.si/wps/portal/Home/deloDZ/seje/evidenca?mandat=VII&type=dt&uid=B55EA3517F883049C1257E59003B66C8
Sat, 24 Oct 2015 18:48:06 - FETCH SESSION: http://www.dz-rs.si/wps/portal/Home/deloDZ/seje/izbranaSejaDt?mandat=VII&seja=20%20005.%20Redna&uid=E7D4FF190D0C0AFAC1257E4300288AFA
Sat, 24 Oct 2015 18:48:07 - FETCH SPEECH: http://www.dz-rs.si/wps/portal/Home/deloDZ/seje/evidenca?mandat=VII&type=pmagdt&uid=AA78EE2EBED76D46C1257E5A0032C069
Sat, 24 Oct 2015 18:48:07 - FETCH DOC: http://www.dz-rs.si/wps/portal/Home/deloDZ/seje/evidenca?mandat=VII&type=dt&uid=EA1CBC27BC745D55C1257E430029A948
Sat, 24 Oct 2015 18:48:08 - FETCH DOC: http://www.dz-rs.si/wps/portal/Home/deloDZ/seje/evidenca?mandat=VII&type=dt&uid=B1597FA4E0799967C1257E510023839E
Sat, 24 Oct 2015 18:48:08 - FETCH DOC: http://www.dz-rs.si/wps/portal/Home/deloDZ/seje/evidenca?mandat=VII&type=dt&uid=200BC787A9A0307AC1257E52002D4239
Sat, 24 Oct 2015 18:48:08 - FETCH SESSION: http://www.dz-rs.si/wps/portal/Home/deloDZ/seje/izbranaSejaDt?mandat=VII&seja=20%20011.%20Nujna&uid=27A483EB56E46E33C1257E42002B8291
Sat, 24 Oct 2015 18:48:09 - FETCH SPEECH: http://www.dz-rs.si/wps/portal/Home/deloDZ/seje/evidenca?mandat=VII&type=pmagdt&uid=A7E814FC4771E55FC1257E530042A884
Sat, 24 Oct 2015 18:48:11 - FETCH DOC: http://www.dz-rs.si/wps/portal/Home/deloDZ/seje/evidenca?mandat=VII&type=dt&uid=9230ABBDD1394FB8C1257E430026BFD0
Sat, 24 Oct 2015 18:48:12 - FETCH DOC: http://www.dz-rs.si/wps/portal/Home/deloDZ/seje/evidenca?mandat=VII&type=dt&uid=EA6CCB31EE16CBFAC1257E59002AA4DD
Sat, 24 Oct 2015 18:48:12 - FETCH SESSION: http://www.dz-rs.si/wps/portal/Home/deloDZ/seje/izbranaSejaDt?mandat=VII&seja=20%20010.%20Nujna&uid=C36270F06DF5C80DC1257E3D0029A456
Sat, 24 Oct 2015 18:48:13 - FETCH SPEECH: http://www.dz-rs.si/wps/portal/Home/deloDZ/seje/evidenca?mandat=VII&type=pmagdt&uid=15D3A92723415071C1257E3E00331059
Sat, 24 Oct 2015 18:48:13 - FETCH DOC: http://www.dz-rs.si/wps/portal/Home/deloDZ/seje/evidenca?mandat=VII&type=dt&uid=9A9F6ACA0CD405F0C1257E3D002CDF8F
Sat, 24 Oct 2015 18:48:13 - FETCH SESSION: http://www.dz-rs.si/wps/portal/Home/deloDZ/seje/izbranaSejaDt?mandat=VII&seja=20%20004.%20Redna&uid=06D59CAD96B1EC40C1257E2D00312ED2
Sat, 24 Oct 2015 18:48:14 - FETCH SPEECH: http://www.dz-rs.si/wps/portal/Home/deloDZ/seje/evidenca?mandat=VII&type=pmagdt&uid=59EDEF101E361160C1257E3E003FDD57
Sat, 24 Oct 2015 18:48:17 - FETCH DOC: http://www.dz-rs.si/wps/portal/Home/deloDZ/seje/evidenca?mandat=VII&type=dt&uid=5F0290612D354CCFC1257E2E002850E5
Sat, 24 Oct 2015 18:48:18 - FETCH DOC: http://www.dz-rs.si/wps/portal/Home/deloDZ/seje/evidenca?mandat=VII&type=dt&uid=BF73287C2450F269C1257E300045467B
Sat, 24 Oct 2015 18:48:18 - FETCH DOC: http://www.dz-rs.si/wps/portal/Home/deloDZ/seje/evidenca?mandat=VII&type=dt&uid=5E8FBF7ACE1CF291C1257E3B0043BD01
Sat, 24 Oct 2015 18:48:18 - FETCH SESSION: http://www.dz-rs.si/wps/portal/Home/deloDZ/seje/izbranaSejaDt?mandat=VII&seja=20%20009.%20Nujna&uid=05E7C35B9759DE20C1257E280032E527
Sat, 24 Oct 2015 18:48:19 - FETCH SPEECH: http://www.dz-rs.si/wps/portal/Home/deloDZ/seje/evidenca?mandat=VII&type=pmagdt&uid=F2B90E538060D1CFC1257E3C00403279
Sat, 24 Oct 2015 18:48:21 - FETCH SPEECH: http://www.dz-rs.si/wps/portal/Home/deloDZ/seje/evidenca?mandat=VII&type=pmagdt&uid=E6004721CE53ECDDC1257E4200433A2D
Sat, 24 Oct 2015 18:48:22 - FETCH DOC: http://www.dz-rs.si/wps/portal/Home/deloDZ/seje/evidenca?mandat=VII&type=dt&uid=07772A948290DB57C1257E2A002A4F6C
Sat, 24 Oct 2015 18:48:22 - FETCH DOC: http://www.dz-rs.si/wps/portal/Home/deloDZ/seje/evidenca?mandat=VII&type=dt&uid=BDB2C76B638AF7FBC1257E31003228E9
Sat, 24 Oct 2015 18:48:23 - FETCH DOC: http://www.dz-rs.si/wps/portal/Home/deloDZ/seje/evidenca?mandat=VII&type=dt&uid=CF2B54BF194CF703C1257E450029DB3B
Sat, 24 Oct 2015 18:48:23 - FETCH SESSION: http://www.dz-rs.si/wps/portal/Home/deloDZ/seje/izbranaSejaDt?mandat=VII&seja=20%20008.%20Nujna&uid=37E3762A721EF4EEC1257E28003026B0
Sat, 24 Oct 2015 18:48:24 - FETCH SPEECH: http://www.dz-rs.si/wps/portal/Home/deloDZ/seje/evidenca?mandat=VII&type=pmagdt&uid=387B893E0D933CD3C1257E3B0028770D
Sat, 24 Oct 2015 18:48:25 - FETCH DOC: http://www.dz-rs.si/wps/portal/Home/deloDZ/seje/evidenca?mandat=VII&type=dt&uid=9A864EC4B3A87865C1257E280030D403
Sat, 24 Oct 2015 18:48:25 - FETCH SESSION: http://www.dz-rs.si/wps/portal/Home/deloDZ/seje/izbranaSejaDt?mandat=VII&seja=20%20003.%20Redna&uid=C3706A2FBF80CDE4C1257DFD00345798
Sat, 24 Oct 2015 18:48:26 - FETCH SPEECH: http://www.dz-rs.si/wps/portal/Home/deloDZ/seje/evidenca?mandat=VII&type=pmagdt&uid=285071F39143C55FC1257E22004E4A9D
Sat, 24 Oct 2015 18:48:29 - FETCH DOC: http://www.dz-rs.si/wps/portal/Home/deloDZ/seje/evidenca?mandat=VII&type=dt&uid=A7DE1FDDDABE3531C1257DFD004677C6
Sat, 24 Oct 2015 18:48:29 - FETCH DOC: http://www.dz-rs.si/wps/portal/Home/deloDZ/seje/evidenca?mandat=VII&type=dt&uid=023F11B4BFD9D35CC1257E220036FD5E
Sat, 24 Oct 2015 18:48:29 - FETCH DOC: http://www.dz-rs.si/wps/portal/Home/deloDZ/seje/evidenca?mandat=VII&type=dt&uid=0660FD5CC3020039C1257E2200370DF9
Sat, 24 Oct 2015 18:48:30 - FETCH SESSION: http://www.dz-rs.si/wps/portal/Home/deloDZ/seje/izbranaSejaDt?mandat=VII&seja=20%20007.%20Nujna&uid=E18ECE2B41A720DDC1257DFF002BD553
Sat, 24 Oct 2015 18:48:30 - FETCH SPEECH: http://www.dz-rs.si/wps/portal/Home/deloDZ/seje/evidenca?mandat=VII&type=pmagdt&uid=96692177703E9775C1257E1900354C4D
Sat, 24 Oct 2015 18:48:33 - FETCH DOC: http://www.dz-rs.si/wps/portal/Home/deloDZ/seje/evidenca?mandat=VII&type=dt&uid=C7BAFD2A7FB85E23C1257DFF00385A08
Sat, 24 Oct 2015 18:48:33 - FETCH SESSION: http://www.dz-rs.si/wps/portal/Home/deloDZ/seje/izbranaSejaDt?mandat=VII&seja=20%20006.%20Nujna&uid=50D9C941A6D17E71C1257DE8002DE7D5
Sat, 24 Oct 2015 18:48:34 - FETCH SPEECH: http://www.dz-rs.si/wps/portal/Home/deloDZ/seje/evidenca?mandat=VII&type=pmagdt&uid=678CB269E02BB3ACC1257DF80040C5BD
Sat, 24 Oct 2015 18:48:36 - FETCH DOC: http://www.dz-rs.si/wps/portal/Home/deloDZ/seje/evidenca?mandat=VII&type=dt&uid=981A3449EF38043FC1257DE90045EEAC
Sat, 24 Oct 2015 18:48:36 - FETCH DOC: http://www.dz-rs.si/wps/portal/Home/deloDZ/seje/evidenca?mandat=VII&type=dt&uid=9B4551C59A4B19EEC1257DF20048DC74
Sat, 24 Oct 2015 18:48:38 - FETCH SESSION: http://www.dz-rs.si/wps/portal/Home/deloDZ/seje/izbranaSejaDt?mandat=VII&seja=20%20002.%20Redna&uid=3743A61723DF72D1C1257DD3002C2052
Sat, 24 Oct 2015 18:48:39 - FETCH SPEECH: http://www.dz-rs.si/wps/portal/Home/deloDZ/seje/evidenca?mandat=VII&type=pmagdt&uid=2862E55547B875AFC1257DE9004B17EE
Sat, 24 Oct 2015 18:48:43 - FETCH DOC: http://www.dz-rs.si/wps/portal/Home/deloDZ/seje/evidenca?mandat=VII&type=dt&uid=B25088E9826DBBE2C1257DD9003EA759
Sat, 24 Oct 2015 18:48:44 - FETCH DOC: http://www.dz-rs.si/wps/portal/Home/deloDZ/seje/evidenca?mandat=VII&type=dt&uid=4993390655F9E7EDC1257DE2004DEF9F
Sat, 24 Oct 2015 18:48:44 - FETCH DOC: http://www.dz-rs.si/wps/portal/Home/deloDZ/seje/evidenca?mandat=VII&type=dt&uid=796A431D26EB6B04C1257DE4004536F7
Sat, 24 Oct 2015 18:48:44 - FETCH DOC: http://www.dz-rs.si/wps/portal/Home/deloDZ/seje/evidenca?mandat=VII&type=dt&uid=FEA3E5B2EA14BAB1C1257DEB005F472B
Sat, 24 Oct 2015 18:48:44 - FETCH DOC: http://www.dz-rs.si/wps/portal/Home/deloDZ/seje/evidenca?mandat=VII&type=dt&uid=CCA95B5CBF0EC406C1257DEB005F592B
Sat, 24 Oct 2015 18:48:45 - FETCH DOC: http://www.dz-rs.si/wps/portal/Home/deloDZ/seje/evidenca?mandat=VII&type=dt&uid=26053C44EE6606D5C1257DEB005F6972
Sat, 24 Oct 2015 18:48:45 - FETCH DOC: http://www.dz-rs.si/wps/portal/Home/deloDZ/seje/evidenca?mandat=VII&type=dt&uid=D363AE69AB36D7E2C1257DFF0030B9EC
Sat, 24 Oct 2015 18:48:45 - FETCH SESSION: http://www.dz-rs.si/wps/portal/Home/deloDZ/seje/izbranaSejaDt?mandat=VII&seja=20%20005.%20Nujna&uid=C72DEA48BF7B35E4C1257DDD00431453
Sat, 24 Oct 2015 18:48:46 - FETCH SPEECH: http://www.dz-rs.si/wps/portal/Home/deloDZ/seje/evidenca?mandat=VII&type=pmagdt&uid=119E282E5CD90A25C1257DE70040D9D9
Sat, 24 Oct 2015 18:48:49 - FETCH DOC: http://www.dz-rs.si/wps/portal/Home/deloDZ/seje/evidenca?mandat=VII&type=dt&uid=E8741FA29E2C89CFC1257DDD004998AD
Sat, 24 Oct 2015 18:48:49 - FETCH DOC: http://www.dz-rs.si/wps/portal/Home/deloDZ/seje/evidenca?mandat=VII&type=dt&uid=3388249776DF8C7EC1257DE80043C1C9
Sat, 24 Oct 2015 18:48:49 - FETCH SESSION: http://www.dz-rs.si/wps/portal/Home/deloDZ/seje/izbranaSejaDt?mandat=VII&seja=20%20004.%20Nujna&uid=C44AC1717E3F4419C1257DD20046D962
Sat, 24 Oct 2015 18:48:50 - FETCH SPEECH: http://www.dz-rs.si/wps/portal/Home/deloDZ/seje/evidenca?mandat=VII&type=pmagdt&uid=5B25C58B3993C346C1257DE300457B1A
Sat, 24 Oct 2015 18:48:52 - FETCH SPEECH: http://www.dz-rs.si/wps/portal/Home/deloDZ/seje/evidenca?mandat=VII&type=pmagdt&uid=1F05937E1DBFD17EC1257E30004DE825
Sat, 24 Oct 2015 18:48:53 - FETCH DOC: http://www.dz-rs.si/wps/portal/Home/deloDZ/seje/evidenca?mandat=VII&type=dt&uid=6B2C17C5DBFB4DB4C1257DD400431F2F
Sat, 24 Oct 2015 18:48:54 - FETCH DOC: http://www.dz-rs.si/wps/portal/Home/deloDZ/seje/evidenca?mandat=VII&type=dt&uid=F20DA6A1F5B3E639C1257E1A0034960A
Sat, 24 Oct 2015 18:48:54 - FETCH SESSION: http://www.dz-rs.si/wps/portal/Home/deloDZ/seje/izbranaSejaDt?mandat=VII&seja=20%20001.%20Redna&uid=5BA84F4C77C473A9C1257D950031C76B
Sat, 24 Oct 2015 18:48:55 - FETCH SPEECH: http://www.dz-rs.si/wps/portal/Home/deloDZ/seje/evidenca?mandat=VII&type=pmagdt&uid=57C7DD477DD17E93C1257DAA00303C13
Sat, 24 Oct 2015 18:48:56 - FETCH DOC: http://www.dz-rs.si/wps/portal/Home/deloDZ/seje/evidenca?mandat=VII&type=dt&uid=730EE707D5550EA7C1257D950036A886
Sat, 24 Oct 2015 18:48:57 - FETCH DOC: http://www.dz-rs.si/wps/portal/Home/deloDZ/seje/evidenca?mandat=VII&type=dt&uid=1D296E39FBB9E498C1257DA50047DB0D
Sat, 24 Oct 2015 18:48:57 - FETCH DOC: http://www.dz-rs.si/wps/portal/Home/deloDZ/seje/evidenca?mandat=VII&type=dt&uid=667C0585F15D03E1C1257DCD00478F3D
Sat, 24 Oct 2015 18:48:57 - FETCH SESSION: http://www.dz-rs.si/wps/portal/Home/deloDZ/seje/izbranaSejaDt?mandat=VII&seja=20%20003.%20Nujna&uid=EC110FB4623BE126C1257D87002D5832
Sat, 24 Oct 2015 18:48:58 - FETCH SPEECH: http://www.dz-rs.si/wps/portal/Home/deloDZ/seje/evidenca?mandat=VII&type=pmagdt&uid=C86B554EBB853E7AC1257D8F004F4B06
Sat, 24 Oct 2015 18:48:59 - FETCH DOC: http://www.dz-rs.si/wps/portal/Home/deloDZ/seje/evidenca?mandat=VII&type=dt&uid=4527A2BD4C057667C1257D870034BFC1
Sat, 24 Oct 2015 18:48:59 - FETCH SESSION: http://www.dz-rs.si/wps/portal/Home/deloDZ/seje/izbranaSejaDt?mandat=VII&seja=20%20002.%20Nujna&uid=BEE2B97CB09E6EDFC1257D7A003C54B3
Sat, 24 Oct 2015 18:49:00 - FETCH SPEECH: http://www.dz-rs.si/wps/portal/Home/deloDZ/seje/evidenca?mandat=VII&type=pmagdt&uid=5FF10E95AAE8BA7DC1257D8D003B2E72
Sat, 24 Oct 2015 18:49:02 - FETCH DOC: http://www.dz-rs.si/wps/portal/Home/deloDZ/seje/evidenca?mandat=VII&type=dt&uid=9477A2B21632D85CC1257D7A00443398
Sat, 24 Oct 2015 18:49:03 - FETCH DOC: http://www.dz-rs.si/wps/portal/Home/deloDZ/seje/evidenca?mandat=VII&type=dt&uid=B41A64425615F85CC1257D8000420427
Sat, 24 Oct 2015 18:49:03 - FETCH DOC: http://www.dz-rs.si/wps/portal/Home/deloDZ/seje/evidenca?mandat=VII&type=dt&uid=1181BD562555F47FC1257D8700528671
Sat, 24 Oct 2015 18:49:03 - FETCH DOC: http://www.dz-rs.si/wps/portal/Home/deloDZ/seje/evidenca?mandat=VII&type=dt&uid=1DD79DC75766F4D4C1257D89003A0624
Sat, 24 Oct 2015 18:49:03 - FETCH SESSION: http://www.dz-rs.si/wps/portal/Home/deloDZ/seje/izbranaSejaDt?mandat=VII&seja=20%20001.%20Nujna&uid=E394F1327E8E3378C1257D4F00254590
Sat, 24 Oct 2015 18:49:05 - FETCH SPEECH: http://www.dz-rs.si/wps/portal/Home/deloDZ/seje/evidenca?mandat=VII&type=pmagdt&uid=B19241994DF8949FC1257D55005F9481
Sat, 24 Oct 2015 18:49:06 - FETCH DOC: http://www.dz-rs.si/wps/portal/Home/deloDZ/seje/evidenca?mandat=VII&type=dt&uid=531653E8A9668F8DC1257D4F0038B4DB
Sat, 24 Oct 2015 18:49:06 - FETCH SESSION: http://www.dz-rs.si/wps/portal/Home/deloDZ/seje/izbranaSejaDt?mandat=VI&seja=20%20022.%20Nujna&uid=4BF8C41FFAC40219C1257D1F005A8F52
Sat, 24 Oct 2015 18:49:07 - FETCH SPEECH: http://www.dz-rs.si/wps/portal/Home/deloDZ/seje/evidenca?mandat=VI&type=pmagdt&uid=E8C88284AA18D01AC1257D00003E1BEA
Sat, 24 Oct 2015 18:49:10 - FETCH DOC: http://www.dz-rs.si/wps/portal/Home/deloDZ/seje/evidenca?mandat=VI&type=dt&uid=4C183BFC0D78F84CC1257D1F005A8F78
Sat, 24 Oct 2015 18:49:10 - FETCH DOC: http://www.dz-rs.si/wps/portal/Home/deloDZ/seje/evidenca?mandat=VI&type=dt&uid=C95199AF413E8500C1257D1F005A908A
Sat, 24 Oct 2015 18:49:11 - FETCH SESSION: http://www.dz-rs.si/wps/portal/Home/deloDZ/seje/izbranaSejaDt?mandat=VI&seja=20%20021.%20Nujna&uid=EBD5035A42213F1AC1257D1F005A8C7E
Sat, 24 Oct 2015 18:49:12 - FETCH SPEECH: http://www.dz-rs.si/wps/portal/Home/deloDZ/seje/evidenca?mandat=VI&type=pmagdt&uid=99FDB71C27DCF157C1257CE00049C968
Sat, 24 Oct 2015 18:49:16 - FETCH DOC: http://www.dz-rs.si/wps/portal/Home/deloDZ/seje/evidenca?mandat=VI&type=dt&uid=575E92335B533FF7C1257D1F005A8C90
Sat, 24 Oct 2015 18:49:16 - FETCH DOC: http://www.dz-rs.si/wps/portal/Home/deloDZ/seje/evidenca?mandat=VI&type=dt&uid=C0CBB6DCAE243E82C1257D1F005A8CDC
Sat, 24 Oct 2015 18:49:16 - FETCH SESSION: http://www.dz-rs.si/wps/portal/Home/deloDZ/seje/izbranaSejaDt?mandat=VI&seja=20%20020.%20Nujna&uid=85007F7B2AF75F8AC1257D1F005A8C7D
Sat, 24 Oct 2015 18:49:17 - FETCH SPEECH: http://www.dz-rs.si/wps/portal/Home/deloDZ/seje/evidenca?mandat=VI&type=pmagdt&uid=FCD8C75F5AF59144C1257CE600303A98
Sat, 24 Oct 2015 18:49:20 - FETCH DOC: http://www.dz-rs.si/wps/portal/Home/deloDZ/seje/evidenca?mandat=VI&type=dt&uid=A64574494F1EE4D9C1257D1F005A8C89
Sat, 24 Oct 2015 18:49:20 - FETCH SESSION: http://www.dz-rs.si/wps/portal/Home/deloDZ/seje/izbranaSejaDt?mandat=VI&seja=20%20009.%20Redna&uid=5F6B8E1D8E9E06F3C1257D1F005A8BB3
Sat, 24 Oct 2015 18:49:21 - FETCH SPEECH: http://www.dz-rs.si/wps/portal/Home/deloDZ/seje/evidenca?mandat=VI&type=pmagdt&uid=C370591931F8EF5FC1257CF300366851
Sat, 24 Oct 2015 18:49:25 - FETCH DOC: http://www.dz-rs.si/wps/portal/Home/deloDZ/seje/evidenca?mandat=VI&type=dt&uid=4849ED7560735214C1257D1F005A8BBD
Sat, 24 Oct 2015 18:49:25 - FETCH DOC: http://www.dz-rs.si/wps/portal/Home/deloDZ/seje/evidenca?mandat=VI&type=dt&uid=10AC15F8AE693697C1257D1F005A8C84
Sat, 24 Oct 2015 18:49:25 - FETCH DOC: http://www.dz-rs.si/wps/portal/Home/deloDZ/seje/evidenca?mandat=VI&type=dt&uid=55C9929572D913E4C1257D1F005A8C8A
Sat, 24 Oct 2015 18:49:26 - FETCH DOC: http://www.dz-rs.si/wps/portal/Home/deloDZ/seje/evidenca?mandat=VI&type=dt&uid=C4EEEB7BE36A5A15C1257D1F005A8CDB
Sat, 24 Oct 2015 18:49:26 - FETCH SESSION: http://www.dz-rs.si/wps/portal/Home/deloDZ/seje/izbranaSejaDt?mandat=VI&seja=20%20008.%20Redna&uid=13323AA692E02E50C1257D1F005A86BA
Sat, 24 Oct 2015 18:49:27 - FETCH SPEECH: http://www.dz-rs.si/wps/portal/Home/deloDZ/seje/evidenca?mandat=VI&type=pmagdt&uid=4F6693B1F989C346C1257C9A004092F2
Sat, 24 Oct 2015 18:49:31 - FETCH DOC: http://www.dz-rs.si/wps/portal/Home/deloDZ/seje/evidenca?mandat=VI&type=dt&uid=8B150150F4681BC5C1257D1F005A86F6
Sat, 24 Oct 2015 18:49:31 - FETCH DOC: http://www.dz-rs.si/wps/portal/Home/deloDZ/seje/evidenca?mandat=VI&type=dt&uid=3C31109F344CF01AC1257D1F005A87D8
Sat, 24 Oct 2015 18:49:31 - FETCH SESSION: http://www.dz-rs.si/wps/portal/Home/deloDZ/seje/izbranaSejaDt?mandat=VI&seja=20%20007.%20Redna&uid=9242CECFAAAF24D8C1257D1F005A84E5
Sat, 24 Oct 2015 18:49:32 - FETCH SPEECH: http://www.dz-rs.si/wps/portal/Home/deloDZ/seje/evidenca?mandat=VI&type=pmagdt&uid=C1971E6E94B0738AC1257C8A00333342
Sat, 24 Oct 2015 18:49:38 - FETCH DOC: http://www.dz-rs.si/wps/portal/Home/deloDZ/seje/evidenca?mandat=VI&type=dt&uid=703E21C7E9DF3339C1257D1F005A84F8
Sat, 24 Oct 2015 18:49:38 - FETCH DOC: http://www.dz-rs.si/wps/portal/Home/deloDZ/seje/evidenca?mandat=VI&type=dt&uid=9DC789EBDD541E46C1257D1F005A85D9
Sat, 24 Oct 2015 18:49:39 - FETCH DOC: http://www.dz-rs.si/wps/portal/Home/deloDZ/seje/evidenca?mandat=VI&type=dt&uid=FC9DB8D56CB127E9C1257D1F005A8618
Sat, 24 Oct 2015 18:49:39 - FETCH DOC: http://www.dz-rs.si/wps/portal/Home/deloDZ/seje/evidenca?mandat=VI&type=dt&uid=6CAB0F47810B6C58C1257D1F005A8623
Sat, 24 Oct 2015 18:49:39 - FETCH SESSION: http://www.dz-rs.si/wps/portal/Home/deloDZ/seje/izbranaSejaDt?mandat=VI&seja=20%20019.%20Nujna&uid=8A68D4279BE5A678C1257D1F005A85E8
Sat, 24 Oct 2015 18:49:40 - FETCH SPEECH: http://www.dz-rs.si/wps/portal/Home/deloDZ/seje/evidenca?mandat=VI&type=pmagdt&uid=2968B10D47B8D67FC1257C83004B4F3C
Sat, 24 Oct 2015 18:49:42 - FETCH DOC: http://www.dz-rs.si/wps/portal/Home/deloDZ/seje/evidenca?mandat=VI&type=dt&uid=5E5FA3564A7B7502C1257D1F005A85FB
Sat, 24 Oct 2015 18:49:42 - FETCH DOC: http://www.dz-rs.si/wps/portal/Home/deloDZ/seje/evidenca?mandat=VI&type=dt&uid=CEBA25467F35E4E8C1257D1F005A85FA
Sat, 24 Oct 2015 18:49:42 - FETCH SESSION: http://www.dz-rs.si/wps/portal/Home/deloDZ/seje/izbranaSejaDt?mandat=VI&seja=20%20018.%20Nujna&uid=0F704EB327B49FC6C1257D1F005A8471
Sat, 24 Oct 2015 18:49:43 - FETCH SPEECH: http://www.dz-rs.si/wps/portal/Home/deloDZ/seje/evidenca?mandat=VI&type=pmagdt&uid=EC6145D9B38DF158C1257C7C00360D83
Sat, 24 Oct 2015 18:49:43 - FETCH DOC: http://www.dz-rs.si/wps/portal/Home/deloDZ/seje/evidenca?mandat=VI&type=dt&uid=70481F8F1238B6A5C1257D1F005A8479
Sat, 24 Oct 2015 18:49:44 - FETCH SESSION: http://www.dz-rs.si/wps/portal/Home/deloDZ/seje/izbranaSejaDt?mandat=VII&seja=18%20016.%20Nujna&uid=F758988A2B130515C1257EE400381E00
Sat, 24 Oct 2015 18:49:45 - FETCH DOC: http://www.dz-rs.si/wps/portal/Home/deloDZ/seje/evidenca?mandat=VII&type=dt&uid=81E1D3A2DC51C2F2C1257EE40039BCA9
Sat, 24 Oct 2015 18:49:45 - FETCH SESSION: http://www.dz-rs.si/wps/portal/Home/deloDZ/seje/izbranaSejaDt?mandat=VII&seja=18%20015.%20Nujna&uid=CF60E8C344E3ABD7C1257EE30022C7E4
Sat, 24 Oct 2015 18:49:46 - FETCH DOC: http://www.dz-rs.si/wps/portal/Home/deloDZ/seje/evidenca?mandat=VII&type=dt&uid=D87F1B6743477DFCC1257EE3002AD7F8
Sat, 24 Oct 2015 18:49:46 - FETCH DOC: http://www.dz-rs.si/wps/portal/Home/deloDZ/seje/evidenca?mandat=VII&type=dt&uid=DAA6C0C30593DF43C1257EE30043FBBE
Sat, 24 Oct 2015 18:49:46 - FETCH DOC: http://www.dz-rs.si/wps/portal/Home/deloDZ/seje/evidenca?mandat=VII&type=dt&uid=31DA0C2A8D277A93C1257EE50029A3D6
Sat, 24 Oct 2015 18:49:46 - FETCH SESSION: http://www.dz-rs.si/wps/portal/Home/deloDZ/seje/izbranaSejaDt?mandat=VII&seja=18%20014.%20Nujna&uid=902D428D22C8A046C1257ED10029D80B
Sat, 24 Oct 2015 18:49:47 - FETCH SPEECH: http://www.dz-rs.si/wps/portal/Home/deloDZ/seje/evidenca?mandat=VII&type=pmagdt&uid=F2F26ADEC6F6BD61C1257ED9002F3C46
Sat, 24 Oct 2015 18:49:49 - FETCH DOC: http://www.dz-rs.si/wps/portal/Home/deloDZ/seje/evidenca?mandat=VII&type=dt&uid=2569CC8DDD6359EBC1257ED1002A5CFE
Sat, 24 Oct 2015 18:49:50 - FETCH SESSION: http://www.dz-rs.si/wps/portal/Home/deloDZ/seje/izbranaSejaDt?mandat=VII&seja=18%20013.%20Nujna&uid=D7B00698A9E9B083C1257EC100287305
Sat, 24 Oct 2015 18:49:50 - FETCH SPEECH: http://www.dz-rs.si/wps/portal/Home/deloDZ/seje/evidenca?mandat=VII&type=pmagdt&uid=8585A8624C3F3EE8C1257ED80045DB94
Sat, 24 Oct 2015 18:49:51 - FETCH DOC: http://www.dz-rs.si/wps/portal/Home/deloDZ/seje/evidenca?mandat=VII&type=dt&uid=9DBAA13FF4574AB5C1257EC100488D39
Sat, 24 Oct 2015 18:49:52 - FETCH DOC: http://www.dz-rs.si/wps/portal/Home/deloDZ/seje/evidenca?mandat=VII&type=dt&uid=D5F5A86F405712BAC1257ECB003AD29E
Sat, 24 Oct 2015 18:49:52 - FETCH SESSION: http://www.dz-rs.si/wps/portal/Home/deloDZ/seje/izbranaSejaDt?mandat=VII&seja=18%20012.%20Nujna&uid=1F3174F53D7FDFF2C1257EB500306A68
Sat, 24 Oct 2015 18:49:52 - FETCH SPEECH: http://www.dz-rs.si/wps/portal/Home/deloDZ/seje/evidenca?mandat=VII&type=pmagdt&uid=D1706D41900A1AB6C1257ECA0036AABA
Sat, 24 Oct 2015 18:49:53 - FETCH DOC: http://www.dz-rs.si/wps/portal/Home/deloDZ/seje/evidenca?mandat=VII&type=dt&uid=855073892A378D6BC1257EB60022FE2B
Sat, 24 Oct 2015 18:49:53 - FETCH SESSION: http://www.dz-rs.si/wps/portal/Home/deloDZ/seje/izbranaSejaDt?mandat=VII&seja=18%20011.%20Nujna&uid=2057BFFEF4933D65C1257E7A0024778D
Sat, 24 Oct 2015 18:49:54 - FETCH SPEECH: http://www.dz-rs.si/wps/portal/Home/deloDZ/seje/evidenca?mandat=VII&type=pmagdt&uid=7042EE2CB9F72258C1257EB2003FECFE
Sat, 24 Oct 2015 18:49:56 - FETCH DOC: http://www.dz-rs.si/wps/portal/Home/deloDZ/seje/evidenca?mandat=VII&type=dt&uid=FDF6358C9810C21BC1257E7A00251276
Sat, 24 Oct 2015 18:49:56 - FETCH DOC: http://www.dz-rs.si/wps/portal/Home/deloDZ/seje/evidenca?mandat=VII&type=dt&uid=9773B21D16BC4E80C1257E84003F7A8E
Sat, 24 Oct 2015 18:49:56 - FETCH SESSION: http://www.dz-rs.si/wps/portal/Home/deloDZ/seje/izbranaSejaDt?mandat=VII&seja=18%20010.%20Nujna&uid=AA399E3463B98B3BC1257E69003AA6F2
Sat, 24 Oct 2015 18:49:57 - FETCH DOC: http://www.dz-rs.si/wps/portal/Home/deloDZ/seje/evidenca?mandat=VII&type=dt&uid=DF4F7089BC0870FCC1257E690040315F
Sat, 24 Oct 2015 18:49:57 - FETCH DOC: http://www.dz-rs.si/wps/portal/Home/deloDZ/seje/evidenca?mandat=VII&type=dt&uid=74B86D1A31FCB9ECC1257E760030EA05
Sat, 24 Oct 2015 18:49:57 - FETCH SESSION: http://www.dz-rs.si/wps/portal/Home/deloDZ/seje/izbranaSejaDt?mandat=VII&seja=18%20009.%20Nujna&uid=44B8ED875C8B8C8BC1257E590038F822
Sat, 24 Oct 2015 18:49:58 - FETCH SPEECH: http://www.dz-rs.si/wps/portal/Home/deloDZ/seje/evidenca?mandat=VII&type=pmagdt&uid=2D01EC905B3704CCC1257E6000423958
Sat, 24 Oct 2015 18:50:00 - FETCH DOC: http://www.dz-rs.si/wps/portal/Home/deloDZ/seje/evidenca?mandat=VII&type=dt&uid=5CAA0717F5657D7CC1257E59003F84CF
Sat, 24 Oct 2015 18:50:01 - FETCH DOC: http://www.dz-rs.si/wps/portal/Home/deloDZ/seje/evidenca?mandat=VII&type=dt&uid=613E2ECE178A4991C1257E60004A4FF9
Sat, 24 Oct 2015 18:50:01 - FETCH SESSION: http://www.dz-rs.si/wps/portal/Home/deloDZ/seje/izbranaSejaDt?mandat=VII&seja=18%20003.%20Redna&uid=727E77D6E153F215C1257E44002A8FCA
Sat, 24 Oct 2015 18:50:02 - FETCH SPEECH: http://www.dz-rs.si/wps/portal/Home/deloDZ/seje/evidenca?mandat=VII&type=pmagdt&uid=ED5945C83D774975C1257E570022C9F9
Sat, 24 Oct 2015 18:50:03 - FETCH DOC: http://www.dz-rs.si/wps/portal/Home/deloDZ/seje/evidenca?mandat=VII&type=dt&uid=326F1DD8402BDBC6C1257E4400319E00
Sat, 24 Oct 2015 18:50:03 - FETCH SESSION: http://www.dz-rs.si/wps/portal/Home/deloDZ/seje/izbranaSejaDt?mandat=VII&seja=18%20008.%20Nujna&uid=BD6AB78908ED705FC1257E3F003D4C95
Sat, 24 Oct 2015 18:50:04 - FETCH SPEECH: http://www.dz-rs.si/wps/portal/Home/deloDZ/seje/evidenca?mandat=VII&type=pmagdt&uid=F78AA2BB6E38297DC1257E4C0037CCAF
Sat, 24 Oct 2015 18:50:05 - FETCH SPEECH: http://www.dz-rs.si/wps/portal/Home/deloDZ/seje/evidenca?mandat=VII&type=pmagdt&uid=87B635F72107B4A3C1257E50003BF8B7
Sat, 24 Oct 2015 18:50:07 - FETCH DOC: http://www.dz-rs.si/wps/portal/Home/deloDZ/seje/evidenca?mandat=VII&type=dt&uid=59A32494AAA2E584C1257E3F003E71C1
Sat, 24 Oct 2015 18:50:07 - FETCH DOC: http://www.dz-rs.si/wps/portal/Home/deloDZ/seje/evidenca?mandat=VII&type=dt&uid=173B8D357C0B6339C1257E440027D6C4
Sat, 24 Oct 2015 18:50:08 - FETCH DOC: http://www.dz-rs.si/wps/portal/Home/deloDZ/seje/evidenca?mandat=VII&type=dt&uid=7781C8B91343D6A9C1257E450038EC37
Sat, 24 Oct 2015 18:50:08 - FETCH SESSION: http://www.dz-rs.si/wps/portal/Home/deloDZ/seje/izbranaSejaDt?mandat=VII&seja=18%20007.%20Nujna&uid=1FCCE179CFB0335DC1257E3B00262817
Sat, 24 Oct 2015 18:50:08 - FETCH SPEECH: http://www.dz-rs.si/wps/portal/Home/deloDZ/seje/evidenca?mandat=VII&type=pmagdt&uid=6754A24EF1BC3D0CC1257E3D005E32CD
Sat, 24 Oct 2015 18:50:10 - FETCH DOC: http://www.dz-rs.si/wps/portal/Home/deloDZ/seje/evidenca?mandat=VII&type=dt&uid=B9D8071394483458C1257E3B00272FAF
Sat, 24 Oct 2015 18:50:10 - FETCH SESSION: http://www.dz-rs.si/wps/portal/Home/deloDZ/seje/izbranaSejaDt?mandat=VII&seja=18%20006.%20Nujna&uid=A80F6922E0013A19C1257E0D00349398
Sat, 24 Oct 2015 18:50:11 - FETCH SPEECH: http://www.dz-rs.si/wps/portal/Home/deloDZ/seje/evidenca?mandat=VII&type=pmagdt&uid=A3B4B1ADF63052E9C1257E18002C1242
Sat, 24 Oct 2015 18:50:15 - FETCH DOC: http://www.dz-rs.si/wps/portal/Home/deloDZ/seje/evidenca?mandat=VII&type=dt&uid=CBE0C91FA64FF9E0C1257E0D003B1D68
Sat, 24 Oct 2015 18:50:15 - FETCH DOC: http://www.dz-rs.si/wps/portal/Home/deloDZ/seje/evidenca?mandat=VII&type=dt&uid=1B7A534437FEF9BCC1257E110049290F
Sat, 24 Oct 2015 18:50:16 - FETCH DOC: http://www.dz-rs.si/wps/portal/Home/deloDZ/seje/evidenca?mandat=VII&type=dt&uid=52470E92980C7D0DC1257E1A00307592
Sat, 24 Oct 2015 18:50:16 - FETCH SESSION: http://www.dz-rs.si/wps/portal/Home/deloDZ/seje/izbranaSejaDt?mandat=VII&seja=18%20005.%20Nujna&uid=7E9F7AA615A9FF0AC1257DE10029805B
Sat, 24 Oct 2015 18:50:17 - FETCH SPEECH: http://www.dz-rs.si/wps/portal/Home/deloDZ/seje/evidenca?mandat=VII&type=pmagdt&uid=C70C17AB785C9053C1257DEA003E1224
Sat, 24 Oct 2015 18:50:19 - FETCH DOC: http://www.dz-rs.si/wps/portal/Home/deloDZ/seje/evidenca?mandat=VII&type=dt&uid=376357C98ED3573FC1257DE10033ABB0
Sat, 24 Oct 2015 18:50:20 - FETCH DOC: http://www.dz-rs.si/wps/portal/Home/deloDZ/seje/evidenca?mandat=VII&type=dt&uid=F16581C6A71CF194C1257DE3004726C5
Sat, 24 Oct 2015 18:50:20 - FETCH SESSION: http://www.dz-rs.si/wps/portal/Home/deloDZ/seje/izbranaSejaDt?mandat=VII&seja=18%20002.%20Redna&uid=58457B2159585C80C1257D9700337D64
Sat, 24 Oct 2015 18:50:21 - FETCH SPEECH: http://www.dz-rs.si/wps/portal/Home/deloDZ/seje/evidenca?mandat=VII&type=pmagdt&uid=F487BFB45279A99EC1257DAF0029D511
Sat, 24 Oct 2015 18:50:22 - FETCH DOC: http://www.dz-rs.si/wps/portal/Home/deloDZ/seje/evidenca?mandat=VII&type=dt&uid=49CE161BBAABA784C1257D9700343C52
Sat, 24 Oct 2015 18:50:22 - FETCH SESSION: http://www.dz-rs.si/wps/portal/Home/deloDZ/seje/izbranaSejaDt?mandat=VII&seja=18%20001.%20Redna&uid=12E4D29431AC8CF3C1257D8600468789
Sat, 24 Oct 2015 18:50:23 - FETCH DOC: http://www.dz-rs.si/wps/portal/Home/deloDZ/seje/evidenca?mandat=VII&type=dt&uid=94A13B191B9B003AC1257D86004B5ABC
Sat, 24 Oct 2015 18:50:23 - FETCH DOC: http://www.dz-rs.si/wps/portal/Home/deloDZ/seje/evidenca?mandat=VII&type=dt&uid=8119A819FCB2CDA1C1257D9C004F8E55
Sat, 24 Oct 2015 18:50:25 - FETCH SESSION: http://www.dz-rs.si/wps/portal/Home/deloDZ/seje/izbranaSejaDt?mandat=VII&seja=18%20004.%20Nujna&uid=21D2D1D9861C8D9BC1257D86002980BF
Sat, 24 Oct 2015 18:50:26 - FETCH SPEECH: http://www.dz-rs.si/wps/portal/Home/deloDZ/seje/evidenca?mandat=VII&type=pmagdt&uid=BBF9259FF9C5560DC1257D8E0029A33F
Sat, 24 Oct 2015 18:50:28 - FETCH DOC: http://www.dz-rs.si/wps/portal/Home/deloDZ/seje/evidenca?mandat=VII&type=dt&uid=3D3B6F0B28D24156C1257D86002A5BA2
Sat, 24 Oct 2015 18:50:28 - FETCH SESSION: http://www.dz-rs.si/wps/portal/Home/deloDZ/seje/izbranaSejaDt?mandat=VII&seja=18%20003.%20Nujna&uid=5B266FEC0FCFAB4FC1257D6D00336326
Sat, 24 Oct 2015 18:50:29 - FETCH SPEECH: http://www.dz-rs.si/wps/portal/Home/deloDZ/seje/evidenca?mandat=VII&type=pmagdt&uid=9738AB2D47FFAB19C1257D74003DEF1F
Sat, 24 Oct 2015 18:50:33 - FETCH DOC: http://www.dz-rs.si/wps/portal/Home/deloDZ/seje/evidenca?mandat=VII&type=dt&uid=D512C4324A506E8EC1257D6D003BF57F
Sat, 24 Oct 2015 18:50:33 - FETCH DOC: http://www.dz-rs.si/wps/portal/Home/deloDZ/seje/evidenca?mandat=VII&type=dt&uid=13A1D1F0F1CA911CC1257D700032580C
Sat, 24 Oct 2015 18:50:33 - FETCH DOC: http://www.dz-rs.si/wps/portal/Home/deloDZ/seje/evidenca?mandat=VII&type=dt&uid=CD54FE1FCAF24EFCC1257D7800461937
Sat, 24 Oct 2015 18:50:33 - FETCH SESSION: http://www.dz-rs.si/wps/portal/Home/deloDZ/seje/izbranaSejaDt?mandat=VII&seja=18%20002.%20Nujna&uid=F86E70C273F9B8EBC1257D5D00297BD9
Sat, 24 Oct 2015 18:50:34 - FETCH DOC: http://www.dz-rs.si/wps/portal/Home/deloDZ/seje/evidenca?mandat=VII&type=dt&uid=2E87EF604B5A3768C1257D5D003B5305
Sat, 24 Oct 2015 18:50:34 - FETCH DOC: http://www.dz-rs.si/wps/portal/Home/deloDZ/seje/evidenca?mandat=VII&type=dt&uid=F9776926085C46D4C1257D650049218E
Sat, 24 Oct 2015 18:50:35 - FETCH SESSION: http://www.dz-rs.si/wps/portal/Home/deloDZ/seje/izbranaSejaDt?mandat=VII&seja=18%20001.%20Nujna&uid=C97FAC78C0F7B638C1257D4F003BCAFF
Sat, 24 Oct 2015 18:50:35 - FETCH SPEECH: http://www.dz-rs.si/wps/portal/Home/deloDZ/seje/evidenca?mandat=VII&type=pmagdt&uid=98B8721F1BFA4FA8C1257D54005FEA99
Sat, 24 Oct 2015 18:50:37 - FETCH DOC: http://www.dz-rs.si/wps/portal/Home/deloDZ/seje/evidenca?mandat=VII&type=dt&uid=C33E1EBB85BFE44DC1257D4F003ECC5D
Sat, 24 Oct 2015 18:50:37 - FETCH SESSION: http://www.dz-rs.si/wps/portal/Home/deloDZ/seje/izbranaSejaDt?mandat=VI&seja=18%20027.%20Nujna&uid=C5C71A24C94CAB8BC1257D1F005A8E07
Sat, 24 Oct 2015 18:50:38 - FETCH DOC: http://www.dz-rs.si/wps/portal/Home/deloDZ/seje/evidenca?mandat=VI&type=dt&uid=88C96E537CA264F5C1257D1F005A8E0C
Sat, 24 Oct 2015 18:50:39 - FETCH DOC: http://www.dz-rs.si/wps/portal/Home/deloDZ/seje/evidenca?mandat=VI&type=dt&uid=7B8F2A51C0BCE572C1257D1F005A8F22
Sat, 24 Oct 2015 18:50:39 - FETCH SESSION: http://www.dz-rs.si/wps/portal/Home/deloDZ/seje/izbranaSejaDt?mandat=VI&seja=18%20008.%20Redna&uid=4CE2EB527EA35208C1257D1F005A8A48
Sat, 24 Oct 2015 18:50:39 - FETCH DOC: http://www.dz-rs.si/wps/portal/Home/deloDZ/seje/evidenca?mandat=VI&type=dt&uid=D6DE386157D8A133C1257D1F005A8A4F
Sat, 24 Oct 2015 18:50:40 - FETCH DOC: http://www.dz-rs.si/wps/portal/Home/deloDZ/seje/evidenca?mandat=VI&type=dt&uid=42E069F67EA7F8EEC1257D1F005A8C3E
Sat, 24 Oct 2015 18:50:40 - FETCH SESSION: http://www.dz-rs.si/wps/portal/Home/deloDZ/seje/izbranaSejaDt?mandat=VI&seja=18%20007.%20Redna&uid=97F99A8A016C2EC8C1257D1F005A8812
Sat, 24 Oct 2015 18:50:41 - FETCH SPEECH: http://www.dz-rs.si/wps/portal/Home/deloDZ/seje/evidenca?mandat=VI&type=pmagdt&uid=7C786B864BC17042C1257CA700373F77
Sat, 24 Oct 2015 18:50:42 - FETCH DOC: http://www.dz-rs.si/wps/portal/Home/deloDZ/seje/evidenca?mandat=VI&type=dt&uid=32E5E1C9CF67B75DC1257D1F005A8819
Sat, 24 Oct 2015 18:50:42 - FETCH DOC: http://www.dz-rs.si/wps/portal/Home/deloDZ/seje/evidenca?mandat=VI&type=dt&uid=EF76196A52EB546CC1257D1F005A8928
Sat, 24 Oct 2015 18:50:42 - FETCH DOC: http://www.dz-rs.si/wps/portal/Home/deloDZ/seje/evidenca?mandat=VI&type=dt&uid=C2124059376432A4C1257D1F005A8931
Sat, 24 Oct 2015 18:50:43 - FETCH SESSION: http://www.dz-rs.si/wps/portal/Home/deloDZ/seje/izbranaSejaDt?mandat=VI&seja=18%20026.%20Nujna&uid=F2D170BFE4ECE8AEC1257D1F005A850A
Sat, 24 Oct 2015 18:50:44 - FETCH SPEECH: http://www.dz-rs.si/wps/portal/Home/deloDZ/seje/evidenca?mandat=VI&type=pmagdt&uid=8B317A82FDA4522BC1257C7E0029D910
Sat, 24 Oct 2015 18:50:45 - FETCH DOC: http://www.dz-rs.si/wps/portal/Home/deloDZ/seje/evidenca?mandat=VI&type=dt&uid=B267051B0A2DA42AC1257D1F005A850D
Sat, 24 Oct 2015 18:50:45 - FETCH DOC: http://www.dz-rs.si/wps/portal/Home/deloDZ/seje/evidenca?mandat=VI&type=dt&uid=66851DE67CF3FEABC1257D1F005A855D
Sat, 24 Oct 2015 18:50:46 - FETCH DOC: http://www.dz-rs.si/wps/portal/Home/deloDZ/seje/evidenca?mandat=VI&type=dt&uid=B613EDAD6440ABB8C1257D1F005A8633
Sat, 24 Oct 2015 18:50:46 - FETCH SESSION: http://www.dz-rs.si/wps/portal/Home/deloDZ/seje/izbranaSejaDt?mandat=VI&seja=18%20024.%20Nujna&uid=9045308FF814416CC1257D1F005A8359
Sat, 24 Oct 2015 18:50:47 - FETCH SPEECH: http://www.dz-rs.si/wps/portal/Home/deloDZ/seje/evidenca?mandat=VI&type=pmagdt&uid=EC8942DF0BCFEA15C1257C7700440997
Sat, 24 Oct 2015 18:50:47 - FETCH DOC: http://www.dz-rs.si/wps/portal/Home/deloDZ/seje/evidenca?mandat=VI&type=dt&uid=9F85EC8966B73142C1257D1F005A8364
Sat, 24 Oct 2015 18:50:48 - FETCH DOC: http://www.dz-rs.si/wps/portal/Home/deloDZ/seje/evidenca?mandat=VI&type=dt&uid=A2B2CE264949D034C1257D1F005A83A2
Sat, 24 Oct 2015 18:50:48 - FETCH SESSION: http://www.dz-rs.si/wps/portal/Home/deloDZ/seje/izbranaSejaDt?mandat=VI&seja=18%20025.%20Nujna&uid=266F957D8DB1A806C1257D1F005A83F6
Sat, 24 Oct 2015 18:50:49 - FETCH DOC: http://www.dz-rs.si/wps/portal/Home/deloDZ/seje/evidenca?mandat=VI&type=dt&uid=C4D7577223BC57AAC1257D1F005A83FB
Sat, 24 Oct 2015 18:50:49 - FETCH DOC: http://www.dz-rs.si/wps/portal/Home/deloDZ/seje/evidenca?mandat=VI&type=dt&uid=C639C97DF34DB756C1257D1F005A8631
Sat, 24 Oct 2015 18:50:49 - FETCH SESSION: http://www.dz-rs.si/wps/portal/Home/deloDZ/seje/izbranaSejaDt?mandat=VI&seja=18%20006.%20Redna&uid=102DA8CBD4C85E05C1257D1F005A821B
Sat, 24 Oct 2015 18:50:50 - FETCH SPEECH: http://www.dz-rs.si/wps/portal/Home/deloDZ/seje/evidenca?mandat=VI&type=pmagdt&uid=1CDD6E487E4B47B6C1257C690035F9EB
Sat, 24 Oct 2015 18:50:52 - FETCH DOC: http://www.dz-rs.si/wps/portal/Home/deloDZ/seje/evidenca?mandat=VI&type=dt&uid=91F2775DE630F041C1257D1F005A821F
Sat, 24 Oct 2015 18:50:53 - FETCH DOC: http://www.dz-rs.si/wps/portal/Home/deloDZ/seje/evidenca?mandat=VI&type=dt&uid=238B3C0324C252BBC1257D1F005A8329
Sat, 24 Oct 2015 18:50:53 - FETCH DOC: http://www.dz-rs.si/wps/portal/Home/deloDZ/seje/evidenca?mandat=VI&type=dt&uid=948646F891CBF089C1257D1F005A8349
Sat, 24 Oct 2015 18:50:54 - FETCH DOC: http://www.dz-rs.si/wps/portal/Home/deloDZ/seje/evidenca?mandat=VI&type=dt&uid=69A1598A4C2F9ADFC1257D1F005A83B9
Sat, 24 Oct 2015 18:50:54 - FETCH DOC: http://www.dz-rs.si/wps/portal/Home/deloDZ/seje/evidenca?mandat=VI&type=dt&uid=2D87D7F22845C8F5C1257D1F005A8421
Sat, 24 Oct 2015 18:50:54 - FETCH DOC: http://www.dz-rs.si/wps/portal/Home/deloDZ/seje/evidenca?mandat=VI&type=dt&uid=8836A52CA1A84C90C1257D1F005A8424
Sat, 24 Oct 2015 18:50:54 - FETCH SESSION: http://www.dz-rs.si/wps/portal/Home/deloDZ/seje/izbranaSejaDt?mandat=VI&seja=18%20023.%20Nujna&uid=FCA18C0D338E9CBBC1257D1F005A806A
Sat, 24 Oct 2015 18:50:55 - FETCH DOC: http://www.dz-rs.si/wps/portal/Home/deloDZ/seje/evidenca?mandat=VI&type=dt&uid=A717AEB18386C31CC1257D1F005A806F
Sat, 24 Oct 2015 18:50:55 - FETCH DOC: http://www.dz-rs.si/wps/portal/Home/deloDZ/seje/evidenca?mandat=VI&type=dt&uid=032960BEA1EF1344C1257D1F005A818D
Sat, 24 Oct 2015 18:50:55 - FETCH SESSION: http://www.dz-rs.si/wps/portal/Home/deloDZ/seje/izbranaSejaDt?mandat=VI&seja=18%20022.%20Nujna&uid=A65E09441D3069C5C1257D1F005A7F7D
Sat, 24 Oct 2015 18:50:56 - FETCH SPEECH: http://www.dz-rs.si/wps/portal/Home/deloDZ/seje/evidenca?mandat=VI&type=pmagdt&uid=728DDAB09AAED625C1257C3100470DF1
Sat, 24 Oct 2015 18:50:58 - FETCH DOC: http://www.dz-rs.si/wps/portal/Home/deloDZ/seje/evidenca?mandat=VI&type=dt&uid=1011B765A6F668B1C1257D1F005A7F81
Sat, 24 Oct 2015 18:50:58 - FETCH DOC: http://www.dz-rs.si/wps/portal/Home/deloDZ/seje/evidenca?mandat=VI&type=dt&uid=5DEC4DFECE479B03C1257D1F005A7FF8
Sat, 24 Oct 2015 18:50:59 - FETCH DOC: http://www.dz-rs.si/wps/portal/Home/deloDZ/seje/evidenca?mandat=VI&type=dt&uid=5BBB0F3F29B87CFEC1257D1F005A805E
Sat, 24 Oct 2015 18:50:59 - FETCH DOC: http://www.dz-rs.si/wps/portal/Home/deloDZ/seje/evidenca?mandat=VI&type=dt&uid=81D2987EFB606886C1257D1F005A805F
Sat, 24 Oct 2015 18:50:59 - FETCH SESSION: http://www.dz-rs.si/wps/portal/Home/deloDZ/seje/izbranaSejaDt?mandat=VI&seja=18%20021.%20Nujna&uid=A94F64DC833D4843C1257D1F005A7F2B
Sat, 24 Oct 2015 18:51:00 - FETCH SPEECH: http://www.dz-rs.si/wps/portal/Home/deloDZ/seje/evidenca?mandat=VI&type=pmagdt&uid=0E14810213F7DF39C1257C31003EC87F
Sat, 24 Oct 2015 18:51:01 - FETCH DOC: http://www.dz-rs.si/wps/portal/Home/deloDZ/seje/evidenca?mandat=VI&type=dt&uid=F4D2C18D30BB01E9C1257D1F005A7F3F
Sat, 24 Oct 2015 18:51:01 - FETCH DOC: http://www.dz-rs.si/wps/portal/Home/deloDZ/seje/evidenca?mandat=VI&type=dt&uid=FA508FA1F50DD46FC1257D1F005A8075
Sat, 24 Oct 2015 18:51:02 - FETCH SESSION: http://www.dz-rs.si/wps/portal/Home/deloDZ/seje/izbranaSejaDt?mandat=VI&seja=18%20005.%20Redna&uid=D38B93436CDCBA5CC1257D1F005A75E1
Sat, 24 Oct 2015 18:51:02 - FETCH DOC: http://www.dz-rs.si/wps/portal/Home/deloDZ/seje/evidenca?mandat=VI&type=dt&uid=57E3584F6FCBEAF9C1257D1F005A7D50
Sat, 24 Oct 2015 18:51:03 - FETCH DOC: http://www.dz-rs.si/wps/portal/Home/deloDZ/seje/evidenca?mandat=VI&type=dt&uid=73982EC75C418276C1257D1F005A7DFB
Sat, 24 Oct 2015 18:51:03 - FETCH DOC: http://www.dz-rs.si/wps/portal/Home/deloDZ/seje/evidenca?mandat=VI&type=dt&uid=9D21072BE13A39C7C1257D1F005A7F6C
Sat, 24 Oct 2015 18:51:04 - FETCH SESSION: http://www.dz-rs.si/wps/portal/Home/deloDZ/seje/izbranaSejaDt?mandat=VII&seja=30%20003.%20Redna&uid=E45B921A4FEE2EFCC1257E50003995E7
Sat, 24 Oct 2015 18:51:04 - FETCH SPEECH: http://www.dz-rs.si/wps/portal/Home/deloDZ/seje/evidenca?mandat=VII&type=pmagdt&uid=150607E6ECF47456C1257E74002B31DA
Sat, 24 Oct 2015 18:51:05 - FETCH SPEECH: http://www.dz-rs.si/wps/portal/Home/deloDZ/seje/evidenca?mandat=VII&type=pmagdt&uid=D819B31EB279A041C1257E8800421427
Sat, 24 Oct 2015 18:51:05 - FETCH DOC: http://www.dz-rs.si/wps/portal/Home/deloDZ/seje/evidenca?mandat=VII&type=dt&uid=16B7CE6593D88F4BC1257E500039F21A
Sat, 24 Oct 2015 18:51:05 - FETCH DOC: http://www.dz-rs.si/wps/portal/Home/deloDZ/seje/evidenca?mandat=VII&type=dt&uid=137076E8BCA65876C1257E6E00291CA6
Sat, 24 Oct 2015 18:51:06 - FETCH SESSION: http://www.dz-rs.si/wps/portal/Home/deloDZ/seje/izbranaSejaDt?mandat=VII&seja=30%20002.%20Redna&uid=3BAC6125858B0A01C1257E0C0045B6C8
Sat, 24 Oct 2015 18:51:06 - FETCH SPEECH: http://www.dz-rs.si/wps/portal/Home/deloDZ/seje/evidenca?mandat=VII&type=pmagdt&uid=22B52476A5145E13C1257E3F002CFED0
Sat, 24 Oct 2015 18:51:08 - FETCH SPEECH: http://www.dz-rs.si/wps/portal/Home/deloDZ/seje/evidenca?mandat=VII&type=pmagdt&uid=3E53255A52CC38D0C1257E740026A9A5
Sat, 24 Oct 2015 18:51:08 - FETCH SPEECH: http://www.dz-rs.si/wps/portal/Home/deloDZ/seje/evidenca?mandat=VII&type=pmagdt&uid=3C05DD8C2E3DC83DC1257E8500361403
Sat, 24 Oct 2015 18:51:09 - FETCH DOC: http://www.dz-rs.si/wps/portal/Home/deloDZ/seje/evidenca?mandat=VII&type=dt&uid=39614DC8B745A4A4C1257E0C0047E622
Sat, 24 Oct 2015 18:51:09 - FETCH DOC: http://www.dz-rs.si/wps/portal/Home/deloDZ/seje/evidenca?mandat=VII&type=dt&uid=20B2771639DE9D9AC1257E20002E7C05
Sat, 24 Oct 2015 18:51:09 - FETCH DOC: http://www.dz-rs.si/wps/portal/Home/deloDZ/seje/evidenca?mandat=VII&type=dt&uid=37A52A8AB4353D95C1257E50003A6824
Sat, 24 Oct 2015 18:51:09 - FETCH DOC: http://www.dz-rs.si/wps/portal/Home/deloDZ/seje/evidenca?mandat=VII&type=dt&uid=E69BD6EDBC8E1291C1257E6E002866C2
Sat, 24 Oct 2015 18:51:10 - FETCH SESSION: http://www.dz-rs.si/wps/portal/Home/deloDZ/seje/izbranaSejaDt?mandat=VII&seja=30%20001.%20Redna&uid=4281192F8AD49F37C1257DAB002E10E8
Sat, 24 Oct 2015 18:51:10 - FETCH SPEECH: http://www.dz-rs.si/wps/portal/Home/deloDZ/seje/evidenca?mandat=VII&type=pmagdt&uid=FE178ADF76BA77ADC1257DD4003A0BFF
Sat, 24 Oct 2015 18:51:12 - FETCH SPEECH: http://www.dz-rs.si/wps/portal/Home/deloDZ/seje/evidenca?mandat=VII&type=pmagdt&uid=1D4C48A0CCBD3C53C1257E060045D7F2
Sat, 24 Oct 2015 18:51:12 - FETCH SPEECH: http://www.dz-rs.si/wps/portal/Home/deloDZ/seje/evidenca?mandat=VII&type=pmagdt&uid=F30B8242D0B88C68C1257E7A00421F65
Sat, 24 Oct 2015 18:51:14 - FETCH DOC: http://www.dz-rs.si/wps/portal/Home/deloDZ/seje/evidenca?mandat=VII&type=dt&uid=34FC6E85C7BDF3C1C1257DAB0032C68B
Sat, 24 Oct 2015 18:51:14 - FETCH DOC: http://www.dz-rs.si/wps/portal/Home/deloDZ/seje/evidenca?mandat=VII&type=dt&uid=A738496E26F3B8DCC1257DD200410D61
Sat, 24 Oct 2015 18:51:14 - FETCH DOC: http://www.dz-rs.si/wps/portal/Home/deloDZ/seje/evidenca?mandat=VII&type=dt&uid=94E23778A70B1154C1257DE0003524B4
Sat, 24 Oct 2015 18:51:15 - FETCH DOC: http://www.dz-rs.si/wps/portal/Home/deloDZ/seje/evidenca?mandat=VII&type=dt&uid=4B4F0A3505AD6AF4C1257E5000390413
Sat, 24 Oct 2015 18:51:16 - FETCH SESSION: http://www.dz-rs.si/wps/portal/Home/deloDZ/seje/izbranaSejaDt?mandat=VII&seja=16%20032.%20Redna&uid=166554CE4440F702C1257EDE0043CE52
Sat, 24 Oct 2015 18:51:16 - FETCH DOC: http://www.dz-rs.si/wps/portal/Home/deloDZ/seje/evidenca?mandat=VII&type=dt&uid=E2455D297CAEFBE1C1257EE0002D4BF6
Sat, 24 Oct 2015 18:51:17 - FETCH DOC: http://www.dz-rs.si/wps/portal/Home/deloDZ/seje/evidenca?mandat=VII&type=dt&uid=CD209A0B93884055C1257EE50034B4A3
Sat, 24 Oct 2015 18:51:17 - FETCH SESSION: http://www.dz-rs.si/wps/portal/Home/deloDZ/seje/izbranaSejaDt?mandat=VII&seja=16%20033.%20Nujna&uid=1980FF21D75F22E8C1257EE3001F413C
Sat, 24 Oct 2015 18:51:18 - FETCH DOC: http://www.dz-rs.si/wps/portal/Home/deloDZ/seje/evidenca?mandat=VII&type=dt&uid=A326E69565AE1F17C1257EE3002A67B4
Sat, 24 Oct 2015 18:51:18 - FETCH DOC: http://www.dz-rs.si/wps/portal/Home/deloDZ/seje/evidenca?mandat=VII&type=dt&uid=1C871C3FB190F8DBC1257EE30043F879
Sat, 24 Oct 2015 18:51:18 - FETCH SESSION: http://www.dz-rs.si/wps/portal/Home/deloDZ/seje/izbranaSejaDt?mandat=VII&seja=16%20030.%20Redna&uid=986B853899FB6D5FC1257EC80025C1B8
Sat, 24 Oct 2015 18:51:19 - FETCH SPEECH: http://www.dz-rs.si/wps/portal/Home/deloDZ/seje/evidenca?mandat=VII&type=pmagdt&uid=9F64666BDD7099A6C1257EDF0024D203
Sat, 24 Oct 2015 18:51:20 - FETCH DOC: http://www.dz-rs.si/wps/portal/Home/deloDZ/seje/evidenca?mandat=VII&type=dt&uid=F69CDB0828446A64C1257ECF002B5A7D
Sat, 24 Oct 2015 18:51:20 - FETCH DOC: http://www.dz-rs.si/wps/portal/Home/deloDZ/seje/evidenca?mandat=VII&type=dt&uid=AEA24DFCC6002C42C1257ED900317307
Sat, 24 Oct 2015 18:51:21 - FETCH DOC: http://www.dz-rs.si/wps/portal/Home/deloDZ/seje/evidenca?mandat=VII&type=dt&uid=865061142A34AF60C1257EDD00480948
Sat, 24 Oct 2015 18:51:21 - FETCH SESSION: http://www.dz-rs.si/wps/portal/Home/deloDZ/seje/izbranaSejaDt?mandat=VII&seja=16%20032.%20Nujna&uid=F877CF6A5FC442C6C1257ECF002BA1D9
Sat, 24 Oct 2015 18:51:21 - FETCH SPEECH: http://www.dz-rs.si/wps/portal/Home/deloDZ/seje/evidenca?mandat=VII&type=pmagdt&uid=3CAE0D0D0CA41D8AC1257EDC002863B1
Sat, 24 Oct 2015 18:51:22 - FETCH DOC: http://www.dz-rs.si/wps/portal/Home/deloDZ/seje/evidenca?mandat=VII&type=dt&uid=9B198B1B01FAF9D5C1257ED00038555B
Sat, 24 Oct 2015 18:51:22 - FETCH SESSION: http://www.dz-rs.si/wps/portal/Home/deloDZ/seje/izbranaSejaDt?mandat=VII&seja=16%20031.%20Redna&uid=66CA42DA5207253EC1257ECF004BB682
Sat, 24 Oct 2015 18:51:23 - FETCH DOC: http://www.dz-rs.si/wps/portal/Home/deloDZ/seje/evidenca?mandat=VII&type=dt&uid=692087FC7EDE4712C1257ED000203A23
Sat, 24 Oct 2015 18:51:23 - FETCH DOC: http://www.dz-rs.si/wps/portal/Home/deloDZ/seje/evidenca?mandat=VII&type=dt&uid=9CD6E281C530DED9C1257ED8003BE1F4
Sat, 24 Oct 2015 18:51:24 - FETCH SESSION: http://www.dz-rs.si/wps/portal/Home/deloDZ/seje/izbranaSejaDt?mandat=VII&seja=16%20031.%20Nujna&uid=723668224A6FEADBC1257ECB00424EF1
Sat, 24 Oct 2015 18:51:25 - FETCH SPEECH: http://www.dz-rs.si/wps/portal/Home/deloDZ/seje/evidenca?mandat=VII&type=pmagdt&uid=042FC448B04E1D49C1257ED60039BA80
Sat, 24 Oct 2015 18:51:26 - FETCH DOC: http://www.dz-rs.si/wps/portal/Home/deloDZ/seje/evidenca?mandat=VII&type=dt&uid=F2762DCAE7050FC0C1257ECB00465A6A
Sat, 24 Oct 2015 18:51:27 - FETCH DOC: http://www.dz-rs.si/wps/portal/Home/deloDZ/seje/evidenca?mandat=VII&type=dt&uid=17F58B60BF832310C1257ECF0030FF00
Sat, 24 Oct 2015 18:51:27 - FETCH SESSION: http://www.dz-rs.si/wps/portal/Home/deloDZ/seje/izbranaSejaDt?mandat=VII&seja=16%20030.%20Nujna&uid=847AF9F2B9600FA0C1257EC80031ECE3
Sat, 24 Oct 2015 18:51:28 - FETCH DOC: http://www.dz-rs.si/wps/portal/Home/deloDZ/seje/evidenca?mandat=VII&type=dt&uid=86AF9D1E32506E26C1257EC80036CFC4
Sat, 24 Oct 2015 18:51:28 - FETCH SESSION: http://www.dz-rs.si/wps/portal/Home/deloDZ/seje/izbranaSejaDt?mandat=VII&seja=16%20029.%20Redna&uid=7F553D22EF6128AEC1257EB3003C4DA9
Sat, 24 Oct 2015 18:51:29 - FETCH SPEECH: http://www.dz-rs.si/wps/portal/Home/deloDZ/seje/evidenca?mandat=VII&type=pmagdt&uid=D01C8A0DCEA63976C1257ED2003CCBE4
Sat, 24 Oct 2015 18:51:31 - FETCH DOC: http://www.dz-rs.si/wps/portal/Home/deloDZ/seje/evidenca?mandat=VII&type=dt&uid=06AC51F8A9662584C1257EB400273A82
Sat, 24 Oct 2015 18:51:31 - FETCH DOC: http://www.dz-rs.si/wps/portal/Home/deloDZ/seje/evidenca?mandat=VII&type=dt&uid=9DD6BC75C50D6A28C1257EBD0041B69E
Sat, 24 Oct 2015 18:51:31 - FETCH DOC: http://www.dz-rs.si/wps/portal/Home/deloDZ/seje/evidenca?mandat=VII&type=dt&uid=F308F9563A21BBAEC1257EC0002A10DD
Sat, 24 Oct 2015 18:51:32 - FETCH SESSION: http://www.dz-rs.si/wps/portal/Home/deloDZ/seje/izbranaSejaDt?mandat=VII&seja=16%20029.%20Nujna&uid=50688801B9A7A672C1257EB4002C5EBD
Sat, 24 Oct 2015 18:51:32 - FETCH DOC: http://www.dz-rs.si/wps/portal/Home/deloDZ/seje/evidenca?mandat=VII&type=dt&uid=EDE8FCFB3CCC4481C1257EBA003D65EE
Sat, 24 Oct 2015 18:51:32 - FETCH SESSION: http://www.dz-rs.si/wps/portal/Home/deloDZ/seje/izbranaSejaDt?mandat=VII&seja=16%20028.%20Redna&uid=4636C720DDF13B32C1257E8F002A9707
Sat, 24 Oct 2015 18:51:33 - FETCH DOC: http://www.dz-rs.si/wps/portal/Home/deloDZ/seje/evidenca?mandat=VII&type=dt&uid=32A4FF65C66CCEA8C1257EB3003F0F1F
Sat, 24 Oct 2015 18:51:33 - FETCH SESSION: http://www.dz-rs.si/wps/portal/Home/deloDZ/seje/izbranaSejaDt?mandat=VII&seja=16%20028.%20Nujna&uid=C65E0F14B2A6886CC1257E9A0045026A
Sat, 24 Oct 2015 18:51:34 - FETCH DOC: http://www.dz-rs.si/wps/portal/Home/deloDZ/seje/evidenca?mandat=VII&type=dt&uid=AB62D1D024ABE416C1257E9A0046ADB9
Sat, 24 Oct 2015 18:51:34 - FETCH DOC: http://www.dz-rs.si/wps/portal/Home/deloDZ/seje/evidenca?mandat=VII&type=dt&uid=E4AE45FCF9E22186C1257EA000402988
Sat, 24 Oct 2015 18:51:34 - FETCH SESSION: http://www.dz-rs.si/wps/portal/Home/deloDZ/seje/izbranaSejaDt?mandat=VII&seja=16%20027.%20Nujna&uid=7289312738BE7F7DC1257E8C004CA9D5
Sat, 24 Oct 2015 18:51:35 - FETCH DOC: http://www.dz-rs.si/wps/portal/Home/deloDZ/seje/evidenca?mandat=VII&type=dt&uid=6C17DE7A321865EDC1257E8C004E1E8C
Sat, 24 Oct 2015 18:51:35 - FETCH DOC: http://www.dz-rs.si/wps/portal/Home/deloDZ/seje/evidenca?mandat=VII&type=dt&uid=A3409A41F74276FBC1257E8D004228EB
Sat, 24 Oct 2015 18:51:35 - FETCH SESSION: http://www.dz-rs.si/wps/portal/Home/deloDZ/seje/izbranaSejaDt?mandat=VII&seja=16%20026.%20Nujna&uid=BCEC60E2F40CCA73C1257E7A0024409D
Sat, 24 Oct 2015 18:51:36 - FETCH SPEECH: http://www.dz-rs.si/wps/portal/Home/deloDZ/seje/evidenca?mandat=VII&type=pmagdt&uid=091DEBB5FF5618A0C1257EB200400081
Sat, 24 Oct 2015 18:51:38 - FETCH DOC: http://www.dz-rs.si/wps/portal/Home/deloDZ/seje/evidenca?mandat=VII&type=dt&uid=137FAAB2114431CAC1257E7B002C8A31
Sat, 24 Oct 2015 18:51:38 - FETCH DOC: http://www.dz-rs.si/wps/portal/Home/deloDZ/seje/evidenca?mandat=VII&type=dt&uid=15B2222D47DEFAADC1257E830044136B
Sat, 24 Oct 2015 18:51:38 - FETCH SESSION: http://www.dz-rs.si/wps/portal/Home/deloDZ/seje/izbranaSejaDt?mandat=VII&seja=16%20025.%20Nujna&uid=E559BE477E4DF764C1257E7500451BFD
Sat, 24 Oct 2015 18:51:39 - FETCH SPEECH: http://www.dz-rs.si/wps/portal/Home/deloDZ/seje/evidenca?mandat=VII&type=pmagdt&uid=2AC9362CCC39780CC1257EAF0026C6F8
Sat, 24 Oct 2015 18:51:43 - FETCH DOC: http://www.dz-rs.si/wps/portal/Home/deloDZ/seje/evidenca?mandat=VII&type=dt&uid=118914B26197EB01C1257E750049D0AE
Sat, 24 Oct 2015 18:51:43 - FETCH DOC: http://www.dz-rs.si/wps/portal/Home/deloDZ/seje/evidenca?mandat=VII&type=dt&uid=9585A2F6C49FF4D2C1257E770030B95C
Sat, 24 Oct 2015 18:51:43 - FETCH DOC: http://www.dz-rs.si/wps/portal/Home/deloDZ/seje/evidenca?mandat=VII&type=dt&uid=9F589E4AE5C22EE4C1257E7B003ABDC4
Sat, 24 Oct 2015 18:51:44 - FETCH DOC: http://www.dz-rs.si/wps/portal/Home/deloDZ/seje/evidenca?mandat=VII&type=dt&uid=0B506170909933B4C1257E7D00471D0F
Sat, 24 Oct 2015 18:51:44 - FETCH DOC: http://www.dz-rs.si/wps/portal/Home/deloDZ/seje/evidenca?mandat=VII&type=dt&uid=77FF625365E1EAC4C1257E970032110C
Sat, 24 Oct 2015 18:51:44 - FETCH SESSION: http://www.dz-rs.si/wps/portal/Home/deloDZ/seje/izbranaSejaDt?mandat=VII&seja=16%20027.%20Redna&uid=828863B37FDA1CF7C1257E6800254B6A
Sat, 24 Oct 2015 18:51:45 - FETCH DOC: http://www.dz-rs.si/wps/portal/Home/deloDZ/seje/evidenca?mandat=VII&type=dt&uid=B715FF20BCE1EE5FC1257E68004C9703
Sat, 24 Oct 2015 18:51:45 - FETCH DOC: http://www.dz-rs.si/wps/portal/Home/deloDZ/seje/evidenca?mandat=VII&type=dt&uid=5B60BF8CB15B7BA0C1257E96002DD60B
Sat, 24 Oct 2015 18:51:48 - FETCH SESSION: http://www.dz-rs.si/wps/portal/Home/deloDZ/seje/izbranaSejaDt?mandat=VII&seja=16%20026.%20Redna&uid=9802B334EE95A0FDC1257E650044DA1E
Sat, 24 Oct 2015 18:51:49 - FETCH SPEECH: http://www.dz-rs.si/wps/portal/Home/deloDZ/seje/evidenca?mandat=VII&type=pmagdt&uid=D1B812BDDAFBB19EC1257E83003A2AD2
Sat, 24 Oct 2015 18:51:53 - FETCH DOC: http://www.dz-rs.si/wps/portal/Home/deloDZ/seje/evidenca?mandat=VII&type=dt&uid=AD250B9EF6485D82C1257E67003D4A9D
Sat, 24 Oct 2015 18:51:54 - FETCH DOC: http://www.dz-rs.si/wps/portal/Home/deloDZ/seje/evidenca?mandat=VII&type=dt&uid=506980836BB5D14FC1257E6D0039A56D
Sat, 24 Oct 2015 18:51:54 - FETCH DOC: http://www.dz-rs.si/wps/portal/Home/deloDZ/seje/evidenca?mandat=VII&type=dt&uid=17847F6AA97D275AC1257E73002949BD
Sat, 24 Oct 2015 18:51:54 - FETCH DOC: http://www.dz-rs.si/wps/portal/Home/deloDZ/seje/evidenca?mandat=VII&type=dt&uid=E0FF4CDE59AED10CC1257E73003A4761
Sat, 24 Oct 2015 18:51:55 - FETCH DOC: http://www.dz-rs.si/wps/portal/Home/deloDZ/seje/evidenca?mandat=VII&type=dt&uid=DE60E31A9A1818B6C1257E74002D471E
Sat, 24 Oct 2015 18:51:55 - FETCH DOC: http://www.dz-rs.si/wps/portal/Home/deloDZ/seje/evidenca?mandat=VII&type=dt&uid=9B34D5C5DA7BA68EC1257E7400326B2E
Sat, 24 Oct 2015 18:51:55 - FETCH DOC: http://www.dz-rs.si/wps/portal/Home/deloDZ/seje/evidenca?mandat=VII&type=dt&uid=0ADB70337E74907FC1257E970034D4DE
Sat, 24 Oct 2015 18:51:56 - FETCH SESSION: http://www.dz-rs.si/wps/portal/Home/deloDZ/seje/izbranaSejaDt?mandat=VII&seja=16%20024.%20Nujna&uid=42B0892980DF4708C1257E69003A65A0
Sat, 24 Oct 2015 18:51:56 - FETCH DOC: http://www.dz-rs.si/wps/portal/Home/deloDZ/seje/evidenca?mandat=VII&type=dt&uid=8D5AA4FF6370C763C1257E690043B9C8
Sat, 24 Oct 2015 18:51:57 - FETCH DOC: http://www.dz-rs.si/wps/portal/Home/deloDZ/seje/evidenca?mandat=VII&type=dt&uid=D5361D63B50FFEDCC1257E97003133F0
Sat, 24 Oct 2015 18:51:57 - FETCH SESSION: http://www.dz-rs.si/wps/portal/Home/deloDZ/seje/izbranaSejaDt?mandat=VII&seja=16%20023.%20Nujna&uid=CC14D7BD464E9B81C1257E5F002872C0
Sat, 24 Oct 2015 18:51:58 - FETCH DOC: http://www.dz-rs.si/wps/portal/Home/deloDZ/seje/evidenca?mandat=VII&type=dt&uid=2FCE2ED472449341C1257E61002A2DAB
Sat, 24 Oct 2015 18:51:58 - FETCH SESSION: http://www.dz-rs.si/wps/portal/Home/deloDZ/seje/izbranaSejaDt?mandat=VII&seja=16%20025.%20Redna&uid=3F8E40BB0C0E327AC1257E5F00385F88
Sat, 24 Oct 2015 18:51:59 - FETCH DOC: http://www.dz-rs.si/wps/portal/Home/deloDZ/seje/evidenca?mandat=VII&type=dt&uid=61F4CF4355B7DDBFC1257E610026E5F8
Sat, 24 Oct 2015 18:51:59 - FETCH SESSION: http://www.dz-rs.si/wps/portal/Home/deloDZ/seje/izbranaSejaDt?mandat=VII&seja=16%20022.%20Nujna&uid=410FB3AF055FF439C1257E5F0024F338
Sat, 24 Oct 2015 18:51:59 - FETCH DOC: http://www.dz-rs.si/wps/portal/Home/deloDZ/seje/evidenca?mandat=VII&type=dt&uid=A61E7887023EAFE6C1257E610026A8D6
Sat, 24 Oct 2015 18:51:59 - FETCH SESSION: http://www.dz-rs.si/wps/portal/Home/deloDZ/seje/izbranaSejaDt?mandat=VII&seja=16%20024.%20Redna&uid=76BFEE7EE01CB3B9C1257E5A00241345
Sat, 24 Oct 2015 18:52:00 - FETCH SPEECH: http://www.dz-rs.si/wps/portal/Home/deloDZ/seje/evidenca?mandat=VII&type=pmagdt&uid=C0A3B4A76CFA525BC1257E6C003EAF63
Sat, 24 Oct 2015 18:52:03 - FETCH DOC: http://www.dz-rs.si/wps/portal/Home/deloDZ/seje/evidenca?mandat=VII&type=dt&uid=6407BECCD36EDEB8C1257E5A002C6E01
Sat, 24 Oct 2015 18:52:04 - FETCH DOC: http://www.dz-rs.si/wps/portal/Home/deloDZ/seje/evidenca?mandat=VII&type=dt&uid=C27796633104BAD7C1257E5B00389DE0
Sat, 24 Oct 2015 18:52:04 - FETCH DOC: http://www.dz-rs.si/wps/portal/Home/deloDZ/seje/evidenca?mandat=VII&type=dt&uid=CF7EDF4FB80E1AA2C1257E5E003E6064
Sat, 24 Oct 2015 18:52:04 - FETCH DOC: http://www.dz-rs.si/wps/portal/Home/deloDZ/seje/evidenca?mandat=VII&type=dt&uid=75AE7B6C21B8F1B0C1257E5E00409D50
Sat, 24 Oct 2015 18:52:05 - FETCH DOC: http://www.dz-rs.si/wps/portal/Home/deloDZ/seje/evidenca?mandat=VII&type=dt&uid=C5775FCDB5CE009EC1257E97003500CC
Sat, 24 Oct 2015 18:52:05 - FETCH SESSION: http://www.dz-rs.si/wps/portal/Home/deloDZ/seje/izbranaSejaDt?mandat=VII&seja=16%20023.%20Redna&uid=33471F8BA4BAB79FC1257E51002B5A36
Sat, 24 Oct 2015 18:52:06 - FETCH SPEECH: http://www.dz-rs.si/wps/portal/Home/deloDZ/seje/evidenca?mandat=VII&type=pmagdt&uid=0AD59EE4351B2A70C1257E6100372F1C
Sat, 24 Oct 2015 18:52:08 - FETCH DOC: http://www.dz-rs.si/wps/portal/Home/deloDZ/seje/evidenca?mandat=VII&type=dt&uid=E2EF54096BCC9F72C1257E520025A6EF
Sat, 24 Oct 2015 18:52:08 - FETCH DOC: http://www.dz-rs.si/wps/portal/Home/deloDZ/seje/evidenca?mandat=VII&type=dt&uid=4DC6C8516ABC0953C1257E5A002CB7C6
Sat, 24 Oct 2015 18:52:09 - FETCH DOC: http://www.dz-rs.si/wps/portal/Home/deloDZ/seje/evidenca?mandat=VII&type=dt&uid=3E76120CB9C4776CC1257E970035166B
Sat, 24 Oct 2015 18:52:09 - FETCH SESSION: http://www.dz-rs.si/wps/portal/Home/deloDZ/seje/izbranaSejaDt?mandat=VII&seja=16%20022.%20Redna&uid=4B4039A61DE0E0AAC1257E3C003547A2
Sat, 24 Oct 2015 18:52:10 - FETCH SPEECH: http://www.dz-rs.si/wps/portal/Home/deloDZ/seje/evidenca?mandat=VII&type=pmagdt&uid=F4A97C6771755C5AC1257E53002D8900
Sat, 24 Oct 2015 18:52:11 - FETCH DOC: http://www.dz-rs.si/wps/portal/Home/deloDZ/seje/evidenca?mandat=VII&type=dt&uid=CEAF2ACC5B2A9F4DC1257E3E00216394
Sat, 24 Oct 2015 18:52:11 - FETCH DOC: http://www.dz-rs.si/wps/portal/Home/deloDZ/seje/evidenca?mandat=VII&type=dt&uid=AD31FA7FC16E7C48C1257E990042FB38
Sat, 24 Oct 2015 18:52:12 - FETCH SESSION: http://www.dz-rs.si/wps/portal/Home/deloDZ/seje/izbranaSejaDt?mandat=VII&seja=16%20021.%20Redna&uid=62BFE1AE34CC8094C1257E3100211639
Sat, 24 Oct 2015 18:52:12 - FETCH SPEECH: http://www.dz-rs.si/wps/portal/Home/deloDZ/seje/evidenca?mandat=VII&type=pmagdt&uid=3A723101C8AAF16AC1257E50002A7010
Sat, 24 Oct 2015 18:52:15 - FETCH DOC: http://www.dz-rs.si/wps/portal/Home/deloDZ/seje/evidenca?mandat=VII&type=dt&uid=0DDF74E36A77296EC1257E3100221E0B
Sat, 24 Oct 2015 18:52:16 - FETCH DOC: http://www.dz-rs.si/wps/portal/Home/deloDZ/seje/evidenca?mandat=VII&type=dt&uid=20BA278A64E7A636C1257E3F002CEA6E
Sat, 24 Oct 2015 18:52:16 - FETCH DOC: http://www.dz-rs.si/wps/portal/Home/deloDZ/seje/evidenca?mandat=VII&type=dt&uid=7905343850F95214C1257E420038A5C1
Sat, 24 Oct 2015 18:52:16 - FETCH SESSION: http://www.dz-rs.si/wps/portal/Home/deloDZ/seje/izbranaSejaDt?mandat=VII&seja=16%20021.%20Nujna&uid=5CB0713BB87BACD0C1257E2900500733
Sat, 24 Oct 2015 18:52:17 - FETCH SPEECH: http://www.dz-rs.si/wps/portal/Home/deloDZ/seje/evidenca?mandat=VII&type=pmagdt&uid=1492BBFBDA9D77ABC1257E3B002F974F
Sat, 24 Oct 2015 18:52:18 - FETCH DOC: http://www.dz-rs.si/wps/portal/Home/deloDZ/seje/evidenca?mandat=VII&type=dt&uid=58BBA58A5E1442AFC1257E2A002C9DF2
Sat, 24 Oct 2015 18:52:18 - FETCH DOC: http://www.dz-rs.si/wps/portal/Home/deloDZ/seje/evidenca?mandat=VII&type=dt&uid=6E3CCFAD8201F7F2C1257E2E003E6DCA
Sat, 24 Oct 2015 18:52:18 - FETCH SESSION: http://www.dz-rs.si/wps/portal/Home/deloDZ/seje/izbranaSejaDt?mandat=VI&seja=16%20056.%20Redna&uid=1D659CF95EB826CEC1257D1F005A8FC5
Sat, 24 Oct 2015 18:52:19 - FETCH DOC: http://www.dz-rs.si/wps/portal/Home/deloDZ/seje/evidenca?mandat=VI&type=dt&uid=BF43FE1739FF5FB5C1257D1F005A8FD2
Sat, 24 Oct 2015 18:52:19 - FETCH SESSION: http://www.dz-rs.si/wps/portal/Home/deloDZ/seje/izbranaSejaDt?mandat=VI&seja=16%20057.%20Nujna&uid=C0DB869667BBEEF7C1257D1F005A8F56
Sat, 24 Oct 2015 18:52:19 - FETCH SPEECH: http://www.dz-rs.si/wps/portal/Home/deloDZ/seje/evidenca?mandat=VI&type=pmagdt&uid=C26FC8E0AC749943C1257CF6003FA12A
Sat, 24 Oct 2015 18:52:21 - FETCH DOC: http://www.dz-rs.si/wps/portal/Home/deloDZ/seje/evidenca?mandat=VI&type=dt&uid=82D0999E2717B849C1257D1F005A8F71
Sat, 24 Oct 2015 18:52:21 - FETCH DOC: http://www.dz-rs.si/wps/portal/Home/deloDZ/seje/evidenca?mandat=VI&type=dt&uid=068A62A83A4235F8C1257D1F005A8F8E
Sat, 24 Oct 2015 18:52:22 - FETCH SESSION: http://www.dz-rs.si/wps/portal/Home/deloDZ/seje/izbranaSejaDt?mandat=VI&seja=16%20055.%20Redna&uid=EF5953A3A947FEDFC1257D1F005A8E3E
Sat, 24 Oct 2015 18:52:22 - FETCH DOC: http://www.dz-rs.si/wps/portal/Home/deloDZ/seje/evidenca?mandat=VI&type=dt&uid=7DC6A6988CE9CC5CC1257D1F005A8E67
Sat, 24 Oct 2015 18:52:23 - FETCH DOC: http://www.dz-rs.si/wps/portal/Home/deloDZ/seje/evidenca?mandat=VI&type=dt&uid=36D78E7423BCC690C1257D1F005A8F03
Sat, 24 Oct 2015 18:52:23 - FETCH DOC: http://www.dz-rs.si/wps/portal/Home/deloDZ/seje/evidenca?mandat=VI&type=dt&uid=CEFFC876CE31343FC1257D1F005A8F19
Sat, 24 Oct 2015 18:52:23 - FETCH DOC: http://www.dz-rs.si/wps/portal/Home/deloDZ/seje/evidenca?mandat=VI&type=dt&uid=4B4F205E3DC63A5FC1257D1F005A8F51
Sat, 24 Oct 2015 18:52:24 - FETCH SESSION: http://www.dz-rs.si/wps/portal/Home/deloDZ/seje/izbranaSejaDt?mandat=VI&seja=16%20056.%20Nujna&uid=4ED845771990356EC1257D1F005A8EB4
Sat, 24 Oct 2015 18:52:24 - FETCH SPEECH: http://www.dz-rs.si/wps/portal/Home/deloDZ/seje/evidenca?mandat=VI&type=pmagdt&uid=C1231547F6F4B8F2C1257CEE00414041
Sat, 24 Oct 2015 18:52:25 - FETCH DOC: http://www.dz-rs.si/wps/portal/Home/deloDZ/seje/evidenca?mandat=VI&type=dt&uid=CBDE596D7CB0E537C1257D1F005A8EBA
Sat, 24 Oct 2015 18:52:25 - FETCH SESSION: http://www.dz-rs.si/wps/portal/Home/deloDZ/seje/izbranaSejaDt?mandat=VI&seja=16%20055.%20Nujna&uid=4576824B5D067EC0C1257D1F005A8D87
Sat, 24 Oct 2015 18:52:26 - FETCH SPEECH: http://www.dz-rs.si/wps/portal/Home/deloDZ/seje/evidenca?mandat=VI&type=pmagdt&uid=72E2F1D700DC7A9CC1257CE4003A8CCB
Sat, 24 Oct 2015 18:52:27 - FETCH DOC: http://www.dz-rs.si/wps/portal/Home/deloDZ/seje/evidenca?mandat=VI&type=dt&uid=020D65BF5324FBB1C1257D1F005A8DC8
Sat, 24 Oct 2015 18:52:27 - FETCH DOC: http://www.dz-rs.si/wps/portal/Home/deloDZ/seje/evidenca?mandat=VI&type=dt&uid=23B56103C64BD34BC1257D1F005A8E1C
Sat, 24 Oct 2015 18:52:28 - FETCH DOC: http://www.dz-rs.si/wps/portal/Home/deloDZ/seje/evidenca?mandat=VI&type=dt&uid=66C962AA9C580605C1257D1F005A8E29
Sat, 24 Oct 2015 18:52:28 - FETCH DOC: http://www.dz-rs.si/wps/portal/Home/deloDZ/seje/evidenca?mandat=VI&type=dt&uid=E876F15B6552A67BC1257D1F005A8E22
Sat, 24 Oct 2015 18:52:29 - FETCH SESSION: http://www.dz-rs.si/wps/portal/Home/deloDZ/seje/izbranaSejaDt?mandat=VI&seja=16%20054.%20Redna&uid=6043540CE4929C82C1257D1F005A8C09
Sat, 24 Oct 2015 18:52:30 - FETCH SPEECH: http://www.dz-rs.si/wps/portal/Home/deloDZ/seje/evidenca?mandat=VI&type=pmagdt&uid=19BA750DEC5DB128C1257CDA0034EDE5
Sat, 24 Oct 2015 18:52:32 - FETCH DOC: http://www.dz-rs.si/wps/portal/Home/deloDZ/seje/evidenca?mandat=VI&type=dt&uid=52400E92A6873620C1257D1F005A8C23
Sat, 24 Oct 2015 18:52:32 - FETCH SESSION: http://www.dz-rs.si/wps/portal/Home/deloDZ/seje/izbranaSejaDt?mandat=VI&seja=16%20053.%20Redna&uid=0442368E066D1B10C1257D1F005A8B9C
Sat, 24 Oct 2015 18:52:33 - FETCH SPEECH: http://www.dz-rs.si/wps/portal/Home/deloDZ/seje/evidenca?mandat=VI&type=pmagdt&uid=C7E6E266739E9118C1257CD60023FF49
Sat, 24 Oct 2015 18:52:34 - FETCH DOC: http://www.dz-rs.si/wps/portal/Home/deloDZ/seje/evidenca?mandat=VI&type=dt&uid=EED431FDB308B521C1257D1F005A8BAF
Sat, 24 Oct 2015 18:52:34 - FETCH DOC: http://www.dz-rs.si/wps/portal/Home/deloDZ/seje/evidenca?mandat=VI&type=dt&uid=8153B3AF152BE0A7C1257D1F005A8C99
Sat, 24 Oct 2015 18:52:34 - FETCH DOC: http://www.dz-rs.si/wps/portal/Home/deloDZ/seje/evidenca?mandat=VI&type=dt&uid=D762C2F75B47CFE5C1257D1F005A8CB3
Sat, 24 Oct 2015 18:52:34 - FETCH SESSION: http://www.dz-rs.si/wps/portal/Home/deloDZ/seje/izbranaSejaDt?mandat=VI&seja=16%20054.%20Nujna&uid=5C665CCE6A5FB1FEC1257D1F005A8A8E
Sat, 24 Oct 2015 18:52:35 - FETCH DOC: http://www.dz-rs.si/wps/portal/Home/deloDZ/seje/evidenca?mandat=VI&type=dt&uid=AF74CFDA65B66913C1257D1F005A8AB3
Sat, 24 Oct 2015 18:52:35 - FETCH SESSION: http://www.dz-rs.si/wps/portal/Home/deloDZ/seje/izbranaSejaDt?mandat=VI&seja=16%20051.%20Redna&uid=80B07C61D006F021C1257D1F005A8873
Sat, 24 Oct 2015 18:52:36 - FETCH SPEECH: http://www.dz-rs.si/wps/portal/Home/deloDZ/seje/evidenca?mandat=VI&type=pmagdt&uid=F9BDDC2DED9B7526C1257CBD0024ECBC
Sat, 24 Oct 2015 18:52:38 - FETCH DOC: http://www.dz-rs.si/wps/portal/Home/deloDZ/seje/evidenca?mandat=VI&type=dt&uid=7B00C8A5F711CAB5C1257D1F005A8A1B
Sat, 24 Oct 2015 18:52:39 - FETCH DOC: http://www.dz-rs.si/wps/portal/Home/deloDZ/seje/evidenca?mandat=VI&type=dt&uid=9A8B06E13AB4A0E5C1257D1F005A8AEE
Sat, 24 Oct 2015 18:52:39 - FETCH DOC: http://www.dz-rs.si/wps/portal/Home/deloDZ/seje/evidenca?mandat=VI&type=dt&uid=5AFDA624B76A1C30C1257D1F005A8B10
Sat, 24 Oct 2015 18:52:39 - FETCH DOC: http://www.dz-rs.si/wps/portal/Home/deloDZ/seje/evidenca?mandat=VI&type=dt&uid=5E6E331CA7C53C2EC1257D1F005A8B2E
Sat, 24 Oct 2015 18:52:40 - FETCH SESSION: http://www.dz-rs.si/wps/portal/Home/deloDZ/seje/izbranaSejaDt?mandat=VI&seja=16%20053.%20Nujna&uid=3DFA151B2F9F60C2C1257D1F005A8A7D
Sat, 24 Oct 2015 18:52:40 - FETCH DOC: http://www.dz-rs.si/wps/portal/Home/deloDZ/seje/evidenca?mandat=VI&type=dt&uid=573D824119C57D65C1257D1F005A8A9A
Sat, 24 Oct 2015 18:52:40 - FETCH SESSION: http://www.dz-rs.si/wps/portal/Home/deloDZ/seje/izbranaSejaDt?mandat=VI&seja=16%20052.%20Redna&uid=F4EB04D8B6C8C80CC1257D1F005A8A51
Sat, 24 Oct 2015 18:52:41 - FETCH DOC: http://www.dz-rs.si/wps/portal/Home/deloDZ/seje/evidenca?mandat=VI&type=dt&uid=9E1E1F52C68DFEECC1257D1F005A8A5E
Sat, 24 Oct 2015 18:52:41 - FETCH SESSION: http://www.dz-rs.si/wps/portal/Home/deloDZ/seje/izbranaSejaDt?mandat=VI&seja=16%20052.%20Nujna&uid=FF00883C926DC258C1257D1F005A89C9
Sat, 24 Oct 2015 18:52:42 - FETCH SPEECH: http://www.dz-rs.si/wps/portal/Home/deloDZ/seje/evidenca?mandat=VI&type=pmagdt&uid=C0AB42D8D2DDDFFEC1257CB4003908A0
Sat, 24 Oct 2015 18:52:44 - FETCH DOC: http://www.dz-rs.si/wps/portal/Home/deloDZ/seje/evidenca?mandat=VI&type=dt&uid=1799063CCB6F6A7BC1257D1F005A89D0
Sat, 24 Oct 2015 18:52:44 - FETCH SESSION: http://www.dz-rs.si/wps/portal/Home/deloDZ/seje/izbranaSejaDt?mandat=VI&seja=16%20050.%20Redna&uid=D0E3E1D6D05F3D4BC1257D1F005A8811
Sat, 24 Oct 2015 18:52:45 - FETCH SPEECH: http://www.dz-rs.si/wps/portal/Home/deloDZ/seje/evidenca?mandat=VI&type=pmagdt&uid=C79B6F0E1548BAD8C1257CA700372A77
Sat, 24 Oct 2015 18:52:46 - FETCH DOC: http://www.dz-rs.si/wps/portal/Home/deloDZ/seje/evidenca?mandat=VI&type=dt&uid=5820B1888AA24704C1257D1F005A881E
Sat, 24 Oct 2015 18:52:46 - FETCH DOC: http://www.dz-rs.si/wps/portal/Home/deloDZ/seje/evidenca?mandat=VI&type=dt&uid=8268D6F23B08F9D2C1257D1F005A892B
Sat, 24 Oct 2015 18:52:47 - FETCH DOC: http://www.dz-rs.si/wps/portal/Home/deloDZ/seje/evidenca?mandat=VI&type=dt&uid=8F024BD9BA4E8EA7C1257D1F005A8934
Sat, 24 Oct 2015 18:52:47 - FETCH SESSION: http://www.dz-rs.si/wps/portal/Home/deloDZ/seje/izbranaSejaDt?mandat=VI&seja=16%20051.%20Nujna&uid=58AFA86C5B4D4F5AC1257D1F005A8871
Sat, 24 Oct 2015 18:52:48 - FETCH DOC: http://www.dz-rs.si/wps/portal/Home/deloDZ/seje/evidenca?mandat=VI&type=dt&uid=2B325347284289F8C1257D1F005A8876
Sat, 24 Oct 2015 18:52:48 - FETCH DOC: http://www.dz-rs.si/wps/portal/Home/deloDZ/seje/evidenca?mandat=VI&type=dt&uid=80D4A0F2FBAD5213C1257D1F005A88C8
Sat, 24 Oct 2015 18:52:48 - FETCH DOC: http://www.dz-rs.si/wps/portal/Home/deloDZ/seje/evidenca?mandat=VI&type=dt&uid=FAF7C70631303C5BC1257D1F005A88CA
Sat, 24 Oct 2015 18:52:49 - FETCH DOC: http://www.dz-rs.si/wps/portal/Home/deloDZ/seje/evidenca?mandat=VI&type=dt&uid=EB5AD9D52A97C88BC1257D1F005A88ED
Sat, 24 Oct 2015 18:52:49 - FETCH SESSION: http://www.dz-rs.si/wps/portal/Home/deloDZ/seje/izbranaSejaDt?mandat=VI&seja=16%20049.%20Redna&uid=E50761009FDE98F8C1257D1F005A8764
Sat, 24 Oct 2015 18:52:50 - FETCH SPEECH: http://www.dz-rs.si/wps/portal/Home/deloDZ/seje/evidenca?mandat=VI&type=pmagdt&uid=53F85071009A4E8FC1257CA00046106A
Sat, 24 Oct 2015 18:52:52 - FETCH DOC: http://www.dz-rs.si/wps/portal/Home/deloDZ/seje/evidenca?mandat=VI&type=dt&uid=1A95D072E8445092C1257D1F005A87A7
Sat, 24 Oct 2015 18:52:53 - FETCH SESSION: http://www.dz-rs.si/wps/portal/Home/deloDZ/seje/izbranaSejaDt?mandat=VI&seja=16%20048.%20Redna&uid=37C91AD2C69330B3C1257D1F005A86C4
Sat, 24 Oct 2015 18:52:53 - FETCH SPEECH: http://www.dz-rs.si/wps/portal/Home/deloDZ/seje/evidenca?mandat=VI&type=pmagdt&uid=FE2D6B04C138681DC1257C9E003D47F1
Sat, 24 Oct 2015 18:52:54 - FETCH DOC: http://www.dz-rs.si/wps/portal/Home/deloDZ/seje/evidenca?mandat=VI&type=dt&uid=0FFC7293E8ADC757C1257D1F005A86D7
Sat, 24 Oct 2015 18:52:54 - FETCH DOC: http://www.dz-rs.si/wps/portal/Home/deloDZ/seje/evidenca?mandat=VI&type=dt&uid=919A38F87EBA3429C1257D1F005A8822
Sat, 24 Oct 2015 18:52:55 - FETCH DOC: http://www.dz-rs.si/wps/portal/Home/deloDZ/seje/evidenca?mandat=VI&type=dt&uid=A2581D7428131937C1257D1F005A8823
Sat, 24 Oct 2015 18:52:55 - FETCH DOC: http://www.dz-rs.si/wps/portal/Home/deloDZ/seje/evidenca?mandat=VI&type=dt&uid=991C00773E001111C1257D1F005A8838
Sat, 24 Oct 2015 18:52:55 - FETCH DOC: http://www.dz-rs.si/wps/portal/Home/deloDZ/seje/evidenca?mandat=VI&type=dt&uid=CAB26A39A633E142C1257D1F005A884B
Sat, 24 Oct 2015 18:52:55 - FETCH SESSION: http://www.dz-rs.si/wps/portal/Home/deloDZ/seje/izbranaSejaDt?mandat=VI&seja=16%20050.%20Nujna&uid=9326E753A142524DC1257D1F005A87AD
Sat, 24 Oct 2015 18:52:56 - FETCH SPEECH: http://www.dz-rs.si/wps/portal/Home/deloDZ/seje/evidenca?mandat=VI&type=pmagdt&uid=A997BCD8735126A3C1257CA200488582
Sat, 24 Oct 2015 18:53:02 - FETCH DOC: http://www.dz-rs.si/wps/portal/Home/deloDZ/seje/evidenca?mandat=VI&type=dt&uid=721C2938987365DEC1257D1F005A87B2
Sat, 24 Oct 2015 18:53:02 - FETCH DOC: http://www.dz-rs.si/wps/portal/Home/deloDZ/seje/evidenca?mandat=VI&type=dt&uid=AFE738768B254224C1257D1F005A8877
Sat, 24 Oct 2015 18:53:03 - FETCH DOC: http://www.dz-rs.si/wps/portal/Home/deloDZ/seje/evidenca?mandat=VI&type=dt&uid=32F6A2D035D91B35C1257D1F005A88C1
Sat, 24 Oct 2015 18:53:03 - FETCH SESSION: http://www.dz-rs.si/wps/portal/Home/deloDZ/seje/izbranaSejaDt?mandat=VI&seja=16%20047.%20Redna&uid=AF68C941C3E9B724C1257D1F005A853A
Sat, 24 Oct 2015 18:53:04 - FETCH SPEECH: http://www.dz-rs.si/wps/portal/Home/deloDZ/seje/evidenca?mandat=VI&type=pmagdt&uid=C205BA203B7EF6A0C1257C8D00404406
Sat, 24 Oct 2015 18:53:06 - FETCH DOC: http://www.dz-rs.si/wps/portal/Home/deloDZ/seje/evidenca?mandat=VI&type=dt&uid=716DDAA5B91CB80BC1257D1F005A858B
Sat, 24 Oct 2015 18:53:06 - FETCH DOC: http://www.dz-rs.si/wps/portal/Home/deloDZ/seje/evidenca?mandat=VI&type=dt&uid=23EA6B7C1D61F2CEC1257D1F005A863A
Sat, 24 Oct 2015 18:53:06 - FETCH DOC: http://www.dz-rs.si/wps/portal/Home/deloDZ/seje/evidenca?mandat=VI&type=dt&uid=AE38FE1600911071C1257D1F005A8684
Sat, 24 Oct 2015 18:53:07 - FETCH SESSION: http://www.dz-rs.si/wps/portal/Home/deloDZ/seje/izbranaSejaDt?mandat=VI&seja=16%20046.%20Redna&uid=89D8275902018F11C1257D1F005A8497
Sat, 24 Oct 2015 18:53:07 - FETCH SPEECH: http://www.dz-rs.si/wps/portal/Home/deloDZ/seje/evidenca?mandat=VI&type=pmagdt&uid=1A25BA85BE9C5068C1257C7E003FE0EA
Sat, 24 Oct 2015 18:53:08 - FETCH DOC: http://www.dz-rs.si/wps/portal/Home/deloDZ/seje/evidenca?mandat=VI&type=dt&uid=ED984A9F1A50D4ABC1257D1F005A84BC
Sat, 24 Oct 2015 18:53:08 - FETCH DOC: http://www.dz-rs.si/wps/portal/Home/deloDZ/seje/evidenca?mandat=VI&type=dt&uid=8B92FFA08A152C5BC1257D1F005A852B
Sat, 24 Oct 2015 18:53:08 - FETCH SESSION: http://www.dz-rs.si/wps/portal/Home/deloDZ/seje/izbranaSejaDt?mandat=VI&seja=16%20045.%20Redna&uid=BF7C42B4748FD86EC1257D1F005A824A
Sat, 24 Oct 2015 18:53:09 - FETCH SPEECH: http://www.dz-rs.si/wps/portal/Home/deloDZ/seje/evidenca?mandat=VI&type=pmagdt&uid=0741ACFA3C77E873C1257C6A002950DD
Sat, 24 Oct 2015 18:53:10 - FETCH DOC: http://www.dz-rs.si/wps/portal/Home/deloDZ/seje/evidenca?mandat=VI&type=dt&uid=D056BDF247A5834AC1257D1F005A824E
Sat, 24 Oct 2015 18:53:11 - FETCH SESSION: http://www.dz-rs.si/wps/portal/Home/deloDZ/seje/izbranaSejaDt?mandat=VI&seja=16%20044.%20Redna&uid=94F7EB3B6038E36BC1257D1F005A8229
Sat, 24 Oct 2015 18:53:12 - FETCH SPEECH: http://www.dz-rs.si/wps/portal/Home/deloDZ/seje/evidenca?mandat=VI&type=pmagdt&uid=16A4BABE769085F8C1257C690049D8D1
Sat, 24 Oct 2015 18:53:14 - FETCH DOC: http://www.dz-rs.si/wps/portal/Home/deloDZ/seje/evidenca?mandat=VI&type=dt&uid=9A50F86C75178707C1257D1F005A8245
Sat, 24 Oct 2015 18:53:15 - FETCH DOC: http://www.dz-rs.si/wps/portal/Home/deloDZ/seje/evidenca?mandat=VI&type=dt&uid=00DB3BFAB74AEA33C1257D1F005A82C5
Sat, 24 Oct 2015 18:53:15 - FETCH SESSION: http://www.dz-rs.si/wps/portal/Home/deloDZ/seje/izbranaSejaDt?mandat=VI&seja=16%20049.%20Nujna&uid=CDFB58BA64E02D8BC1257D1F005A82FE
Sat, 24 Oct 2015 18:53:16 - FETCH DOC: http://www.dz-rs.si/wps/portal/Home/deloDZ/seje/evidenca?mandat=VI&type=dt&uid=B94FA17602A79B54C1257D1F005A8315
Sat, 24 Oct 2015 18:53:16 - FETCH SESSION: http://www.dz-rs.si/wps/portal/Home/deloDZ/seje/izbranaSejaDt?mandat=VI&seja=16%20048.%20Nujna&uid=72853B0D0BC0C840C1257D1F005A81BB
Sat, 24 Oct 2015 18:53:17 - FETCH DOC: http://www.dz-rs.si/wps/portal/Home/deloDZ/seje/evidenca?mandat=VI&type=dt&uid=66131F8F0303EDADC1257D1F005A81BF
Sat, 24 Oct 2015 18:53:17 - FETCH SESSION: http://www.dz-rs.si/wps/portal/Home/deloDZ/seje/izbranaSejaDt?mandat=VI&seja=16%20043.%20Redna&uid=AD296398770C4FA0C1257D1F005A80F7
Sat, 24 Oct 2015 18:53:17 - FETCH DOC: http://www.dz-rs.si/wps/portal/Home/deloDZ/seje/evidenca?mandat=VI&type=dt&uid=8E1B1640392A1B82C1257D1F005A80FD
Sat, 24 Oct 2015 18:53:18 - FETCH DOC: http://www.dz-rs.si/wps/portal/Home/deloDZ/seje/evidenca?mandat=VI&type=dt&uid=D74BEB45154DE33CC1257D1F005A8193
Sat, 24 Oct 2015 18:53:18 - FETCH SESSION: http://www.dz-rs.si/wps/portal/Home/deloDZ/seje/izbranaSejaDt?mandat=VI&seja=16%20042.%20Redna&uid=C70438AEC28720B5C1257D1F005A802F
Sat, 24 Oct 2015 18:53:19 - FETCH SPEECH: http://www.dz-rs.si/wps/portal/Home/deloDZ/seje/evidenca?mandat=VI&type=pmagdt&uid=3799D4DD20E1D335C1257C5B002BD1C9
Sat, 24 Oct 2015 18:53:21 - FETCH DOC: http://www.dz-rs.si/wps/portal/Home/deloDZ/seje/evidenca?mandat=VI&type=dt&uid=364C8264A3388D83C1257D1F005A8062
Sat, 24 Oct 2015 18:53:21 - FETCH DOC: http://www.dz-rs.si/wps/portal/Home/deloDZ/seje/evidenca?mandat=VI&type=dt&uid=59F258FB5A196F12C1257D1F005A812A
Sat, 24 Oct 2015 18:53:21 - FETCH DOC: http://www.dz-rs.si/wps/portal/Home/deloDZ/seje/evidenca?mandat=VI&type=dt&uid=0658479A68750DF9C1257D1F005A8139
Sat, 24 Oct 2015 18:53:22 - FETCH DOC: http://www.dz-rs.si/wps/portal/Home/deloDZ/seje/evidenca?mandat=VI&type=dt&uid=066AEC18C3B4989AC1257D1F005A8141
Sat, 24 Oct 2015 18:53:22 - FETCH SESSION: http://www.dz-rs.si/wps/portal/Home/deloDZ/seje/izbranaSejaDt?mandat=VI&seja=16%20047.%20Nujna&uid=335C1DE5D4E2CA97C1257D1F005A8069
Sat, 24 Oct 2015 18:53:23 - FETCH SPEECH: http://www.dz-rs.si/wps/portal/Home/deloDZ/seje/evidenca?mandat=VI&type=pmagdt&uid=9A2A108F599A3C84C1257C590031B415
Sat, 24 Oct 2015 18:53:24 - FETCH DOC: http://www.dz-rs.si/wps/portal/Home/deloDZ/seje/evidenca?mandat=VI&type=dt&uid=B6DE8B77481A1F34C1257D1F005A809C
Sat, 24 Oct 2015 18:53:25 - FETCH SESSION: http://www.dz-rs.si/wps/portal/Home/deloDZ/seje/izbranaSejaDt?mandat=VI&seja=16%20046.%20Nujna&uid=BC73A58419502F43C1257D1F005A7F1D
Sat, 24 Oct 2015 18:53:25 - FETCH SPEECH: http://www.dz-rs.si/wps/portal/Home/deloDZ/seje/evidenca?mandat=VI&type=pmagdt&uid=E1537E01CEE551C1C1257C31003EB7E0
Sat, 24 Oct 2015 18:53:27 - FETCH DOC: http://www.dz-rs.si/wps/portal/Home/deloDZ/seje/evidenca?mandat=VI&type=dt&uid=217ED72AA049B452C1257D1F005A7F3C
Sat, 24 Oct 2015 18:53:27 - FETCH SESSION: http://www.dz-rs.si/wps/portal/Home/deloDZ/seje/izbranaSejaDt?mandat=VI&seja=16%20045.%20Nujna&uid=C60521FBD73B170AC1257D1F005A7F1E
Sat, 24 Oct 2015 18:53:28 - FETCH DOC: http://www.dz-rs.si/wps/portal/Home/deloDZ/seje/evidenca?mandat=VI&type=dt&uid=C42869941E034794C1257D1F005A7F2F
Sat, 24 Oct 2015 18:53:28 - FETCH SESSION: http://www.dz-rs.si/wps/portal/Home/deloDZ/seje/izbranaSejaDt?mandat=VI&seja=16%20041.%20Redna&uid=14D9A5341BB59014C1257D1F005A7D3B
Sat, 24 Oct 2015 18:53:28 - FETCH DOC: http://www.dz-rs.si/wps/portal/Home/deloDZ/seje/evidenca?mandat=VI&type=dt&uid=D7347B540411F34FC1257D1F005A7EA9
Sat, 24 Oct 2015 18:53:29 - FETCH DOC: http://www.dz-rs.si/wps/portal/Home/deloDZ/seje/evidenca?mandat=VI&type=dt&uid=D03683B32FE23C73C1257D1F005A7EEB
Sat, 24 Oct 2015 18:53:29 - FETCH DOC: http://www.dz-rs.si/wps/portal/Home/deloDZ/seje/evidenca?mandat=VI&type=dt&uid=53D224022740E5FCC1257D1F005A7F6D
Sat, 24 Oct 2015 18:53:29 - FETCH SESSION: http://www.dz-rs.si/wps/portal/Home/deloDZ/seje/izbranaSejaDt?mandat=VI&seja=16%20040.%20Redna&uid=24DA75CA816A430DC1257D1F005A7D13
Sat, 24 Oct 2015 18:53:30 - FETCH SPEECH: http://www.dz-rs.si/wps/portal/Home/deloDZ/seje/evidenca?mandat=VI&type=pmagdt&uid=65FB1BE0404EC5A1C1257C3E00377146
Sat, 24 Oct 2015 18:53:32 - FETCH DOC: http://www.dz-rs.si/wps/portal/Home/deloDZ/seje/evidenca?mandat=VI&type=dt&uid=B9696A634950901BC1257D1F005A7E42
Sat, 24 Oct 2015 18:53:32 - FETCH DOC: http://www.dz-rs.si/wps/portal/Home/deloDZ/seje/evidenca?mandat=VI&type=dt&uid=73AADB8AF5B8CCE5C1257D1F005A7EDC
Sat, 24 Oct 2015 18:53:32 - FETCH DOC: http://www.dz-rs.si/wps/portal/Home/deloDZ/seje/evidenca?mandat=VI&type=dt&uid=133CCD5F429485EFC1257D1F005A7EEA
Sat, 24 Oct 2015 18:53:33 - FETCH SESSION: http://www.dz-rs.si/wps/portal/Home/deloDZ/seje/izbranaSejaDt?mandat=VI&seja=16%20044.%20Nujna&uid=17B826B71A8DA01BC1257D1F005A7E20
Sat, 24 Oct 2015 18:53:33 - FETCH DOC: http://www.dz-rs.si/wps/portal/Home/deloDZ/seje/evidenca?mandat=VI&type=dt&uid=2F23D1CE2C669D18C1257D1F005A7E40
Sat, 24 Oct 2015 18:53:34 - FETCH DOC: http://www.dz-rs.si/wps/portal/Home/deloDZ/seje/evidenca?mandat=VI&type=dt&uid=4C2323E4B22CDB61C1257D1F005A7E7E
Sat, 24 Oct 2015 18:53:34 - FETCH SESSION: http://www.dz-rs.si/wps/portal/Home/deloDZ/seje/izbranaSejaDt?mandat=VI&seja=16%20043.%20Nujna&uid=5E5A72446917D46CC1257D1F005A7D3C
Sat, 24 Oct 2015 18:53:35 - FETCH DOC: http://www.dz-rs.si/wps/portal/Home/deloDZ/seje/evidenca?mandat=VI&type=dt&uid=9CC9D4DA037F788AC1257D1F005A7D6A
Sat, 24 Oct 2015 18:53:35 - FETCH SESSION: http://www.dz-rs.si/wps/portal/Home/deloDZ/seje/izbranaSejaDt?mandat=VI&seja=16%20039.%20Redna&uid=1F567CF087ED22F6C1257D1F005A7CC8
Sat, 24 Oct 2015 18:53:35 - FETCH SPEECH: http://www.dz-rs.si/wps/portal/Home/deloDZ/seje/evidenca?mandat=VI&type=pmagdt&uid=21F1673F37FFACB8C1257C19004CA8ED
Sat, 24 Oct 2015 18:53:36 - FETCH DOC: http://www.dz-rs.si/wps/portal/Home/deloDZ/seje/evidenca?mandat=VI&type=dt&uid=38BCA1C816A8A897C1257D1F005A7CCD
Sat, 24 Oct 2015 18:53:37 - FETCH DOC: http://www.dz-rs.si/wps/portal/Home/deloDZ/seje/evidenca?mandat=VI&type=dt&uid=35A42979A6237B96C1257D1F005A7D5A
Sat, 24 Oct 2015 18:53:37 - FETCH SESSION: http://www.dz-rs.si/wps/portal/Home/deloDZ/seje/izbranaSejaDt?mandat=VI&seja=16%20038.%20Redna&uid=5F984C71E57401B2C1257D1F005A7BA1
Sat, 24 Oct 2015 18:53:38 - FETCH SPEECH: http://www.dz-rs.si/wps/portal/Home/deloDZ/seje/evidenca?mandat=VI&type=pmagdt&uid=464C772A899F593EC1257C060044525E
Sat, 24 Oct 2015 18:53:41 - FETCH DOC: http://www.dz-rs.si/wps/portal/Home/deloDZ/seje/evidenca?mandat=VI&type=dt&uid=ACE1444552531EE0C1257D1F005A7BE0
Sat, 24 Oct 2015 18:53:42 - FETCH DOC: http://www.dz-rs.si/wps/portal/Home/deloDZ/seje/evidenca?mandat=VI&type=dt&uid=57927F8767D14BD3C1257D1F005A7C5A
Sat, 24 Oct 2015 18:53:42 - FETCH DOC: http://www.dz-rs.si/wps/portal/Home/deloDZ/seje/evidenca?mandat=VI&type=dt&uid=DAACE2996F0A8010C1257D1F005A7CDA
Sat, 24 Oct 2015 18:53:42 - FETCH SESSION: http://www.dz-rs.si/wps/portal/Home/deloDZ/seje/izbranaSejaDt?mandat=VI&seja=16%20042.%20Nujna&uid=291AADC7220048C6C1257D1F005A79D3
Sat, 24 Oct 2015 18:53:43 - FETCH SPEECH: http://www.dz-rs.si/wps/portal/Home/deloDZ/seje/evidenca?mandat=VI&type=pmagdt&uid=3F5A7DA995FC4698C1257BEA0046AB77
Sat, 24 Oct 2015 18:53:44 - FETCH DOC: http://www.dz-rs.si/wps/portal/Home/deloDZ/seje/evidenca?mandat=VI&type=dt&uid=73868A79AD9517A4C1257D1F005A7AE9
Sat, 24 Oct 2015 18:53:44 - FETCH SESSION: http://www.dz-rs.si/wps/portal/Home/deloDZ/seje/izbranaSejaDt?mandat=VI&seja=16%20037.%20Redna&uid=F885FA657CFC951CC1257D1F005A79DB
Sat, 24 Oct 2015 18:53:45 - FETCH DOC: http://www.dz-rs.si/wps/portal/Home/deloDZ/seje/evidenca?mandat=VI&type=dt&uid=2BDB2B54974B5825C1257D1F005A79ED
Sat, 24 Oct 2015 18:53:45 - FETCH DOC: http://www.dz-rs.si/wps/portal/Home/deloDZ/seje/evidenca?mandat=VI&type=dt&uid=E6C5A6D949154CB0C1257D1F005A7A91
Sat, 24 Oct 2015 18:53:45 - FETCH SESSION: http://www.dz-rs.si/wps/portal/Home/deloDZ/seje/izbranaSejaDt?mandat=VI&seja=16%20036.%20Redna&uid=B0F963DF0BA2DAB4C1257D1F005A79A8
Sat, 24 Oct 2015 18:53:46 - FETCH SPEECH: http://www.dz-rs.si/wps/portal/Home/deloDZ/seje/evidenca?mandat=VI&type=pmagdt&uid=4C7720757D99DBBDC1257BEB00461B20
Sat, 24 Oct 2015 18:53:49 - FETCH DOC: http://www.dz-rs.si/wps/portal/Home/deloDZ/seje/evidenca?mandat=VI&type=dt&uid=0687F3FEC6882443C1257D1F005A79E4
Sat, 24 Oct 2015 18:53:49 - FETCH DOC: http://www.dz-rs.si/wps/portal/Home/deloDZ/seje/evidenca?mandat=VI&type=dt&uid=1EECC4B8EFDB9CCFC1257D1F005A7A93
Sat, 24 Oct 2015 18:53:50 - FETCH DOC: http://www.dz-rs.si/wps/portal/Home/deloDZ/seje/evidenca?mandat=VI&type=dt&uid=718973B4E934800AC1257D1F005A7AD4
Sat, 24 Oct 2015 18:53:50 - FETCH SESSION: http://www.dz-rs.si/wps/portal/Home/deloDZ/seje/izbranaSejaDt?mandat=VI&seja=16%20041.%20Nujna&uid=EA8039A898ABFEDFC1257D1F005A7912
Sat, 24 Oct 2015 18:53:51 - FETCH SPEECH: http://www.dz-rs.si/wps/portal/Home/deloDZ/seje/evidenca?mandat=VI&type=pmagdt&uid=6D033AD983A7728DC1257BB20034330A
Sat, 24 Oct 2015 18:53:51 - FETCH DOC: http://www.dz-rs.si/wps/portal/Home/deloDZ/seje/evidenca?mandat=VI&type=dt&uid=2353689E54A2D736C1257D1F005A7914
Sat, 24 Oct 2015 18:53:52 - FETCH SESSION: http://www.dz-rs.si/wps/portal/Home/deloDZ/seje/izbranaSejaDt?mandat=VI&seja=16%20035.%20Redna&uid=C6880B53B67DE8C9C1257D1F005A7897
Sat, 24 Oct 2015 18:53:52 - FETCH SPEECH: http://www.dz-rs.si/wps/portal/Home/deloDZ/seje/evidenca?mandat=VI&type=pmagdt&uid=BADC3C688FBCAA8AC1257BB2003CFB17
Sat, 24 Oct 2015 18:53:53 - FETCH DOC: http://www.dz-rs.si/wps/portal/Home/deloDZ/seje/evidenca?mandat=VI&type=dt&uid=E94BB384E41A6CF3C1257D1F005A78A2
Sat, 24 Oct 2015 18:53:53 - FETCH SESSION: http://www.dz-rs.si/wps/portal/Home/deloDZ/seje/izbranaSejaDt?mandat=VI&seja=16%20034.%20Redna&uid=46D56FCC2C865A62C1257D1F005A774B
Sat, 24 Oct 2015 18:53:54 - FETCH SPEECH: http://www.dz-rs.si/wps/portal/Home/deloDZ/seje/evidenca?mandat=VI&type=pmagdt&uid=EB29E1BEB123157DC1257B9F001DF7B5
Sat, 24 Oct 2015 18:53:57 - FETCH DOC: http://www.dz-rs.si/wps/portal/Home/deloDZ/seje/evidenca?mandat=VI&type=dt&uid=4B765D0C1785C053C1257D1F005A7767
Sat, 24 Oct 2015 18:53:58 - FETCH DOC: http://www.dz-rs.si/wps/portal/Home/deloDZ/seje/evidenca?mandat=VI&type=dt&uid=E0B3CFEC955C42FBC1257D1F005A7782
Sat, 24 Oct 2015 18:53:58 - FETCH DOC: http://www.dz-rs.si/wps/portal/Home/deloDZ/seje/evidenca?mandat=VI&type=dt&uid=9EED500EBACF9387C1257D1F005A77BA
Sat, 24 Oct 2015 18:53:58 - FETCH DOC: http://www.dz-rs.si/wps/portal/Home/deloDZ/seje/evidenca?mandat=VI&type=dt&uid=9D572E41DEF6A491C1257D1F005A7835
Sat, 24 Oct 2015 18:53:59 - FETCH DOC: http://www.dz-rs.si/wps/portal/Home/deloDZ/seje/evidenca?mandat=VI&type=dt&uid=176B6849FFA70ACBC1257D1F005A7857
Sat, 24 Oct 2015 18:53:59 - FETCH SESSION: http://www.dz-rs.si/wps/portal/Home/deloDZ/seje/izbranaSejaDt?mandat=VI&seja=16%20033.%20Redna&uid=8C854797F09889C0C1257D1F005A7688
Sat, 24 Oct 2015 18:54:00 - FETCH DOC: http://www.dz-rs.si/wps/portal/Home/deloDZ/seje/evidenca?mandat=VI&type=dt&uid=ADF7598B272A2E01C1257D1F005A76A0
Sat, 24 Oct 2015 18:54:00 - FETCH SESSION: http://www.dz-rs.si/wps/portal/Home/deloDZ/seje/izbranaSejaDt?mandat=VI&seja=16%20040.%20Nujna&uid=0DEB18ED6DCCEA25C1257D1F005A7602
Sat, 24 Oct 2015 18:54:00 - FETCH DOC: http://www.dz-rs.si/wps/portal/Home/deloDZ/seje/evidenca?mandat=VI&type=dt&uid=A036CA3645B0E66EC1257D1F005A7627
Sat, 24 Oct 2015 18:54:00 - FETCH SESSION: http://www.dz-rs.si/wps/portal/Home/deloDZ/seje/izbranaSejaDt?mandat=VI&seja=16%20039.%20Nujna&uid=F0055E834E8A58A5C1257D1F005A7606
Sat, 24 Oct 2015 18:54:01 - FETCH DOC: http://www.dz-rs.si/wps/portal/Home/deloDZ/seje/evidenca?mandat=VI&type=dt&uid=7A385B1519A1346DC1257D1F005A762D
Sat, 24 Oct 2015 18:54:01 - FETCH SESSION: http://www.dz-rs.si/wps/portal/Home/deloDZ/seje/izbranaSejaDt?mandat=VI&seja=16%20038.%20Nujna&uid=CECA2E84C58B3E73C1257D1F005A7603
Sat, 24 Oct 2015 18:54:02 - FETCH DOC: http://www.dz-rs.si/wps/portal/Home/deloDZ/seje/evidenca?mandat=VI&type=dt&uid=5C472C58A4A383B7C1257D1F005A7621
Sat, 24 Oct 2015 18:54:02 - FETCH SESSION: http://www.dz-rs.si/wps/portal/Home/deloDZ/seje/izbranaSejaDt?mandat=VI&seja=16%20037.%20Nujna&uid=4A8636ECC2EAB0F0C1257D1F005A7604
Sat, 24 Oct 2015 18:54:03 - FETCH DOC: http://www.dz-rs.si/wps/portal/Home/deloDZ/seje/evidenca?mandat=VI&type=dt&uid=98994EE29EB83788C1257D1F005A7620
Sat, 24 Oct 2015 18:54:03 - FETCH SESSION: http://www.dz-rs.si/wps/portal/Home/deloDZ/seje/izbranaSejaDt?mandat=VI&seja=16%20036.%20Nujna&uid=A2CFDB0D1C578510C1257D1F005A7605
Sat, 24 Oct 2015 18:54:04 - FETCH DOC: http://www.dz-rs.si/wps/portal/Home/deloDZ/seje/evidenca?mandat=VI&type=dt&uid=6588702A68B59D25C1257D1F005A7612
Sat, 24 Oct 2015 18:54:04 - FETCH SESSION: http://www.dz-rs.si/wps/portal/Home/deloDZ/seje/izbranaSejaDt?mandat=VI&seja=16%20032.%20Redna&uid=96BECBF0328FC92BC1257D1F005A7535
Sat, 24 Oct 2015 18:54:05 - FETCH SPEECH: http://www.dz-rs.si/wps/portal/Home/deloDZ/seje/evidenca?mandat=VI&type=pmagdt&uid=D9FD2259E487C0DFC1257B8D001EA625
Sat, 24 Oct 2015 18:54:08 - FETCH DOC: http://www.dz-rs.si/wps/portal/Home/deloDZ/seje/evidenca?mandat=VI&type=dt&uid=06324DB0E16566C6C1257D1F005A757C
Sat, 24 Oct 2015 18:54:09 - FETCH DOC: http://www.dz-rs.si/wps/portal/Home/deloDZ/seje/evidenca?mandat=VI&type=dt&uid=4CC3F2B6BB444170C1257D1F005A7673
Sat, 24 Oct 2015 18:54:09 - FETCH DOC: http://www.dz-rs.si/wps/portal/Home/deloDZ/seje/evidenca?mandat=VI&type=dt&uid=B82EA43433B1BEE5C1257D1F005A769B
Sat, 24 Oct 2015 18:54:09 - FETCH SESSION: http://www.dz-rs.si/wps/portal/Home/deloDZ/seje/izbranaSejaDt?mandat=VI&seja=16%20035.%20Nujna&uid=69C68657062846BCC1257D1F005A75DC
Sat, 24 Oct 2015 18:54:10 - FETCH SPEECH: http://www.dz-rs.si/wps/portal/Home/deloDZ/seje/evidenca?mandat=VI&type=pmagdt&uid=67C69E913A78BA0DC1257B86003B5DBB
Sat, 24 Oct 2015 18:54:11 - FETCH DOC: http://www.dz-rs.si/wps/portal/Home/deloDZ/seje/evidenca?mandat=VI&type=dt&uid=FAD87F1044D006B6C1257D1F005A75DF
Sat, 24 Oct 2015 18:54:11 - FETCH SESSION: http://www.dz-rs.si/wps/portal/Home/deloDZ/seje/izbranaSejaDt?mandat=VI&seja=16%20034.%20Nujna&uid=45CF0F61531CCC94C1257D1F005A7545
Sat, 24 Oct 2015 18:54:11 - FETCH SPEECH: http://www.dz-rs.si/wps/portal/Home/deloDZ/seje/evidenca?mandat=VI&type=pmagdt&uid=258E941A79A2B832C1257B86003A0959
Sat, 24 Oct 2015 18:54:13 - FETCH DOC: http://www.dz-rs.si/wps/portal/Home/deloDZ/seje/evidenca?mandat=VI&type=dt&uid=F2235BF2043756C0C1257D1F005A7561
Sat, 24 Oct 2015 18:54:14 - FETCH SESSION: http://www.dz-rs.si/wps/portal/Home/deloDZ/seje/izbranaSejaDt?mandat=VI&seja=16%20033.%20Nujna&uid=E79D3C719A10E33CC1257D1F005A74BB
Sat, 24 Oct 2015 18:54:14 - FETCH SPEECH: http://www.dz-rs.si/wps/portal/Home/deloDZ/seje/evidenca?mandat=VI&type=pmagdt&uid=6036928039C3751BC1257B780029459A
Sat, 24 Oct 2015 18:54:15 - FETCH DOC: http://www.dz-rs.si/wps/portal/Home/deloDZ/seje/evidenca?mandat=VI&type=dt&uid=3853A82D47803C09C1257D1F005A74C1
Sat, 24 Oct 2015 18:54:15 - FETCH DOC: http://www.dz-rs.si/wps/portal/Home/deloDZ/seje/evidenca?mandat=VI&type=dt&uid=E6E982F32261463FC1257D1F005A7507
Sat, 24 Oct 2015 18:54:16 - FETCH SESSION: http://www.dz-rs.si/wps/portal/Home/deloDZ/seje/izbranaSejaDt?mandat=VII&seja=24%20017.%20Redna&uid=4CEED40A3EB52CAAC1257ECF00331E5B
Sat, 24 Oct 2015 18:54:17 - FETCH DOC: http://www.dz-rs.si/wps/portal/Home/deloDZ/seje/evidenca?mandat=VII&type=dt&uid=CE1C3D60C68A19B3C1257ECF00360E9D
Sat, 24 Oct 2015 18:54:17 - FETCH DOC: http://www.dz-rs.si/wps/portal/Home/deloDZ/seje/evidenca?mandat=VII&type=dt&uid=C230C94DAF80E6C8C1257ED700471850
Sat, 24 Oct 2015 18:54:18 - FETCH DOC: http://www.dz-rs.si/wps/portal/Home/deloDZ/seje/evidenca?mandat=VII&type=dt&uid=D771A3ECC06E5EC7C1257ED80024FA61
Sat, 24 Oct 2015 18:54:18 - FETCH DOC: http://www.dz-rs.si/wps/portal/Home/deloDZ/seje/evidenca?mandat=VII&type=dt&uid=380B63D3B73C372DC1257ED80055BAA4
Sat, 24 Oct 2015 18:54:18 - FETCH DOC: http://www.dz-rs.si/wps/portal/Home/deloDZ/seje/evidenca?mandat=VII&type=dt&uid=41BC12585E347A75C1257ED800562157
Sat, 24 Oct 2015 18:54:18 - FETCH SESSION: http://www.dz-rs.si/wps/portal/Home/deloDZ/seje/izbranaSejaDt?mandat=VII&seja=24%20019.%20Nujna&uid=4E594E8FB8B80B71C1257ED0002EC002
Sat, 24 Oct 2015 18:54:19 - FETCH DOC: http://www.dz-rs.si/wps/portal/Home/deloDZ/seje/evidenca?mandat=VII&type=dt&uid=8B4C0DF823566AA8C1257ED0002FED32
Sat, 24 Oct 2015 18:54:19 - FETCH SESSION: http://www.dz-rs.si/wps/portal/Home/deloDZ/seje/izbranaSejaDt?mandat=VII&seja=24%20016.%20Redna&uid=0DBFF5B821144731C1257EC800329292
Sat, 24 Oct 2015 18:54:20 - FETCH DOC: http://www.dz-rs.si/wps/portal/Home/deloDZ/seje/evidenca?mandat=VII&type=dt&uid=6DFDF5836FD2AA6BC1257EC80035B8B5
Sat, 24 Oct 2015 18:54:20 - FETCH SESSION: http://www.dz-rs.si/wps/portal/Home/deloDZ/seje/izbranaSejaDt?mandat=VII&seja=24%20018.%20Nujna&uid=79E2A0FA5F23706BC1257EC000314011
Sat, 24 Oct 2015 18:54:21 - FETCH SPEECH: http://www.dz-rs.si/wps/portal/Home/deloDZ/seje/evidenca?mandat=VII&type=pmagdt&uid=CAF91B51D163661EC1257ED600236794
Sat, 24 Oct 2015 18:54:23 - FETCH DOC: http://www.dz-rs.si/wps/portal/Home/deloDZ/seje/evidenca?mandat=VII&type=dt&uid=961EFC412D2D0A22C1257EC2002282B1
Sat, 24 Oct 2015 18:54:24 - FETCH DOC: http://www.dz-rs.si/wps/portal/Home/deloDZ/seje/evidenca?mandat=VII&type=dt&uid=D962CA92C41AD5E6C1257ECA004864E1
Sat, 24 Oct 2015 18:54:24 - FETCH SESSION: http://www.dz-rs.si/wps/portal/Home/deloDZ/seje/izbranaSejaDt?mandat=VII&seja=24%20015.%20Redna&uid=17BE3A351B7AEE5DC1257EAD0035A596
Sat, 24 Oct 2015 18:54:25 - FETCH SPEECH: http://www.dz-rs.si/wps/portal/Home/deloDZ/seje/evidenca?mandat=VII&type=pmagdt&uid=9CBE5943AAD02029C1257ED5002F1D97
Sat, 24 Oct 2015 18:54:27 - FETCH DOC: http://www.dz-rs.si/wps/portal/Home/deloDZ/seje/evidenca?mandat=VII&type=dt&uid=5F20B9B3F9827734C1257EAD0042D4E7
Sat, 24 Oct 2015 18:54:28 - FETCH DOC: http://www.dz-rs.si/wps/portal/Home/deloDZ/seje/evidenca?mandat=VII&type=dt&uid=A161BA47AA581F14C1257EBD0035BB68
Sat, 24 Oct 2015 18:54:28 - FETCH DOC: http://www.dz-rs.si/wps/portal/Home/deloDZ/seje/evidenca?mandat=VII&type=dt&uid=166711BBCE0E27B2C1257EBD003A936D
Sat, 24 Oct 2015 18:54:28 - FETCH DOC: http://www.dz-rs.si/wps/portal/Home/deloDZ/seje/evidenca?mandat=VII&type=dt&uid=24C8C9536A32D7A2C1257EC20026B737
Sat, 24 Oct 2015 18:54:29 - FETCH SESSION: http://www.dz-rs.si/wps/portal/Home/deloDZ/seje/izbranaSejaDt?mandat=VII&seja=24%20014.%20Redna&uid=468CD2778FC56541C1257EAD0034C4D5
Sat, 24 Oct 2015 18:54:29 - FETCH SPEECH: http://www.dz-rs.si/wps/portal/Home/deloDZ/seje/evidenca?mandat=VII&type=pmagdt&uid=5DDFD37DE6BBA8F5C1257ED00037CF30
Sat, 24 Oct 2015 18:54:33 - FETCH DOC: http://www.dz-rs.si/wps/portal/Home/deloDZ/seje/evidenca?mandat=VII&type=dt&uid=9F6C3838222E67B8C1257EAD0038549C
Sat, 24 Oct 2015 18:54:33 - FETCH DOC: http://www.dz-rs.si/wps/portal/Home/deloDZ/seje/evidenca?mandat=VII&type=dt&uid=DD7A05F167E48B91C1257EC00037DDD4
Sat, 24 Oct 2015 18:54:34 - FETCH SESSION: http://www.dz-rs.si/wps/portal/Home/deloDZ/seje/izbranaSejaDt?mandat=VII&seja=24%20017.%20Nujna&uid=8A95BD65F2932852C1257EB50030A6D8
Sat, 24 Oct 2015 18:54:34 - FETCH SPEECH: http://www.dz-rs.si/wps/portal/Home/deloDZ/seje/evidenca?mandat=VII&type=pmagdt&uid=3160B7A0B7B28CF0C1257ECA00366DED
Sat, 24 Oct 2015 18:54:36 - FETCH DOC: http://www.dz-rs.si/wps/portal/Home/deloDZ/seje/evidenca?mandat=VII&type=dt&uid=46EE88DC2B55797FC1257EB600266087
Sat, 24 Oct 2015 18:54:36 - FETCH SESSION: http://www.dz-rs.si/wps/portal/Home/deloDZ/seje/izbranaSejaDt?mandat=VII&seja=24%20016.%20Nujna&uid=29853432E1C519A6C1257E7C00364CEA
Sat, 24 Oct 2015 18:54:37 - FETCH SPEECH: http://www.dz-rs.si/wps/portal/Home/deloDZ/seje/evidenca?mandat=VII&type=pmagdt&uid=10ED28E4E3FD8E5EC1257EC0003283B4
Sat, 24 Oct 2015 18:54:38 - FETCH DOC: http://www.dz-rs.si/wps/portal/Home/deloDZ/seje/evidenca?mandat=VII&type=dt&uid=CA77E3737AFB1B80C1257E7C00458557
Sat, 24 Oct 2015 18:54:39 - FETCH DOC: http://www.dz-rs.si/wps/portal/Home/deloDZ/seje/evidenca?mandat=VII&type=dt&uid=4F64D805E18FFBA2C1257E7D0042D5D9
Sat, 24 Oct 2015 18:54:39 - FETCH DOC: http://www.dz-rs.si/wps/portal/Home/deloDZ/seje/evidenca?mandat=VII&type=dt&uid=04E0C4F5CC54DB03C1257E810042185D
Sat, 24 Oct 2015 18:54:39 - FETCH DOC: http://www.dz-rs.si/wps/portal/Home/deloDZ/seje/evidenca?mandat=VII&type=dt&uid=3F444A01FA5C226BC1257E83002E10C8
Sat, 24 Oct 2015 18:54:40 - FETCH DOC: http://www.dz-rs.si/wps/portal/Home/deloDZ/seje/evidenca?mandat=VII&type=dt&uid=B9DFBF8EAC8384D3C1257E840045D0F0
Sat, 24 Oct 2015 18:54:40 - FETCH SESSION: http://www.dz-rs.si/wps/portal/Home/deloDZ/seje/izbranaSejaDt?mandat=VII&seja=24%20015.%20Nujna&uid=866B5960D24B81A2C1257E7C002358DC
Sat, 24 Oct 2015 18:54:41 - FETCH SPEECH: http://www.dz-rs.si/wps/portal/Home/deloDZ/seje/evidenca?mandat=VII&type=pmagdt&uid=5C7600823EACD9B6C1257EBB00370CD9
Sat, 24 Oct 2015 18:54:44 - FETCH DOC: http://www.dz-rs.si/wps/portal/Home/deloDZ/seje/evidenca?mandat=VII&type=dt&uid=BCE4099AEC87C111C1257E7C004260AE
Sat, 24 Oct 2015 18:54:45 - FETCH DOC: http://www.dz-rs.si/wps/portal/Home/deloDZ/seje/evidenca?mandat=VII&type=dt&uid=B3C36C2EB0DC9F5AC1257E7D003A3D7E
Sat, 24 Oct 2015 18:54:45 - FETCH DOC: http://www.dz-rs.si/wps/portal/Home/deloDZ/seje/evidenca?mandat=VII&type=dt&uid=24C74BFB4433E948C1257E810041F421
Sat, 24 Oct 2015 18:54:45 - FETCH DOC: http://www.dz-rs.si/wps/portal/Home/deloDZ/seje/evidenca?mandat=VII&type=dt&uid=64DB9C2183752345C1257E83002F1FDB
Sat, 24 Oct 2015 18:54:45 - FETCH DOC: http://www.dz-rs.si/wps/portal/Home/deloDZ/seje/evidenca?mandat=VII&type=dt&uid=C03E41347AA4DAF2C1257E8300482689
Sat, 24 Oct 2015 18:54:46 - FETCH SESSION: http://www.dz-rs.si/wps/portal/Home/deloDZ/seje/izbranaSejaDt?mandat=VII&seja=24%20013.%20Redna&uid=B442A797D1587391C1257E5B002220E6
Sat, 24 Oct 2015 18:54:47 - FETCH SPEECH: http://www.dz-rs.si/wps/portal/Home/deloDZ/seje/evidenca?mandat=VII&type=pmagdt&uid=75C02153699404AAC1257E7C0035905E
Sat, 24 Oct 2015 18:54:52 - FETCH DOC: http://www.dz-rs.si/wps/portal/Home/deloDZ/seje/evidenca?mandat=VII&type=dt&uid=35581FFBE3D34900C1257E66002F1E6C
Sat, 24 Oct 2015 18:54:52 - FETCH DOC: http://www.dz-rs.si/wps/portal/Home/deloDZ/seje/evidenca?mandat=VII&type=dt&uid=DD38EF7D7DB47029C1257E73002F5F4A
Sat, 24 Oct 2015 18:54:53 - FETCH DOC: http://www.dz-rs.si/wps/portal/Home/deloDZ/seje/evidenca?mandat=VII&type=dt&uid=B7E7366CE526217EC1257E73004B5289
Sat, 24 Oct 2015 18:54:53 - FETCH SESSION: http://www.dz-rs.si/wps/portal/Home/deloDZ/seje/izbranaSejaDt?mandat=VII&seja=24%20014.%20Nujna&uid=ABCD8374ED11D4BDC1257E65002A02B4
Sat, 24 Oct 2015 18:54:54 - FETCH SPEECH: http://www.dz-rs.si/wps/portal/Home/deloDZ/seje/evidenca?mandat=VII&type=pmagdt&uid=847B0B64D157535BC1257E760027F3B9
Sat, 24 Oct 2015 18:54:54 - FETCH DOC: http://www.dz-rs.si/wps/portal/Home/deloDZ/seje/evidenca?mandat=VII&type=dt&uid=A27198DC2723B81FC1257E65003BA555
Sat, 24 Oct 2015 18:54:54 - FETCH SESSION: http://www.dz-rs.si/wps/portal/Home/deloDZ/seje/izbranaSejaDt?mandat=VII&seja=24%20013.%20Nujna&uid=57B30D666144DA90C1257E5B0023EEC8
Sat, 24 Oct 2015 18:54:55 - FETCH SPEECH: http://www.dz-rs.si/wps/portal/Home/deloDZ/seje/evidenca?mandat=VII&type=pmagdt&uid=6300D41D6FC3E8ADC1257E62002DFD3E
Sat, 24 Oct 2015 18:54:57 - FETCH DOC: http://www.dz-rs.si/wps/portal/Home/deloDZ/seje/evidenca?mandat=VII&type=dt&uid=DA66E71ECCE7D408C1257E5B00246913
Sat, 24 Oct 2015 18:54:58 - FETCH DOC: http://www.dz-rs.si/wps/portal/Home/deloDZ/seje/evidenca?mandat=VII&type=dt&uid=E26B24E66F863AD6C1257E600027D4E1
Sat, 24 Oct 2015 18:54:58 - FETCH DOC: http://www.dz-rs.si/wps/portal/Home/deloDZ/seje/evidenca?mandat=VII&type=dt&uid=094E58E9628E8796C1257E600047D414
Sat, 24 Oct 2015 18:54:58 - FETCH SESSION: http://www.dz-rs.si/wps/portal/Home/deloDZ/seje/izbranaSejaDt?mandat=VII&seja=24%20012.%20Redna&uid=503690052A8D9683C1257E5100418C95
Sat, 24 Oct 2015 18:54:59 - FETCH SPEECH: http://www.dz-rs.si/wps/portal/Home/deloDZ/seje/evidenca?mandat=VII&type=pmagdt&uid=07F3C6165BB67EAAC1257E61003D1870
Sat, 24 Oct 2015 18:55:00 - FETCH DOC: http://www.dz-rs.si/wps/portal/Home/deloDZ/seje/evidenca?mandat=VII&type=dt&uid=E0D800A2B0532177C1257E51004877BD
Sat, 24 Oct 2015 18:55:00 - FETCH DOC: http://www.dz-rs.si/wps/portal/Home/deloDZ/seje/evidenca?mandat=VII&type=dt&uid=0DAB687E6268469EC1257E5B00252FBA
Sat, 24 Oct 2015 18:55:00 - FETCH SESSION: http://www.dz-rs.si/wps/portal/Home/deloDZ/seje/izbranaSejaDt?mandat=VII&seja=24%20011.%20Redna&uid=A5B851C7E9628924C1257E4A002B21CF
Sat, 24 Oct 2015 18:55:01 - FETCH SPEECH: http://www.dz-rs.si/wps/portal/Home/deloDZ/seje/evidenca?mandat=VII&type=pmagdt&uid=129E4E9D0CC6DBA1C1257E5F0045F0A1
Sat, 24 Oct 2015 18:55:02 - FETCH DOC: http://www.dz-rs.si/wps/portal/Home/deloDZ/seje/evidenca?mandat=VII&type=dt&uid=C12EA1B82DF58B8AC1257E4B004BC4E9
Sat, 24 Oct 2015 18:55:03 - FETCH DOC: http://www.dz-rs.si/wps/portal/Home/deloDZ/seje/evidenca?mandat=VII&type=dt&uid=31E9295C756C0633C1257E5700339A62
Sat, 24 Oct 2015 18:55:03 - FETCH DOC: http://www.dz-rs.si/wps/portal/Home/deloDZ/seje/evidenca?mandat=VII&type=dt&uid=FCFB1B0B72726052C1257E580029D17D
Sat, 24 Oct 2015 18:55:04 - FETCH SESSION: http://www.dz-rs.si/wps/portal/Home/deloDZ/seje/izbranaSejaDt?mandat=VII&seja=24%20012.%20Nujna&uid=4360AEECF7231FA0C1257E430033ECF3
Sat, 24 Oct 2015 18:55:05 - FETCH SPEECH: http://www.dz-rs.si/wps/portal/Home/deloDZ/seje/evidenca?mandat=VII&type=pmagdt&uid=819939331658BF0BC1257E51002ADB1F
Sat, 24 Oct 2015 18:55:07 - FETCH DOC: http://www.dz-rs.si/wps/portal/Home/deloDZ/seje/evidenca?mandat=VII&type=dt&uid=5797342DA6A4F690C1257E4300486843
Sat, 24 Oct 2015 18:55:07 - FETCH SESSION: http://www.dz-rs.si/wps/portal/Home/deloDZ/seje/izbranaSejaDt?mandat=VII&seja=24%20011.%20Nujna&uid=758E3D18510FD406C1257E2700305A52
Sat, 24 Oct 2015 18:55:08 - FETCH SPEECH: http://www.dz-rs.si/wps/portal/Home/deloDZ/seje/evidenca?mandat=VII&type=pmagdt&uid=306AB909B85E2046C1257E3C003EA7C3
Sat, 24 Oct 2015 18:55:10 - FETCH DOC: http://www.dz-rs.si/wps/portal/Home/deloDZ/seje/evidenca?mandat=VII&type=dt&uid=5D91047B2B258C7AC1257E27003F035A
Sat, 24 Oct 2015 18:55:10 - FETCH DOC: http://www.dz-rs.si/wps/portal/Home/deloDZ/seje/evidenca?mandat=VII&type=dt&uid=211D64AD39ACB992C1257E29003FF395
Sat, 24 Oct 2015 18:55:10 - FETCH SESSION: http://www.dz-rs.si/wps/portal/Home/deloDZ/seje/izbranaSejaDt?mandat=VII&seja=24%20010.%20Redna&uid=FD1E2E1D6BC0D15EC1257E1900411DFA
Sat, 24 Oct 2015 18:55:11 - FETCH SPEECH: http://www.dz-rs.si/wps/portal/Home/deloDZ/seje/evidenca?mandat=VII&type=pmagdt&uid=6A2BB7B52A7E47C0C1257E29002C465D
Sat, 24 Oct 2015 18:55:13 - FETCH DOC: http://www.dz-rs.si/wps/portal/Home/deloDZ/seje/evidenca?mandat=VII&type=dt&uid=87CD644B1719AD61C1257E19004B136E
Sat, 24 Oct 2015 18:55:13 - FETCH SESSION: http://www.dz-rs.si/wps/portal/Home/deloDZ/seje/izbranaSejaDt?mandat=VII&seja=24%20009.%20Redna&uid=DB01FA7C733D419EC1257E13002C8D7B
Sat, 24 Oct 2015 18:55:14 - FETCH SPEECH: http://www.dz-rs.si/wps/portal/Home/deloDZ/seje/evidenca?mandat=VII&type=pmagdt&uid=8F87D56983050C17C1257E220056DD88
Sat, 24 Oct 2015 18:55:15 - FETCH DOC: http://www.dz-rs.si/wps/portal/Home/deloDZ/seje/evidenca?mandat=VII&type=dt&uid=51E881A8695C9EF3C1257E13002F56E8
Sat, 24 Oct 2015 18:55:15 - FETCH SESSION: http://www.dz-rs.si/wps/portal/Home/deloDZ/seje/izbranaSejaDt?mandat=VII&seja=24%20010.%20Nujna&uid=2790897B33FB1A74C1257E0E00340D60
Sat, 24 Oct 2015 18:55:16 - FETCH SPEECH: http://www.dz-rs.si/wps/portal/Home/deloDZ/seje/evidenca?mandat=VII&type=pmagdt&uid=2E67EA0D6465DD63C1257E15002F94D6
Sat, 24 Oct 2015 18:55:19 - FETCH DOC: http://www.dz-rs.si/wps/portal/Home/deloDZ/seje/evidenca?mandat=VII&type=dt&uid=8865B227854768BCC1257E12002E42FC
Sat, 24 Oct 2015 18:55:20 - FETCH SESSION: http://www.dz-rs.si/wps/portal/Home/deloDZ/seje/izbranaSejaDt?mandat=VII&seja=24%20009.%20Nujna&uid=A76B30D997EDB6EAC1257E04003D5358
Sat, 24 Oct 2015 18:55:20 - FETCH SPEECH: http://www.dz-rs.si/wps/portal/Home/deloDZ/seje/evidenca?mandat=VII&type=pmagdt&uid=9876B10E0685B2E8C1257E2300240633
Sat, 24 Oct 2015 18:55:23 - FETCH DOC: http://www.dz-rs.si/wps/portal/Home/deloDZ/seje/evidenca?mandat=VII&type=dt&uid=FC579461DA771950C1257E0A00466993
Sat, 24 Oct 2015 18:55:23 - FETCH SESSION: http://www.dz-rs.si/wps/portal/Home/deloDZ/seje/izbranaSejaDt?mandat=VII&seja=24%20008.%20Redna&uid=710AB3DDAD196EE5C1257DFD0030616F
Sat, 24 Oct 2015 18:55:24 - FETCH SPEECH: http://www.dz-rs.si/wps/portal/Home/deloDZ/seje/evidenca?mandat=VII&type=pmagdt&uid=4EFBD78CD787628DC1257E22004E3843
Sat, 24 Oct 2015 18:55:27 - FETCH DOC: http://www.dz-rs.si/wps/portal/Home/deloDZ/seje/evidenca?mandat=VII&type=dt&uid=FFE6B10252A69A00C1257DFD00385AEA
Sat, 24 Oct 2015 18:55:27 - FETCH SESSION: http://www.dz-rs.si/wps/portal/Home/deloDZ/seje/izbranaSejaDt?mandat=VII&seja=24%20006.%20Redna&uid=925019AACB1EBB44C1257DF100424960
Sat, 24 Oct 2015 18:55:28 - FETCH SPEECH: http://www.dz-rs.si/wps/portal/Home/deloDZ/seje/evidenca?mandat=VII&type=pmagdt&uid=CDB0F75314AE2F25C1257E1B002C8E5D
Sat, 24 Oct 2015 18:55:29 - FETCH DOC: http://www.dz-rs.si/wps/portal/Home/deloDZ/seje/evidenca?mandat=VII&type=dt&uid=D20DE099EB7B47B5C1257DF1004D1543
Sat, 24 Oct 2015 18:55:29 - FETCH DOC: http://www.dz-rs.si/wps/portal/Home/deloDZ/seje/evidenca?mandat=VII&type=dt&uid=A73709F44F342B9CC1257DFE00471508
Sat, 24 Oct 2015 18:55:30 - FETCH DOC: http://www.dz-rs.si/wps/portal/Home/deloDZ/seje/evidenca?mandat=VII&type=dt&uid=616B046EDD4DEFCCC1257E06002993FF
Sat, 24 Oct 2015 18:55:30 - FETCH SESSION: http://www.dz-rs.si/wps/portal/Home/deloDZ/seje/izbranaSejaDt?mandat=VII&seja=24%20007.%20Redna&uid=C024ADE1036BA913C1257DF2002ADD54
Sat, 24 Oct 2015 18:55:31 - FETCH SPEECH: http://www.dz-rs.si/wps/portal/Home/deloDZ/seje/evidenca?mandat=VII&type=pmagdt&uid=3141C35D410E663BC1257E130039B918
Sat, 24 Oct 2015 18:55:33 - FETCH DOC: http://www.dz-rs.si/wps/portal/Home/deloDZ/seje/evidenca?mandat=VII&type=dt&uid=41B48F91A7EC124EC1257DF2003C5EBE
Sat, 24 Oct 2015 18:55:33 - FETCH DOC: http://www.dz-rs.si/wps/portal/Home/deloDZ/seje/evidenca?mandat=VII&type=dt&uid=8AC96A4E34EDCC7DC1257E03003306EA
Sat, 24 Oct 2015 18:55:33 - FETCH DOC: http://www.dz-rs.si/wps/portal/Home/deloDZ/seje/evidenca?mandat=VII&type=dt&uid=FE95BA5D0503FE24C1257E040031A426
Sat, 24 Oct 2015 18:55:34 - FETCH SESSION: http://www.dz-rs.si/wps/portal/Home/deloDZ/seje/izbranaSejaDt?mandat=VII&seja=24%20008.%20Nujna&uid=52FBA6700EF6BAF5C1257DE3003099F3
Sat, 24 Oct 2015 18:55:34 - FETCH SPEECH: http://www.dz-rs.si/wps/portal/Home/deloDZ/seje/evidenca?mandat=VII&type=pmagdt&uid=6F3506FD7909B388C1257DEA003F88A6
Sat, 24 Oct 2015 18:55:36 - FETCH DOC: http://www.dz-rs.si/wps/portal/Home/deloDZ/seje/evidenca?mandat=VII&type=dt&uid=BDA3119AF6B3A2E8C1257DE3003FD84E
Sat, 24 Oct 2015 18:55:36 - FETCH DOC: http://www.dz-rs.si/wps/portal/Home/deloDZ/seje/evidenca?mandat=VII&type=dt&uid=59CAC32E51C5193AC1257DE8005A7639
Sat, 24 Oct 2015 18:55:36 - FETCH SESSION: http://www.dz-rs.si/wps/portal/Home/deloDZ/seje/izbranaSejaDt?mandat=VII&seja=24%20005.%20Redna&uid=EB09231A2F5546A3C1257DD900343873
Sat, 24 Oct 2015 18:55:37 - FETCH SPEECH: http://www.dz-rs.si/wps/portal/Home/deloDZ/seje/evidenca?mandat=VII&type=pmagdt&uid=7B75FFBDC2EC2BB3C1257DF2005B1AA2
Sat, 24 Oct 2015 18:55:46 - FETCH DOC: http://www.dz-rs.si/wps/portal/Home/deloDZ/seje/evidenca?mandat=VII&type=dt&uid=0765AF80D9E4A2ABC1257DDA0029A62F
Sat, 24 Oct 2015 18:55:47 - FETCH DOC: http://www.dz-rs.si/wps/portal/Home/deloDZ/seje/evidenca?mandat=VII&type=dt&uid=516DC55B91542798C1257DE30039D6A9
Sat, 24 Oct 2015 18:55:47 - FETCH SESSION: http://www.dz-rs.si/wps/portal/Home/deloDZ/seje/izbranaSejaDt?mandat=VII&seja=24%20007.%20Nujna&uid=8385498C8F7D56C3C1257DD6002EA6A0
Sat, 24 Oct 2015 18:55:48 - FETCH SPEECH: http://www.dz-rs.si/wps/portal/Home/deloDZ/seje/evidenca?mandat=VII&type=pmagdt&uid=624EA5A3A58FB6A7C1257DE80049E0F5
Sat, 24 Oct 2015 18:55:50 - FETCH DOC: http://www.dz-rs.si/wps/portal/Home/deloDZ/seje/evidenca?mandat=VII&type=dt&uid=4D42F35AEBB1F190C1257DDA0031BACC
Sat, 24 Oct 2015 18:55:51 - FETCH SESSION: http://www.dz-rs.si/wps/portal/Home/deloDZ/seje/izbranaSejaDt?mandat=VII&seja=24%20006.%20Nujna&uid=DDC8CF05723C40E3C1257DD2004F610B
Sat, 24 Oct 2015 18:55:51 - FETCH SPEECH: http://www.dz-rs.si/wps/portal/Home/deloDZ/seje/evidenca?mandat=VII&type=pmagdt&uid=AC7817A5802904CAC1257DD6003BAA7F
Sat, 24 Oct 2015 18:55:52 - FETCH DOC: http://www.dz-rs.si/wps/portal/Home/deloDZ/seje/evidenca?mandat=VII&type=dt&uid=43297303E433AE5CC1257DD30040045A
Sat, 24 Oct 2015 18:55:52 - FETCH SESSION: http://www.dz-rs.si/wps/portal/Home/deloDZ/seje/izbranaSejaDt?mandat=VII&seja=24%20004.%20Redna&uid=0579293464873C42C1257DC50048EB4E
Sat, 24 Oct 2015 18:55:53 - FETCH SPEECH: http://www.dz-rs.si/wps/portal/Home/deloDZ/seje/evidenca?mandat=VII&type=pmagdt&uid=336A59C548535594C1257DD600405492
Sat, 24 Oct 2015 18:55:55 - FETCH DOC: http://www.dz-rs.si/wps/portal/Home/deloDZ/seje/evidenca?mandat=VII&type=dt&uid=ED16C25EFC8D1FA0C1257DC6004FD06F
Sat, 24 Oct 2015 18:55:56 - FETCH DOC: http://www.dz-rs.si/wps/portal/Home/deloDZ/seje/evidenca?mandat=VII&type=dt&uid=D06E6392F9974640C1257DFD004E8530
Sat, 24 Oct 2015 18:55:56 - FETCH DOC: http://www.dz-rs.si/wps/portal/Home/deloDZ/seje/evidenca?mandat=VII&type=dt&uid=3283D4AD996303E5C1257DFD004E97B9
Sat, 24 Oct 2015 18:55:56 - FETCH SESSION: http://www.dz-rs.si/wps/portal/Home/deloDZ/seje/izbranaSejaDt?mandat=VII&seja=24%20005.%20Nujna&uid=608AD97FE91C3107C1257DC5003192D6
Sat, 24 Oct 2015 18:55:57 - FETCH SPEECH: http://www.dz-rs.si/wps/portal/Home/deloDZ/seje/evidenca?mandat=VII&type=pmagdt&uid=EB1FFADF2FAA2499C1257DD2002F4143
Sat, 24 Oct 2015 18:55:58 - FETCH DOC: http://www.dz-rs.si/wps/portal/Home/deloDZ/seje/evidenca?mandat=VII&type=dt&uid=EBE4AA489047B75AC1257DC600324B02
Sat, 24 Oct 2015 18:55:59 - FETCH SESSION: http://www.dz-rs.si/wps/portal/Home/deloDZ/seje/izbranaSejaDt?mandat=VII&seja=24%20004.%20Nujna&uid=7D110F0CDC508C71C1257DB6003A9276
Sat, 24 Oct 2015 18:56:00 - FETCH SPEECH: http://www.dz-rs.si/wps/portal/Home/deloDZ/seje/evidenca?mandat=VII&type=pmagdt&uid=5EFE311FB812A972C1257DB70045989C
Sat, 24 Oct 2015 18:56:02 - FETCH DOC: http://www.dz-rs.si/wps/portal/Home/deloDZ/seje/evidenca?mandat=VII&type=dt&uid=217377C1DA4B6966C1257DB70029FEE3
Sat, 24 Oct 2015 18:56:02 - FETCH SESSION: http://www.dz-rs.si/wps/portal/Home/deloDZ/seje/izbranaSejaDt?mandat=VII&seja=24%20003.%20Nujna&uid=EEA46FE7AAD9E35DC1257DA3002A13A2
Sat, 24 Oct 2015 18:56:03 - FETCH SPEECH: http://www.dz-rs.si/wps/portal/Home/deloDZ/seje/evidenca?mandat=VII&type=pmagdt&uid=F6200A6BFC9FA8B4C1257DAA0043BCD9
Sat, 24 Oct 2015 18:56:05 - FETCH DOC: http://www.dz-rs.si/wps/portal/Home/deloDZ/seje/evidenca?mandat=VII&type=dt&uid=433CF610B9CC1CDAC1257DA3002F31C4
Sat, 24 Oct 2015 18:56:05 - FETCH DOC: http://www.dz-rs.si/wps/portal/Home/deloDZ/seje/evidenca?mandat=VII&type=dt&uid=240EDBBA7AAAF9C0C1257DA8003638D2
Sat, 24 Oct 2015 18:56:06 - FETCH DOC: http://www.dz-rs.si/wps/portal/Home/deloDZ/seje/evidenca?mandat=VII&type=dt&uid=13EAD8DF38CE54C4C1257DA8004576E4
Sat, 24 Oct 2015 18:56:06 - FETCH DOC: http://www.dz-rs.si/wps/portal/Home/deloDZ/seje/evidenca?mandat=VII&type=dt&uid=01DB9E9D3B16B23BC1257DA9002E0143
Sat, 24 Oct 2015 18:56:06 - FETCH SESSION: http://www.dz-rs.si/wps/portal/Home/deloDZ/seje/izbranaSejaDt?mandat=VII&seja=24%20003.%20Redna&uid=FBC295F37223193AC1257D9500324D4E
Sat, 24 Oct 2015 18:56:07 - FETCH SPEECH: http://www.dz-rs.si/wps/portal/Home/deloDZ/seje/evidenca?mandat=VII&type=pmagdt&uid=979B48E11648F8DDC1257DA4004F8260
Sat, 24 Oct 2015 18:56:09 - FETCH DOC: http://www.dz-rs.si/wps/portal/Home/deloDZ/seje/evidenca?mandat=VII&type=dt&uid=43A5B051AAE7BFAFC1257D950032DE53
Sat, 24 Oct 2015 18:56:09 - FETCH SESSION: http://www.dz-rs.si/wps/portal/Home/deloDZ/seje/izbranaSejaDt?mandat=VII&seja=24%20002.%20Nujna&uid=867CE00CBE4C66FBC1257D870037FEF3
Sat, 24 Oct 2015 18:56:10 - FETCH SPEECH: http://www.dz-rs.si/wps/portal/Home/deloDZ/seje/evidenca?mandat=VII&type=pmagdt&uid=FC4D39EF09743B7AC1257D900023E7FB
Sat, 24 Oct 2015 18:56:11 - FETCH DOC: http://www.dz-rs.si/wps/portal/Home/deloDZ/seje/evidenca?mandat=VII&type=dt&uid=61E6C7A7AC7CE8DDC1257D87003A5040
Sat, 24 Oct 2015 18:56:11 - FETCH SESSION: http://www.dz-rs.si/wps/portal/Home/deloDZ/seje/izbranaSejaDt?mandat=VII&seja=24%20002.%20Redna&uid=A8173BF3F8BA0E53C1257D7700388FA7
Sat, 24 Oct 2015 18:56:12 - FETCH SPEECH: http://www.dz-rs.si/wps/portal/Home/deloDZ/seje/evidenca?mandat=VII&type=pmagdt&uid=543E71A16E744B07C1257D8C004D2EE5
Sat, 24 Oct 2015 18:56:13 - FETCH DOC: http://www.dz-rs.si/wps/portal/Home/deloDZ/seje/evidenca?mandat=VII&type=dt&uid=D947ACC415037409C1257D78002C8EBD
Sat, 24 Oct 2015 18:56:13 - FETCH DOC: http://www.dz-rs.si/wps/portal/Home/deloDZ/seje/evidenca?mandat=VII&type=dt&uid=BB01B2357DDD93D3C1257D8C0045B24E
Sat, 24 Oct 2015 18:56:14 - FETCH SESSION: http://www.dz-rs.si/wps/portal/Home/deloDZ/seje/izbranaSejaDt?mandat=VII&seja=24%20001.%20Redna&uid=28D9C2D5EEF36970C1257D6A0022E6F3
Sat, 24 Oct 2015 18:56:14 - FETCH SPEECH: http://www.dz-rs.si/wps/portal/Home/deloDZ/seje/evidenca?mandat=VII&type=pmagdt&uid=EAD5462577459138C1257D7E003C5993
Sat, 24 Oct 2015 18:56:16 - FETCH DOC: http://www.dz-rs.si/wps/portal/Home/deloDZ/seje/evidenca?mandat=VII&type=dt&uid=4F90770C909075CAC1257D6B002DB09A
Sat, 24 Oct 2015 18:56:16 - FETCH DOC: http://www.dz-rs.si/wps/portal/Home/deloDZ/seje/evidenca?mandat=VII&type=dt&uid=0E3350789A010C95C1257D6D0028F7FE
Sat, 24 Oct 2015 18:56:17 - FETCH DOC: http://www.dz-rs.si/wps/portal/Home/deloDZ/seje/evidenca?mandat=VII&type=dt&uid=73CEB89DAC4AF504C1257D77003E78DA
Sat, 24 Oct 2015 18:56:17 - FETCH SESSION: http://www.dz-rs.si/wps/portal/Home/deloDZ/seje/izbranaSejaDt?mandat=VII&seja=24%20001.%20Nujna&uid=E8FE8FB69A06A04BC1257D4F0020CAA9
Sat, 24 Oct 2015 18:56:18 - FETCH SPEECH: http://www.dz-rs.si/wps/portal/Home/deloDZ/seje/evidenca?mandat=VII&type=pmagdt&uid=BA4B6DAF7ACD7BD7C1257D51004B0CD0
Sat, 24 Oct 2015 18:56:19 - FETCH DOC: http://www.dz-rs.si/wps/portal/Home/deloDZ/seje/evidenca?mandat=VII&type=dt&uid=680B0D1271BAEB24C1257D4F00366C48
Sat, 24 Oct 2015 18:56:20 - FETCH DOC: http://www.dz-rs.si/wps/portal/Home/deloDZ/seje/evidenca?mandat=VII&type=dt&uid=8A42CF18B6A11846C1257D5100480AC4
Sat, 24 Oct 2015 18:56:20 - FETCH SESSION: http://www.dz-rs.si/wps/portal/Home/deloDZ/seje/izbranaSejaDt?mandat=VI&seja=24%20029.%20Nujna&uid=1D026129927AD60FC1257D1F005A906E
Sat, 24 Oct 2015 18:56:21 - FETCH DOC: http://www.dz-rs.si/wps/portal/Home/deloDZ/seje/evidenca?mandat=VI&type=dt&uid=865728447ED68DAFC1257D1F005A9073
Sat, 24 Oct 2015 18:56:21 - FETCH DOC: http://www.dz-rs.si/wps/portal/Home/deloDZ/seje/evidenca?mandat=VI&type=dt&uid=C817CF494C742794C1257D1F005A907E
Sat, 24 Oct 2015 18:56:21 - FETCH DOC: http://www.dz-rs.si/wps/portal/Home/deloDZ/seje/evidenca?mandat=VI&type=dt&uid=03EC06E7255D9C78C1257D1F005A90CD
Sat, 24 Oct 2015 18:56:21 - FETCH SESSION: http://www.dz-rs.si/wps/portal/Home/deloDZ/seje/izbranaSejaDt?mandat=VI&seja=24%20028.%20Nujna&uid=777FF04F9844F3C4C1257D1F005A8FA5
Sat, 24 Oct 2015 18:56:22 - FETCH DOC: http://www.dz-rs.si/wps/portal/Home/deloDZ/seje/evidenca?mandat=VI&type=dt&uid=94459F9E7221B308C1257D1F005A8FBA
Sat, 24 Oct 2015 18:56:23 - FETCH DOC: http://www.dz-rs.si/wps/portal/Home/deloDZ/seje/evidenca?mandat=VI&type=dt&uid=808A04924D310BA9C1257D1F005A9029
Sat, 24 Oct 2015 18:56:23 - FETCH DOC: http://www.dz-rs.si/wps/portal/Home/deloDZ/seje/evidenca?mandat=VI&type=dt&uid=480B2686B1F3D048C1257D1F005A902B
Sat, 24 Oct 2015 18:56:23 - FETCH SESSION: http://www.dz-rs.si/wps/portal/Home/deloDZ/seje/izbranaSejaDt?mandat=VI&seja=24%20027.%20Nujna&uid=48F6D9D7B614777CC1257D1F005A8E06
Sat, 24 Oct 2015 18:56:24 - FETCH SPEECH: http://www.dz-rs.si/wps/portal/Home/deloDZ/seje/evidenca?mandat=VI&type=pmagdt&uid=47FA2F373F309BB5C1257CEA00476E7D
Sat, 24 Oct 2015 18:56:29 - FETCH DOC: http://www.dz-rs.si/wps/portal/Home/deloDZ/seje/evidenca?mandat=VI&type=dt&uid=16F7B790B3F06052C1257D1F005A8E1B
Sat, 24 Oct 2015 18:56:29 - FETCH DOC: http://www.dz-rs.si/wps/portal/Home/deloDZ/seje/evidenca?mandat=VI&type=dt&uid=BE52EFCA8BA03EA2C1257D1F005A90A7
Sat, 24 Oct 2015 18:56:29 - FETCH SESSION: http://www.dz-rs.si/wps/portal/Home/deloDZ/seje/izbranaSejaDt?mandat=VI&seja=24%20026.%20Redna&uid=9127D4AB4880824EC1257D1F005A8D07
Sat, 24 Oct 2015 18:56:30 - FETCH SPEECH: http://www.dz-rs.si/wps/portal/Home/deloDZ/seje/evidenca?mandat=VI&type=pmagdt&uid=EFBECC1F928F5EABC1257CE70037044A
Sat, 24 Oct 2015 18:56:31 - FETCH DOC: http://www.dz-rs.si/wps/portal/Home/deloDZ/seje/evidenca?mandat=VI&type=dt&uid=4E885C6524FC1062C1257D1F005A8D1F
Sat, 24 Oct 2015 18:56:32 - FETCH DOC: http://www.dz-rs.si/wps/portal/Home/deloDZ/seje/evidenca?mandat=VI&type=dt&uid=0649F9834E4F05E7C1257D1F005A8E2A
Sat, 24 Oct 2015 18:56:32 - FETCH SESSION: http://www.dz-rs.si/wps/portal/Home/deloDZ/seje/izbranaSejaDt?mandat=VI&seja=24%20026.%20Nujna&uid=EAAF6577B34D18EFC1257D1F005A8D0C
Sat, 24 Oct 2015 18:56:32 - FETCH SPEECH: http://www.dz-rs.si/wps/portal/Home/deloDZ/seje/evidenca?mandat=VI&type=pmagdt&uid=7E1B42CD6EAE24FCC1257CDA0038B532
Sat, 24 Oct 2015 18:56:33 - FETCH DOC: http://www.dz-rs.si/wps/portal/Home/deloDZ/seje/evidenca?mandat=VI&type=dt&uid=D1A3DD45610A1523C1257D1F005A8D21
Sat, 24 Oct 2015 18:56:33 - FETCH SESSION: http://www.dz-rs.si/wps/portal/Home/deloDZ/seje/izbranaSejaDt?mandat=VI&seja=24%20025.%20Nujna&uid=B1086DB60248CEB5C1257D1F005A8A86
Sat, 24 Oct 2015 18:56:34 - FETCH SPEECH: http://www.dz-rs.si/wps/portal/Home/deloDZ/seje/evidenca?mandat=VI&type=pmagdt&uid=435AEB097579BA87C1257CB60046B06E
Sat, 24 Oct 2015 18:56:34 - FETCH DOC: http://www.dz-rs.si/wps/portal/Home/deloDZ/seje/evidenca?mandat=VI&type=dt&uid=92E1C4334F898B44C1257D1F005A8A8B
Sat, 24 Oct 2015 18:56:34 - FETCH SESSION: http://www.dz-rs.si/wps/portal/Home/deloDZ/seje/izbranaSejaDt?mandat=VI&seja=24%20025.%20Redna&uid=A105F0AA41D2D6E3C1257D1F005A88CC
Sat, 24 Oct 2015 18:56:35 - FETCH SPEECH: http://www.dz-rs.si/wps/portal/Home/deloDZ/seje/evidenca?mandat=VI&type=pmagdt&uid=FD466EB9DCABDA2AC1257CB7002BA4DE
Sat, 24 Oct 2015 18:56:37 - FETCH DOC: http://www.dz-rs.si/wps/portal/Home/deloDZ/seje/evidenca?mandat=VI&type=dt&uid=F4C11E574D9CDC49C1257D1F005A88EE
Sat, 24 Oct 2015 18:56:37 - FETCH DOC: http://www.dz-rs.si/wps/portal/Home/deloDZ/seje/evidenca?mandat=VI&type=dt&uid=BB9667314024148DC1257D1F005A8991
Sat, 24 Oct 2015 18:56:38 - FETCH DOC: http://www.dz-rs.si/wps/portal/Home/deloDZ/seje/evidenca?mandat=VI&type=dt&uid=1F3E59BCF0490D8FC1257D1F005A8AAD
Sat, 24 Oct 2015 18:56:38 - FETCH SESSION: http://www.dz-rs.si/wps/portal/Home/deloDZ/seje/izbranaSejaDt?mandat=VI&seja=24%20024.%20Nujna&uid=AFDB93ED4754EB4EC1257D1F005A89F8
Sat, 24 Oct 2015 18:56:39 - FETCH SPEECH: http://www.dz-rs.si/wps/portal/Home/deloDZ/seje/evidenca?mandat=VI&type=pmagdt&uid=1AF94D6174E55D7EC1257CB3002EAC32
Sat, 24 Oct 2015 18:56:40 - FETCH DOC: http://www.dz-rs.si/wps/portal/Home/deloDZ/seje/evidenca?mandat=VI&type=dt&uid=C6476F3A13B4BB20C1257D1F005A89FF
Sat, 24 Oct 2015 18:56:41 - FETCH DOC: http://www.dz-rs.si/wps/portal/Home/deloDZ/seje/evidenca?mandat=VI&type=dt&uid=3326B1C44750F77BC1257D1F005A90A8
Sat, 24 Oct 2015 18:56:42 - FETCH SESSION: http://www.dz-rs.si/wps/portal/Home/deloDZ/seje/izbranaSejaDt?mandat=VII&seja=14%20036.%20Nujna&uid=64195772FE64E5C6C1257ED8002D0860
Sat, 24 Oct 2015 18:56:43 - FETCH SPEECH: http://www.dz-rs.si/wps/portal/Home/deloDZ/seje/evidenca?mandat=VII&type=pmagdt&uid=A407481B0DCAACD0C1257EE3002A4370
Sat, 24 Oct 2015 18:56:47 - FETCH DOC: http://www.dz-rs.si/wps/portal/Home/deloDZ/seje/evidenca?mandat=VII&type=dt&uid=AC6615972D13D176C1257ED8002E7EC0
Sat, 24 Oct 2015 18:56:47 - FETCH DOC: http://www.dz-rs.si/wps/portal/Home/deloDZ/seje/evidenca?mandat=VII&type=dt&uid=2CD486102BF73C11C1257EDF003E6A2A
Sat, 24 Oct 2015 18:56:48 - FETCH DOC: http://www.dz-rs.si/wps/portal/Home/deloDZ/seje/evidenca?mandat=VII&type=dt&uid=15C2407C82068C32C1257EE0002808C4
Sat, 24 Oct 2015 18:56:48 - FETCH SESSION: http://www.dz-rs.si/wps/portal/Home/deloDZ/seje/izbranaSejaDt?mandat=VII&seja=14%20035.%20Nujna&uid=264C27C81ED30C5FC1257ED0002934D5
Sat, 24 Oct 2015 18:56:49 - FETCH SPEECH: http://www.dz-rs.si/wps/portal/Home/deloDZ/seje/evidenca?mandat=VII&type=pmagdt&uid=0674A7B7F234EA46C1257EDD00261095
Sat, 24 Oct 2015 18:56:52 - FETCH DOC: http://www.dz-rs.si/wps/portal/Home/deloDZ/seje/evidenca?mandat=VII&type=dt&uid=EEF09EC2F09D77D2C1257ED0002F7A6D
Sat, 24 Oct 2015 18:56:53 - FETCH DOC: http://www.dz-rs.si/wps/portal/Home/deloDZ/seje/evidenca?mandat=VII&type=dt&uid=2E1A3036F5CD61AAC1257ED80043BC83
Sat, 24 Oct 2015 18:56:53 - FETCH SESSION: http://www.dz-rs.si/wps/portal/Home/deloDZ/seje/izbranaSejaDt?mandat=VII&seja=14%20013.%20Redna&uid=DC036E1A188F2280C1257EC70023950D
Sat, 24 Oct 2015 18:56:54 - FETCH SPEECH: http://www.dz-rs.si/wps/portal/Home/deloDZ/seje/evidenca?mandat=VII&type=pmagdt&uid=754B7FEE70DD071FC1257ED7002DC907
Sat, 24 Oct 2015 18:56:56 - FETCH DOC: http://www.dz-rs.si/wps/portal/Home/deloDZ/seje/evidenca?mandat=VII&type=dt&uid=3D9C285410E867D6C1257EC80027250D
Sat, 24 Oct 2015 18:56:56 - FETCH DOC: http://www.dz-rs.si/wps/portal/Home/deloDZ/seje/evidenca?mandat=VII&type=dt&uid=39C676A5A9929A8BC1257ED10027C84D
Sat, 24 Oct 2015 18:56:56 - FETCH DOC: http://www.dz-rs.si/wps/portal/Home/deloDZ/seje/evidenca?mandat=VII&type=dt&uid=1C43B439EF9AB30BC1257ED10031E61D
Sat, 24 Oct 2015 18:56:56 - FETCH SESSION: http://www.dz-rs.si/wps/portal/Home/deloDZ/seje/izbranaSejaDt?mandat=VII&seja=14%20012.%20Redna&uid=96FC9D5A524BB462C1257E820039F677
Sat, 24 Oct 2015 18:56:57 - FETCH SPEECH: http://www.dz-rs.si/wps/portal/Home/deloDZ/seje/evidenca?mandat=VII&type=pmagdt&uid=4034AEFF5B8A51F6C1257EB90037E878
Sat, 24 Oct 2015 18:57:01 - FETCH SPEECH: http://www.dz-rs.si/wps/portal/Home/deloDZ/seje/evidenca?mandat=VII&type=pmagdt&uid=C2DD9FA12226F165C1257EBA003DB1E0
Sat, 24 Oct 2015 18:57:04 - FETCH DOC: http://www.dz-rs.si/wps/portal/Home/deloDZ/seje/evidenca?mandat=VII&type=dt&uid=F63B6B33187763A4C1257E84001FDE5F
Sat, 24 Oct 2015 18:57:04 - FETCH DOC: http://www.dz-rs.si/wps/portal/Home/deloDZ/seje/evidenca?mandat=VII&type=dt&uid=800D590FB75D50D8C1257EAC002A5894
Sat, 24 Oct 2015 18:57:04 - FETCH DOC: http://www.dz-rs.si/wps/portal/Home/deloDZ/seje/evidenca?mandat=VII&type=dt&uid=FDDC34BE03A79B13C1257EAC00352DCF
Sat, 24 Oct 2015 18:57:04 - FETCH DOC: http://www.dz-rs.si/wps/portal/Home/deloDZ/seje/evidenca?mandat=VII&type=dt&uid=48B192FAC008D94CC1257EAF003C0CAA
Sat, 24 Oct 2015 18:57:05 - FETCH DOC: http://www.dz-rs.si/wps/portal/Home/deloDZ/seje/evidenca?mandat=VII&type=dt&uid=E11F1CC4B973E7ABC1257EB300261B93
Sat, 24 Oct 2015 18:57:05 - FETCH DOC: http://www.dz-rs.si/wps/portal/Home/deloDZ/seje/evidenca?mandat=VII&type=dt&uid=2E8A5065924EDBA4C1257EB3002E38CC
Sat, 24 Oct 2015 18:57:05 - FETCH DOC: http://www.dz-rs.si/wps/portal/Home/deloDZ/seje/evidenca?mandat=VII&type=dt&uid=52CF825EBB34C6D4C1257EB4004072A7
Sat, 24 Oct 2015 18:57:06 - FETCH DOC: http://www.dz-rs.si/wps/portal/Home/deloDZ/seje/evidenca?mandat=VII&type=dt&uid=20A750063CCFC696C1257EBA0048D15B
Sat, 24 Oct 2015 18:57:06 - FETCH DOC: http://www.dz-rs.si/wps/portal/Home/deloDZ/seje/evidenca?mandat=VII&type=dt&uid=E1C899561D74FF4CC1257EBA0048E22E
Sat, 24 Oct 2015 18:57:06 - FETCH SESSION: http://www.dz-rs.si/wps/portal/Home/deloDZ/seje/izbranaSejaDt?mandat=VII&seja=14%20034.%20Nujna&uid=0858A24E18668C6AC1257E85004E1213
Sat, 24 Oct 2015 18:57:07 - FETCH SPEECH: http://www.dz-rs.si/wps/portal/Home/deloDZ/seje/evidenca?mandat=VII&type=pmagdt&uid=43241058086E3417C1257E880033801D
Sat, 24 Oct 2015 18:57:08 - FETCH DOC: http://www.dz-rs.si/wps/portal/Home/deloDZ/seje/evidenca?mandat=VII&type=dt&uid=68663164C01FC3D1C1257E8500553913
Sat, 24 Oct 2015 18:57:08 - FETCH SESSION: http://www.dz-rs.si/wps/portal/Home/deloDZ/seje/izbranaSejaDt?mandat=VII&seja=14%20033.%20Nujna&uid=546CB47A723CEB89C1257E7B001F5EDA
Sat, 24 Oct 2015 18:57:09 - FETCH SPEECH: http://www.dz-rs.si/wps/portal/Home/deloDZ/seje/evidenca?mandat=VII&type=pmagdt&uid=C1BE5673A6FBB45AC1257E7E006E7E90
Sat, 24 Oct 2015 18:57:10 - FETCH SPEECH: http://www.dz-rs.si/wps/portal/Home/deloDZ/seje/evidenca?mandat=VII&type=pmagdt&uid=6BA7BDE889FEB58DC1257E7F003564BD
Sat, 24 Oct 2015 18:57:12 - FETCH DOC: http://www.dz-rs.si/wps/portal/Home/deloDZ/seje/evidenca?mandat=VII&type=dt&uid=BE156D4C15443775C1257E7B00227426
Sat, 24 Oct 2015 18:57:12 - FETCH DOC: http://www.dz-rs.si/wps/portal/Home/deloDZ/seje/evidenca?mandat=VII&type=dt&uid=3F8AD60C0A608F99C1257E7D002B0A7C
Sat, 24 Oct 2015 18:57:12 - FETCH DOC: http://www.dz-rs.si/wps/portal/Home/deloDZ/seje/evidenca?mandat=VII&type=dt&uid=CC376F4C3A7B359EC1257E7D00439DDF
Sat, 24 Oct 2015 18:57:13 - FETCH DOC: http://www.dz-rs.si/wps/portal/Home/deloDZ/seje/evidenca?mandat=VII&type=dt&uid=633F4B62EEE71644C1257E7E002BDB74
Sat, 24 Oct 2015 18:57:13 - FETCH SESSION: http://www.dz-rs.si/wps/portal/Home/deloDZ/seje/izbranaSejaDt?mandat=VII&seja=14%20032.%20Nujna&uid=A9AA7A5A234B778EC1257E7500447B15
Sat, 24 Oct 2015 18:57:14 - FETCH SPEECH: http://www.dz-rs.si/wps/portal/Home/deloDZ/seje/evidenca?mandat=VII&type=pmagdt&uid=B7BC9377B8ED5C7AC1257EAF0026B29C
Sat, 24 Oct 2015 18:57:17 - FETCH DOC: http://www.dz-rs.si/wps/portal/Home/deloDZ/seje/evidenca?mandat=VII&type=dt&uid=7DBF97997C20056CC1257E75004713B4
Sat, 24 Oct 2015 18:57:17 - FETCH DOC: http://www.dz-rs.si/wps/portal/Home/deloDZ/seje/evidenca?mandat=VII&type=dt&uid=AA80D523591ABCF5C1257E770030891E
Sat, 24 Oct 2015 18:57:18 - FETCH DOC: http://www.dz-rs.si/wps/portal/Home/deloDZ/seje/evidenca?mandat=VII&type=dt&uid=A6D7935C6298E175C1257E7B00391952
Sat, 24 Oct 2015 18:57:18 - FETCH DOC: http://www.dz-rs.si/wps/portal/Home/deloDZ/seje/evidenca?mandat=VII&type=dt&uid=37374707E16DCC9EC1257E7D00526A21
Sat, 24 Oct 2015 18:57:18 - FETCH DOC: http://www.dz-rs.si/wps/portal/Home/deloDZ/seje/evidenca?mandat=VII&type=dt&uid=8E78331E79469827C1257E850050B1C9
Sat, 24 Oct 2015 18:57:19 - FETCH SESSION: http://www.dz-rs.si/wps/portal/Home/deloDZ/seje/izbranaSejaDt?mandat=VII&seja=14%20011.%20Redna&uid=4270F89328ECD63CC1257E5F0020DDB5
Sat, 24 Oct 2015 18:57:20 - FETCH SPEECH: http://www.dz-rs.si/wps/portal/Home/deloDZ/seje/evidenca?mandat=VII&type=pmagdt&uid=82FF44FD3911CACCC1257E7300443D72
Sat, 24 Oct 2015 18:57:31 - FETCH SPEECH: http://www.dz-rs.si/wps/portal/Home/deloDZ/seje/evidenca?mandat=VII&type=pmagdt&uid=4AA704DD9F071F9EC1257EA6004043E4
Sat, 24 Oct 2015 18:57:36 - FETCH DOC: http://www.dz-rs.si/wps/portal/Home/deloDZ/seje/evidenca?mandat=VII&type=dt&uid=C7B35F36F63980E7C1257E5F002A11A1
Sat, 24 Oct 2015 18:57:36 - FETCH DOC: http://www.dz-rs.si/wps/portal/Home/deloDZ/seje/evidenca?mandat=VII&type=dt&uid=3C051E62E108F756C1257E680022BE7F
Sat, 24 Oct 2015 18:57:36 - FETCH DOC: http://www.dz-rs.si/wps/portal/Home/deloDZ/seje/evidenca?mandat=VII&type=dt&uid=B11CE50A085615AEC1257E680031D48E
Sat, 24 Oct 2015 18:57:37 - FETCH DOC: http://www.dz-rs.si/wps/portal/Home/deloDZ/seje/evidenca?mandat=VII&type=dt&uid=4DA942F50B14DA4CC1257E6900318257
Sat, 24 Oct 2015 18:57:37 - FETCH DOC: http://www.dz-rs.si/wps/portal/Home/deloDZ/seje/evidenca?mandat=VII&type=dt&uid=118B6EF07134C094C1257E6C002EF0A3
Sat, 24 Oct 2015 18:57:37 - FETCH DOC: http://www.dz-rs.si/wps/portal/Home/deloDZ/seje/evidenca?mandat=VII&type=dt&uid=502C4AEFDB03CF4AC1257E6C0045E3D9
Sat, 24 Oct 2015 18:57:38 - FETCH DOC: http://www.dz-rs.si/wps/portal/Home/deloDZ/seje/evidenca?mandat=VII&type=dt&uid=86A8297EA59F641DC1257E6D002698C7
Sat, 24 Oct 2015 18:57:38 - FETCH DOC: http://www.dz-rs.si/wps/portal/Home/deloDZ/seje/evidenca?mandat=VII&type=dt&uid=C2128F2924A9FD06C1257E6E001F40DD
Sat, 24 Oct 2015 18:57:38 - FETCH DOC: http://www.dz-rs.si/wps/portal/Home/deloDZ/seje/evidenca?mandat=VII&type=dt&uid=4598A5581115A06FC1257E73002B8D31
Sat, 24 Oct 2015 18:57:39 - FETCH SESSION: http://www.dz-rs.si/wps/portal/Home/deloDZ/seje/izbranaSejaDt?mandat=VII&seja=14%20031.%20Nujna&uid=F66CEA6C166780DCC1257E6000279665
Sat, 24 Oct 2015 18:57:40 - FETCH SPEECH: http://www.dz-rs.si/wps/portal/Home/deloDZ/seje/evidenca?mandat=VII&type=pmagdt&uid=7866AF6A810873D9C1257E660038224A
Sat, 24 Oct 2015 18:57:43 - FETCH SPEECH: http://www.dz-rs.si/wps/portal/Home/deloDZ/seje/evidenca?mandat=VII&type=pmagdt&uid=ED881F81F9FBD9BDC1257E6800276821
Sat, 24 Oct 2015 18:57:46 - FETCH DOC: http://www.dz-rs.si/wps/portal/Home/deloDZ/seje/evidenca?mandat=VII&type=dt&uid=8BD788A75D51B71BC1257E60003C1256
Sat, 24 Oct 2015 18:57:46 - FETCH DOC: http://www.dz-rs.si/wps/portal/Home/deloDZ/seje/evidenca?mandat=VII&type=dt&uid=0631B734A4F63206C1257E62004487B2
Sat, 24 Oct 2015 18:57:47 - FETCH DOC: http://www.dz-rs.si/wps/portal/Home/deloDZ/seje/evidenca?mandat=VII&type=dt&uid=6D638EFEAB7E8903C1257E650036B4BD
Sat, 24 Oct 2015 18:57:47 - FETCH SESSION: http://www.dz-rs.si/wps/portal/Home/deloDZ/seje/izbranaSejaDt?mandat=VII&seja=14%20030.%20Nujna&uid=D4F54F2E4BF9E175C1257E510045B0D0
Sat, 24 Oct 2015 18:57:47 - FETCH SPEECH: http://www.dz-rs.si/wps/portal/Home/deloDZ/seje/evidenca?mandat=VII&type=pmagdt&uid=89D574059275D7D5C1257E600031D61C
Sat, 24 Oct 2015 18:57:48 - FETCH DOC: http://www.dz-rs.si/wps/portal/Home/deloDZ/seje/evidenca?mandat=VII&type=dt&uid=EFE80F72C2979A7CC1257E520026D2CC
Sat, 24 Oct 2015 18:57:49 - FETCH SESSION: http://www.dz-rs.si/wps/portal/Home/deloDZ/seje/izbranaSejaDt?mandat=VII&seja=14%20010.%20Redna&uid=0A5946D5D483D66BC1257E4A002B71F8
Sat, 24 Oct 2015 18:57:49 - FETCH SPEECH: http://www.dz-rs.si/wps/portal/Home/deloDZ/seje/evidenca?mandat=VII&type=pmagdt&uid=B3D740509FE61C83C1257E5A002ED3A3
Sat, 24 Oct 2015 18:57:51 - FETCH DOC: http://www.dz-rs.si/wps/portal/Home/deloDZ/seje/evidenca?mandat=VII&type=dt&uid=7F2E9898EDC4978EC1257E4B003990C3
Sat, 24 Oct 2015 18:57:51 - FETCH DOC: http://www.dz-rs.si/wps/portal/Home/deloDZ/seje/evidenca?mandat=VII&type=dt&uid=3355BE6AEEA3DD45C1257E53003B1E32
Sat, 24 Oct 2015 18:57:51 - FETCH DOC: http://www.dz-rs.si/wps/portal/Home/deloDZ/seje/evidenca?mandat=VII&type=dt&uid=32F79F8F9D08E229C1257E570028E6E1
Sat, 24 Oct 2015 18:57:52 - FETCH SESSION: http://www.dz-rs.si/wps/portal/Home/deloDZ/seje/izbranaSejaDt?mandat=VII&seja=14%20028.%20Nujna&uid=E8FB063C8F8A85F8C1257E4C00355964
Sat, 24 Oct 2015 18:57:53 - FETCH SPEECH: http://www.dz-rs.si/wps/portal/Home/deloDZ/seje/evidenca?mandat=VII&type=pmagdt&uid=0ADB37EEAC9B33C9C1257E5E003BDE1C
Sat, 24 Oct 2015 18:57:59 - FETCH DOC: http://www.dz-rs.si/wps/portal/Home/deloDZ/seje/evidenca?mandat=VII&type=dt&uid=006EDC38BAD00E05C1257E4D00281D06
Sat, 24 Oct 2015 18:57:59 - FETCH SESSION: http://www.dz-rs.si/wps/portal/Home/deloDZ/seje/izbranaSejaDt?mandat=VII&seja=14%20029.%20Nujna&uid=63D2AEC99D092ECDC1257E5000393FE7
Sat, 24 Oct 2015 18:58:00 - FETCH DOC: http://www.dz-rs.si/wps/portal/Home/deloDZ/seje/evidenca?mandat=VII&type=dt&uid=CBCCAB2729392A36C1257E500039807F
Sat, 24 Oct 2015 18:58:01 - FETCH SESSION: http://www.dz-rs.si/wps/portal/Home/deloDZ/seje/izbranaSejaDt?mandat=VII&seja=14%20027.%20Nujna&uid=BB9C739578F0291CC1257E42002B035A
Sat, 24 Oct 2015 18:58:01 - FETCH SPEECH: http://www.dz-rs.si/wps/portal/Home/deloDZ/seje/evidenca?mandat=VII&type=pmagdt&uid=CC59233D3A03B4DEC1257E4A003D88E0
Sat, 24 Oct 2015 18:58:02 - FETCH DOC: http://www.dz-rs.si/wps/portal/Home/deloDZ/seje/evidenca?mandat=VII&type=dt&uid=2E3A4DFB1B1DE5D5C1257E43001FA2EC
Sat, 24 Oct 2015 18:58:02 - FETCH SESSION: http://www.dz-rs.si/wps/portal/Home/deloDZ/seje/izbranaSejaDt?mandat=VII&seja=14%20026.%20Nujna&uid=25B8A9B1D9709B91C1257E3100412009
Sat, 24 Oct 2015 18:58:03 - FETCH SPEECH: http://www.dz-rs.si/wps/portal/Home/deloDZ/seje/evidenca?mandat=VII&type=pmagdt&uid=A32EEED9321239D4C1257E45003532BA
Sat, 24 Oct 2015 18:58:06 - FETCH DOC: http://www.dz-rs.si/wps/portal/Home/deloDZ/seje/evidenca?mandat=VII&type=dt&uid=BCD43A652AA350D1C1257E3100421D6C
Sat, 24 Oct 2015 18:58:06 - FETCH DOC: http://www.dz-rs.si/wps/portal/Home/deloDZ/seje/evidenca?mandat=VII&type=dt&uid=04BC29997F6F7D38C1257E3C003EB537
Sat, 24 Oct 2015 18:58:06 - FETCH DOC: http://www.dz-rs.si/wps/portal/Home/deloDZ/seje/evidenca?mandat=VII&type=dt&uid=D899523AA9E10DADC1257E3D003F209B
Sat, 24 Oct 2015 18:58:07 - FETCH DOC: http://www.dz-rs.si/wps/portal/Home/deloDZ/seje/evidenca?mandat=VII&type=dt&uid=DBCAB2CFC27F839DC1257E43004899F9
Sat, 24 Oct 2015 18:58:07 - FETCH SESSION: http://www.dz-rs.si/wps/portal/Home/deloDZ/seje/izbranaSejaDt?mandat=VII&seja=14%20009.%20Redna&uid=07DBAAA910271B22C1257E2E003BC7E7
Sat, 24 Oct 2015 18:58:08 - FETCH SPEECH: http://www.dz-rs.si/wps/portal/Home/deloDZ/seje/evidenca?mandat=VII&type=pmagdt&uid=17C02DFB35FF512DC1257E3F00385920
Sat, 24 Oct 2015 18:58:10 - FETCH DOC: http://www.dz-rs.si/wps/portal/Home/deloDZ/seje/evidenca?mandat=VII&type=dt&uid=24CAB4E48662EA60C1257E2E0046D1B8
Sat, 24 Oct 2015 18:58:10 - FETCH DOC: http://www.dz-rs.si/wps/portal/Home/deloDZ/seje/evidenca?mandat=VII&type=dt&uid=EC3B5839F70ADC5FC1257E3E0021767D
Sat, 24 Oct 2015 18:58:11 - FETCH SESSION: http://www.dz-rs.si/wps/portal/Home/deloDZ/seje/izbranaSejaDt?mandat=VII&seja=14%20025.%20Nujna&uid=216CE6ECE7724DCDC1257E26002BB542
Sat, 24 Oct 2015 18:58:11 - FETCH SPEECH: http://www.dz-rs.si/wps/portal/Home/deloDZ/seje/evidenca?mandat=VII&type=pmagdt&uid=985BC6CC10734DEFC1257E31002E5852
Sat, 24 Oct 2015 18:58:14 - FETCH DOC: http://www.dz-rs.si/wps/portal/Home/deloDZ/seje/evidenca?mandat=VII&type=dt&uid=F6803D47F22AD749C1257E26002E0445
Sat, 24 Oct 2015 18:58:14 - FETCH DOC: http://www.dz-rs.si/wps/portal/Home/deloDZ/seje/evidenca?mandat=VII&type=dt&uid=7DC63240156D29C7C1257E27002AD6B6
Sat, 24 Oct 2015 18:58:14 - FETCH DOC: http://www.dz-rs.si/wps/portal/Home/deloDZ/seje/evidenca?mandat=VII&type=dt&uid=36010AF964B86234C1257E29002B8D36
Sat, 24 Oct 2015 18:58:14 - FETCH SESSION: http://www.dz-rs.si/wps/portal/Home/deloDZ/seje/izbranaSejaDt?mandat=VII&seja=14%20008.%20Redna&uid=1B0CCD198EDBD4E5C1257E1100304E99
Sat, 24 Oct 2015 18:58:15 - FETCH SPEECH: http://www.dz-rs.si/wps/portal/Home/deloDZ/seje/evidenca?mandat=VII&type=pmagdt&uid=05730880FD15EDD7C1257E21003542F4
Sat, 24 Oct 2015 18:58:17 - FETCH DOC: http://www.dz-rs.si/wps/portal/Home/deloDZ/seje/evidenca?mandat=VII&type=dt&uid=C63238938D02953EC1257E12003F6519
Sat, 24 Oct 2015 18:58:18 - FETCH DOC: http://www.dz-rs.si/wps/portal/Home/deloDZ/seje/evidenca?mandat=VII&type=dt&uid=92902EFA08B67733C1257E1B0024F0DE
Sat, 24 Oct 2015 18:58:18 - FETCH DOC: http://www.dz-rs.si/wps/portal/Home/deloDZ/seje/evidenca?mandat=VII&type=dt&uid=F9353A1E47690188C1257E1C0031A8AF
Sat, 24 Oct 2015 18:58:18 - FETCH SESSION: http://www.dz-rs.si/wps/portal/Home/deloDZ/seje/izbranaSejaDt?mandat=VII&seja=14%20024.%20Nujna&uid=4FF1DA7AA19DE7CDC1257E07002EF106
Sat, 24 Oct 2015 18:58:19 - FETCH SPEECH: http://www.dz-rs.si/wps/portal/Home/deloDZ/seje/evidenca?mandat=VII&type=pmagdt&uid=FEA4446A45748B17C1257E220020D147
Sat, 24 Oct 2015 18:58:20 - FETCH DOC: http://www.dz-rs.si/wps/portal/Home/deloDZ/seje/evidenca?mandat=VII&type=dt&uid=EA143694B08CB4B9C1257E07002FD7BF
Sat, 24 Oct 2015 18:58:21 - FETCH SESSION: http://www.dz-rs.si/wps/portal/Home/deloDZ/seje/izbranaSejaDt?mandat=VII&seja=14%20023.%20Nujna&uid=7FE7783BABBC9BB0C1257E040030A83B
Sat, 24 Oct 2015 18:58:21 - FETCH SPEECH: http://www.dz-rs.si/wps/portal/Home/deloDZ/seje/evidenca?mandat=VII&type=pmagdt&uid=302FFC9F5E150DB5C1257E1B002E6E93
Sat, 24 Oct 2015 18:58:22 - FETCH DOC: http://www.dz-rs.si/wps/portal/Home/deloDZ/seje/evidenca?mandat=VII&type=dt&uid=FF9B5B37177CF448C1257E05003A27C3
Sat, 24 Oct 2015 18:58:22 - FETCH SESSION: http://www.dz-rs.si/wps/portal/Home/deloDZ/seje/izbranaSejaDt?mandat=VII&seja=14%20007.%20Redna&uid=06B0D0D7933895A8C1257DF600448779
Sat, 24 Oct 2015 18:58:23 - FETCH SPEECH: http://www.dz-rs.si/wps/portal/Home/deloDZ/seje/evidenca?mandat=VII&type=pmagdt&uid=9784D67CE3A74735C1257E0C0031D6B3
Sat, 24 Oct 2015 18:58:28 - FETCH DOC: http://www.dz-rs.si/wps/portal/Home/deloDZ/seje/evidenca?mandat=VII&type=dt&uid=BFF27CB36A9A5D31C1257DF700448825
Sat, 24 Oct 2015 18:58:28 - FETCH DOC: http://www.dz-rs.si/wps/portal/Home/deloDZ/seje/evidenca?mandat=VII&type=dt&uid=E64AF083B83189FEC1257DFF0023A0C9
Sat, 24 Oct 2015 18:58:28 - FETCH DOC: http://www.dz-rs.si/wps/portal/Home/deloDZ/seje/evidenca?mandat=VII&type=dt&uid=45A097F13F998239C1257E000033C9AA
Sat, 24 Oct 2015 18:58:29 - FETCH SESSION: http://www.dz-rs.si/wps/portal/Home/deloDZ/seje/izbranaSejaDt?mandat=VII&seja=14%20022.%20Nujna&uid=6291284A556B48C9C1257DF50041DC05
Sat, 24 Oct 2015 18:58:30 - FETCH SPEECH: http://www.dz-rs.si/wps/portal/Home/deloDZ/seje/evidenca?mandat=VII&type=pmagdt&uid=EBA408E63363809AC1257E0500407E77
Sat, 24 Oct 2015 18:58:32 - FETCH DOC: http://www.dz-rs.si/wps/portal/Home/deloDZ/seje/evidenca?mandat=VII&type=dt&uid=36F945CA322D9D29C1257DFC003354F8
Sat, 24 Oct 2015 18:58:33 - FETCH DOC: http://www.dz-rs.si/wps/portal/Home/deloDZ/seje/evidenca?mandat=VII&type=dt&uid=DC5AF4EE1D54EDC3C1257E03003A6493
Sat, 24 Oct 2015 18:58:33 - FETCH SESSION: http://www.dz-rs.si/wps/portal/Home/deloDZ/seje/izbranaSejaDt?mandat=VII&seja=14%20006.%20Redna&uid=11F7D00EED61D21DC1257DF6002E0D9F
Sat, 24 Oct 2015 18:58:34 - FETCH SPEECH: http://www.dz-rs.si/wps/portal/Home/deloDZ/seje/evidenca?mandat=VII&type=pmagdt&uid=D398E98FC578CE4FC1257E05003474F8
Sat, 24 Oct 2015 18:58:35 - FETCH DOC: http://www.dz-rs.si/wps/portal/Home/deloDZ/seje/evidenca?mandat=VII&type=dt&uid=2E6F29BECEC58159C1257DF6004AD40C
Sat, 24 Oct 2015 18:58:35 - FETCH DOC: http://www.dz-rs.si/wps/portal/Home/deloDZ/seje/evidenca?mandat=VII&type=dt&uid=EB2EE9BDCA3F379DC1257DFC003560DE
Sat, 24 Oct 2015 18:58:35 - FETCH SESSION: http://www.dz-rs.si/wps/portal/Home/deloDZ/seje/izbranaSejaDt?mandat=VII&seja=14%20021.%20Nujna&uid=12DE22DDBC16379FC1257DF20026BE18
Sat, 24 Oct 2015 18:58:36 - FETCH SPEECH: http://www.dz-rs.si/wps/portal/Home/deloDZ/seje/evidenca?mandat=VII&type=pmagdt&uid=903B756234EEA8C1C1257E0300344BC5
Sat, 24 Oct 2015 18:58:36 - FETCH DOC: http://www.dz-rs.si/wps/portal/Home/deloDZ/seje/evidenca?mandat=VII&type=dt&uid=5E414F251F7CC33DC1257DF20072A225
Sat, 24 Oct 2015 18:58:36 - FETCH SESSION: http://www.dz-rs.si/wps/portal/Home/deloDZ/seje/izbranaSejaDt?mandat=VII&seja=14%20020.%20Nujna&uid=9092B7BD89A082C5C1257DE700314A0F
Sat, 24 Oct 2015 18:58:37 - FETCH SPEECH: http://www.dz-rs.si/wps/portal/Home/deloDZ/seje/evidenca?mandat=VII&type=pmagdt&uid=403748B42C65F38CC1257E0400411D29
Sat, 24 Oct 2015 18:58:40 - FETCH DOC: http://www.dz-rs.si/wps/portal/Home/deloDZ/seje/evidenca?mandat=VII&type=dt&uid=282964CCA1308C1DC1257DE7003EA1D4
Sat, 24 Oct 2015 18:58:40 - FETCH DOC: http://www.dz-rs.si/wps/portal/Home/deloDZ/seje/evidenca?mandat=VII&type=dt&uid=8AB3B64B76B299B5C1257DF1004E4BCC
Sat, 24 Oct 2015 18:58:40 - FETCH DOC: http://www.dz-rs.si/wps/portal/Home/deloDZ/seje/evidenca?mandat=VII&type=dt&uid=959C54E05182983AC1257DF1004E5142
Sat, 24 Oct 2015 18:58:41 - FETCH SESSION: http://www.dz-rs.si/wps/portal/Home/deloDZ/seje/izbranaSejaDt?mandat=VII&seja=14%20019.%20Nujna&uid=6F83E9E4DF9AC40FC1257DE2003F7CA4
Sat, 24 Oct 2015 18:58:42 - FETCH SPEECH: http://www.dz-rs.si/wps/portal/Home/deloDZ/seje/evidenca?mandat=VII&type=pmagdt&uid=2540942B7596F35AC1257DF0004FAF20
Sat, 24 Oct 2015 18:58:55 - FETCH DOC: http://www.dz-rs.si/wps/portal/Home/deloDZ/seje/evidenca?mandat=VII&type=dt&uid=51F6A3A81DA86D74C1257DE200407B99
Sat, 24 Oct 2015 18:58:56 - FETCH DOC: http://www.dz-rs.si/wps/portal/Home/deloDZ/seje/evidenca?mandat=VII&type=dt&uid=581B67D64C3D24A4C1257DEA0030954A
Sat, 24 Oct 2015 18:58:56 - FETCH DOC: http://www.dz-rs.si/wps/portal/Home/deloDZ/seje/evidenca?mandat=VII&type=dt&uid=1CB0687ACBC799DFC1257DEF00316E84
Sat, 24 Oct 2015 18:58:57 - FETCH SESSION: http://www.dz-rs.si/wps/portal/Home/deloDZ/seje/izbranaSejaDt?mandat=VII&seja=14%20005.%20Redna&uid=0F0D9F34D9C0762BC1257DDB0024F89B
Sat, 24 Oct 2015 18:58:58 - FETCH SPEECH: http://www.dz-rs.si/wps/portal/Home/deloDZ/seje/evidenca?mandat=VII&type=pmagdt&uid=D33B89DA04EC0D13C1257DF7002E6298
Sat, 24 Oct 2015 18:59:00 - FETCH DOC: http://www.dz-rs.si/wps/portal/Home/deloDZ/seje/evidenca?mandat=VII&type=dt&uid=0E54B29C15CCA08BC1257DDC004EA29B
Sat, 24 Oct 2015 18:59:01 - FETCH DOC: http://www.dz-rs.si/wps/portal/Home/deloDZ/seje/evidenca?mandat=VII&type=dt&uid=B9C5A625CE3A2FD3C1257DE2003299BD
Sat, 24 Oct 2015 18:59:01 - FETCH DOC: http://www.dz-rs.si/wps/portal/Home/deloDZ/seje/evidenca?mandat=VII&type=dt&uid=A4E7834556E42063C1257DEB0035EE9E
Sat, 24 Oct 2015 18:59:01 - FETCH SESSION: http://www.dz-rs.si/wps/portal/Home/deloDZ/seje/izbranaSejaDt?mandat=VII&seja=14%20018.%20Nujna&uid=5C3923986CA0CEB5C1257DE10024537F
Sat, 24 Oct 2015 18:59:02 - FETCH SPEECH: http://www.dz-rs.si/wps/portal/Home/deloDZ/seje/evidenca?mandat=VII&type=pmagdt&uid=749FEC0815CF96B2C1257DEF0039E3CE
Sat, 24 Oct 2015 18:59:05 - FETCH DOC: http://www.dz-rs.si/wps/portal/Home/deloDZ/seje/evidenca?mandat=VII&type=dt&uid=B52B2D8500197F9DC1257DE10032C39D
Sat, 24 Oct 2015 18:59:06 - FETCH DOC: http://www.dz-rs.si/wps/portal/Home/deloDZ/seje/evidenca?mandat=VII&type=dt&uid=17CED0DF2B856E02C1257DE10049F962
Sat, 24 Oct 2015 18:59:06 - FETCH SESSION: http://www.dz-rs.si/wps/portal/Home/deloDZ/seje/izbranaSejaDt?mandat=VII&seja=14%20016.%20Nujna&uid=DCD26AB851C460A0C1257DD6002ED27C
Sat, 24 Oct 2015 18:59:07 - FETCH SPEECH: http://www.dz-rs.si/wps/portal/Home/deloDZ/seje/evidenca?mandat=VII&type=pmagdt&uid=BF9AA662E741AD4EC1257DE80049CA5A
Sat, 24 Oct 2015 18:59:09 - FETCH DOC: http://www.dz-rs.si/wps/portal/Home/deloDZ/seje/evidenca?mandat=VII&type=dt&uid=42274F126D0AE536C1257DDA00338602
Sat, 24 Oct 2015 18:59:10 - FETCH SESSION: http://www.dz-rs.si/wps/portal/Home/deloDZ/seje/izbranaSejaDt?mandat=VII&seja=14%20017.%20Nujna&uid=2F74021DB33FD032C1257DD9002FAFA4
Sat, 24 Oct 2015 18:59:10 - FETCH SPEECH: http://www.dz-rs.si/wps/portal/Home/deloDZ/seje/evidenca?mandat=VII&type=pmagdt&uid=0A6B73C9EE0D9A30C1257DE000437C33
Sat, 24 Oct 2015 18:59:11 - FETCH DOC: http://www.dz-rs.si/wps/portal/Home/deloDZ/seje/evidenca?mandat=VII&type=dt&uid=696ABCEEBC299E01C1257DD90031FB46
Sat, 24 Oct 2015 18:59:11 - FETCH SESSION: http://www.dz-rs.si/wps/portal/Home/deloDZ/seje/izbranaSejaDt?mandat=VII&seja=14%20015.%20Nujna&uid=BB89324AA21CDA53C1257DD2003C9BCA
Sat, 24 Oct 2015 18:59:12 - FETCH SPEECH: http://www.dz-rs.si/wps/portal/Home/deloDZ/seje/evidenca?mandat=VII&type=pmagdt&uid=B76F9EA00D3B0DE7C1257DE1002E134B
Sat, 24 Oct 2015 18:59:14 - FETCH DOC: http://www.dz-rs.si/wps/portal/Home/deloDZ/seje/evidenca?mandat=VII&type=dt&uid=46E84FE6385C5CB7C1257DD20046B302
Sat, 24 Oct 2015 18:59:14 - FETCH DOC: http://www.dz-rs.si/wps/portal/Home/deloDZ/seje/evidenca?mandat=VII&type=dt&uid=93B20A3E4B0490EDC1257DD40030042D
Sat, 24 Oct 2015 18:59:14 - FETCH SESSION: http://www.dz-rs.si/wps/portal/Home/deloDZ/seje/izbranaSejaDt?mandat=VII&seja=14%20014.%20Nujna&uid=CFD20685916DEA2CC1257DAB00259DFD
Sat, 24 Oct 2015 18:59:15 - FETCH SPEECH: http://www.dz-rs.si/wps/portal/Home/deloDZ/seje/evidenca?mandat=VII&type=pmagdt&uid=32B77E1C65A9744EC1257DD40033E29C
Sat, 24 Oct 2015 18:59:19 - FETCH DOC: http://www.dz-rs.si/wps/portal/Home/deloDZ/seje/evidenca?mandat=VII&type=dt&uid=EC371E480A813D54C1257DCC00335AB0
Sat, 24 Oct 2015 18:59:19 - FETCH DOC: http://www.dz-rs.si/wps/portal/Home/deloDZ/seje/evidenca?mandat=VII&type=dt&uid=772C516639BAB16FC1257DD200317FBD
Sat, 24 Oct 2015 18:59:19 - FETCH DOC: http://www.dz-rs.si/wps/portal/Home/deloDZ/seje/evidenca?mandat=VII&type=dt&uid=2A55F00A00DDCDB6C1257DD20031AAFB
Sat, 24 Oct 2015 18:59:20 - FETCH SESSION: http://www.dz-rs.si/wps/portal/Home/deloDZ/seje/izbranaSejaDt?mandat=VII&seja=14%20012.%20Nujna&uid=CA1D98C9078E134CC1257DAF003371C4
Sat, 24 Oct 2015 18:59:20 - FETCH DOC: http://www.dz-rs.si/wps/portal/Home/deloDZ/seje/evidenca?mandat=VII&type=dt&uid=0F46ACF22FC7DFF5C1257DAF004507F1
Sat, 24 Oct 2015 18:59:20 - FETCH SESSION: http://www.dz-rs.si/wps/portal/Home/deloDZ/seje/izbranaSejaDt?mandat=VII&seja=14%20013.%20Nujna&uid=DDD520B92A9AFAF7C1257DAF0046B301
Sat, 24 Oct 2015 18:59:21 - FETCH DOC: http://www.dz-rs.si/wps/portal/Home/deloDZ/seje/evidenca?mandat=VII&type=dt&uid=0F3179B16E456E10C1257DAF004810CF
Sat, 24 Oct 2015 18:59:21 - FETCH DOC: http://www.dz-rs.si/wps/portal/Home/deloDZ/seje/evidenca?mandat=VII&type=dt&uid=C9E2B1A3BF3309FCC1257DB200405969
Sat, 24 Oct 2015 18:59:21 - FETCH SESSION: http://www.dz-rs.si/wps/portal/Home/deloDZ/seje/izbranaSejaDt?mandat=VII&seja=14%20011.%20Nujna&uid=248D1660BD640ECEC1257DAB002865E2
Sat, 24 Oct 2015 18:59:22 - FETCH SPEECH: http://www.dz-rs.si/wps/portal/Home/deloDZ/seje/evidenca?mandat=VII&type=pmagdt&uid=74BA84ACAD1E6FEEC1257DB1003E5330
Sat, 24 Oct 2015 18:59:25 - FETCH DOC: http://www.dz-rs.si/wps/portal/Home/deloDZ/seje/evidenca?mandat=VII&type=dt&uid=A75481DE9266DCE4C1257DAB0028A885
Sat, 24 Oct 2015 18:59:25 - FETCH DOC: http://www.dz-rs.si/wps/portal/Home/deloDZ/seje/evidenca?mandat=VII&type=dt&uid=36B8356AFE20B7E7C1257DAC002EAE0F
Sat, 24 Oct 2015 18:59:25 - FETCH SESSION: http://www.dz-rs.si/wps/portal/Home/deloDZ/seje/izbranaSejaDt?mandat=VII&seja=14%20010.%20Nujna&uid=3579788289346E54C1257DA1004D8456
Sat, 24 Oct 2015 18:59:26 - FETCH SPEECH: http://www.dz-rs.si/wps/portal/Home/deloDZ/seje/evidenca?mandat=VII&type=pmagdt&uid=24FA09E86BECAEB4C1257DAC004D0C4B
Sat, 24 Oct 2015 18:59:33 - FETCH DOC: http://www.dz-rs.si/wps/portal/Home/deloDZ/seje/evidenca?mandat=VII&type=dt&uid=A5B31B156E3C5D84C1257DA80023B153
Sat, 24 Oct 2015 18:59:33 - FETCH DOC: http://www.dz-rs.si/wps/portal/Home/deloDZ/seje/evidenca?mandat=VII&type=dt&uid=1757B324E018FC44C1257DAA0041A210
Sat, 24 Oct 2015 18:59:34 - FETCH DOC: http://www.dz-rs.si/wps/portal/Home/deloDZ/seje/evidenca?mandat=VII&type=dt&uid=975F598767D4FAE2C1257DAB0044FF4E
Sat, 24 Oct 2015 18:59:34 - FETCH SESSION: http://www.dz-rs.si/wps/portal/Home/deloDZ/seje/izbranaSejaDt?mandat=VII&seja=14%20009.%20Nujna&uid=AF13240B4379B706C1257D9D002D33F0
Sat, 24 Oct 2015 18:59:35 - FETCH DOC: http://www.dz-rs.si/wps/portal/Home/deloDZ/seje/evidenca?mandat=VII&type=dt&uid=32540AE65FD19CAFC1257DA200334ED6
Sat, 24 Oct 2015 18:59:36 - FETCH DOC: http://www.dz-rs.si/wps/portal/Home/deloDZ/seje/evidenca?mandat=VII&type=dt&uid=27666F2E81246EA5C1257DA8004222CF
Sat, 24 Oct 2015 18:59:36 - FETCH DOC: http://www.dz-rs.si/wps/portal/Home/deloDZ/seje/evidenca?mandat=VII&type=dt&uid=04128DAEBB48DC72C1257DA90030C5F7
Sat, 24 Oct 2015 18:59:36 - FETCH DOC: http://www.dz-rs.si/wps/portal/Home/deloDZ/seje/evidenca?mandat=VII&type=dt&uid=160A684E4773D2C7C1257DAA002D28F5
Sat, 24 Oct 2015 18:59:37 - FETCH DOC: http://www.dz-rs.si/wps/portal/Home/deloDZ/seje/evidenca?mandat=VII&type=dt&uid=625A0E05E9ACA638C1257DAA0040A39D
Sat, 24 Oct 2015 18:59:37 - FETCH SESSION: http://www.dz-rs.si/wps/portal/Home/deloDZ/seje/izbranaSejaDt?mandat=VII&seja=14%20008.%20Nujna&uid=DC0CA0DF6ACA4A39C1257D9B002E5DDB
Sat, 24 Oct 2015 18:59:37 - FETCH SPEECH: http://www.dz-rs.si/wps/portal/Home/deloDZ/seje/evidenca?mandat=VII&type=pmagdt&uid=1CAD57593A01ABDFC1257DA3002E57AB
Sat, 24 Oct 2015 18:59:39 - FETCH DOC: http://www.dz-rs.si/wps/portal/Home/deloDZ/seje/evidenca?mandat=VII&type=dt&uid=D1283D767A342160C1257D9C003C12E6
Sat, 24 Oct 2015 18:59:39 - FETCH DOC: http://www.dz-rs.si/wps/portal/Home/deloDZ/seje/evidenca?mandat=VII&type=dt&uid=973C825BF3932619C1257D9E0048E4FB
Sat, 24 Oct 2015 18:59:39 - FETCH SESSION: http://www.dz-rs.si/wps/portal/Home/deloDZ/seje/izbranaSejaDt?mandat=VII&seja=14%20007.%20Nujna&uid=B8A5B5F512924D41C1257D8C0027F29C
Sat, 24 Oct 2015 18:59:40 - FETCH SPEECH: http://www.dz-rs.si/wps/portal/Home/deloDZ/seje/evidenca?mandat=VII&type=pmagdt&uid=FD64360DA7344D75C1257D91005E3A8E
Sat, 24 Oct 2015 18:59:49 - FETCH DOC: http://www.dz-rs.si/wps/portal/Home/deloDZ/seje/evidenca?mandat=VII&type=dt&uid=4E74BAB39F7EDD26C1257D8C004926A1
Sat, 24 Oct 2015 18:59:49 - FETCH DOC: http://www.dz-rs.si/wps/portal/Home/deloDZ/seje/evidenca?mandat=VII&type=dt&uid=CBC5593EDF62F13FC1257D900051AD53
Sat, 24 Oct 2015 18:59:50 - FETCH SESSION: http://www.dz-rs.si/wps/portal/Home/deloDZ/seje/izbranaSejaDt?mandat=VII&seja=14%20006.%20Nujna&uid=CD81267ECC8E2C41C1257D79002FA891
Sat, 24 Oct 2015 18:59:51 - FETCH SPEECH: http://www.dz-rs.si/wps/portal/Home/deloDZ/seje/evidenca?mandat=VII&type=pmagdt&uid=D8805CE92B316962C1257D89003843C2
Sat, 24 Oct 2015 18:59:53 - FETCH DOC: http://www.dz-rs.si/wps/portal/Home/deloDZ/seje/evidenca?mandat=VII&type=dt&uid=E353DA445C7197CAC1257D7B00309E64
Sat, 24 Oct 2015 18:59:53 - FETCH DOC: http://www.dz-rs.si/wps/portal/Home/deloDZ/seje/evidenca?mandat=VII&type=dt&uid=19237BB6101A4E7CC1257D88002F670E
Sat, 24 Oct 2015 18:59:54 - FETCH SESSION: http://www.dz-rs.si/wps/portal/Home/deloDZ/seje/izbranaSejaDt?mandat=VI&seja=14%20095.%20Nujna&uid=439B3402B9816080C1257D1F005A8F7E
Sat, 24 Oct 2015 18:59:54 - FETCH SPEECH: http://www.dz-rs.si/wps/portal/Home/deloDZ/seje/evidenca?mandat=VI&type=pmagdt&uid=2A5A178182E9B5F4C1257CF600317E7A
Sat, 24 Oct 2015 18:59:55 - FETCH DOC: http://www.dz-rs.si/wps/portal/Home/deloDZ/seje/evidenca?mandat=VI&type=dt&uid=19C9AAB0A61A260BC1257D1F005A8F8C
Sat, 24 Oct 2015 18:59:56 - FETCH DOC: http://www.dz-rs.si/wps/portal/Home/deloDZ/seje/evidenca?mandat=VI&type=dt&uid=828262792263B0CFC1257D1F005A8FA0
Sat, 24 Oct 2015 18:59:56 - FETCH SESSION: http://www.dz-rs.si/wps/portal/Home/deloDZ/seje/izbranaSejaDt?mandat=VI&seja=14%20094.%20Nujna&uid=47CDDC5E3CC61BAAC1257D1F005A8EF7
Sat, 24 Oct 2015 18:59:57 - FETCH DOC: http://www.dz-rs.si/wps/portal/Home/deloDZ/seje/evidenca?mandat=VI&type=dt&uid=CD9693B8F26F5E6AC1257D1F005A8F13
Sat, 24 Oct 2015 18:59:57 - FETCH SESSION: http://www.dz-rs.si/wps/portal/Home/deloDZ/seje/izbranaSejaDt?mandat=VI&seja=14%20093.%20Nujna&uid=7F7C112966B6D754C1257D1F005A8E4F
Sat, 24 Oct 2015 18:59:57 - FETCH SPEECH: http://www.dz-rs.si/wps/portal/Home/deloDZ/seje/evidenca?mandat=VI&type=pmagdt&uid=693A04018359AB48C1257CF300472C14
Sat, 24 Oct 2015 19:00:00 - FETCH DOC: http://www.dz-rs.si/wps/portal/Home/deloDZ/seje/evidenca?mandat=VI&type=dt&uid=4100B0AA499C7C18C1257D1F005A8E87
Sat, 24 Oct 2015 19:00:01 - FETCH DOC: http://www.dz-rs.si/wps/portal/Home/deloDZ/seje/evidenca?mandat=VI&type=dt&uid=8C7BB07BE7DD9281C1257D1F005A8F3B
Sat, 24 Oct 2015 19:00:02 - FETCH SESSION: http://www.dz-rs.si/wps/portal/Home/deloDZ/seje/izbranaSejaDt?mandat=VI&seja=14%20092.%20Nujna&uid=C0C91915ACE467B2C1257D1F005A8CE7
Sat, 24 Oct 2015 19:00:03 - FETCH SPEECH: http://www.dz-rs.si/wps/portal/Home/deloDZ/seje/evidenca?mandat=VI&type=pmagdt&uid=3007444707111C1EC1257CD9003DD4A7
Sat, 24 Oct 2015 19:00:06 - FETCH DOC: http://www.dz-rs.si/wps/portal/Home/deloDZ/seje/evidenca?mandat=VI&type=dt&uid=1258B7EE25C817D4C1257D1F005A8D04
Sat, 24 Oct 2015 19:00:07 - FETCH DOC: http://www.dz-rs.si/wps/portal/Home/deloDZ/seje/evidenca?mandat=VI&type=dt&uid=82325FAD3C5F218EC1257D1F005A8D5B
Sat, 24 Oct 2015 19:00:08 - FETCH DOC: http://www.dz-rs.si/wps/portal/Home/deloDZ/seje/evidenca?mandat=VI&type=dt&uid=0A6331713E53BAA5C1257D1F005A8E20
Sat, 24 Oct 2015 19:00:08 - FETCH DOC: http://www.dz-rs.si/wps/portal/Home/deloDZ/seje/evidenca?mandat=VI&type=dt&uid=9E67349E05B75605C1257D1F005A8E21
Sat, 24 Oct 2015 19:00:09 - FETCH SESSION: http://www.dz-rs.si/wps/portal/Home/deloDZ/seje/izbranaSejaDt?mandat=VI&seja=14%20091.%20Nujna&uid=B732B0370DBBAA1DC1257D1F005A8C28
Sat, 24 Oct 2015 19:00:10 - FETCH SPEECH: http://www.dz-rs.si/wps/portal/Home/deloDZ/seje/evidenca?mandat=VI&type=pmagdt&uid=215C342862C87622C1257CD60022A0E9
Sat, 24 Oct 2015 19:00:11 - FETCH DOC: http://www.dz-rs.si/wps/portal/Home/deloDZ/seje/evidenca?mandat=VI&type=dt&uid=87F266D3499FA191C1257D1F005A8C2E
Sat, 24 Oct 2015 19:00:12 - FETCH DOC: http://www.dz-rs.si/wps/portal/Home/deloDZ/seje/evidenca?mandat=VI&type=dt&uid=7FC2A354C87C6E05C1257D1F005A8C78
Sat, 24 Oct 2015 19:00:13 - FETCH DOC: http://www.dz-rs.si/wps/portal/Home/deloDZ/seje/evidenca?mandat=VI&type=dt&uid=049943CC026EE73DC1257D1F005A8C8C
Sat, 24 Oct 2015 19:00:13 - FETCH DOC: http://www.dz-rs.si/wps/portal/Home/deloDZ/seje/evidenca?mandat=VI&type=dt&uid=7EC7BA736F5FD4F3C1257D1F005A8CAB
Sat, 24 Oct 2015 19:00:13 - FETCH DOC: http://www.dz-rs.si/wps/portal/Home/deloDZ/seje/evidenca?mandat=VI&type=dt&uid=E763A1F3E2DC3AC4C1257D1F005A8C9A
Sat, 24 Oct 2015 19:00:14 - FETCH SESSION: http://www.dz-rs.si/wps/portal/Home/deloDZ/seje/izbranaSejaDt?mandat=VI&seja=14%20026.%20Redna&uid=206F70A659A4DEF1C1257D1F005A8B6F
Sat, 24 Oct 2015 19:00:14 - FETCH SPEECH: http://www.dz-rs.si/wps/portal/Home/deloDZ/seje/evidenca?mandat=VI&type=pmagdt&uid=53887270C38A8CAEC1257CD600235593
Sat, 24 Oct 2015 19:00:16 - FETCH DOC: http://www.dz-rs.si/wps/portal/Home/deloDZ/seje/evidenca?mandat=VI&type=dt&uid=19FD5ACDCD981549C1257D1F005A8B78
Sat, 24 Oct 2015 19:00:17 - FETCH DOC: http://www.dz-rs.si/wps/portal/Home/deloDZ/seje/evidenca?mandat=VI&type=dt&uid=DD50F8ED8487495BC1257D1F005A8C29
Sat, 24 Oct 2015 19:00:17 - FETCH SESSION: http://www.dz-rs.si/wps/portal/Home/deloDZ/seje/izbranaSejaDt?mandat=VI&seja=14%20090.%20Nujna&uid=25D083436E2874CBC1257D1F005A8AFA
Sat, 24 Oct 2015 19:00:18 - FETCH SPEECH: http://www.dz-rs.si/wps/portal/Home/deloDZ/seje/evidenca?mandat=VI&type=pmagdt&uid=C34B89AC43C1A67EC1257CBD0044A1AB
Sat, 24 Oct 2015 19:00:22 - FETCH DOC: http://www.dz-rs.si/wps/portal/Home/deloDZ/seje/evidenca?mandat=VI&type=dt&uid=448E73826F14D485C1257D1F005A8AFC
Sat, 24 Oct 2015 19:00:23 - FETCH DOC: http://www.dz-rs.si/wps/portal/Home/deloDZ/seje/evidenca?mandat=VI&type=dt&uid=54DBC3D8D2D51044C1257D1F005A8B0D
Sat, 24 Oct 2015 19:00:23 - FETCH SESSION: http://www.dz-rs.si/wps/portal/Home/deloDZ/seje/izbranaSejaDt?mandat=VI&seja=14%20088.%20Nujna&uid=88F5B92E3C64FEAAC1257D1F005A89DF
Sat, 24 Oct 2015 19:00:24 - FETCH SPEECH: http://www.dz-rs.si/wps/portal/Home/deloDZ/seje/evidenca?mandat=VI&type=pmagdt&uid=06BA7D11CEC3A304C1257CB30021567D
Sat, 24 Oct 2015 19:00:26 - FETCH DOC: http://www.dz-rs.si/wps/portal/Home/deloDZ/seje/evidenca?mandat=VI&type=dt&uid=C9A25ED8B8F89E68C1257D1F005A89E5
Sat, 24 Oct 2015 19:00:27 - FETCH DOC: http://www.dz-rs.si/wps/portal/Home/deloDZ/seje/evidenca?mandat=VI&type=dt&uid=444156D39CDF8AACC1257D1F005A8A5B
Sat, 24 Oct 2015 19:00:27 - FETCH SESSION: http://www.dz-rs.si/wps/portal/Home/deloDZ/seje/izbranaSejaDt?mandat=VI&seja=14%20089.%20Nujna&uid=20D544420C6B8C39C1257D1F005A89E6
Sat, 24 Oct 2015 19:00:28 - FETCH SPEECH: http://www.dz-rs.si/wps/portal/Home/deloDZ/seje/evidenca?mandat=VI&type=pmagdt&uid=1DD4A8653B088B74C1257CAE002E12A3
Sat, 24 Oct 2015 19:00:29 - FETCH DOC: http://www.dz-rs.si/wps/portal/Home/deloDZ/seje/evidenca?mandat=VI&type=dt&uid=BE42C5EF957561BFC1257D1F005A8A01
Sat, 24 Oct 2015 19:00:30 - FETCH SESSION: http://www.dz-rs.si/wps/portal/Home/deloDZ/seje/izbranaSejaDt?mandat=VI&seja=14%20087.%20Nujna&uid=354319C7B8DAD46CC1257D1F005A88F7
Sat, 24 Oct 2015 19:00:31 - FETCH SPEECH: http://www.dz-rs.si/wps/portal/Home/deloDZ/seje/evidenca?mandat=VI&type=pmagdt&uid=756F29FD992F5418C1257CA60046A13B
Sat, 24 Oct 2015 19:00:33 - FETCH DOC: http://www.dz-rs.si/wps/portal/Home/deloDZ/seje/evidenca?mandat=VI&type=dt&uid=627336F522C30DB7C1257D1F005A88F9
Sat, 24 Oct 2015 19:00:35 - FETCH DOC: http://www.dz-rs.si/wps/portal/Home/deloDZ/seje/evidenca?mandat=VI&type=dt&uid=2D04F6A7ADBB2DA9C1257D1F005A8932
Sat, 24 Oct 2015 19:00:35 - FETCH SESSION: http://www.dz-rs.si/wps/portal/Home/deloDZ/seje/izbranaSejaDt?mandat=VI&seja=14%20086.%20Nujna&uid=46D01D1E9D783ACEC1257D1F005A87E1
Sat, 24 Oct 2015 19:00:36 - FETCH SPEECH: http://www.dz-rs.si/wps/portal/Home/deloDZ/seje/evidenca?mandat=VI&type=pmagdt&uid=2A9A5F7BEC3C4005C1257C9E0030848F
Sat, 24 Oct 2015 19:00:42 - FETCH DOC: http://www.dz-rs.si/wps/portal/Home/deloDZ/seje/evidenca?mandat=VI&type=dt&uid=6D41DB5CDDF2C900C1257D1F005A87E8
Sat, 24 Oct 2015 19:00:42 - FETCH DOC: http://www.dz-rs.si/wps/portal/Home/deloDZ/seje/evidenca?mandat=VI&type=dt&uid=9960A026EC7C3D77C1257D1F005A87F3
Sat, 24 Oct 2015 19:00:43 - FETCH SESSION: http://www.dz-rs.si/wps/portal/Home/deloDZ/seje/izbranaSejaDt?mandat=VI&seja=14%20025.%20Redna&uid=B2C580F3227504ECC1257D1F005A8696
Sat, 24 Oct 2015 19:00:45 - FETCH SPEECH: http://www.dz-rs.si/wps/portal/Home/deloDZ/seje/evidenca?mandat=VI&type=pmagdt&uid=8255B0A5C51F808FC1257C99002E08F2
Sat, 24 Oct 2015 19:00:49 - FETCH DOC: http://www.dz-rs.si/wps/portal/Home/deloDZ/seje/evidenca?mandat=VI&type=dt&uid=91194C7CD4CAA428C1257D1F005A869D
Sat, 24 Oct 2015 19:00:55 - FETCH DOC: http://www.dz-rs.si/wps/portal/Home/deloDZ/seje/evidenca?mandat=VI&type=dt&uid=41CE297E1026939FC1257D1F005A8710
Sat, 24 Oct 2015 19:00:55 - FETCH DOC: http://www.dz-rs.si/wps/portal/Home/deloDZ/seje/evidenca?mandat=VI&type=dt&uid=ACE351E2DC7A9296C1257D1F005A87B5
Sat, 24 Oct 2015 19:01:00 - FETCH DOC: http://www.dz-rs.si/wps/portal/Home/deloDZ/seje/evidenca?mandat=VI&type=dt&uid=56E9574975CAD351C1257D1F005A87DA
Sat, 24 Oct 2015 19:01:00 - FETCH DOC: http://www.dz-rs.si/wps/portal/Home/deloDZ/seje/evidenca?mandat=VI&type=dt&uid=8B03D0325CEF7330C1257D1F005A8814
Sat, 24 Oct 2015 19:01:05 - FETCH SESSION: http://www.dz-rs.si/wps/portal/Home/deloDZ/seje/izbranaSejaDt?mandat=VI&seja=14%20085.%20Nujna&uid=9824F194C80ACB13C1257D1F005A873D
Sat, 24 Oct 2015 19:01:06 - FETCH SPEECH: http://www.dz-rs.si/wps/portal/Home/deloDZ/seje/evidenca?mandat=VI&type=pmagdt&uid=8AABE5E3EF87F485C1257C940045D351
Sat, 24 Oct 2015 19:01:08 - FETCH DOC: http://www.dz-rs.si/wps/portal/Home/deloDZ/seje/evidenca?mandat=VI&type=dt&uid=601BE138F188765EC1257D1F005A874E
Sat, 24 Oct 2015 19:01:10 - FETCH SESSION: http://www.dz-rs.si/wps/portal/Home/deloDZ/seje/izbranaSejaDt?mandat=VI&seja=14%20084.%20Nujna&uid=96DBB271BA6DC824C1257D1F005A86C0
Sat, 24 Oct 2015 19:01:11 - FETCH SPEECH: http://www.dz-rs.si/wps/portal/Home/deloDZ/seje/evidenca?mandat=VI&type=pmagdt&uid=270C97FFA6FACED8C1257C9000358DD1
Sat, 24 Oct 2015 19:01:14 - FETCH DOC: http://www.dz-rs.si/wps/portal/Home/deloDZ/seje/evidenca?mandat=VI&type=dt&uid=332C8F2B188F3741C1257D1F005A86C6
Sat, 24 Oct 2015 19:01:16 - FETCH DOC: http://www.dz-rs.si/wps/portal/Home/deloDZ/seje/evidenca?mandat=VI&type=dt&uid=115228E0E7BBFF43C1257D1F005A874D
Sat, 24 Oct 2015 19:01:16 - FETCH SESSION: http://www.dz-rs.si/wps/portal/Home/deloDZ/seje/izbranaSejaDt?mandat=VI&seja=14%20083.%20Nujna&uid=A76DB1023A6A8890C1257D1F005A85B8
Sat, 24 Oct 2015 19:01:17 - FETCH SPEECH: http://www.dz-rs.si/wps/portal/Home/deloDZ/seje/evidenca?mandat=VI&type=pmagdt&uid=77BBB8E5716399B4C1257C8C003D795F
Sat, 24 Oct 2015 19:01:19 - FETCH DOC: http://www.dz-rs.si/wps/portal/Home/deloDZ/seje/evidenca?mandat=VI&type=dt&uid=FA1708003AFEB25FC1257D1F005A85F1
Sat, 24 Oct 2015 19:01:21 - FETCH SESSION: http://www.dz-rs.si/wps/portal/Home/deloDZ/seje/izbranaSejaDt?mandat=VI&seja=14%20082.%20Nujna&uid=EEECB6958E807FD8C1257D1F005A84BF
Sat, 24 Oct 2015 19:01:22 - FETCH SPEECH: http://www.dz-rs.si/wps/portal/Home/deloDZ/seje/evidenca?mandat=VI&type=pmagdt&uid=BCE44DF124DB24FBC1257C7D004487FB
Sat, 24 Oct 2015 19:01:24 - FETCH DOC: http://www.dz-rs.si/wps/portal/Home/deloDZ/seje/evidenca?mandat=VI&type=dt&uid=1404D7FAFA582C73C1257D1F005A84C4
Sat, 24 Oct 2015 19:01:24 - FETCH SESSION: http://www.dz-rs.si/wps/portal/Home/deloDZ/seje/izbranaSejaDt?mandat=VI&seja=14%20024.%20Redna&uid=3B1C3E6F1FE3E97AC1257D1F005A8430
Sat, 24 Oct 2015 19:01:25 - FETCH SPEECH: http://www.dz-rs.si/wps/portal/Home/deloDZ/seje/evidenca?mandat=VI&type=pmagdt&uid=4245EF7B9838332AC1257C85002E03E2
Sat, 24 Oct 2015 19:01:29 - FETCH DOC: http://www.dz-rs.si/wps/portal/Home/deloDZ/seje/evidenca?mandat=VI&type=dt&uid=38D731DED9EA54BDC1257D1F005A8439
Sat, 24 Oct 2015 19:01:29 - FETCH DOC: http://www.dz-rs.si/wps/portal/Home/deloDZ/seje/evidenca?mandat=VI&type=dt&uid=D500A98C6DA2F62AC1257D1F005A852A
Sat, 24 Oct 2015 19:01:29 - FETCH DOC: http://www.dz-rs.si/wps/portal/Home/deloDZ/seje/evidenca?mandat=VI&type=dt&uid=EE4807DE49201C37C1257D1F005A853D
Sat, 24 Oct 2015 19:01:30 - FETCH SESSION: http://www.dz-rs.si/wps/portal/Home/deloDZ/seje/izbranaSejaDt?mandat=VI&seja=14%20081.%20Nujna&uid=4748A91FF53BD0F2C1257D1F005A834E
Sat, 24 Oct 2015 19:01:30 - FETCH SPEECH: http://www.dz-rs.si/wps/portal/Home/deloDZ/seje/evidenca?mandat=VI&type=pmagdt&uid=855D6E9536D2A46DC1257C66003982A9
Sat, 24 Oct 2015 19:01:32 - FETCH DOC: http://www.dz-rs.si/wps/portal/Home/deloDZ/seje/evidenca?mandat=VI&type=dt&uid=176B6C043D628E31C1257D1F005A836C
Sat, 24 Oct 2015 19:01:32 - FETCH DOC: http://www.dz-rs.si/wps/portal/Home/deloDZ/seje/evidenca?mandat=VI&type=dt&uid=31D627D59E132E2DC1257D1F005A835D
Sat, 24 Oct 2015 19:01:33 - FETCH SESSION: http://www.dz-rs.si/wps/portal/Home/deloDZ/seje/izbranaSejaDt?mandat=VII&seja=11%20021.%20Nujna&uid=B12CC0BDCC5289B5C1257ED60024436D
Sat, 24 Oct 2015 19:01:33 - FETCH DOC: http://www.dz-rs.si/wps/portal/Home/deloDZ/seje/evidenca?mandat=VII&type=dt&uid=27F46494E1C26C12C1257ED60024F3AB
Sat, 24 Oct 2015 19:01:34 - FETCH SESSION: http://www.dz-rs.si/wps/portal/Home/deloDZ/seje/izbranaSejaDt?mandat=VII&seja=11%20010.%20Redna&uid=9485F7E8907043DEC1257EC3001FDD97
Sat, 24 Oct 2015 19:01:34 - FETCH DOC: http://www.dz-rs.si/wps/portal/Home/deloDZ/seje/evidenca?mandat=VII&type=dt&uid=758298A9735B7A1AC1257EC30021CC19
Sat, 24 Oct 2015 19:01:35 - FETCH DOC: http://www.dz-rs.si/wps/portal/Home/deloDZ/seje/evidenca?mandat=VII&type=dt&uid=E039E281D7490584C1257ECE0038E529
Sat, 24 Oct 2015 19:01:35 - FETCH DOC: http://www.dz-rs.si/wps/portal/Home/deloDZ/seje/evidenca?mandat=VII&type=dt&uid=CA387E058F2C7523C1257ED0004432F5
Sat, 24 Oct 2015 19:01:36 - FETCH DOC: http://www.dz-rs.si/wps/portal/Home/deloDZ/seje/evidenca?mandat=VII&type=dt&uid=00151C2129EFD05FC1257ED1004022AC
Sat, 24 Oct 2015 19:01:36 - FETCH SESSION: http://www.dz-rs.si/wps/portal/Home/deloDZ/seje/izbranaSejaDt?mandat=VII&seja=11%20020.%20Nujna&uid=CF0CCAA1A79A6D79C1257EC9001EE9AB
Sat, 24 Oct 2015 19:01:37 - FETCH SPEECH: http://www.dz-rs.si/wps/portal/Home/deloDZ/seje/evidenca?mandat=VII&type=pmagdt&uid=06C40F261F7B3FD4C1257ECE003D1DCF
Sat, 24 Oct 2015 19:01:37 - FETCH DOC: http://www.dz-rs.si/wps/portal/Home/deloDZ/seje/evidenca?mandat=VII&type=dt&uid=37420D06D8B27099C1257EC9002AE5DB
Sat, 24 Oct 2015 19:01:37 - FETCH SESSION: http://www.dz-rs.si/wps/portal/Home/deloDZ/seje/izbranaSejaDt?mandat=VII&seja=11%20009.%20Redna&uid=2326366F07C2BEFCC1257E93002F96F5
Sat, 24 Oct 2015 19:01:38 - FETCH SPEECH: http://www.dz-rs.si/wps/portal/Home/deloDZ/seje/evidenca?mandat=VII&type=pmagdt&uid=DAE948C586429FB3C1257EC3003EB969
Sat, 24 Oct 2015 19:01:40 - FETCH DOC: http://www.dz-rs.si/wps/portal/Home/deloDZ/seje/evidenca?mandat=VII&type=dt&uid=1F397E78853D51D2C1257EAD0029F7EB
Sat, 24 Oct 2015 19:01:41 - FETCH DOC: http://www.dz-rs.si/wps/portal/Home/deloDZ/seje/evidenca?mandat=VII&type=dt&uid=0A9BC652AA393DE3C1257EB2002DFF9E
Sat, 24 Oct 2015 19:01:41 - FETCH DOC: http://www.dz-rs.si/wps/portal/Home/deloDZ/seje/evidenca?mandat=VII&type=dt&uid=360D644C0936678DC1257EB6002B3659
Sat, 24 Oct 2015 19:01:41 - FETCH DOC: http://www.dz-rs.si/wps/portal/Home/deloDZ/seje/evidenca?mandat=VII&type=dt&uid=E6F3C24BF45ED1B9C1257EBA0047B9C1
Sat, 24 Oct 2015 19:01:42 - FETCH DOC: http://www.dz-rs.si/wps/portal/Home/deloDZ/seje/evidenca?mandat=VII&type=dt&uid=33A0BB95901ECE65C1257EBD002D7A71
Sat, 24 Oct 2015 19:01:42 - FETCH SESSION: http://www.dz-rs.si/wps/portal/Home/deloDZ/seje/izbranaSejaDt?mandat=VII&seja=11%20019.%20Nujna&uid=249B59FBDB57EA68C1257E83003D73CE
Sat, 24 Oct 2015 19:01:43 - FETCH SPEECH: http://www.dz-rs.si/wps/portal/Home/deloDZ/seje/evidenca?mandat=VII&type=pmagdt&uid=904AD94A60531051C1257EAE002DE866
Sat, 24 Oct 2015 19:01:45 - FETCH DOC: http://www.dz-rs.si/wps/portal/Home/deloDZ/seje/evidenca?mandat=VII&type=dt&uid=AFD0F3904F1DB1E9C1257E830040B048
Sat, 24 Oct 2015 19:01:45 - FETCH DOC: http://www.dz-rs.si/wps/portal/Home/deloDZ/seje/evidenca?mandat=VII&type=dt&uid=6CF386DF49694E8DC1257E8B00379D55
Sat, 24 Oct 2015 19:01:46 - FETCH DOC: http://www.dz-rs.si/wps/portal/Home/deloDZ/seje/evidenca?mandat=VII&type=dt&uid=09E2714A24DE4DA9C1257EA60031273D
Sat, 24 Oct 2015 19:01:46 - FETCH DOC: http://www.dz-rs.si/wps/portal/Home/deloDZ/seje/evidenca?mandat=VII&type=dt&uid=6F72C42D8969483AC1257EA8003D45C5
Sat, 24 Oct 2015 19:01:46 - FETCH SESSION: http://www.dz-rs.si/wps/portal/Home/deloDZ/seje/izbranaSejaDt?mandat=VII&seja=11%20018.%20Nujna&uid=3690C212DC19E708C1257E7B0020929C
Sat, 24 Oct 2015 19:01:47 - FETCH SPEECH: http://www.dz-rs.si/wps/portal/Home/deloDZ/seje/evidenca?mandat=VII&type=pmagdt&uid=737DBB53FB5D9541C1257EAD0038DDA5
Sat, 24 Oct 2015 19:01:48 - FETCH DOC: http://www.dz-rs.si/wps/portal/Home/deloDZ/seje/evidenca?mandat=VII&type=dt&uid=973DE3DF6F2B9F16C1257E7B0023F1B1
Sat, 24 Oct 2015 19:01:48 - FETCH SESSION: http://www.dz-rs.si/wps/portal/Home/deloDZ/seje/izbranaSejaDt?mandat=VII&seja=11%20008.%20Redna&uid=87CE0EAB712BF812C1257E510022EA69
Sat, 24 Oct 2015 19:01:49 - FETCH SPEECH: http://www.dz-rs.si/wps/portal/Home/deloDZ/seje/evidenca?mandat=VII&type=pmagdt&uid=196F7937B5043647C1257E7C003B72AD
Sat, 24 Oct 2015 19:01:50 - FETCH DOC: http://www.dz-rs.si/wps/portal/Home/deloDZ/seje/evidenca?mandat=VII&type=dt&uid=D2F72AA69F9D4B44C1257E600029216A
Sat, 24 Oct 2015 19:01:51 - FETCH DOC: http://www.dz-rs.si/wps/portal/Home/deloDZ/seje/evidenca?mandat=VII&type=dt&uid=076A99ABDDF6960FC1257E69002D7E45
Sat, 24 Oct 2015 19:01:51 - FETCH DOC: http://www.dz-rs.si/wps/portal/Home/deloDZ/seje/evidenca?mandat=VII&type=dt&uid=D557702487043A1DC1257E6C002C5F3B
Sat, 24 Oct 2015 19:01:51 - FETCH DOC: http://www.dz-rs.si/wps/portal/Home/deloDZ/seje/evidenca?mandat=VII&type=dt&uid=A2D5E923226F75E5C1257E6D0027C614
Sat, 24 Oct 2015 19:01:52 - FETCH DOC: http://www.dz-rs.si/wps/portal/Home/deloDZ/seje/evidenca?mandat=VII&type=dt&uid=583FFC7A1F0790D0C1257E6D0037E0BD
Sat, 24 Oct 2015 19:01:52 - FETCH DOC: http://www.dz-rs.si/wps/portal/Home/deloDZ/seje/evidenca?mandat=VII&type=dt&uid=96C3CA86A950640AC1257E6E002C5831
Sat, 24 Oct 2015 19:01:52 - FETCH SESSION: http://www.dz-rs.si/wps/portal/Home/deloDZ/seje/izbranaSejaDt?mandat=VII&seja=11%20017.%20Nujna&uid=26EC9EF3171BC962C1257E4C00354E41
Sat, 24 Oct 2015 19:01:53 - FETCH SPEECH: http://www.dz-rs.si/wps/portal/Home/deloDZ/seje/evidenca?mandat=VII&type=pmagdt&uid=C0C233C8A91246F9C1257E5E003BF1F0
Sat, 24 Oct 2015 19:02:00 - FETCH DOC: http://www.dz-rs.si/wps/portal/Home/deloDZ/seje/evidenca?mandat=VII&type=dt&uid=E97B36B15B6CBF84C1257E4D00365655
Sat, 24 Oct 2015 19:02:00 - FETCH SESSION: http://www.dz-rs.si/wps/portal/Home/deloDZ/seje/izbranaSejaDt?mandat=VII&seja=11%20007.%20Redna&uid=F594D79DD43D2E32C1257E420025F1B1
Sat, 24 Oct 2015 19:02:01 - FETCH SPEECH: http://www.dz-rs.si/wps/portal/Home/deloDZ/seje/evidenca?mandat=VII&type=pmagdt&uid=420C438ED470C828C1257E58002FC60E
Sat, 24 Oct 2015 19:02:03 - FETCH DOC: http://www.dz-rs.si/wps/portal/Home/deloDZ/seje/evidenca?mandat=VII&type=dt&uid=DC5E0BB6F3F51DBEC1257E4300364958
Sat, 24 Oct 2015 19:02:03 - FETCH DOC: http://www.dz-rs.si/wps/portal/Home/deloDZ/seje/evidenca?mandat=VII&type=dt&uid=1BE394FEA1692A9DC1257E4D002F5444
Sat, 24 Oct 2015 19:02:04 - FETCH DOC: http://www.dz-rs.si/wps/portal/Home/deloDZ/seje/evidenca?mandat=VII&type=dt&uid=55E4F1A8302108FCC1257E52002C240A
Sat, 24 Oct 2015 19:02:04 - FETCH SESSION: http://www.dz-rs.si/wps/portal/Home/deloDZ/seje/izbranaSejaDt?mandat=VII&seja=11%20016.%20Nujna&uid=3F627CA6D20DD572C1257E310040F72A
Sat, 24 Oct 2015 19:02:05 - FETCH SPEECH: http://www.dz-rs.si/wps/portal/Home/deloDZ/seje/evidenca?mandat=VII&type=pmagdt&uid=FBABB0734E78839DC1257E4500354113
Sat, 24 Oct 2015 19:02:08 - FETCH DOC: http://www.dz-rs.si/wps/portal/Home/deloDZ/seje/evidenca?mandat=VII&type=dt&uid=CFD9AB21534B1B0AC1257E3100450823
Sat, 24 Oct 2015 19:02:08 - FETCH DOC: http://www.dz-rs.si/wps/portal/Home/deloDZ/seje/evidenca?mandat=VII&type=dt&uid=E59B366D7085F207C1257E3C003C8160
Sat, 24 Oct 2015 19:02:08 - FETCH DOC: http://www.dz-rs.si/wps/portal/Home/deloDZ/seje/evidenca?mandat=VII&type=dt&uid=574A560BDDD00975C1257E3D003ED2F4
Sat, 24 Oct 2015 19:02:09 - FETCH DOC: http://www.dz-rs.si/wps/portal/Home/deloDZ/seje/evidenca?mandat=VII&type=dt&uid=E48BAABF759AFF45C1257E4300412C2D
Sat, 24 Oct 2015 19:02:09 - FETCH SESSION: http://www.dz-rs.si/wps/portal/Home/deloDZ/seje/izbranaSejaDt?mandat=VII&seja=11%20015.%20Nujna&uid=AD5900EF18B7850FC1257E31003B76C6
Sat, 24 Oct 2015 19:02:10 - FETCH SPEECH: http://www.dz-rs.si/wps/portal/Home/deloDZ/seje/evidenca?mandat=VII&type=pmagdt&uid=3E1BECDAE70891EBC1257E44002E1555
Sat, 24 Oct 2015 19:02:14 - FETCH DOC: http://www.dz-rs.si/wps/portal/Home/deloDZ/seje/evidenca?mandat=VII&type=dt&uid=E964E67F62145385C1257E3100429F90
Sat, 24 Oct 2015 19:02:14 - FETCH DOC: http://www.dz-rs.si/wps/portal/Home/deloDZ/seje/evidenca?mandat=VII&type=dt&uid=93413344F3A5F605C1257E42003E0EEE
Sat, 24 Oct 2015 19:02:14 - FETCH SESSION: http://www.dz-rs.si/wps/portal/Home/deloDZ/seje/izbranaSejaDt?mandat=VII&seja=11%20014.%20Nujna&uid=E4DDD2415E65B0D6C1257E2F0022BCB3
Sat, 24 Oct 2015 19:02:15 - FETCH SPEECH: http://www.dz-rs.si/wps/portal/Home/deloDZ/seje/evidenca?mandat=VII&type=pmagdt&uid=83A0F2D3A7136A8DC1257E4200302C54
Sat, 24 Oct 2015 19:02:18 - FETCH DOC: http://www.dz-rs.si/wps/portal/Home/deloDZ/seje/evidenca?mandat=VII&type=dt&uid=E0EBDBC1EB5EB46BC1257E2F00331612
Sat, 24 Oct 2015 19:02:18 - FETCH DOC: http://www.dz-rs.si/wps/portal/Home/deloDZ/seje/evidenca?mandat=VII&type=dt&uid=B72D831C0B059C5AC1257E3B0048DA6B
Sat, 24 Oct 2015 19:02:18 - FETCH DOC: http://www.dz-rs.si/wps/portal/Home/deloDZ/seje/evidenca?mandat=VII&type=dt&uid=91C6B9A6E763F6C7C1257E3D003C07FA
Sat, 24 Oct 2015 19:02:19 - FETCH SESSION: http://www.dz-rs.si/wps/portal/Home/deloDZ/seje/izbranaSejaDt?mandat=VII&seja=11%20013.%20Nujna&uid=9DA2FA96554E8BB2C1257E2700302708
Sat, 24 Oct 2015 19:02:19 - FETCH SPEECH: http://www.dz-rs.si/wps/portal/Home/deloDZ/seje/evidenca?mandat=VII&type=pmagdt&uid=BD02418D02E6EEF7C1257E3C003F00E5
Sat, 24 Oct 2015 19:02:21 - FETCH DOC: http://www.dz-rs.si/wps/portal/Home/deloDZ/seje/evidenca?mandat=VII&type=dt&uid=274A6334484A5BE2C1257E270041E13E
Sat, 24 Oct 2015 19:02:22 - FETCH SESSION: http://www.dz-rs.si/wps/portal/Home/deloDZ/seje/izbranaSejaDt?mandat=VII&seja=11%20012.%20Nujna&uid=526C151D98813C38C1257E1A00323F55
Sat, 24 Oct 2015 19:02:23 - FETCH SPEECH: http://www.dz-rs.si/wps/portal/Home/deloDZ/seje/evidenca?mandat=VII&type=pmagdt&uid=355A768BF2C3130BC1257E28002ECD7A
Sat, 24 Oct 2015 19:02:25 - FETCH DOC: http://www.dz-rs.si/wps/portal/Home/deloDZ/seje/evidenca?mandat=VII&type=dt&uid=7B1E25849E06376BC1257E1A00396AF6
Sat, 24 Oct 2015 19:02:25 - FETCH DOC: http://www.dz-rs.si/wps/portal/Home/deloDZ/seje/evidenca?mandat=VII&type=dt&uid=F0262C7EA23EFA03C1257E230022E1E4
Sat, 24 Oct 2015 19:02:26 - FETCH SESSION: http://www.dz-rs.si/wps/portal/Home/deloDZ/seje/izbranaSejaDt?mandat=VII&seja=11%20006.%20Redna&uid=C25EA760AD67CD17C1257DFE002DBA3B
Sat, 24 Oct 2015 19:02:26 - FETCH SPEECH: http://www.dz-rs.si/wps/portal/Home/deloDZ/seje/evidenca?mandat=VII&type=pmagdt&uid=3579DCC98EC91229C1257E0E00460837
Sat, 24 Oct 2015 19:02:27 - FETCH DOC: http://www.dz-rs.si/wps/portal/Home/deloDZ/seje/evidenca?mandat=VII&type=dt&uid=E6174B40C96205DFC1257DFE002E5F4E
Sat, 24 Oct 2015 19:02:27 - FETCH DOC: http://www.dz-rs.si/wps/portal/Home/deloDZ/seje/evidenca?mandat=VII&type=dt&uid=93682D32BB53A526C1257E060032BA74
Sat, 24 Oct 2015 19:02:27 - FETCH SESSION: http://www.dz-rs.si/wps/portal/Home/deloDZ/seje/izbranaSejaDt?mandat=VII&seja=11%20011.%20Nujna&uid=5D7BC0C4BC335F97C1257DE30033D9BC
Sat, 24 Oct 2015 19:02:28 - FETCH SPEECH: http://www.dz-rs.si/wps/portal/Home/deloDZ/seje/evidenca?mandat=VII&type=pmagdt&uid=F4853CCB3878DC11C1257DFC003A2EEB
Sat, 24 Oct 2015 19:02:32 - FETCH DOC: http://www.dz-rs.si/wps/portal/Home/deloDZ/seje/evidenca?mandat=VII&type=dt&uid=8A1DC890CF170F5BC1257DE3004078E6
Sat, 24 Oct 2015 19:02:33 - FETCH DOC: http://www.dz-rs.si/wps/portal/Home/deloDZ/seje/evidenca?mandat=VII&type=dt&uid=D4B3773134499555C1257DF2003E911A
Sat, 24 Oct 2015 19:02:33 - FETCH SESSION: http://www.dz-rs.si/wps/portal/Home/deloDZ/seje/izbranaSejaDt?mandat=VII&seja=11%20005.%20Redna&uid=6795B08DA483662BC1257DDA003D4C7F
Sat, 24 Oct 2015 19:02:34 - FETCH SPEECH: http://www.dz-rs.si/wps/portal/Home/deloDZ/seje/evidenca?mandat=VII&type=pmagdt&uid=633C302DCFF5A132C1257DFE0033D022
Sat, 24 Oct 2015 19:02:37 - FETCH DOC: http://www.dz-rs.si/wps/portal/Home/deloDZ/seje/evidenca?mandat=VII&type=dt&uid=83575D172064A890C1257DDA00431C7D
Sat, 24 Oct 2015 19:02:37 - FETCH DOC: http://www.dz-rs.si/wps/portal/Home/deloDZ/seje/evidenca?mandat=VII&type=dt&uid=9D4946C0B535B6A1C1257DE30045D8C7
Sat, 24 Oct 2015 19:02:38 - FETCH DOC: http://www.dz-rs.si/wps/portal/Home/deloDZ/seje/evidenca?mandat=VII&type=dt&uid=19B23B6A65C12777C1257DEB0023BEA5
Sat, 24 Oct 2015 19:02:38 - FETCH SESSION: http://www.dz-rs.si/wps/portal/Home/deloDZ/seje/izbranaSejaDt?mandat=VII&seja=11%20010.%20Nujna&uid=992C3F6A8B01F858C1257DA4003BBFF1
Sat, 24 Oct 2015 19:02:40 - FETCH SPEECH: http://www.dz-rs.si/wps/portal/Home/deloDZ/seje/evidenca?mandat=VII&type=pmagdt&uid=F3122F73B366F990C1257DEA002E0305
Sat, 24 Oct 2015 19:02:41 - FETCH DOC: http://www.dz-rs.si/wps/portal/Home/deloDZ/seje/evidenca?mandat=VII&type=dt&uid=5607279C4FA2463FC1257DE200314E88
Sat, 24 Oct 2015 19:02:41 - FETCH SESSION: http://www.dz-rs.si/wps/portal/Home/deloDZ/seje/izbranaSejaDt?mandat=VII&seja=11%20004.%20Redna&uid=2A403D94581EC19BC1257DD200302A38
Sat, 24 Oct 2015 19:02:42 - FETCH SPEECH: http://www.dz-rs.si/wps/portal/Home/deloDZ/seje/evidenca?mandat=VII&type=pmagdt&uid=8736275037B24372C1257DEE004180DA
Sat, 24 Oct 2015 19:02:43 - FETCH DOC: http://www.dz-rs.si/wps/portal/Home/deloDZ/seje/evidenca?mandat=VII&type=dt&uid=22011AE9737605D9C1257DD4004031FD
Sat, 24 Oct 2015 19:02:44 - FETCH DOC: http://www.dz-rs.si/wps/portal/Home/deloDZ/seje/evidenca?mandat=VII&type=dt&uid=49069E0A7587B39DC1257DE0003AF908
Sat, 24 Oct 2015 19:02:44 - FETCH DOC: http://www.dz-rs.si/wps/portal/Home/deloDZ/seje/evidenca?mandat=VII&type=dt&uid=3CA76A9FC50BC753C1257DE30031AB44
Sat, 24 Oct 2015 19:02:44 - FETCH SESSION: http://www.dz-rs.si/wps/portal/Home/deloDZ/seje/izbranaSejaDt?mandat=VII&seja=11%20003.%20Redna&uid=992DA23E3AC0DDE0C1257DAC0027D6B6
Sat, 24 Oct 2015 19:02:45 - FETCH SPEECH: http://www.dz-rs.si/wps/portal/Home/deloDZ/seje/evidenca?mandat=VII&type=pmagdt&uid=0A783FEF870C42E0C1257DCE004F3576
Sat, 24 Oct 2015 19:02:46 - FETCH SPEECH: http://www.dz-rs.si/wps/portal/Home/deloDZ/seje/evidenca?mandat=VII&type=pmagdt&uid=8B3F5918499353DFC1257DE7005016AF
Sat, 24 Oct 2015 19:02:48 - FETCH DOC: http://www.dz-rs.si/wps/portal/Home/deloDZ/seje/evidenca?mandat=VII&type=dt&uid=2EC34D3E21868407C1257DBD00283F6E
Sat, 24 Oct 2015 19:02:48 - FETCH DOC: http://www.dz-rs.si/wps/portal/Home/deloDZ/seje/evidenca?mandat=VII&type=dt&uid=903A912E43237F08C1257DC800413F06
Sat, 24 Oct 2015 19:02:48 - FETCH DOC: http://www.dz-rs.si/wps/portal/Home/deloDZ/seje/evidenca?mandat=VII&type=dt&uid=F097D07B9B99ABDCC1257DCD002E28AA
Sat, 24 Oct 2015 19:02:49 - FETCH DOC: http://www.dz-rs.si/wps/portal/Home/deloDZ/seje/evidenca?mandat=VII&type=dt&uid=AE528FB26474545DC1257DD6003CAAAE
Sat, 24 Oct 2015 19:02:49 - FETCH SESSION: http://www.dz-rs.si/wps/portal/Home/deloDZ/seje/izbranaSejaDt?mandat=VII&seja=11%20002.%20Redna&uid=7863E04B45F4A0BBC1257DA400448F25
Sat, 24 Oct 2015 19:02:50 - FETCH SPEECH: http://www.dz-rs.si/wps/portal/Home/deloDZ/seje/evidenca?mandat=VII&type=pmagdt&uid=A7C18C7FB3740E08C1257DB10046D2AE
Sat, 24 Oct 2015 19:02:51 - FETCH DOC: http://www.dz-rs.si/wps/portal/Home/deloDZ/seje/evidenca?mandat=VII&type=dt&uid=E9CADE220AEAE6BBC1257DA40048F76E
Sat, 24 Oct 2015 19:02:52 - FETCH DOC: http://www.dz-rs.si/wps/portal/Home/deloDZ/seje/evidenca?mandat=VII&type=dt&uid=DD6461FACCCD228CC1257DAB00254FBC
Sat, 24 Oct 2015 19:02:52 - FETCH SESSION: http://www.dz-rs.si/wps/portal/Home/deloDZ/seje/izbranaSejaDt?mandat=VII&seja=11%20008.%20Nujna&uid=7888338F1DB45E53C1257D9D002F235E
Sat, 24 Oct 2015 19:02:53 - FETCH DOC: http://www.dz-rs.si/wps/portal/Home/deloDZ/seje/evidenca?mandat=VII&type=dt&uid=C9E16754BBA334ACC1257DA200305B28
Sat, 24 Oct 2015 19:02:53 - FETCH DOC: http://www.dz-rs.si/wps/portal/Home/deloDZ/seje/evidenca?mandat=VII&type=dt&uid=BCBCCAFD6CC841D0C1257DA800425501
Sat, 24 Oct 2015 19:02:54 - FETCH DOC: http://www.dz-rs.si/wps/portal/Home/deloDZ/seje/evidenca?mandat=VII&type=dt&uid=F4F2C22546D485E3C1257DA900314547
Sat, 24 Oct 2015 19:02:54 - FETCH DOC: http://www.dz-rs.si/wps/portal/Home/deloDZ/seje/evidenca?mandat=VII&type=dt&uid=C362EE656701FD49C1257DAA002D5D22
Sat, 24 Oct 2015 19:02:55 - FETCH DOC: http://www.dz-rs.si/wps/portal/Home/deloDZ/seje/evidenca?mandat=VII&type=dt&uid=C6A4B54A4F6AE67DC1257DAA004148C0
Sat, 24 Oct 2015 19:02:55 - FETCH SESSION: http://www.dz-rs.si/wps/portal/Home/deloDZ/seje/izbranaSejaDt?mandat=VII&seja=11%20001.%20Redna&uid=FAE48C7A0A2B8FCBC1257D72002D5EED
Sat, 24 Oct 2015 19:02:56 - FETCH SPEECH: http://www.dz-rs.si/wps/portal/Home/deloDZ/seje/evidenca?mandat=VII&type=pmagdt&uid=7B0B57B3BD4AD045C1257DAC00380265
Sat, 24 Oct 2015 19:02:59 - FETCH DOC: http://www.dz-rs.si/wps/portal/Home/deloDZ/seje/evidenca?mandat=VII&type=dt&uid=3D88B4015A5F4535C1257D96002C72CE
Sat, 24 Oct 2015 19:02:59 - FETCH DOC: http://www.dz-rs.si/wps/portal/Home/deloDZ/seje/evidenca?mandat=VII&type=dt&uid=EB3111B0D70E0E76C1257DA2004CE466
Sat, 24 Oct 2015 19:02:59 - FETCH DOC: http://www.dz-rs.si/wps/portal/Home/deloDZ/seje/evidenca?mandat=VII&type=dt&uid=ECE509E901BCD278C1257DA2004EA86E
Sat, 24 Oct 2015 19:03:00 - FETCH DOC: http://www.dz-rs.si/wps/portal/Home/deloDZ/seje/evidenca?mandat=VII&type=dt&uid=A258ECDF7DC7A41BC1257DA40040226A
Sat, 24 Oct 2015 19:03:00 - FETCH SESSION: http://www.dz-rs.si/wps/portal/Home/deloDZ/seje/izbranaSejaDt?mandat=VII&seja=11%20009.%20Nujna&uid=EA88DCD5B78ECC73C1257D9E00285B79
Sat, 24 Oct 2015 19:03:01 - FETCH SPEECH: http://www.dz-rs.si/wps/portal/Home/deloDZ/seje/evidenca?mandat=VII&type=pmagdt&uid=E5B7E3C8D4C78172C1257DA2004D3A72
Sat, 24 Oct 2015 19:03:02 - FETCH DOC: http://www.dz-rs.si/wps/portal/Home/deloDZ/seje/evidenca?mandat=VII&type=dt&uid=3528EF40C14C5694C1257D9E002C5974
Sat, 24 Oct 2015 19:03:02 - FETCH SESSION: http://www.dz-rs.si/wps/portal/Home/deloDZ/seje/izbranaSejaDt?mandat=VII&seja=11%20007.%20Nujna&uid=4167A694CC9975EEC1257D8E002E164D
Sat, 24 Oct 2015 19:03:04 - FETCH DOC: http://www.dz-rs.si/wps/portal/Home/deloDZ/seje/evidenca?mandat=VII&type=dt&uid=5B593D4C5D2059EDC1257D8E00416404
Sat, 24 Oct 2015 19:03:04 - FETCH DOC: http://www.dz-rs.si/wps/portal/Home/deloDZ/seje/evidenca?mandat=VII&type=dt&uid=74D2A787D8260525C1257D9000355665
Sat, 24 Oct 2015 19:03:04 - FETCH DOC: http://www.dz-rs.si/wps/portal/Home/deloDZ/seje/evidenca?mandat=VII&type=dt&uid=29398B4679AB80B1C1257D93002CEF96
Sat, 24 Oct 2015 19:03:04 - FETCH SESSION: http://www.dz-rs.si/wps/portal/Home/deloDZ/seje/izbranaSejaDt?mandat=VII&seja=11%20006.%20Nujna&uid=B957D77E7F437528C1257D8E002E05F7
Sat, 24 Oct 2015 19:03:05 - FETCH SPEECH: http://www.dz-rs.si/wps/portal/Home/deloDZ/seje/evidenca?mandat=VII&type=pmagdt&uid=F9C3763FB425CDC6C1257D970038095B
Sat, 24 Oct 2015 19:03:06 - FETCH DOC: http://www.dz-rs.si/wps/portal/Home/deloDZ/seje/evidenca?mandat=VII&type=dt&uid=126CC1D4D5B5A156C1257D8E0040EBD5
Sat, 24 Oct 2015 19:03:07 - FETCH SESSION: http://www.dz-rs.si/wps/portal/Home/deloDZ/seje/izbranaSejaDt?mandat=VII&seja=11%20005.%20Nujna&uid=00F61F1FD4830639C1257D88002E3921
Sat, 24 Oct 2015 19:03:08 - FETCH SPEECH: http://www.dz-rs.si/wps/portal/Home/deloDZ/seje/evidenca?mandat=VII&type=pmagdt&uid=DEF2BFDE6AF8D3F5C1257D900051D8A1
Sat, 24 Oct 2015 19:03:09 - FETCH DOC: http://www.dz-rs.si/wps/portal/Home/deloDZ/seje/evidenca?mandat=VII&type=dt&uid=5E57089C24E76E2CC1257D88002EC3B3
Sat, 24 Oct 2015 19:03:10 - FETCH SESSION: http://www.dz-rs.si/wps/portal/Home/deloDZ/seje/izbranaSejaDt?mandat=VII&seja=11%20004.%20Nujna&uid=D2FCADF2E3B50F46C1257D86003AFE08
Sat, 24 Oct 2015 19:03:10 - FETCH DOC: http://www.dz-rs.si/wps/portal/Home/deloDZ/seje/evidenca?mandat=VII&type=dt&uid=3634DEC33386FD3AC1257D86003B5E03
Sat, 24 Oct 2015 19:03:12 - FETCH SESSION: http://www.dz-rs.si/wps/portal/Home/deloDZ/seje/izbranaSejaDt?mandat=VII&seja=11%20003.%20Nujna&uid=DF4D7DE3E8957E1AC1257D7A00446163
Sat, 24 Oct 2015 19:03:13 - FETCH SPEECH: http://www.dz-rs.si/wps/portal/Home/deloDZ/seje/evidenca?mandat=VII&type=pmagdt&uid=BD29AC24968B799AC1257D8900381185
Sat, 24 Oct 2015 19:03:15 - FETCH DOC: http://www.dz-rs.si/wps/portal/Home/deloDZ/seje/evidenca?mandat=VII&type=dt&uid=2FDA69BC52601DB1C1257D7B001E2B5B
Sat, 24 Oct 2015 19:03:16 - FETCH DOC: http://www.dz-rs.si/wps/portal/Home/deloDZ/seje/evidenca?mandat=VII&type=dt&uid=59AB09485384FC19C1257D880029FB17
Sat, 24 Oct 2015 19:03:16 - FETCH SESSION: http://www.dz-rs.si/wps/portal/Home/deloDZ/seje/izbranaSejaDt?mandat=VII&seja=11%20002.%20Nujna&uid=34B215E576464E74C1257D4F003EB35D
Sat, 24 Oct 2015 19:03:17 - FETCH SPEECH: http://www.dz-rs.si/wps/portal/Home/deloDZ/seje/evidenca?mandat=VII&type=pmagdt&uid=707F73EFB76A2D26C1257D54004A2687
Sat, 24 Oct 2015 19:03:18 - FETCH DOC: http://www.dz-rs.si/wps/portal/Home/deloDZ/seje/evidenca?mandat=VII&type=dt&uid=6F825665ED5387D9C1257D4F003FB045
Sat, 24 Oct 2015 19:03:18 - FETCH SESSION: http://www.dz-rs.si/wps/portal/Home/deloDZ/seje/izbranaSejaDt?mandat=VII&seja=11%20001.%20Nujna&uid=64092F8B1BE6C46CC1257D4E003BAD9E
Sat, 24 Oct 2015 19:03:19 - FETCH SPEECH: http://www.dz-rs.si/wps/portal/Home/deloDZ/seje/evidenca?mandat=VII&type=pmagdt&uid=763DCFC219C90F8DC1257D54003AFB2E
Sat, 24 Oct 2015 19:03:20 - FETCH DOC: http://www.dz-rs.si/wps/portal/Home/deloDZ/seje/evidenca?mandat=VII&type=dt&uid=05D63394B933B6FCC1257D4F003DEF81
Sat, 24 Oct 2015 19:03:20 - FETCH SESSION: http://www.dz-rs.si/wps/portal/Home/deloDZ/seje/izbranaSejaDt?mandat=VI&seja=11%20054.%20Nujna&uid=FC3813948C963F6FC1257D1F005A8EF8
Sat, 24 Oct 2015 19:03:22 - FETCH SPEECH: http://www.dz-rs.si/wps/portal/Home/deloDZ/seje/evidenca?mandat=VI&type=pmagdt&uid=B06C1FA30EBE9133C1257CF4004C7029
Sat, 24 Oct 2015 19:03:27 - FETCH SPEECH: http://www.dz-rs.si/wps/portal/Home/deloDZ/seje/evidenca?mandat=VI&type=pmagdt&uid=931AB216721B3394C1257CF5002EB729
Sat, 24 Oct 2015 19:03:31 - FETCH DOC: http://www.dz-rs.si/wps/portal/Home/deloDZ/seje/evidenca?mandat=VI&type=dt&uid=621BEA47D5E92ECAC1257D1F005A8F35
Sat, 24 Oct 2015 19:03:31 - FETCH DOC: http://www.dz-rs.si/wps/portal/Home/deloDZ/seje/evidenca?mandat=VI&type=dt&uid=6088C06EEF70A0E2C1257D1F005A8F4F
Sat, 24 Oct 2015 19:03:32 - FETCH DOC: http://www.dz-rs.si/wps/portal/Home/deloDZ/seje/evidenca?mandat=VI&type=dt&uid=B2DF763FE417B7B2C1257D1F005A8FA1
Sat, 24 Oct 2015 19:03:32 - FETCH SESSION: http://www.dz-rs.si/wps/portal/Home/deloDZ/seje/izbranaSejaDt?mandat=VI&seja=11%20053.%20Nujna&uid=470A0CF39AAC5B80C1257D1F005A8E4E
Sat, 24 Oct 2015 19:03:33 - FETCH DOC: http://www.dz-rs.si/wps/portal/Home/deloDZ/seje/evidenca?mandat=VI&type=dt&uid=34226E55BB6EE13CC1257D1F005A8EA4
Sat, 24 Oct 2015 19:03:33 - FETCH DOC: http://www.dz-rs.si/wps/portal/Home/deloDZ/seje/evidenca?mandat=VI&type=dt&uid=C8B93C8B3DFE091DC1257D1F005A8FAB
Sat, 24 Oct 2015 19:03:33 - FETCH SESSION: http://www.dz-rs.si/wps/portal/Home/deloDZ/seje/izbranaSejaDt?mandat=VI&seja=11%20052.%20Nujna&uid=D2794B8BCADA22B9C1257D1F005A8E41
Sat, 24 Oct 2015 19:03:35 - FETCH SPEECH: http://www.dz-rs.si/wps/portal/Home/deloDZ/seje/evidenca?mandat=VI&type=pmagdt&uid=760EF535BEEFC1C3C1257CEB002E3AE9
Sat, 24 Oct 2015 19:03:36 - FETCH DOC: http://www.dz-rs.si/wps/portal/Home/deloDZ/seje/evidenca?mandat=VI&type=dt&uid=AECA84CC22642960C1257D1F005A8E59
Sat, 24 Oct 2015 19:03:36 - FETCH SESSION: http://www.dz-rs.si/wps/portal/Home/deloDZ/seje/izbranaSejaDt?mandat=VI&seja=11%20051.%20Nujna&uid=9B85797E0EE13496C1257D1F005A8E42
Sat, 24 Oct 2015 19:03:37 - FETCH DOC: http://www.dz-rs.si/wps/portal/Home/deloDZ/seje/evidenca?mandat=VI&type=dt&uid=0E48179AA0A40989C1257D1F005A8E54
Sat, 24 Oct 2015 19:03:37 - FETCH DOC: http://www.dz-rs.si/wps/portal/Home/deloDZ/seje/evidenca?mandat=VI&type=dt&uid=786E5219CF9EFE9EC1257D1F005A8EE9
Sat, 24 Oct 2015 19:03:38 - FETCH DOC: http://www.dz-rs.si/wps/portal/Home/deloDZ/seje/evidenca?mandat=VI&type=dt&uid=8D5779C15DD59807C1257D1F005A8F3E
Sat, 24 Oct 2015 19:03:38 - FETCH SESSION: http://www.dz-rs.si/wps/portal/Home/deloDZ/seje/izbranaSejaDt?mandat=VI&seja=11%20014.%20Redna&uid=FF65B5C9F194AC6FC1257D1F005A8BB2
Sat, 24 Oct 2015 19:03:39 - FETCH SPEECH: http://www.dz-rs.si/wps/portal/Home/deloDZ/seje/evidenca?mandat=VI&type=pmagdt&uid=22089037A3F40AA5C1257CD2003E258E
Sat, 24 Oct 2015 19:03:41 - FETCH DOC: http://www.dz-rs.si/wps/portal/Home/deloDZ/seje/evidenca?mandat=VI&type=dt&uid=44CEFAD9F4D68284C1257D1F005A8BB6
Sat, 24 Oct 2015 19:03:42 - FETCH DOC: http://www.dz-rs.si/wps/portal/Home/deloDZ/seje/evidenca?mandat=VI&type=dt&uid=9DC421AB8F24F014C1257D1F005A8C72
Sat, 24 Oct 2015 19:03:42 - FETCH SESSION: http://www.dz-rs.si/wps/portal/Home/deloDZ/seje/izbranaSejaDt?mandat=VI&seja=11%20050.%20Nujna&uid=2939051F2A259FEEC1257D1F005A8C04
Sat, 24 Oct 2015 19:03:43 - FETCH DOC: http://www.dz-rs.si/wps/portal/Home/deloDZ/seje/evidenca?mandat=VI&type=dt&uid=622ECC06780C6755C1257D1F005A8C08
Sat, 24 Oct 2015 19:03:43 - FETCH DOC: http://www.dz-rs.si/wps/portal/Home/deloDZ/seje/evidenca?mandat=VI&type=dt&uid=E741BC095AC7AD9AC1257D1F005A8C18
Sat, 24 Oct 2015 19:03:43 - FETCH DOC: http://www.dz-rs.si/wps/portal/Home/deloDZ/seje/evidenca?mandat=VI&type=dt&uid=987DCF9A6666D26EC1257D1F005A8C1D
Sat, 24 Oct 2015 19:03:43 - FETCH SESSION: http://www.dz-rs.si/wps/portal/Home/deloDZ/seje/izbranaSejaDt?mandat=VI&seja=11%20013.%20Redna&uid=D8E1209A4FBDE417C1257D1F005A8988
Sat, 24 Oct 2015 19:03:44 - FETCH SPEECH: http://www.dz-rs.si/wps/portal/Home/deloDZ/seje/evidenca?mandat=VI&type=pmagdt&uid=1017E4FF020E581BC1257CB6002373E7
Sat, 24 Oct 2015 19:03:45 - FETCH DOC: http://www.dz-rs.si/wps/portal/Home/deloDZ/seje/evidenca?mandat=VI&type=dt&uid=55DB052AC1D96263C1257D1F005A898E
Sat, 24 Oct 2015 19:03:45 - FETCH DOC: http://www.dz-rs.si/wps/portal/Home/deloDZ/seje/evidenca?mandat=VI&type=dt&uid=B7EF79DD71AFD0ABC1257D1F005A8A54
Sat, 24 Oct 2015 19:03:46 - FETCH DOC: http://www.dz-rs.si/wps/portal/Home/deloDZ/seje/evidenca?mandat=VI&type=dt&uid=09AC326A0384FE6CC1257D1F005A8A82
Sat, 24 Oct 2015 19:03:46 - FETCH SESSION: http://www.dz-rs.si/wps/portal/Home/deloDZ/seje/izbranaSejaDt?mandat=VI&seja=11%20049.%20Nujna&uid=A16C70DFA59EEF3EC1257D1F005A89FE
Sat, 24 Oct 2015 19:03:47 - FETCH SPEECH: http://www.dz-rs.si/wps/portal/Home/deloDZ/seje/evidenca?mandat=VI&type=pmagdt&uid=C6974F834D7BBBBEC1257CB3002EC26F
Sat, 24 Oct 2015 19:03:48 - FETCH DOC: http://www.dz-rs.si/wps/portal/Home/deloDZ/seje/evidenca?mandat=VI&type=dt&uid=836157CD66297F6EC1257D1F005A8A0D
Sat, 24 Oct 2015 19:03:49 - FETCH DOC: http://www.dz-rs.si/wps/portal/Home/deloDZ/seje/evidenca?mandat=VI&type=dt&uid=D511DF5E996BCE43C1257D1F005A8A63
Sat, 24 Oct 2015 19:03:49 - FETCH SESSION: http://www.dz-rs.si/wps/portal/Home/deloDZ/seje/izbranaSejaDt?mandat=VI&seja=11%20048.%20Nujna&uid=30CA0D9387C6AD6FC1257D1F005A88FC
Sat, 24 Oct 2015 19:03:50 - FETCH SPEECH: http://www.dz-rs.si/wps/portal/Home/deloDZ/seje/evidenca?mandat=VI&type=pmagdt&uid=1C08FDD2A253BFABC1257CA9002C03DF
Sat, 24 Oct 2015 19:03:52 - FETCH DOC: http://www.dz-rs.si/wps/portal/Home/deloDZ/seje/evidenca?mandat=VI&type=dt&uid=F66C68A047F3AD6CC1257D1F005A88FE
Sat, 24 Oct 2015 19:03:53 - FETCH DOC: http://www.dz-rs.si/wps/portal/Home/deloDZ/seje/evidenca?mandat=VI&type=dt&uid=836D773C10730793C1257D1F005A899B
Sat, 24 Oct 2015 19:03:53 - FETCH SESSION: http://www.dz-rs.si/wps/portal/Home/deloDZ/seje/izbranaSejaDt?mandat=VI&seja=11%20012.%20Redna&uid=CCF5281EEDFA7F94C1257D1F005A8780
Sat, 24 Oct 2015 19:03:54 - FETCH SPEECH: http://www.dz-rs.si/wps/portal/Home/deloDZ/seje/evidenca?mandat=VI&type=pmagdt&uid=7756FC5DF62A4A28C1257CA0002800F2
Sat, 24 Oct 2015 19:03:54 - FETCH DOC: http://www.dz-rs.si/wps/portal/Home/deloDZ/seje/evidenca?mandat=VI&type=dt&uid=81C86989F841B588C1257D1F005A8788
Sat, 24 Oct 2015 19:03:55 - FETCH DOC: http://www.dz-rs.si/wps/portal/Home/deloDZ/seje/evidenca?mandat=VI&type=dt&uid=B236A8A235D60CE0C1257D1F005A88A4
Sat, 24 Oct 2015 19:03:55 - FETCH SESSION: http://www.dz-rs.si/wps/portal/Home/deloDZ/seje/izbranaSejaDt?mandat=VI&seja=11%20047.%20Nujna&uid=16186E5D83CE753BC1257D1F005A8779
Sat, 24 Oct 2015 19:03:56 - FETCH DOC: http://www.dz-rs.si/wps/portal/Home/deloDZ/seje/evidenca?mandat=VI&type=dt&uid=7656D27902608DC0C1257D1F005A8784
Sat, 24 Oct 2015 19:03:56 - FETCH SESSION: http://www.dz-rs.si/wps/portal/Home/deloDZ/seje/izbranaSejaDt?mandat=VI&seja=11%20046.%20Nujna&uid=1619438928FF6786C1257D1F005A85F9
Sat, 24 Oct 2015 19:03:57 - FETCH SPEECH: http://www.dz-rs.si/wps/portal/Home/deloDZ/seje/evidenca?mandat=VI&type=pmagdt&uid=A1422BBFE43DCF48C1257C8A004643DD
Sat, 24 Oct 2015 19:03:59 - FETCH DOC: http://www.dz-rs.si/wps/portal/Home/deloDZ/seje/evidenca?mandat=VI&type=dt&uid=662DC2633FDCDAC9C1257D1F005A860A
Sat, 24 Oct 2015 19:03:59 - FETCH SESSION: http://www.dz-rs.si/wps/portal/Home/deloDZ/seje/izbranaSejaDt?mandat=VII&seja=21%20015.%20Nujna&uid=9875ACA16AE5B9DDC1257ED9004B1C4F
Sat, 24 Oct 2015 19:04:00 - FETCH DOC: http://www.dz-rs.si/wps/portal/Home/deloDZ/seje/evidenca?mandat=VII&type=dt&uid=CD5C5179F295D17BC1257EDC002AFD8D
Sat, 24 Oct 2015 19:04:01 - FETCH DOC: http://www.dz-rs.si/wps/portal/Home/deloDZ/seje/evidenca?mandat=VII&type=dt&uid=4F748A4225F2827AC1257EDC003791A7
Sat, 24 Oct 2015 19:04:01 - FETCH DOC: http://www.dz-rs.si/wps/portal/Home/deloDZ/seje/evidenca?mandat=VII&type=dt&uid=0CF7665448ABF039C1257EDF00429BA1
Sat, 24 Oct 2015 19:04:01 - FETCH DOC: http://www.dz-rs.si/wps/portal/Home/deloDZ/seje/evidenca?mandat=VII&type=dt&uid=427FA66FF1DF973BC1257EE0003F9DBD
Sat, 24 Oct 2015 19:04:02 - FETCH SESSION: http://www.dz-rs.si/wps/portal/Home/deloDZ/seje/izbranaSejaDt?mandat=VII&seja=21%20014.%20Nujna&uid=F323D060F725F157C1257ECF003E46EE
Sat, 24 Oct 2015 19:04:02 - FETCH DOC: http://www.dz-rs.si/wps/portal/Home/deloDZ/seje/evidenca?mandat=VII&type=dt&uid=8674B67B42A6FB2DC1257ED0002D6A1D
Sat, 24 Oct 2015 19:04:02 - FETCH SESSION: http://www.dz-rs.si/wps/portal/Home/deloDZ/seje/izbranaSejaDt?mandat=VII&seja=21%20014.%20Redna&uid=310BF6FEF4B0101CC1257EC30034C2D6
Sat, 24 Oct 2015 19:04:03 - FETCH SPEECH: http://www.dz-rs.si/wps/portal/Home/deloDZ/seje/evidenca?mandat=VII&type=pmagdt&uid=7A3D5B80515A141EC1257ED600429AB2
Sat, 24 Oct 2015 19:04:04 - FETCH DOC: http://www.dz-rs.si/wps/portal/Home/deloDZ/seje/evidenca?mandat=VII&type=dt&uid=12AB20B29DCCB9DEC1257EC30047E516
Sat, 24 Oct 2015 19:04:04 - FETCH DOC: http://www.dz-rs.si/wps/portal/Home/deloDZ/seje/evidenca?mandat=VII&type=dt&uid=8D6B464CB3A4CD95C1257ECE003EFBD0
Sat, 24 Oct 2015 19:04:05 - FETCH DOC: http://www.dz-rs.si/wps/portal/Home/deloDZ/seje/evidenca?mandat=VII&type=dt&uid=B726AF15945D35DDC1257ED000499B2D
Sat, 24 Oct 2015 19:04:05 - FETCH SESSION: http://www.dz-rs.si/wps/portal/Home/deloDZ/seje/izbranaSejaDt?mandat=VII&seja=21%20013.%20Redna&uid=0A5969CDFAB09D40C1257EAD0038DFD7
Sat, 24 Oct 2015 19:04:06 - FETCH SPEECH: http://www.dz-rs.si/wps/portal/Home/deloDZ/seje/evidenca?mandat=VII&type=pmagdt&uid=ECB28A6A7E7424D7C1257ED5002F3042
Sat, 24 Oct 2015 19:04:08 - FETCH DOC: http://www.dz-rs.si/wps/portal/Home/deloDZ/seje/evidenca?mandat=VII&type=dt&uid=EA7AA6C4FEE072E2C1257EAE00297B3F
Sat, 24 Oct 2015 19:04:09 - FETCH DOC: http://www.dz-rs.si/wps/portal/Home/deloDZ/seje/evidenca?mandat=VII&type=dt&uid=F6D12A47B40AF099C1257EC00021F657
Sat, 24 Oct 2015 19:04:09 - FETCH SESSION: http://www.dz-rs.si/wps/portal/Home/deloDZ/seje/izbranaSejaDt?mandat=VII&seja=21%20013.%20Nujna&uid=0A4F57C45780E50BC1257E660033413A
Sat, 24 Oct 2015 19:04:10 - FETCH SPEECH: http://www.dz-rs.si/wps/portal/Home/deloDZ/seje/evidenca?mandat=VII&type=pmagdt&uid=67C948A50EE3AD65C1257E76003599D7
Sat, 24 Oct 2015 19:04:10 - FETCH DOC: http://www.dz-rs.si/wps/portal/Home/deloDZ/seje/evidenca?mandat=VII&type=dt&uid=ADC372E3D5BBE01EC1257E660034F726
Sat, 24 Oct 2015 19:04:11 - FETCH SESSION: http://www.dz-rs.si/wps/portal/Home/deloDZ/seje/izbranaSejaDt?mandat=VII&seja=21%20012.%20Redna&uid=235549D0A348583DC1257E53003DD709
Sat, 24 Oct 2015 19:04:12 - FETCH SPEECH: http://www.dz-rs.si/wps/portal/Home/deloDZ/seje/evidenca?mandat=VII&type=pmagdt&uid=FFC93582A939718CC1257E750028BCD8
Sat, 24 Oct 2015 19:04:16 - FETCH DOC: http://www.dz-rs.si/wps/portal/Home/deloDZ/seje/evidenca?mandat=VII&type=dt&uid=04C6516C7C6E245EC1257E54004340C2
Sat, 24 Oct 2015 19:04:17 - FETCH DOC: http://www.dz-rs.si/wps/portal/Home/deloDZ/seje/evidenca?mandat=VII&type=dt&uid=C7E62A6F23A4B392C1257E5A003AA0A5
Sat, 24 Oct 2015 19:04:17 - FETCH DOC: http://www.dz-rs.si/wps/portal/Home/deloDZ/seje/evidenca?mandat=VII&type=dt&uid=74F98FA797E0A0C6C1257E5F002BFF4B
Sat, 24 Oct 2015 19:04:17 - FETCH DOC: http://www.dz-rs.si/wps/portal/Home/deloDZ/seje/evidenca?mandat=VII&type=dt&uid=410AFAE6ABF6F046C1257E61003FF8D5
Sat, 24 Oct 2015 19:04:18 - FETCH DOC: http://www.dz-rs.si/wps/portal/Home/deloDZ/seje/evidenca?mandat=VII&type=dt&uid=182935C909C0DDC8C1257E680020DD0B
Sat, 24 Oct 2015 19:04:18 - FETCH DOC: http://www.dz-rs.si/wps/portal/Home/deloDZ/seje/evidenca?mandat=VII&type=dt&uid=FBAFCF2FCE2A4BD7C1257E680020F354
Sat, 24 Oct 2015 19:04:18 - FETCH DOC: http://www.dz-rs.si/wps/portal/Home/deloDZ/seje/evidenca?mandat=VII&type=dt&uid=2E591E2CD77E5479C1257E6800211D76
Sat, 24 Oct 2015 19:04:18 - FETCH SESSION: http://www.dz-rs.si/wps/portal/Home/deloDZ/seje/izbranaSejaDt?mandat=VII&seja=21%20012.%20Nujna&uid=B9D2F6E540F93B55C1257E5A0046AF22
Sat, 24 Oct 2015 19:04:19 - FETCH SPEECH: http://www.dz-rs.si/wps/portal/Home/deloDZ/seje/evidenca?mandat=VII&type=pmagdt&uid=7ABBB4502615A6AEC1257E6C002840FC
Sat, 24 Oct 2015 19:04:22 - FETCH DOC: http://www.dz-rs.si/wps/portal/Home/deloDZ/seje/evidenca?mandat=VII&type=dt&uid=6242A382996EEDEAC1257E5B003E3282
Sat, 24 Oct 2015 19:04:23 - FETCH DOC: http://www.dz-rs.si/wps/portal/Home/deloDZ/seje/evidenca?mandat=VII&type=dt&uid=7B46F3D118279BB6C1257E68002141CA
Sat, 24 Oct 2015 19:04:23 - FETCH SESSION: http://www.dz-rs.si/wps/portal/Home/deloDZ/seje/izbranaSejaDt?mandat=VII&seja=21%20011.%20Redna&uid=F7C6B9B85BCC2D2EC1257E4500499718
Sat, 24 Oct 2015 19:04:24 - FETCH SPEECH: http://www.dz-rs.si/wps/portal/Home/deloDZ/seje/evidenca?mandat=VII&type=pmagdt&uid=9D059EFF0055E1EDC1257E5400310CAF
Sat, 24 Oct 2015 19:04:25 - FETCH DOC: http://www.dz-rs.si/wps/portal/Home/deloDZ/seje/evidenca?mandat=VII&type=dt&uid=0E0944EF470BCE2FC1257E4600225265
Sat, 24 Oct 2015 19:04:25 - FETCH DOC: http://www.dz-rs.si/wps/portal/Home/deloDZ/seje/evidenca?mandat=VII&type=dt&uid=9B7E8C16F53FA240C1257E4A0026315B
Sat, 24 Oct 2015 19:04:25 - FETCH SESSION: http://www.dz-rs.si/wps/portal/Home/deloDZ/seje/izbranaSejaDt?mandat=VII&seja=21%20011.%20Nujna&uid=22ADE7D46F81AA05C1257E2D0041701E
Sat, 24 Oct 2015 19:04:26 - FETCH SPEECH: http://www.dz-rs.si/wps/portal/Home/deloDZ/seje/evidenca?mandat=VII&type=pmagdt&uid=30BB56101512C6C3C1257E3D005148EE
Sat, 24 Oct 2015 19:04:30 - FETCH DOC: http://www.dz-rs.si/wps/portal/Home/deloDZ/seje/evidenca?mandat=VII&type=dt&uid=979447174D73DE4BC1257E3B002EB7E9
Sat, 24 Oct 2015 19:04:30 - FETCH SESSION: http://www.dz-rs.si/wps/portal/Home/deloDZ/seje/izbranaSejaDt?mandat=VII&seja=21%20010.%20Redna&uid=CF4F1238C80BC888C1257E2A0033CFE4
Sat, 24 Oct 2015 19:04:32 - FETCH SPEECH: http://www.dz-rs.si/wps/portal/Home/deloDZ/seje/evidenca?mandat=VII&type=pmagdt&uid=DCA87047975B06A3C1257E43002FC1B1
Sat, 24 Oct 2015 19:04:35 - FETCH DOC: http://www.dz-rs.si/wps/portal/Home/deloDZ/seje/evidenca?mandat=VII&type=dt&uid=60E39154023BEC4EC1257E2F00374C30
Sat, 24 Oct 2015 19:04:35 - FETCH SESSION: http://www.dz-rs.si/wps/portal/Home/deloDZ/seje/izbranaSejaDt?mandat=VII&seja=21%20009.%20Redna&uid=F2C204EB14EA41B2C1257E21003A20DB
Sat, 24 Oct 2015 19:04:36 - FETCH SPEECH: http://www.dz-rs.si/wps/portal/Home/deloDZ/seje/evidenca?mandat=VII&type=pmagdt&uid=027AB839D978EBC4C1257E3B003160BD
Sat, 24 Oct 2015 19:04:36 - FETCH DOC: http://www.dz-rs.si/wps/portal/Home/deloDZ/seje/evidenca?mandat=VII&type=dt&uid=E55743AE90B98877C1257E21003B7B0B
Sat, 24 Oct 2015 19:04:37 - FETCH SESSION: http://www.dz-rs.si/wps/portal/Home/deloDZ/seje/izbranaSejaDt?mandat=VII&seja=21%20008.%20Redna&uid=7C7141F747D1E739C1257E0C00479879
Sat, 24 Oct 2015 19:04:37 - FETCH SPEECH: http://www.dz-rs.si/wps/portal/Home/deloDZ/seje/evidenca?mandat=VII&type=pmagdt&uid=332649C4E0396401C1257E1C00315E32
Sat, 24 Oct 2015 19:04:38 - FETCH DOC: http://www.dz-rs.si/wps/portal/Home/deloDZ/seje/evidenca?mandat=VII&type=dt&uid=CA651C7139F3D944C1257E0C0048C091
Sat, 24 Oct 2015 19:04:38 - FETCH SESSION: http://www.dz-rs.si/wps/portal/Home/deloDZ/seje/izbranaSejaDt?mandat=VII&seja=21%20010.%20Nujna&uid=C6345728A01E2FE4C1257E0B00414CA6
Sat, 24 Oct 2015 19:04:39 - FETCH SPEECH: http://www.dz-rs.si/wps/portal/Home/deloDZ/seje/evidenca?mandat=VII&type=pmagdt&uid=FD6C7DDC6E6F81C8C1257E13003ABD57
Sat, 24 Oct 2015 19:04:42 - FETCH DOC: http://www.dz-rs.si/wps/portal/Home/deloDZ/seje/evidenca?mandat=VII&type=dt&uid=4ABB78A8BBFFF045C1257E0C003C6EC6
Sat, 24 Oct 2015 19:04:42 - FETCH SESSION: http://www.dz-rs.si/wps/portal/Home/deloDZ/seje/izbranaSejaDt?mandat=VII&seja=21%20007.%20Redna&uid=D411A9101C737556C1257DDA004E3109
Sat, 24 Oct 2015 19:04:43 - FETCH SPEECH: http://www.dz-rs.si/wps/portal/Home/deloDZ/seje/evidenca?mandat=VII&type=pmagdt&uid=4DA0DB584537FF44C1257E06003EFE34
Sat, 24 Oct 2015 19:04:47 - FETCH DOC: http://www.dz-rs.si/wps/portal/Home/deloDZ/seje/evidenca?mandat=VII&type=dt&uid=0AD69541B20E03EFC1257DF200528D52
Sat, 24 Oct 2015 19:04:47 - FETCH DOC: http://www.dz-rs.si/wps/portal/Home/deloDZ/seje/evidenca?mandat=VII&type=dt&uid=91C6DD1F3A1E739DC1257DF700449A15
Sat, 24 Oct 2015 19:04:47 - FETCH DOC: http://www.dz-rs.si/wps/portal/Home/deloDZ/seje/evidenca?mandat=VII&type=dt&uid=88F657717380C454C1257E0000350F68
Sat, 24 Oct 2015 19:04:48 - FETCH DOC: http://www.dz-rs.si/wps/portal/Home/deloDZ/seje/evidenca?mandat=VII&type=dt&uid=75F79E373790B585C1257E070049B49F
Sat, 24 Oct 2015 19:04:48 - FETCH SESSION: http://www.dz-rs.si/wps/portal/Home/deloDZ/seje/izbranaSejaDt?mandat=VII&seja=21%20006.%20Redna&uid=F88B7AD965CC4408C1257DCC00482523
Sat, 24 Oct 2015 19:04:49 - FETCH SPEECH: http://www.dz-rs.si/wps/portal/Home/deloDZ/seje/evidenca?mandat=VII&type=pmagdt&uid=0F0BEA1BA93A8E8BC1257DF700496DFE
Sat, 24 Oct 2015 19:04:53 - FETCH DOC: http://www.dz-rs.si/wps/portal/Home/deloDZ/seje/evidenca?mandat=VII&type=dt&uid=28A8A0245C2C39CFC1257DDB002F0684
Sat, 24 Oct 2015 19:04:53 - FETCH DOC: http://www.dz-rs.si/wps/portal/Home/deloDZ/seje/evidenca?mandat=VII&type=dt&uid=A6D257607665B68FC1257DE4004147B4
Sat, 24 Oct 2015 19:04:55 - FETCH SESSION: http://www.dz-rs.si/wps/portal/Home/deloDZ/seje/izbranaSejaDt?mandat=VII&seja=21%20009.%20Nujna&uid=C8E932CF7A805C4CC1257DDC003EF34B
Sat, 24 Oct 2015 19:04:56 - FETCH SPEECH: http://www.dz-rs.si/wps/portal/Home/deloDZ/seje/evidenca?mandat=VII&type=pmagdt&uid=FF109E3F5B821511C1257DE40044A6EF
Sat, 24 Oct 2015 19:05:00 - FETCH DOC: http://www.dz-rs.si/wps/portal/Home/deloDZ/seje/evidenca?mandat=VII&type=dt&uid=F01D519A40D27577C1257DDC0042C405
Sat, 24 Oct 2015 19:05:00 - FETCH SESSION: http://www.dz-rs.si/wps/portal/Home/deloDZ/seje/izbranaSejaDt?mandat=VII&seja=21%20008.%20Nujna&uid=25267A653C3439FDC1257DD3002A0F05
Sat, 24 Oct 2015 19:05:01 - FETCH SPEECH: http://www.dz-rs.si/wps/portal/Home/deloDZ/seje/evidenca?mandat=VII&type=pmagdt&uid=ACDD94F4C6B04487C1257DE0002E0679
Sat, 24 Oct 2015 19:05:02 - FETCH SPEECH: http://www.dz-rs.si/wps/portal/Home/deloDZ/seje/evidenca?mandat=VII&type=pmagdt&uid=E93AD333AE69A426C1257E0B003A55E9
Sat, 24 Oct 2015 19:05:06 - FETCH DOC: http://www.dz-rs.si/wps/portal/Home/deloDZ/seje/evidenca?mandat=VII&type=dt&uid=D82A8B9FDD9D1BA7C1257DD30034FD9E
Sat, 24 Oct 2015 19:05:06 - FETCH DOC: http://www.dz-rs.si/wps/portal/Home/deloDZ/seje/evidenca?mandat=VII&type=dt&uid=2594C6380A79C492C1257DDD003DE8E9
Sat, 24 Oct 2015 19:05:07 - FETCH DOC: http://www.dz-rs.si/wps/portal/Home/deloDZ/seje/evidenca?mandat=VII&type=dt&uid=31536B990AA90789C1257DE3003FE59B
Sat, 24 Oct 2015 19:05:07 - FETCH DOC: http://www.dz-rs.si/wps/portal/Home/deloDZ/seje/evidenca?mandat=VII&type=dt&uid=683DBCDED9A2524AC1257DF2002DACD8
Sat, 24 Oct 2015 19:05:07 - FETCH DOC: http://www.dz-rs.si/wps/portal/Home/deloDZ/seje/evidenca?mandat=VII&type=dt&uid=32B9CF91E2619FC6C1257DF2002DC2A6
Sat, 24 Oct 2015 19:05:08 - FETCH SESSION: http://www.dz-rs.si/wps/portal/Home/deloDZ/seje/izbranaSejaDt?mandat=VII&seja=21%20003.%20Redna&uid=312BDB8D5B47A5D3C1257DB2003C5B93
Sat, 24 Oct 2015 19:05:08 - FETCH SPEECH: http://www.dz-rs.si/wps/portal/Home/deloDZ/seje/evidenca?mandat=VII&type=pmagdt&uid=0BCE02BB670D457CC1257DD6003AE6EE
Sat, 24 Oct 2015 19:05:09 - FETCH DOC: http://www.dz-rs.si/wps/portal/Home/deloDZ/seje/evidenca?mandat=VII&type=dt&uid=901939B73C60AE72C1257DB800434731
Sat, 24 Oct 2015 19:05:10 - FETCH DOC: http://www.dz-rs.si/wps/portal/Home/deloDZ/seje/evidenca?mandat=VII&type=dt&uid=6120CDE7CAAEAB2EC1257DDC0038315F
Sat, 24 Oct 2015 19:05:10 - FETCH SESSION: http://www.dz-rs.si/wps/portal/Home/deloDZ/seje/izbranaSejaDt?mandat=VII&seja=21%20005.%20Redna&uid=9DA8885F81D1DB4DC1257DC600327B08
Sat, 24 Oct 2015 19:05:11 - FETCH SPEECH: http://www.dz-rs.si/wps/portal/Home/deloDZ/seje/evidenca?mandat=VII&type=pmagdt&uid=AF0972174F208A9AC1257DD600407800
Sat, 24 Oct 2015 19:05:13 - FETCH DOC: http://www.dz-rs.si/wps/portal/Home/deloDZ/seje/evidenca?mandat=VII&type=dt&uid=62F4FEC4624FE5B3C1257DC600508738
Sat, 24 Oct 2015 19:05:14 - FETCH SESSION: http://www.dz-rs.si/wps/portal/Home/deloDZ/seje/izbranaSejaDt?mandat=VII&seja=21%20007.%20Nujna&uid=3CAF7883CF224710C1257DCE0040D569
Sat, 24 Oct 2015 19:05:15 - FETCH SPEECH: http://www.dz-rs.si/wps/portal/Home/deloDZ/seje/evidenca?mandat=VII&type=pmagdt&uid=9539001CC71A4F0EC1257DD50031243A
Sat, 24 Oct 2015 19:05:18 - FETCH DOC: http://www.dz-rs.si/wps/portal/Home/deloDZ/seje/evidenca?mandat=VII&type=dt&uid=D1488FD50BE3548EC1257DCE00468A99
Sat, 24 Oct 2015 19:05:18 - FETCH DOC: http://www.dz-rs.si/wps/portal/Home/deloDZ/seje/evidenca?mandat=VII&type=dt&uid=4FAEEB87B5926D65C1257DCF00435959
Sat, 24 Oct 2015 19:05:19 - FETCH DOC: http://www.dz-rs.si/wps/portal/Home/deloDZ/seje/evidenca?mandat=VII&type=dt&uid=70F8F9D84C24C7EAC1257DD6003D2CC0
Sat, 24 Oct 2015 19:05:19 - FETCH SESSION: http://www.dz-rs.si/wps/portal/Home/deloDZ/seje/izbranaSejaDt?mandat=VII&seja=21%20004.%20Redna&uid=428B189BC783D008C1257DC5003A710F
Sat, 24 Oct 2015 19:05:20 - FETCH SPEECH: http://www.dz-rs.si/wps/portal/Home/deloDZ/seje/evidenca?mandat=VII&type=pmagdt&uid=0F9E3D01746B73BBC1257DD40047CD4D
Sat, 24 Oct 2015 19:05:23 - FETCH DOC: http://www.dz-rs.si/wps/portal/Home/deloDZ/seje/evidenca?mandat=VII&type=dt&uid=2F5CA65FA341A348C1257DC50049C5DB
Sat, 24 Oct 2015 19:05:23 - FETCH DOC: http://www.dz-rs.si/wps/portal/Home/deloDZ/seje/evidenca?mandat=VII&type=dt&uid=6C1A123B64477B58C1257DDC0028C1DA
Sat, 24 Oct 2015 19:05:23 - FETCH SESSION: http://www.dz-rs.si/wps/portal/Home/deloDZ/seje/izbranaSejaDt?mandat=VII&seja=21%20002.%20Redna&uid=86F4C1BD84C3AE3CC1257D8F00396039
Sat, 24 Oct 2015 19:05:24 - FETCH SPEECH: http://www.dz-rs.si/wps/portal/Home/deloDZ/seje/evidenca?mandat=VII&type=pmagdt&uid=6425C07BDC49C6FCC1257D9D004FBA4C
Sat, 24 Oct 2015 19:05:25 - FETCH DOC: http://www.dz-rs.si/wps/portal/Home/deloDZ/seje/evidenca?mandat=VII&type=dt&uid=4C0FE1838A3BB9FDC1257D8F003A37CC
Sat, 24 Oct 2015 19:05:25 - FETCH SESSION: http://www.dz-rs.si/wps/portal/Home/deloDZ/seje/izbranaSejaDt?mandat=VII&seja=21%20006.%20Nujna&uid=1491831852F3B0DCC1257D8F003FF1F0
Sat, 24 Oct 2015 19:05:26 - FETCH SPEECH: http://www.dz-rs.si/wps/portal/Home/deloDZ/seje/evidenca?mandat=VII&type=pmagdt&uid=4C5B1C7F168D3ED3C1257D9E00426D4F
Sat, 24 Oct 2015 19:05:29 - FETCH DOC: http://www.dz-rs.si/wps/portal/Home/deloDZ/seje/evidenca?mandat=VII&type=dt&uid=A3F99D47145A85E2C1257D9400491F82
Sat, 24 Oct 2015 19:05:29 - FETCH DOC: http://www.dz-rs.si/wps/portal/Home/deloDZ/seje/evidenca?mandat=VII&type=dt&uid=179D24CB65BD6A72C1257D9B003B8AFA
Sat, 24 Oct 2015 19:05:30 - FETCH DOC: http://www.dz-rs.si/wps/portal/Home/deloDZ/seje/evidenca?mandat=VII&type=dt&uid=E7F2C70812671D86C1257DA20044A552
Sat, 24 Oct 2015 19:05:30 - FETCH SESSION: http://www.dz-rs.si/wps/portal/Home/deloDZ/seje/izbranaSejaDt?mandat=VII&seja=21%20004.%20Nujna&uid=E8FCD2755301BFF4C1257D8700293159
Sat, 24 Oct 2015 19:05:31 - FETCH SPEECH: http://www.dz-rs.si/wps/portal/Home/deloDZ/seje/evidenca?mandat=VII&type=pmagdt&uid=E847E0C51FAFC914C1257D8E004B2818
Sat, 24 Oct 2015 19:05:33 - FETCH DOC: http://www.dz-rs.si/wps/portal/Home/deloDZ/seje/evidenca?mandat=VII&type=dt&uid=C17607BF39140270C1257D87002B1D64
Sat, 24 Oct 2015 19:05:33 - FETCH SESSION: http://www.dz-rs.si/wps/portal/Home/deloDZ/seje/izbranaSejaDt?mandat=VII&seja=21%20005.%20Nujna&uid=8721617986081AD9C1257D8800409680
Sat, 24 Oct 2015 19:05:34 - FETCH SPEECH: http://www.dz-rs.si/wps/portal/Home/deloDZ/seje/evidenca?mandat=VII&type=pmagdt&uid=975D7B76438D2EE5C1257D8F005512F2
Sat, 24 Oct 2015 19:05:35 - FETCH DOC: http://www.dz-rs.si/wps/portal/Home/deloDZ/seje/evidenca?mandat=VII&type=dt&uid=4B0FDB77BCBB1D40C1257D880048F653
Sat, 24 Oct 2015 19:05:36 - FETCH DOC: http://www.dz-rs.si/wps/portal/Home/deloDZ/seje/evidenca?mandat=VII&type=dt&uid=B3914A26E244BD53C1257D8C00304559
Sat, 24 Oct 2015 19:05:36 - FETCH DOC: http://www.dz-rs.si/wps/portal/Home/deloDZ/seje/evidenca?mandat=VII&type=dt&uid=193875D92892B314C1257D8C0045536C
Sat, 24 Oct 2015 19:05:36 - FETCH SESSION: http://www.dz-rs.si/wps/portal/Home/deloDZ/seje/izbranaSejaDt?mandat=VII&seja=21%20003.%20Nujna&uid=8FE02AC532B26A99C1257D7E0039EB99
Sat, 24 Oct 2015 19:05:37 - FETCH SPEECH: http://www.dz-rs.si/wps/portal/Home/deloDZ/seje/evidenca?mandat=VII&type=pmagdt&uid=53A0ACDE524205A4C1257D8F0033BB1A
Sat, 24 Oct 2015 19:05:39 - FETCH DOC: http://www.dz-rs.si/wps/portal/Home/deloDZ/seje/evidenca?mandat=VII&type=dt&uid=21F5076CB61A5BA6C1257D7E004A5A8E
Sat, 24 Oct 2015 19:05:40 - FETCH DOC: http://www.dz-rs.si/wps/portal/Home/deloDZ/seje/evidenca?mandat=VII&type=dt&uid=CDC27FB045DE4381C1257D90002E66F7
Sat, 24 Oct 2015 19:05:40 - FETCH SESSION: http://www.dz-rs.si/wps/portal/Home/deloDZ/seje/izbranaSejaDt?mandat=VII&seja=21%20001.%20Redna&uid=91BFF8AF14135826C1257D71003DB52B
Sat, 24 Oct 2015 19:05:40 - FETCH SPEECH: http://www.dz-rs.si/wps/portal/Home/deloDZ/seje/evidenca?mandat=VII&type=pmagdt&uid=6B0F1F5508516736C1257D790028D139
Sat, 24 Oct 2015 19:05:42 - FETCH DOC: http://www.dz-rs.si/wps/portal/Home/deloDZ/seje/evidenca?mandat=VII&type=dt&uid=2A8CC8EE1F09D454C1257D710045D508
Sat, 24 Oct 2015 19:05:42 - FETCH SESSION: http://www.dz-rs.si/wps/portal/Home/deloDZ/seje/izbranaSejaDt?mandat=VII&seja=21%20002.%20Nujna&uid=EDAEE274778BBEB9C1257D640028F306
Sat, 24 Oct 2015 19:05:43 - FETCH SPEECH: http://www.dz-rs.si/wps/portal/Home/deloDZ/seje/evidenca?mandat=VII&type=pmagdt&uid=97AE1DA36EC2A8B5C1257D6B0045107B
Sat, 24 Oct 2015 19:05:47 - FETCH DOC: http://www.dz-rs.si/wps/portal/Home/deloDZ/seje/evidenca?mandat=VII&type=dt&uid=1283027DFEF59FBFC1257D6400358D4D
Sat, 24 Oct 2015 19:05:47 - FETCH DOC: http://www.dz-rs.si/wps/portal/Home/deloDZ/seje/evidenca?mandat=VII&type=dt&uid=712E3065A2B5FA0FC1257D720048D30F
Sat, 24 Oct 2015 19:05:48 - FETCH SESSION: http://www.dz-rs.si/wps/portal/Home/deloDZ/seje/izbranaSejaDt?mandat=VII&seja=21%20001.%20Nujna&uid=0DE8F84ED5A4134DC1257D4900234F2A
Sat, 24 Oct 2015 19:05:49 - FETCH SPEECH: http://www.dz-rs.si/wps/portal/Home/deloDZ/seje/evidenca?mandat=VII&type=pmagdt&uid=ABFFDF8B31CF07DEC1257D560035F562
Sat, 24 Oct 2015 19:05:51 - FETCH DOC: http://www.dz-rs.si/wps/portal/Home/deloDZ/seje/evidenca?mandat=VII&type=dt&uid=0A505F5CC25084DAC1257D4F003CB4BC
Sat, 24 Oct 2015 19:05:51 - FETCH DOC: http://www.dz-rs.si/wps/portal/Home/deloDZ/seje/evidenca?mandat=VII&type=dt&uid=90B6E234EDD8D54EC1257D5600317E28
Sat, 24 Oct 2015 19:05:51 - FETCH SESSION: http://www.dz-rs.si/wps/portal/Home/deloDZ/seje/izbranaSejaDt?mandat=VI&seja=21%20017.%20Redna&uid=76C3EC03B19E4CCEC1257D1F005A8DCB
Sat, 24 Oct 2015 19:05:52 - FETCH SPEECH: http://www.dz-rs.si/wps/portal/Home/deloDZ/seje/evidenca?mandat=VI&type=pmagdt&uid=4C859D8E2A14976EC1257CED004125E1
Sat, 24 Oct 2015 19:05:55 - FETCH DOC: http://www.dz-rs.si/wps/portal/Home/deloDZ/seje/evidenca?mandat=VI&type=dt&uid=CDB7CF5DB90F56C2C1257D1F005A8DD0
Sat, 24 Oct 2015 19:05:55 - FETCH DOC: http://www.dz-rs.si/wps/portal/Home/deloDZ/seje/evidenca?mandat=VI&type=dt&uid=222763479110620EC1257D1F005A8ED0
Sat, 24 Oct 2015 19:05:56 - FETCH SESSION: http://www.dz-rs.si/wps/portal/Home/deloDZ/seje/izbranaSejaDt?mandat=VII&seja=01%20001.%20Redna&uid=D4037546DD8F71F7C1257ECA0021C322
Sat, 24 Oct 2015 19:05:57 - FETCH SPEECH: http://www.dz-rs.si/wps/portal/Home/deloDZ/seje/evidenca?mandat=VII&type=pmagdt&uid=394845C5CB322200C1257EDE002E9D74
Sat, 24 Oct 2015 19:05:59 - FETCH DOC: http://www.dz-rs.si/wps/portal/Home/deloDZ/seje/evidenca?mandat=VII&type=dt&uid=F22582E53053F32BC1257ECA00331EDE
Sat, 24 Oct 2015 19:05:59 - FETCH DOC: http://www.dz-rs.si/wps/portal/Home/deloDZ/seje/evidenca?mandat=VII&type=dt&uid=8CC16357286EB8D7C1257ECA00470D26
Sat, 24 Oct 2015 19:06:00 - FETCH DOC: http://www.dz-rs.si/wps/portal/Home/deloDZ/seje/evidenca?mandat=VII&type=dt&uid=5ECC2D31C50FA4FEC1257ED60033C047
Sat, 24 Oct 2015 19:06:00 - FETCH DOC: http://www.dz-rs.si/wps/portal/Home/deloDZ/seje/evidenca?mandat=VII&type=dt&uid=B30F183C5722DFE0C1257ED90045A49B
Sat, 24 Oct 2015 19:06:00 - FETCH SESSION: http://www.dz-rs.si/wps/portal/Home/deloDZ/seje/izbranaSejaDt?mandat=VII&seja=01%20004.%20Nujna&uid=2978978C99847163C1257E7E00394329
Sat, 24 Oct 2015 19:06:01 - FETCH SPEECH: http://www.dz-rs.si/wps/portal/Home/deloDZ/seje/evidenca?mandat=VII&type=pmagdt&uid=E02053AE3ADEAC6CC1257E8A003D3989
Sat, 24 Oct 2015 19:06:02 - FETCH DOC: http://www.dz-rs.si/wps/portal/Home/deloDZ/seje/evidenca?mandat=VII&type=dt&uid=171993A765E8D823C1257E7E0039EEAB
Sat, 24 Oct 2015 19:06:02 - FETCH DOC: http://www.dz-rs.si/wps/portal/Home/deloDZ/seje/evidenca?mandat=VII&type=dt&uid=8CBED1395A65424DC1257E83004D595B
Sat, 24 Oct 2015 19:06:03 - FETCH DOC: http://www.dz-rs.si/wps/portal/Home/deloDZ/seje/evidenca?mandat=VII&type=dt&uid=D73316413D21B264C1257E840048C51D
Sat, 24 Oct 2015 19:06:03 - FETCH SESSION: http://www.dz-rs.si/wps/portal/Home/deloDZ/seje/izbranaSejaDt?mandat=VII&seja=01%20003.%20Nujna&uid=603F03C3587382C6C1257E5F003EE57A
Sat, 24 Oct 2015 19:06:05 - FETCH SPEECH: http://www.dz-rs.si/wps/portal/Home/deloDZ/seje/evidenca?mandat=VII&type=pmagdt&uid=ADE0D21580F60A5BC1257E600045D85C
Sat, 24 Oct 2015 19:06:06 - FETCH DOC: http://www.dz-rs.si/wps/portal/Home/deloDZ/seje/evidenca?mandat=VII&type=dt&uid=F37988CC1109FF8AC1257E5F0041D48D
Sat, 24 Oct 2015 19:06:06 - FETCH DOC: http://www.dz-rs.si/wps/portal/Home/deloDZ/seje/evidenca?mandat=VII&type=dt&uid=E268FAC355CFF9A0C1257E60003264D1
Sat, 24 Oct 2015 19:06:06 - FETCH SESSION: http://www.dz-rs.si/wps/portal/Home/deloDZ/seje/izbranaSejaDt?mandat=VII&seja=01%20002.%20Nujna&uid=A73C36633D4AA053C1257DCE003A6905
Sat, 24 Oct 2015 19:06:07 - FETCH SPEECH: http://www.dz-rs.si/wps/portal/Home/deloDZ/seje/evidenca?mandat=VII&type=pmagdt&uid=0242AEF21AD2DAC1C1257DDA0028B908
Sat, 24 Oct 2015 19:06:09 - FETCH DOC: http://www.dz-rs.si/wps/portal/Home/deloDZ/seje/evidenca?mandat=VII&type=dt&uid=2AB013D48D4CB715C1257DCF00375A5B
Sat, 24 Oct 2015 19:06:09 - FETCH DOC: http://www.dz-rs.si/wps/portal/Home/deloDZ/seje/evidenca?mandat=VII&type=dt&uid=81E81418EBD21612C1257DD5004167A5
Sat, 24 Oct 2015 19:06:09 - FETCH DOC: http://www.dz-rs.si/wps/portal/Home/deloDZ/seje/evidenca?mandat=VII&type=dt&uid=27CDD39FC3B9AC28C1257DDB003EBDD7
Sat, 24 Oct 2015 19:06:10 - FETCH SESSION: http://www.dz-rs.si/wps/portal/Home/deloDZ/seje/izbranaSejaDt?mandat=VII&seja=01%20001.%20Nujna&uid=F8122115F85D7146C1257D5400346E44
Sat, 24 Oct 2015 19:06:11 - FETCH SPEECH: http://www.dz-rs.si/wps/portal/Home/deloDZ/seje/evidenca?mandat=VII&type=pmagdt&uid=6E7261F86E1DD8CFC1257D5E00332729
Sat, 24 Oct 2015 19:06:13 - FETCH DOC: http://www.dz-rs.si/wps/portal/Home/deloDZ/seje/evidenca?mandat=VII&type=dt&uid=AF57DC80839E3C23C1257D55002AE778
Sat, 24 Oct 2015 19:06:13 - FETCH DOC: http://www.dz-rs.si/wps/portal/Home/deloDZ/seje/evidenca?mandat=VII&type=dt&uid=B8E7678E39B02968C1257D570029C750
Sat, 24 Oct 2015 19:06:14 - FETCH DOC: http://www.dz-rs.si/wps/portal/Home/deloDZ/seje/evidenca?mandat=VII&type=dt&uid=85819AAA734D328CC1257D5C00431498
Sat, 24 Oct 2015 19:06:15 - FETCH SESSION: http://www.dz-rs.si/wps/portal/Home/deloDZ/seje/izbranaSejaDt?mandat=VII&seja=13%20020.%20Nujna&uid=F26AFAB1A658D810C1257EDC00341CB6
Sat, 24 Oct 2015 19:06:16 - FETCH DOC: http://www.dz-rs.si/wps/portal/Home/deloDZ/seje/evidenca?mandat=VII&type=dt&uid=AE5E8973017C7353C1257EDD0031C1DC
Sat, 24 Oct 2015 19:06:16 - FETCH DOC: http://www.dz-rs.si/wps/portal/Home/deloDZ/seje/evidenca?mandat=VII&type=dt&uid=21B9FF4C73D7544FC1257EDE004A6D12
Sat, 24 Oct 2015 19:06:16 - FETCH SESSION: http://www.dz-rs.si/wps/portal/Home/deloDZ/seje/izbranaSejaDt?mandat=VII&seja=13%20019.%20Nujna&uid=EEEBC23A4F020E43C1257ED200396AB5
Sat, 24 Oct 2015 19:06:17 - FETCH SPEECH: http://www.dz-rs.si/wps/portal/Home/deloDZ/seje/evidenca?mandat=VII&type=pmagdt&uid=C9D61BA661DDE93CC1257E8A00312672
Sat, 24 Oct 2015 19:06:17 - FETCH DOC: http://www.dz-rs.si/wps/portal/Home/deloDZ/seje/evidenca?mandat=VII&type=dt&uid=486D51D44DFDF4FBC1257ED20039F294
Sat, 24 Oct 2015 19:06:17 - FETCH SESSION: http://www.dz-rs.si/wps/portal/Home/deloDZ/seje/izbranaSejaDt?mandat=VII&seja=13%20018.%20Nujna&uid=CFA706B8A6721729C1257EB200394141
Sat, 24 Oct 2015 19:06:19 - FETCH SPEECH: http://www.dz-rs.si/wps/portal/Home/deloDZ/seje/evidenca?mandat=VII&type=pmagdt&uid=487D48FA8AE8B054C1257ECB0046F021
Sat, 24 Oct 2015 19:06:20 - FETCH DOC: http://www.dz-rs.si/wps/portal/Home/deloDZ/seje/evidenca?mandat=VII&type=dt&uid=12E87E472C344040C1257EB2003A6F13
Sat, 24 Oct 2015 19:06:21 - FETCH DOC: http://www.dz-rs.si/wps/portal/Home/deloDZ/seje/evidenca?mandat=VII&type=dt&uid=D404DD13FCE32F3BC1257EC2002B36C1
Sat, 24 Oct 2015 19:06:21 - FETCH SESSION: http://www.dz-rs.si/wps/portal/Home/deloDZ/seje/izbranaSejaDt?mandat=VII&seja=13%20011.%20Redna&uid=85BACCC2F4BEC2F6C1257EAE002A62B5
Sat, 24 Oct 2015 19:06:22 - FETCH SPEECH: http://www.dz-rs.si/wps/portal/Home/deloDZ/seje/evidenca?mandat=VII&type=pmagdt&uid=713799D1F872485EC1257ECA0061EAE1
Sat, 24 Oct 2015 19:06:24 - FETCH DOC: http://www.dz-rs.si/wps/portal/Home/deloDZ/seje/evidenca?mandat=VII&type=dt&uid=7D6E3A56AAAA1B29C1257EAE002B0A53
Sat, 24 Oct 2015 19:06:24 - FETCH DOC: http://www.dz-rs.si/wps/portal/Home/deloDZ/seje/evidenca?mandat=VII&type=dt&uid=6A97AF3D57471E46C1257EBA004BB4EF
Sat, 24 Oct 2015 19:06:25 - FETCH DOC: http://www.dz-rs.si/wps/portal/Home/deloDZ/seje/evidenca?mandat=VII&type=dt&uid=44F8F8AF936BB5A6C1257EBB00531B6D
Sat, 24 Oct 2015 19:06:25 - FETCH DOC: http://www.dz-rs.si/wps/portal/Home/deloDZ/seje/evidenca?mandat=VII&type=dt&uid=844C5AA5717F0DE0C1257EC0002113C7
Sat, 24 Oct 2015 19:06:25 - FETCH SESSION: http://www.dz-rs.si/wps/portal/Home/deloDZ/seje/izbranaSejaDt?mandat=VII&seja=13%20010.%20Redna&uid=23F5ED0ABEDB0DB7C1257EA600379AFE
Sat, 24 Oct 2015 19:06:26 - FETCH SPEECH: http://www.dz-rs.si/wps/portal/Home/deloDZ/seje/evidenca?mandat=VII&type=pmagdt&uid=D4F6E3AE7EC37E94C1257EB5002913C6
Sat, 24 Oct 2015 19:06:29 - FETCH DOC: http://www.dz-rs.si/wps/portal/Home/deloDZ/seje/evidenca?mandat=VII&type=dt&uid=13C7AED474B791FFC1257EA6003A5B3D
Sat, 24 Oct 2015 19:06:30 - FETCH DOC: http://www.dz-rs.si/wps/portal/Home/deloDZ/seje/evidenca?mandat=VII&type=dt&uid=D5C94BAE57777843C1257EAF003FA605
Sat, 24 Oct 2015 19:06:30 - FETCH DOC: http://www.dz-rs.si/wps/portal/Home/deloDZ/seje/evidenca?mandat=VII&type=dt&uid=2BB8959673199267C1257EB30027CE15
Sat, 24 Oct 2015 19:06:30 - FETCH SESSION: http://www.dz-rs.si/wps/portal/Home/deloDZ/seje/izbranaSejaDt?mandat=VII&seja=13%20017.%20Nujna&uid=044CDB943E479C96C1257E83003DC83D
Sat, 24 Oct 2015 19:06:31 - FETCH SPEECH: http://www.dz-rs.si/wps/portal/Home/deloDZ/seje/evidenca?mandat=VII&type=pmagdt&uid=D094D740832F9BB0C1257EAE002DF2C9
Sat, 24 Oct 2015 19:06:33 - FETCH DOC: http://www.dz-rs.si/wps/portal/Home/deloDZ/seje/evidenca?mandat=VII&type=dt&uid=1B754837E1A86A77C1257E83003FE594
Sat, 24 Oct 2015 19:06:34 - FETCH DOC: http://www.dz-rs.si/wps/portal/Home/deloDZ/seje/evidenca?mandat=VII&type=dt&uid=780672B8667A3FF7C1257E8B0038348E
Sat, 24 Oct 2015 19:06:34 - FETCH DOC: http://www.dz-rs.si/wps/portal/Home/deloDZ/seje/evidenca?mandat=VII&type=dt&uid=FEDFB10DE8B9D3F6C1257EA6003062BC
Sat, 24 Oct 2015 19:06:35 - FETCH DOC: http://www.dz-rs.si/wps/portal/Home/deloDZ/seje/evidenca?mandat=VII&type=dt&uid=0E79198F98CEAD92C1257EA80035BCF0
Sat, 24 Oct 2015 19:06:35 - FETCH DOC: http://www.dz-rs.si/wps/portal/Home/deloDZ/seje/evidenca?mandat=VII&type=dt&uid=6735B2D07E209655C1257EC20029EFE8
Sat, 24 Oct 2015 19:06:35 - FETCH SESSION: http://www.dz-rs.si/wps/portal/Home/deloDZ/seje/izbranaSejaDt?mandat=VII&seja=13%20016.%20Nujna&uid=2F062DEC8E9F7E27C1257E760040424A
Sat, 24 Oct 2015 19:06:36 - FETCH SPEECH: http://www.dz-rs.si/wps/portal/Home/deloDZ/seje/evidenca?mandat=VII&type=pmagdt&uid=3A03BBB51A007C93C1257EAF002DD94E
Sat, 24 Oct 2015 19:06:39 - FETCH DOC: http://www.dz-rs.si/wps/portal/Home/deloDZ/seje/evidenca?mandat=VII&type=dt&uid=2A0C87F6A113DB1CC1257E7600414AC4
Sat, 24 Oct 2015 19:06:39 - FETCH DOC: http://www.dz-rs.si/wps/portal/Home/deloDZ/seje/evidenca?mandat=VII&type=dt&uid=06D22A1F4F3FF761C1257E7E0036595E
Sat, 24 Oct 2015 19:06:40 - FETCH SESSION: http://www.dz-rs.si/wps/portal/Home/deloDZ/seje/izbranaSejaDt?mandat=VII&seja=13%20009.%20Redna&uid=DDE9F5AA7BD62014C1257E67002256B0
Sat, 24 Oct 2015 19:06:40 - FETCH SPEECH: http://www.dz-rs.si/wps/portal/Home/deloDZ/seje/evidenca?mandat=VII&type=pmagdt&uid=77B69FBB69D738B1C1257E7500477D6F
Sat, 24 Oct 2015 19:06:42 - FETCH DOC: http://www.dz-rs.si/wps/portal/Home/deloDZ/seje/evidenca?mandat=VII&type=dt&uid=45AA77EF1C9BD3F9C1257E6700480C2D
Sat, 24 Oct 2015 19:06:43 - FETCH DOC: http://www.dz-rs.si/wps/portal/Home/deloDZ/seje/evidenca?mandat=VII&type=dt&uid=47546E3816CB690BC1257E730034D6D5
Sat, 24 Oct 2015 19:06:43 - FETCH DOC: http://www.dz-rs.si/wps/portal/Home/deloDZ/seje/evidenca?mandat=VII&type=dt&uid=BFF7D64508AA070AC1257E7300466BF4
Sat, 24 Oct 2015 19:06:44 - FETCH SESSION: http://www.dz-rs.si/wps/portal/Home/deloDZ/seje/izbranaSejaDt?mandat=VII&seja=13%20015.%20Nujna&uid=458677E48E8C2CE6C1257E5B00269C7C
Sat, 24 Oct 2015 19:06:45 - FETCH SPEECH: http://www.dz-rs.si/wps/portal/Home/deloDZ/seje/evidenca?mandat=VII&type=pmagdt&uid=0F99C484BF813862C1257E68002B75DA
Sat, 24 Oct 2015 19:06:48 - FETCH DOC: http://www.dz-rs.si/wps/portal/Home/deloDZ/seje/evidenca?mandat=VII&type=dt&uid=3B0F1350A08913B1C1257E5B002B6C66
Sat, 24 Oct 2015 19:06:48 - FETCH DOC: http://www.dz-rs.si/wps/portal/Home/deloDZ/seje/evidenca?mandat=VII&type=dt&uid=63F61DC29C6867B7C1257E61002D1433
Sat, 24 Oct 2015 19:06:48 - FETCH SESSION: http://www.dz-rs.si/wps/portal/Home/deloDZ/seje/izbranaSejaDt?mandat=VII&seja=13%20008.%20Redna&uid=85F560AD4FB1A66CC1257E190040C579
Sat, 24 Oct 2015 19:06:49 - FETCH SPEECH: http://www.dz-rs.si/wps/portal/Home/deloDZ/seje/evidenca?mandat=VII&type=pmagdt&uid=8AC0428ECF80E553C1257E5E0038C400
Sat, 24 Oct 2015 19:06:50 - FETCH DOC: http://www.dz-rs.si/wps/portal/Home/deloDZ/seje/evidenca?mandat=VII&type=dt&uid=3BCB6DD7501AA58CC1257E4B002C98BC
Sat, 24 Oct 2015 19:06:51 - FETCH DOC: http://www.dz-rs.si/wps/portal/Home/deloDZ/seje/evidenca?mandat=VII&type=dt&uid=712421F3F7C120ECC1257E5700229BCA
Sat, 24 Oct 2015 19:06:51 - FETCH DOC: http://www.dz-rs.si/wps/portal/Home/deloDZ/seje/evidenca?mandat=VII&type=dt&uid=F0A4B15553B80F90C1257E57004061A8
Sat, 24 Oct 2015 19:06:51 - FETCH DOC: http://www.dz-rs.si/wps/portal/Home/deloDZ/seje/evidenca?mandat=VII&type=dt&uid=0C0C2834020CA80EC1257E5900200B73
Sat, 24 Oct 2015 19:06:52 - FETCH SESSION: http://www.dz-rs.si/wps/portal/Home/deloDZ/seje/izbranaSejaDt?mandat=VII&seja=13%20014.%20Nujna&uid=3B223D8A170AA4CBC1257E49003166E5
Sat, 24 Oct 2015 19:06:52 - FETCH SPEECH: http://www.dz-rs.si/wps/portal/Home/deloDZ/seje/evidenca?mandat=VII&type=pmagdt&uid=104FA17CE0C8D1B0C1257E5F00378E05
Sat, 24 Oct 2015 19:06:55 - FETCH DOC: http://www.dz-rs.si/wps/portal/Home/deloDZ/seje/evidenca?mandat=VII&type=dt&uid=8B5B0D87BA04761AC1257E4900327647
Sat, 24 Oct 2015 19:06:55 - FETCH DOC: http://www.dz-rs.si/wps/portal/Home/deloDZ/seje/evidenca?mandat=VII&type=dt&uid=471764A49A38B6E7C1257E4B00303840
Sat, 24 Oct 2015 19:06:56 - FETCH DOC: http://www.dz-rs.si/wps/portal/Home/deloDZ/seje/evidenca?mandat=VII&type=dt&uid=CF4A1C29D5A7C14DC1257E590024B1A5
Sat, 24 Oct 2015 19:06:56 - FETCH SESSION: http://www.dz-rs.si/wps/portal/Home/deloDZ/seje/izbranaSejaDt?mandat=VII&seja=13%20013.%20Nujna&uid=0A86ED28C0B877A6C1257E2F002FC28F
Sat, 24 Oct 2015 19:06:57 - FETCH SPEECH: http://www.dz-rs.si/wps/portal/Home/deloDZ/seje/evidenca?mandat=VII&type=pmagdt&uid=E3FE1F0C5B7FC208C1257E4200301EA7
Sat, 24 Oct 2015 19:06:59 - FETCH DOC: http://www.dz-rs.si/wps/portal/Home/deloDZ/seje/evidenca?mandat=VII&type=dt&uid=55B6BAF9E150F94EC1257E2F00316CE6
Sat, 24 Oct 2015 19:07:00 - FETCH DOC: http://www.dz-rs.si/wps/portal/Home/deloDZ/seje/evidenca?mandat=VII&type=dt&uid=A932E5048F169D6CC1257E3B00466A8E
Sat, 24 Oct 2015 19:07:00 - FETCH DOC: http://www.dz-rs.si/wps/portal/Home/deloDZ/seje/evidenca?mandat=VII&type=dt&uid=56993965E08E5153C1257E3D003BE15E
Sat, 24 Oct 2015 19:07:00 - FETCH SESSION: http://www.dz-rs.si/wps/portal/Home/deloDZ/seje/izbranaSejaDt?mandat=VII&seja=13%20012.%20Nujna&uid=55C1A36AF16B2F59C1257E1A00354F45
Sat, 24 Oct 2015 19:07:01 - FETCH SPEECH: http://www.dz-rs.si/wps/portal/Home/deloDZ/seje/evidenca?mandat=VII&type=pmagdt&uid=E30227213526DD01C1257E3C00341ACF
Sat, 24 Oct 2015 19:07:04 - FETCH DOC: http://www.dz-rs.si/wps/portal/Home/deloDZ/seje/evidenca?mandat=VII&type=dt&uid=69376E4EFFC8934CC1257E1A003633D9
Sat, 24 Oct 2015 19:07:05 - FETCH DOC: http://www.dz-rs.si/wps/portal/Home/deloDZ/seje/evidenca?mandat=VII&type=dt&uid=BFB0EAA43347B46AC1257E220024C5E8
Sat, 24 Oct 2015 19:07:05 - FETCH DOC: http://www.dz-rs.si/wps/portal/Home/deloDZ/seje/evidenca?mandat=VII&type=dt&uid=7C943109A806D7D4C1257E2D003CD86B
Sat, 24 Oct 2015 19:07:07 - FETCH SESSION: http://www.dz-rs.si/wps/portal/Home/deloDZ/seje/izbranaSejaDt?mandat=VII&seja=13%20011.%20Nujna&uid=8C1C361637FFF79BC1257E140028AC2D
Sat, 24 Oct 2015 19:07:08 - FETCH SPEECH: http://www.dz-rs.si/wps/portal/Home/deloDZ/seje/evidenca?mandat=VII&type=pmagdt&uid=CF71C719CDA376E8C1257E28002EBDF1
Sat, 24 Oct 2015 19:07:10 - FETCH DOC: http://www.dz-rs.si/wps/portal/Home/deloDZ/seje/evidenca?mandat=VII&type=dt&uid=F73B856BFCD0FFD5C1257E1A00386854
Sat, 24 Oct 2015 19:07:10 - FETCH DOC: http://www.dz-rs.si/wps/portal/Home/deloDZ/seje/evidenca?mandat=VII&type=dt&uid=139D9FDC0C8022A7C1257E230023B5F8
Sat, 24 Oct 2015 19:07:11 - FETCH DOC: http://www.dz-rs.si/wps/portal/Home/deloDZ/seje/evidenca?mandat=VII&type=dt&uid=A65A1199EEA51657C1257E49003ED6BB
Sat, 24 Oct 2015 19:07:11 - FETCH SESSION: http://www.dz-rs.si/wps/portal/Home/deloDZ/seje/izbranaSejaDt?mandat=VII&seja=13%20007.%20Redna&uid=5FE3ED9E2C09DA02C1257E03004F2D7B
Sat, 24 Oct 2015 19:07:12 - FETCH SPEECH: http://www.dz-rs.si/wps/portal/Home/deloDZ/seje/evidenca?mandat=VII&type=pmagdt&uid=102A6D3552A68CCFC1257E21003B09DA
Sat, 24 Oct 2015 19:07:13 - FETCH DOC: http://www.dz-rs.si/wps/portal/Home/deloDZ/seje/evidenca?mandat=VII&type=dt&uid=655DE97E16A298C7C1257E1200420A63
Sat, 24 Oct 2015 19:07:13 - FETCH DOC: http://www.dz-rs.si/wps/portal/Home/deloDZ/seje/evidenca?mandat=VII&type=dt&uid=096D68840F290CDBC1257E2000300E31
Sat, 24 Oct 2015 19:07:13 - FETCH SESSION: http://www.dz-rs.si/wps/portal/Home/deloDZ/seje/izbranaSejaDt?mandat=VII&seja=13%20010.%20Nujna&uid=8AE6FC068230A0A1C1257E03004F62EE
Sat, 24 Oct 2015 19:07:14 - FETCH SPEECH: http://www.dz-rs.si/wps/portal/Home/deloDZ/seje/evidenca?mandat=VII&type=pmagdt&uid=13DA955FA5D3E97CC1257E06002E6BAF
Sat, 24 Oct 2015 19:07:16 - FETCH DOC: http://www.dz-rs.si/wps/portal/Home/deloDZ/seje/evidenca?mandat=VII&type=dt&uid=972C27A0BF9CD565C1257E0300512DC2
Sat, 24 Oct 2015 19:07:16 - FETCH DOC: http://www.dz-rs.si/wps/portal/Home/deloDZ/seje/evidenca?mandat=VII&type=dt&uid=617F44C2F75938ACC1257E05002CA161
Sat, 24 Oct 2015 19:07:16 - FETCH SESSION: http://www.dz-rs.si/wps/portal/Home/deloDZ/seje/izbranaSejaDt?mandat=VII&seja=13%20009.%20Nujna&uid=CC20B1A75FC8011AC1257DF9003C3515
Sat, 24 Oct 2015 19:07:17 - FETCH SPEECH: http://www.dz-rs.si/wps/portal/Home/deloDZ/seje/evidenca?mandat=VII&type=pmagdt&uid=1ACC42C3296AE091C1257E1A0043B530
Sat, 24 Oct 2015 19:07:19 - FETCH DOC: http://www.dz-rs.si/wps/portal/Home/deloDZ/seje/evidenca?mandat=VII&type=dt&uid=ED55A0DDA8B9AB1BC1257DF9003D1261
Sat, 24 Oct 2015 19:07:19 - FETCH DOC: http://www.dz-rs.si/wps/portal/Home/deloDZ/seje/evidenca?mandat=VII&type=dt&uid=4D5128EAA46697BDC1257DFD003B4AC2
Sat, 24 Oct 2015 19:07:20 - FETCH DOC: http://www.dz-rs.si/wps/portal/Home/deloDZ/seje/evidenca?mandat=VII&type=dt&uid=41C793D9C1D3007DC1257E0400502602
Sat, 24 Oct 2015 19:07:20 - FETCH DOC: http://www.dz-rs.si/wps/portal/Home/deloDZ/seje/evidenca?mandat=VII&type=dt&uid=7AED29CFCFDB327FC1257E0600362B76
Sat, 24 Oct 2015 19:07:20 - FETCH SESSION: http://www.dz-rs.si/wps/portal/Home/deloDZ/seje/izbranaSejaDt?mandat=VII&seja=13%20008.%20Nujna&uid=10A7F8873E6D7D21C1257DE3003458D0
Sat, 24 Oct 2015 19:07:21 - FETCH SPEECH: http://www.dz-rs.si/wps/portal/Home/deloDZ/seje/evidenca?mandat=VII&type=pmagdt&uid=B50B208A98E2109BC1257DFC003A1BD3
Sat, 24 Oct 2015 19:07:26 - FETCH DOC: http://www.dz-rs.si/wps/portal/Home/deloDZ/seje/evidenca?mandat=VII&type=dt&uid=660DEE760BCBB848C1257DE3003AF7F6
Sat, 24 Oct 2015 19:07:26 - FETCH DOC: http://www.dz-rs.si/wps/portal/Home/deloDZ/seje/evidenca?mandat=VII&type=dt&uid=B87503DF720A6F89C1257DF100375A33
Sat, 24 Oct 2015 19:07:26 - FETCH SESSION: http://www.dz-rs.si/wps/portal/Home/deloDZ/seje/izbranaSejaDt?mandat=VII&seja=13%20007.%20Nujna&uid=81A718740C84C592C1257DE000423CE8
Sat, 24 Oct 2015 19:07:27 - FETCH SPEECH: http://www.dz-rs.si/wps/portal/Home/deloDZ/seje/evidenca?mandat=VII&type=pmagdt&uid=C6872BAE9B6A696CC1257DEA003FBC85
Sat, 24 Oct 2015 19:07:29 - FETCH DOC: http://www.dz-rs.si/wps/portal/Home/deloDZ/seje/evidenca?mandat=VII&type=dt&uid=712049F460D3165EC1257DE20028A05A
Sat, 24 Oct 2015 19:07:29 - FETCH SESSION: http://www.dz-rs.si/wps/portal/Home/deloDZ/seje/izbranaSejaDt?mandat=VII&seja=13%20006.%20Nujna&uid=D62CF52C6DCF58D2C1257DD40039EE63
Sat, 24 Oct 2015 19:07:30 - FETCH SPEECH: http://www.dz-rs.si/wps/portal/Home/deloDZ/seje/evidenca?mandat=VII&type=pmagdt&uid=24B3A43A65B57E46C1257DE2002BA549
Sat, 24 Oct 2015 19:07:34 - FETCH DOC: http://www.dz-rs.si/wps/portal/Home/deloDZ/seje/evidenca?mandat=VII&type=dt&uid=23CE3ADB57DE235EC1257DD500474FB1
Sat, 24 Oct 2015 19:07:35 - FETCH DOC: http://www.dz-rs.si/wps/portal/Home/deloDZ/seje/evidenca?mandat=VII&type=dt&uid=2A8E043F9B8B58EAC1257DDD004E7100
Sat, 24 Oct 2015 19:07:35 - FETCH DOC: http://www.dz-rs.si/wps/portal/Home/deloDZ/seje/evidenca?mandat=VII&type=dt&uid=99FB7C204CCD514DC1257DE20043A112
Sat, 24 Oct 2015 19:07:35 - FETCH SESSION: http://www.dz-rs.si/wps/portal/Home/deloDZ/seje/izbranaSejaDt?mandat=VII&seja=13%20006.%20Redna&uid=6FF20794153CBDE8C1257DB000277928
Sat, 24 Oct 2015 19:07:36 - FETCH SPEECH: http://www.dz-rs.si/wps/portal/Home/deloDZ/seje/evidenca?mandat=VII&type=pmagdt&uid=67A4AB49EA355C66C1257DD2004B6729
Sat, 24 Oct 2015 19:07:38 - FETCH DOC: http://www.dz-rs.si/wps/portal/Home/deloDZ/seje/evidenca?mandat=VII&type=dt&uid=9035A0270EA072D0C1257DB10042E319
Sat, 24 Oct 2015 19:07:38 - FETCH SESSION: http://www.dz-rs.si/wps/portal/Home/deloDZ/seje/izbranaSejaDt?mandat=VII&seja=13%20005.%20Redna&uid=1481EB10E750A53AC1257D9C00325736
Sat, 24 Oct 2015 19:07:39 - FETCH SPEECH: http://www.dz-rs.si/wps/portal/Home/deloDZ/seje/evidenca?mandat=VII&type=pmagdt&uid=C4704937D3191871C1257DAC002BEA2E
Sat, 24 Oct 2015 19:07:41 - FETCH DOC: http://www.dz-rs.si/wps/portal/Home/deloDZ/seje/evidenca?mandat=VII&type=dt&uid=BF32DA7D07FD5FBDC1257D9C0033E72F
Sat, 24 Oct 2015 19:07:42 - FETCH DOC: http://www.dz-rs.si/wps/portal/Home/deloDZ/seje/evidenca?mandat=VII&type=dt&uid=91D05DF751D65C9AC1257DA90039A86C
Sat, 24 Oct 2015 19:07:42 - FETCH SESSION: http://www.dz-rs.si/wps/portal/Home/deloDZ/seje/izbranaSejaDt?mandat=VII&seja=13%20005.%20Nujna&uid=676D94040D3DA8FFC1257D9D002F5B7D
Sat, 24 Oct 2015 19:07:43 - FETCH DOC: http://www.dz-rs.si/wps/portal/Home/deloDZ/seje/evidenca?mandat=VII&type=dt&uid=DC91DE6C8B5A296AC1257DA20033F4FC
Sat, 24 Oct 2015 19:07:43 - FETCH DOC: http://www.dz-rs.si/wps/portal/Home/deloDZ/seje/evidenca?mandat=VII&type=dt&uid=5A7474672DD6488AC1257DA8004286E7
Sat, 24 Oct 2015 19:07:43 - FETCH DOC: http://www.dz-rs.si/wps/portal/Home/deloDZ/seje/evidenca?mandat=VII&type=dt&uid=D996E6B86DFDF779C1257DA900317E25
Sat, 24 Oct 2015 19:07:44 - FETCH DOC: http://www.dz-rs.si/wps/portal/Home/deloDZ/seje/evidenca?mandat=VII&type=dt&uid=24F7A2F63294CA93C1257DAA002D93A6
Sat, 24 Oct 2015 19:07:44 - FETCH DOC: http://www.dz-rs.si/wps/portal/Home/deloDZ/seje/evidenca?mandat=VII&type=dt&uid=E0DE0BB1C3AEF6A3C1257DAA00406BB4
Sat, 24 Oct 2015 19:07:44 - FETCH SESSION: http://www.dz-rs.si/wps/portal/Home/deloDZ/seje/izbranaSejaDt?mandat=VII&seja=13%20004.%20Redna&uid=D14F7348349CAA70C1257D88003A8D57
Sat, 24 Oct 2015 19:07:45 - FETCH SPEECH: http://www.dz-rs.si/wps/portal/Home/deloDZ/seje/evidenca?mandat=VII&type=pmagdt&uid=8A6367A0ECC0D023C1257DA1003FF929
Sat, 24 Oct 2015 19:07:47 - FETCH DOC: http://www.dz-rs.si/wps/portal/Home/deloDZ/seje/evidenca?mandat=VII&type=dt&uid=B4E6C4EA511897DCC1257D88003F9BFB
Sat, 24 Oct 2015 19:07:47 - FETCH DOC: http://www.dz-rs.si/wps/portal/Home/deloDZ/seje/evidenca?mandat=VII&type=dt&uid=2065F0051039D426C1257D890042CD04
Sat, 24 Oct 2015 19:07:47 - FETCH DOC: http://www.dz-rs.si/wps/portal/Home/deloDZ/seje/evidenca?mandat=VII&type=dt&uid=A38C06A9C9C82B74C1257D950028744E
Sat, 24 Oct 2015 19:07:48 - FETCH SESSION: http://www.dz-rs.si/wps/portal/Home/deloDZ/seje/izbranaSejaDt?mandat=VII&seja=13%20004.%20Nujna&uid=B28EAA2533C02EBAC1257D87004ED295
Sat, 24 Oct 2015 19:07:48 - FETCH SPEECH: http://www.dz-rs.si/wps/portal/Home/deloDZ/seje/evidenca?mandat=VII&type=pmagdt&uid=9BBB0F9E519345B6C1257D8F004A7628
Sat, 24 Oct 2015 19:07:49 - FETCH DOC: http://www.dz-rs.si/wps/portal/Home/deloDZ/seje/evidenca?mandat=VII&type=dt&uid=3B30B1C2296C15C1C1257D87004F1CB1
Sat, 24 Oct 2015 19:07:49 - FETCH SESSION: http://www.dz-rs.si/wps/portal/Home/deloDZ/seje/izbranaSejaDt?mandat=VII&seja=13%20003.%20Nujna&uid=503EB573E5875A8EC1257D8600257710
Sat, 24 Oct 2015 19:07:50 - FETCH SPEECH: http://www.dz-rs.si/wps/portal/Home/deloDZ/seje/evidenca?mandat=VII&type=pmagdt&uid=B74A12F6D8F05574C1257D8E002D361E
Sat, 24 Oct 2015 19:07:53 - FETCH DOC: http://www.dz-rs.si/wps/portal/Home/deloDZ/seje/evidenca?mandat=VII&type=dt&uid=56E93012436C4AF7C1257D860044C1C6
Sat, 24 Oct 2015 19:07:54 - FETCH DOC: http://www.dz-rs.si/wps/portal/Home/deloDZ/seje/evidenca?mandat=VII&type=dt&uid=139AFE51E01560AFC1257D890042DB70
Sat, 24 Oct 2015 19:07:54 - FETCH SESSION: http://www.dz-rs.si/wps/portal/Home/deloDZ/seje/izbranaSejaDt?mandat=VII&seja=13%20003.%20Redna&uid=17D67119EDB1DA66C1257D730041EBFD
Sat, 24 Oct 2015 19:07:55 - FETCH SPEECH: http://www.dz-rs.si/wps/portal/Home/deloDZ/seje/evidenca?mandat=VII&type=pmagdt&uid=A0B3E6FECF7A704FC1257D88002ECB50
Sat, 24 Oct 2015 19:07:57 - FETCH DOC: http://www.dz-rs.si/wps/portal/Home/deloDZ/seje/evidenca?mandat=VII&type=dt&uid=374B1CFFE5A37002C1257D73004531DE
Sat, 24 Oct 2015 19:07:57 - FETCH DOC: http://www.dz-rs.si/wps/portal/Home/deloDZ/seje/evidenca?mandat=VII&type=dt&uid=A21F57D9AB6BCC44C1257D80003281F8
Sat, 24 Oct 2015 19:07:57 - FETCH SESSION: http://www.dz-rs.si/wps/portal/Home/deloDZ/seje/izbranaSejaDt?mandat=VII&seja=13%20002.%20Redna&uid=DA2B0F98AC8997C1C1257D6A0028C646
Sat, 24 Oct 2015 19:07:58 - FETCH SPEECH: http://www.dz-rs.si/wps/portal/Home/deloDZ/seje/evidenca?mandat=VII&type=pmagdt&uid=6A1A48BA92939A05C1257D72002B368D
Sat, 24 Oct 2015 19:07:59 - FETCH DOC: http://www.dz-rs.si/wps/portal/Home/deloDZ/seje/evidenca?mandat=VII&type=dt&uid=7CE16F0528DAD00EC1257D6A0029216D
Sat, 24 Oct 2015 19:08:01 - FETCH SESSION: http://www.dz-rs.si/wps/portal/Home/deloDZ/seje/izbranaSejaDt?mandat=VII&seja=13%20002.%20Nujna&uid=45771EC9C5E368CFC1257D5F001F7B72
Sat, 24 Oct 2015 19:08:02 - FETCH SPEECH: http://www.dz-rs.si/wps/portal/Home/deloDZ/seje/evidenca?mandat=VII&type=pmagdt&uid=BC1422334B832A8FC1257D700032A6A5
Sat, 24 Oct 2015 19:08:06 - FETCH DOC: http://www.dz-rs.si/wps/portal/Home/deloDZ/seje/evidenca?mandat=VII&type=dt&uid=B92859BD2A7DE7CAC1257D63002B7617
Sat, 24 Oct 2015 19:08:06 - FETCH DOC: http://www.dz-rs.si/wps/portal/Home/deloDZ/seje/evidenca?mandat=VII&type=dt&uid=79059E1E5E8320F0C1257D6C003E6D85
Sat, 24 Oct 2015 19:08:06 - FETCH SESSION: http://www.dz-rs.si/wps/portal/Home/deloDZ/seje/izbranaSejaDt?mandat=VII&seja=13%20001.%20Redna&uid=4BA1C0E48A1C9770C1257D5000428F08
Sat, 24 Oct 2015 19:08:07 - FETCH SPEECH: http://www.dz-rs.si/wps/portal/Home/deloDZ/seje/evidenca?mandat=VII&type=pmagdt&uid=4F81B018EC55F325C1257D6300343619
Sat, 24 Oct 2015 19:08:10 - FETCH DOC: http://www.dz-rs.si/wps/portal/Home/deloDZ/seje/evidenca?mandat=VII&type=dt&uid=EA9AA68B71512EEAC1257D500048DB0A
Sat, 24 Oct 2015 19:08:10 - FETCH SESSION: http://www.dz-rs.si/wps/portal/Home/deloDZ/seje/izbranaSejaDt?mandat=VII&seja=13%20001.%20Nujna&uid=999C71CE21892359C1257D4E0025E65C
Sat, 24 Oct 2015 19:08:11 - FETCH SPEECH: http://www.dz-rs.si/wps/portal/Home/deloDZ/seje/evidenca?mandat=VII&type=pmagdt&uid=F2F3E489438FB5B4C1257D540026BDB0
Sat, 24 Oct 2015 19:08:13 - FETCH DOC: http://www.dz-rs.si/wps/portal/Home/deloDZ/seje/evidenca?mandat=VII&type=dt&uid=2C798DD1A7A90715C1257D4F004A7C78
Sat, 24 Oct 2015 19:08:13 - FETCH SESSION: http://www.dz-rs.si/wps/portal/Home/deloDZ/seje/izbranaSejaDt?mandat=VI&seja=13%20045.%20Nujna&uid=4A8A15493DDC13C3C1257D1F005A90BF
Sat, 24 Oct 2015 19:08:14 - FETCH SPEECH: http://www.dz-rs.si/wps/portal/Home/deloDZ/seje/evidenca?mandat=VI&type=pmagdt&uid=4D628228E1F69F05C1257D0B002EC71B
Sat, 24 Oct 2015 19:08:16 - FETCH DOC: http://www.dz-rs.si/wps/portal/Home/deloDZ/seje/evidenca?mandat=VI&type=dt&uid=7AC35F374F0EC0BDC1257D1F005A90CB
Sat, 24 Oct 2015 19:08:16 - FETCH SESSION: http://www.dz-rs.si/wps/portal/Home/deloDZ/seje/izbranaSejaDt?mandat=VI&seja=13%20044.%20Nujna&uid=80E274680CB1FE3AC1257D1F005A8F98
Sat, 24 Oct 2015 19:08:17 - FETCH SPEECH: http://www.dz-rs.si/wps/portal/Home/deloDZ/seje/evidenca?mandat=VI&type=pmagdt&uid=1081E287059DE165C1257D01003B1C8F
Sat, 24 Oct 2015 19:08:18 - FETCH DOC: http://www.dz-rs.si/wps/portal/Home/deloDZ/seje/evidenca?mandat=VI&type=dt&uid=56379436AD3FED4DC1257D1F005A8F9D
Sat, 24 Oct 2015 19:08:19 - FETCH DOC: http://www.dz-rs.si/wps/portal/Home/deloDZ/seje/evidenca?mandat=VI&type=dt&uid=649D30B346988D24C1257D1F005A9047
Sat, 24 Oct 2015 19:08:19 - FETCH SESSION: http://www.dz-rs.si/wps/portal/Home/deloDZ/seje/izbranaSejaDt?mandat=VI&seja=13%20043.%20Nujna&uid=8B15720EF4C2884CC1257D1F005A8F80
Sat, 24 Oct 2015 19:08:19 - FETCH SPEECH: http://www.dz-rs.si/wps/portal/Home/deloDZ/seje/evidenca?mandat=VI&type=pmagdt&uid=5E3F892E085E5A1FC1257CF6003D3648
Sat, 24 Oct 2015 19:08:20 - FETCH DOC: http://www.dz-rs.si/wps/portal/Home/deloDZ/seje/evidenca?mandat=VI&type=dt&uid=8836A852823887A7C1257D1F005A8F83
Sat, 24 Oct 2015 19:08:20 - FETCH DOC: http://www.dz-rs.si/wps/portal/Home/deloDZ/seje/evidenca?mandat=VI&type=dt&uid=DA908B7085C9D693C1257D1F005A8F97
Sat, 24 Oct 2015 19:08:21 - FETCH DOC: http://www.dz-rs.si/wps/portal/Home/deloDZ/seje/evidenca?mandat=VI&type=dt&uid=C752FA5B30B3ABE2C1257D1F005A8FE9
Sat, 24 Oct 2015 19:08:21 - FETCH SESSION: http://www.dz-rs.si/wps/portal/Home/deloDZ/seje/izbranaSejaDt?mandat=VI&seja=13%20042.%20Nujna&uid=D643298478D2C681C1257D1F005A8E0F
Sat, 24 Oct 2015 19:08:22 - FETCH SPEECH: http://www.dz-rs.si/wps/portal/Home/deloDZ/seje/evidenca?mandat=VI&type=pmagdt&uid=62646A56CD75B7F6C1257CF9003D5889
Sat, 24 Oct 2015 19:08:24 - FETCH DOC: http://www.dz-rs.si/wps/portal/Home/deloDZ/seje/evidenca?mandat=VI&type=dt&uid=DD9150BBD53CD839C1257D1F005A8E15
Sat, 24 Oct 2015 19:08:24 - FETCH DOC: http://www.dz-rs.si/wps/portal/Home/deloDZ/seje/evidenca?mandat=VI&type=dt&uid=A3D20928E11493ADC1257D1F005A8EF2
Sat, 24 Oct 2015 19:08:24 - FETCH DOC: http://www.dz-rs.si/wps/portal/Home/deloDZ/seje/evidenca?mandat=VI&type=dt&uid=DC304382D813577EC1257D1F005A8F4E
Sat, 24 Oct 2015 19:08:25 - FETCH SESSION: http://www.dz-rs.si/wps/portal/Home/deloDZ/seje/izbranaSejaDt?mandat=VI&seja=13%20039.%20Redna&uid=7E33659FBE71008CC1257D1F005A8DA1
Sat, 24 Oct 2015 19:08:26 - FETCH SPEECH: http://www.dz-rs.si/wps/portal/Home/deloDZ/seje/evidenca?mandat=VI&type=pmagdt&uid=B9D677655AFE4EA4C1257CEE003A7298
Sat, 24 Oct 2015 19:08:32 - FETCH DOC: http://www.dz-rs.si/wps/portal/Home/deloDZ/seje/evidenca?mandat=VI&type=dt&uid=E3AA4E3881297E37C1257D1F005A8DF2
Sat, 24 Oct 2015 19:08:32 - FETCH DOC: http://www.dz-rs.si/wps/portal/Home/deloDZ/seje/evidenca?mandat=VI&type=dt&uid=1E2E4E1EF53675EEC1257D1F005A8EDC
Sat, 24 Oct 2015 19:08:32 - FETCH DOC: http://www.dz-rs.si/wps/portal/Home/deloDZ/seje/evidenca?mandat=VI&type=dt&uid=8C76FE0ED7E26AFCC1257D1F005A8ED1
Sat, 24 Oct 2015 19:08:33 - FETCH DOC: http://www.dz-rs.si/wps/portal/Home/deloDZ/seje/evidenca?mandat=VI&type=dt&uid=009CA0342F0AEE18C1257D1F005A8EF1
Sat, 24 Oct 2015 19:08:33 - FETCH DOC: http://www.dz-rs.si/wps/portal/Home/deloDZ/seje/evidenca?mandat=VI&type=dt&uid=E218D4E93F3416C4C1257D1F005A8EEA
Sat, 24 Oct 2015 19:08:33 - FETCH DOC: http://www.dz-rs.si/wps/portal/Home/deloDZ/seje/evidenca?mandat=VI&type=dt&uid=3434622C14558303C1257D1F005A8EF4
Sat, 24 Oct 2015 19:08:34 - FETCH DOC: http://www.dz-rs.si/wps/portal/Home/deloDZ/seje/evidenca?mandat=VI&type=dt&uid=AD693E0CBFCF38C8C1257D1F005A8EFF
Sat, 24 Oct 2015 19:08:34 - FETCH DOC: http://www.dz-rs.si/wps/portal/Home/deloDZ/seje/evidenca?mandat=VI&type=dt&uid=B45CA21012347625C1257D1F005A8F4C
Sat, 24 Oct 2015 19:08:34 - FETCH SESSION: http://www.dz-rs.si/wps/portal/Home/deloDZ/seje/izbranaSejaDt?mandat=VI&seja=13%20038.%20Redna&uid=0ABA6C6B3579B837C1257D1F005A8AD0
Sat, 24 Oct 2015 19:08:35 - FETCH SPEECH: http://www.dz-rs.si/wps/portal/Home/deloDZ/seje/evidenca?mandat=VI&type=pmagdt&uid=E110500EAC206422C1257CE7002D5AD0
Sat, 24 Oct 2015 19:08:36 - FETCH DOC: http://www.dz-rs.si/wps/portal/Home/deloDZ/seje/evidenca?mandat=VI&type=dt&uid=9DF0F0F4502F75DAC1257D1F005A8DED
Sat, 24 Oct 2015 19:08:36 - FETCH SESSION: http://www.dz-rs.si/wps/portal/Home/deloDZ/seje/izbranaSejaDt?mandat=VI&seja=13%20041.%20Nujna&uid=AE4B03CBAD138416C1257D1F005A8CBB
Sat, 24 Oct 2015 19:08:37 - FETCH SPEECH: http://www.dz-rs.si/wps/portal/Home/deloDZ/seje/evidenca?mandat=VI&type=pmagdt&uid=EE23460290D93B03C1257CDD00274166
Sat, 24 Oct 2015 19:08:38 - FETCH DOC: http://www.dz-rs.si/wps/portal/Home/deloDZ/seje/evidenca?mandat=VI&type=dt&uid=381C35736A31953AC1257D1F005A8CCB
Sat, 24 Oct 2015 19:08:39 - FETCH DOC: http://www.dz-rs.si/wps/portal/Home/deloDZ/seje/evidenca?mandat=VI&type=dt&uid=685A8D592E0D1EC2C1257D1F005A8D0A
Sat, 24 Oct 2015 19:08:39 - FETCH SESSION: http://www.dz-rs.si/wps/portal/Home/deloDZ/seje/izbranaSejaDt?mandat=VI&seja=13%20040.%20Nujna&uid=D244AFE3FF90DFBFC1257D1F005A8C59
Sat, 24 Oct 2015 19:08:40 - FETCH SPEECH: http://www.dz-rs.si/wps/portal/Home/deloDZ/seje/evidenca?mandat=VI&type=pmagdt&uid=F4CF1EBA5547884AC1257CD800237D8D
Sat, 24 Oct 2015 19:08:42 - FETCH DOC: http://www.dz-rs.si/wps/portal/Home/deloDZ/seje/evidenca?mandat=VI&type=dt&uid=EFD0161FFC325438C1257D1F005A8C6A
Sat, 24 Oct 2015 19:08:42 - FETCH DOC: http://www.dz-rs.si/wps/portal/Home/deloDZ/seje/evidenca?mandat=VI&type=dt&uid=6C6E588A6510999FC1257D1F005A8C88
Sat, 24 Oct 2015 19:08:43 - FETCH DOC: http://www.dz-rs.si/wps/portal/Home/deloDZ/seje/evidenca?mandat=VI&type=dt&uid=620135DF9B50E115C1257D1F005A8CE1
Sat, 24 Oct 2015 19:08:43 - FETCH SESSION: http://www.dz-rs.si/wps/portal/Home/deloDZ/seje/izbranaSejaDt?mandat=VI&seja=13%20037.%20Redna&uid=9B3AE7E94349BD83C1257D1F005A8B8D
Sat, 24 Oct 2015 19:08:43 - FETCH SPEECH: http://www.dz-rs.si/wps/portal/Home/deloDZ/seje/evidenca?mandat=VI&type=pmagdt&uid=89E45A344E85C9D2C1257CD10020DB74
Sat, 24 Oct 2015 19:08:45 - FETCH DOC: http://www.dz-rs.si/wps/portal/Home/deloDZ/seje/evidenca?mandat=VI&type=dt&uid=5FD7C5CC4712D6BBC1257D1F005A8B95
Sat, 24 Oct 2015 19:08:45 - FETCH DOC: http://www.dz-rs.si/wps/portal/Home/deloDZ/seje/evidenca?mandat=VI&type=dt&uid=3F5E8B0230D120D4C1257D1F005A8C38
Sat, 24 Oct 2015 19:08:45 - FETCH SESSION: http://www.dz-rs.si/wps/portal/Home/deloDZ/seje/izbranaSejaDt?mandat=VI&seja=13%20039.%20Nujna&uid=55D12C8A3484E663C1257D1F005A8B55
Sat, 24 Oct 2015 19:08:46 - FETCH SPEECH: http://www.dz-rs.si/wps/portal/Home/deloDZ/seje/evidenca?mandat=VI&type=pmagdt&uid=85D6C75D098D3C46C1257CC800208973
Sat, 24 Oct 2015 19:08:50 - FETCH DOC: http://www.dz-rs.si/wps/portal/Home/deloDZ/seje/evidenca?mandat=VI&type=dt&uid=B5818349237CADBFC1257D1F005A8B5E
Sat, 24 Oct 2015 19:08:51 - FETCH DOC: http://www.dz-rs.si/wps/portal/Home/deloDZ/seje/evidenca?mandat=VI&type=dt&uid=F67E4A9866DA3357C1257D1F005A8B84
Sat, 24 Oct 2015 19:08:51 - FETCH DOC: http://www.dz-rs.si/wps/portal/Home/deloDZ/seje/evidenca?mandat=VI&type=dt&uid=CE0A0A4B98552A05C1257D1F005A8BCB
Sat, 24 Oct 2015 19:08:51 - FETCH DOC: http://www.dz-rs.si/wps/portal/Home/deloDZ/seje/evidenca?mandat=VI&type=dt&uid=2F7F087AD2454DCCC1257D1F005A8BF9
Sat, 24 Oct 2015 19:08:52 - FETCH SESSION: http://www.dz-rs.si/wps/portal/Home/deloDZ/seje/izbranaSejaDt?mandat=VI&seja=13%20038.%20Nujna&uid=3BC85020326640DFC1257D1F005A8ACE
Sat, 24 Oct 2015 19:08:53 - FETCH SPEECH: http://www.dz-rs.si/wps/portal/Home/deloDZ/seje/evidenca?mandat=VI&type=pmagdt&uid=C072C4BB3F9C772DC1257CBD00385F88
Sat, 24 Oct 2015 19:08:55 - FETCH DOC: http://www.dz-rs.si/wps/portal/Home/deloDZ/seje/evidenca?mandat=VI&type=dt&uid=E121243EA1847B01C1257D1F005A8AD2
Sat, 24 Oct 2015 19:08:56 - FETCH DOC: http://www.dz-rs.si/wps/portal/Home/deloDZ/seje/evidenca?mandat=VI&type=dt&uid=D18165AA4661E207C1257D1F005A8B3C
Sat, 24 Oct 2015 19:08:56 - FETCH DOC: http://www.dz-rs.si/wps/portal/Home/deloDZ/seje/evidenca?mandat=VI&type=dt&uid=AA3ABF0097668B59C1257D1F005A8B4B
Sat, 24 Oct 2015 19:08:56 - FETCH SESSION: http://www.dz-rs.si/wps/portal/Home/deloDZ/seje/izbranaSejaDt?mandat=VI&seja=13%20036.%20Redna&uid=FFA8B3F66BA15347C1257D1F005A8A72
Sat, 24 Oct 2015 19:08:57 - FETCH SPEECH: http://www.dz-rs.si/wps/portal/Home/deloDZ/seje/evidenca?mandat=VI&type=pmagdt&uid=A70D5185C21A9300C1257CBD0028E093
Sat, 24 Oct 2015 19:08:57 - FETCH DOC: http://www.dz-rs.si/wps/portal/Home/deloDZ/seje/evidenca?mandat=VI&type=dt&uid=9DB8A554AFCCF0D7C1257D1F005A8A76
Sat, 24 Oct 2015 19:08:58 - FETCH DOC: http://www.dz-rs.si/wps/portal/Home/deloDZ/seje/evidenca?mandat=VI&type=dt&uid=080A56D19867D2B1C1257D1F005A8ACB
Sat, 24 Oct 2015 19:08:58 - FETCH SESSION: http://www.dz-rs.si/wps/portal/Home/deloDZ/seje/izbranaSejaDt?mandat=VII&seja=53%20015.%20Redna&uid=41A807F4F49400E0C1257ECF002F74D2
Sat, 24 Oct 2015 19:08:59 - FETCH DOC: http://www.dz-rs.si/wps/portal/Home/deloDZ/seje/evidenca?mandat=VII&type=dt&uid=76C6E32B984E5470C1257ECF003468DA
Sat, 24 Oct 2015 19:08:59 - FETCH DOC: http://www.dz-rs.si/wps/portal/Home/deloDZ/seje/evidenca?mandat=VII&type=dt&uid=2C81DD939738C940C1257EE4002786A4
Sat, 24 Oct 2015 19:08:59 - FETCH SESSION: http://www.dz-rs.si/wps/portal/Home/deloDZ/seje/izbranaSejaDt?mandat=VII&seja=53%20014.%20Redna&uid=AE12A0938901DF38C1257EB30032EA5A
Sat, 24 Oct 2015 19:09:00 - FETCH SPEECH: http://www.dz-rs.si/wps/portal/Home/deloDZ/seje/evidenca?mandat=VII&type=pmagdt&uid=225CAAD7663752CFC1257ED800298901
Sat, 24 Oct 2015 19:09:02 - FETCH DOC: http://www.dz-rs.si/wps/portal/Home/deloDZ/seje/evidenca?mandat=VII&type=dt&uid=9AE54C0A609C202CC1257EC8003CCB7E
Sat, 24 Oct 2015 19:09:03 - FETCH DOC: http://www.dz-rs.si/wps/portal/Home/deloDZ/seje/evidenca?mandat=VII&type=dt&uid=C3B1FE97A748D773C1257ECB003C2D41
Sat, 24 Oct 2015 19:09:03 - FETCH DOC: http://www.dz-rs.si/wps/portal/Home/deloDZ/seje/evidenca?mandat=VII&type=dt&uid=93EFE0E2F23D3762C1257ECE004E7D6D
Sat, 24 Oct 2015 19:09:03 - FETCH DOC: http://www.dz-rs.si/wps/portal/Home/deloDZ/seje/evidenca?mandat=VII&type=dt&uid=D4A11154A56D93ECC1257ED7002C6A31
Sat, 24 Oct 2015 19:09:04 - FETCH SESSION: http://www.dz-rs.si/wps/portal/Home/deloDZ/seje/izbranaSejaDt?mandat=VII&seja=53%20013.%20Nujna&uid=6AF1EC144449E599C1257ED50034E1B7
Sat, 24 Oct 2015 19:09:04 - FETCH SPEECH: http://www.dz-rs.si/wps/portal/Home/deloDZ/seje/evidenca?mandat=VII&type=pmagdt&uid=D58A171C0A853C9BC1257ED90028C4B9
Sat, 24 Oct 2015 19:09:06 - FETCH DOC: http://www.dz-rs.si/wps/portal/Home/deloDZ/seje/evidenca?mandat=VII&type=dt&uid=69B225A6D624277CC1257ED50035E62D
Sat, 24 Oct 2015 19:09:07 - FETCH DOC: http://www.dz-rs.si/wps/portal/Home/deloDZ/seje/evidenca?mandat=VII&type=dt&uid=DC53281AD0E3BD65C1257ED60043B77A
Sat, 24 Oct 2015 19:09:07 - FETCH SESSION: http://www.dz-rs.si/wps/portal/Home/deloDZ/seje/izbranaSejaDt?mandat=VII&seja=53%20012.%20Nujna&uid=3C52053C849131C5C1257EC80041E108
Sat, 24 Oct 2015 19:09:08 - FETCH SPEECH: http://www.dz-rs.si/wps/portal/Home/deloDZ/seje/evidenca?mandat=VII&type=pmagdt&uid=E76A3225AD4B728DC1257ED700273A4F
Sat, 24 Oct 2015 19:09:11 - FETCH DOC: http://www.dz-rs.si/wps/portal/Home/deloDZ/seje/evidenca?mandat=VII&type=dt&uid=562981466A779E62C1257EC800465F76
Sat, 24 Oct 2015 19:09:12 - FETCH SESSION: http://www.dz-rs.si/wps/portal/Home/deloDZ/seje/izbranaSejaDt?mandat=VII&seja=53%20011.%20Nujna&uid=71F9FE4CE7EA150DC1257EC8003E537B
Sat, 24 Oct 2015 19:09:12 - FETCH SPEECH: http://www.dz-rs.si/wps/portal/Home/deloDZ/seje/evidenca?mandat=VII&type=pmagdt&uid=EF0585324716C00EC1257ED6002F056E
Sat, 24 Oct 2015 19:09:13 - FETCH DOC: http://www.dz-rs.si/wps/portal/Home/deloDZ/seje/evidenca?mandat=VII&type=dt&uid=761E0CB77BA84E9BC1257EC8004BD433
Sat, 24 Oct 2015 19:09:13 - FETCH DOC: http://www.dz-rs.si/wps/portal/Home/deloDZ/seje/evidenca?mandat=VII&type=dt&uid=1314876F09EF0883C1257ECA004542F5
Sat, 24 Oct 2015 19:09:13 - FETCH SESSION: http://www.dz-rs.si/wps/portal/Home/deloDZ/seje/izbranaSejaDt?mandat=VII&seja=53%20013.%20Redna&uid=E00980D9D3037CAAC1257E89003DC9F4
Sat, 24 Oct 2015 19:09:14 - FETCH SPEECH: http://www.dz-rs.si/wps/portal/Home/deloDZ/seje/evidenca?mandat=VII&type=pmagdt&uid=1AD92D831EB075FBC1257ED2002DA9E2
Sat, 24 Oct 2015 19:09:15 - FETCH DOC: http://www.dz-rs.si/wps/portal/Home/deloDZ/seje/evidenca?mandat=VII&type=dt&uid=01BF0DDE6E19BE49C1257E89003E7807
Sat, 24 Oct 2015 19:09:15 - FETCH SESSION: http://www.dz-rs.si/wps/portal/Home/deloDZ/seje/izbranaSejaDt?mandat=VII&seja=53%20012.%20Redna&uid=EF6B72AFF0683BEEC1257E8400360EC2
Sat, 24 Oct 2015 19:09:16 - FETCH DOC: http://www.dz-rs.si/wps/portal/Home/deloDZ/seje/evidenca?mandat=VII&type=dt&uid=75621ABB84D43C87C1257E840037A64F
Sat, 24 Oct 2015 19:09:16 - FETCH DOC: http://www.dz-rs.si/wps/portal/Home/deloDZ/seje/evidenca?mandat=VII&type=dt&uid=0491332908A72D19C1257EAC003675E1
Sat, 24 Oct 2015 19:09:17 - FETCH DOC: http://www.dz-rs.si/wps/portal/Home/deloDZ/seje/evidenca?mandat=VII&type=dt&uid=011E0F3EE5F47811C1257EAD00389DB1
Sat, 24 Oct 2015 19:09:17 - FETCH DOC: http://www.dz-rs.si/wps/portal/Home/deloDZ/seje/evidenca?mandat=VII&type=dt&uid=6DB2AB651E9C50B8C1257EB6003E07E2
Sat, 24 Oct 2015 19:09:17 - FETCH SESSION: http://www.dz-rs.si/wps/portal/Home/deloDZ/seje/izbranaSejaDt?mandat=VII&seja=53%20010.%20Nujna&uid=754DC9924CE258CDC1257E650031FE81
Sat, 24 Oct 2015 19:09:18 - FETCH SPEECH: http://www.dz-rs.si/wps/portal/Home/deloDZ/seje/evidenca?mandat=VII&type=pmagdt&uid=C16F28BFA219AABBC1257EBC0042F77C
Sat, 24 Oct 2015 19:09:20 - FETCH DOC: http://www.dz-rs.si/wps/portal/Home/deloDZ/seje/evidenca?mandat=VII&type=dt&uid=3676DF3855EDB56DC1257EB600394BBE
Sat, 24 Oct 2015 19:09:20 - FETCH DOC: http://www.dz-rs.si/wps/portal/Home/deloDZ/seje/evidenca?mandat=VII&type=dt&uid=321D3D3A4119928FC1257EBA0046224C
Sat, 24 Oct 2015 19:09:21 - FETCH SESSION: http://www.dz-rs.si/wps/portal/Home/deloDZ/seje/izbranaSejaDt?mandat=VII&seja=53%20011.%20Redna&uid=F5CD3A4348E09393C1257E6100377F56
Sat, 24 Oct 2015 19:09:21 - FETCH SPEECH: http://www.dz-rs.si/wps/portal/Home/deloDZ/seje/evidenca?mandat=VII&type=pmagdt&uid=83C6B6D281567F28C1257E91003B20C8
Sat, 24 Oct 2015 19:09:23 - FETCH DOC: http://www.dz-rs.si/wps/portal/Home/deloDZ/seje/evidenca?mandat=VII&type=dt&uid=729576F23202CEA7C1257E610039FB23
Sat, 24 Oct 2015 19:09:23 - FETCH DOC: http://www.dz-rs.si/wps/portal/Home/deloDZ/seje/evidenca?mandat=VII&type=dt&uid=9BAF781393C23B06C1257E76003E6D92
Sat, 24 Oct 2015 19:09:24 - FETCH DOC: http://www.dz-rs.si/wps/portal/Home/deloDZ/seje/evidenca?mandat=VII&type=dt&uid=7B74E83894F054C8C1257E7D004B428F
Sat, 24 Oct 2015 19:09:24 - FETCH SESSION: http://www.dz-rs.si/wps/portal/Home/deloDZ/seje/izbranaSejaDt?mandat=VII&seja=53%20010.%20Redna&uid=1A4005CF614AB3D3C1257E61003081FE
Sat, 24 Oct 2015 19:09:25 - FETCH SPEECH: http://www.dz-rs.si/wps/portal/Home/deloDZ/seje/evidenca?mandat=VII&type=pmagdt&uid=DEEED517191F0275C1257EC3003130B4
Sat, 24 Oct 2015 19:09:27 - FETCH DOC: http://www.dz-rs.si/wps/portal/Home/deloDZ/seje/evidenca?mandat=VII&type=dt&uid=65393225AD2E31E3C1257E610036AC31
Sat, 24 Oct 2015 19:09:27 - FETCH DOC: http://www.dz-rs.si/wps/portal/Home/deloDZ/seje/evidenca?mandat=VII&type=dt&uid=F722FD85E9F6E4AAC1257E7A0049C53F
Sat, 24 Oct 2015 19:09:27 - FETCH SESSION: http://www.dz-rs.si/wps/portal/Home/deloDZ/seje/izbranaSejaDt?mandat=VII&seja=53%20009.%20Redna&uid=077A5AE9A1F14282C1257E610029A468
Sat, 24 Oct 2015 19:09:28 - FETCH SPEECH: http://www.dz-rs.si/wps/portal/Home/deloDZ/seje/evidenca?mandat=VII&type=pmagdt&uid=B5470610C34DEE38C1257E8B00296A88
Sat, 24 Oct 2015 19:09:36 - FETCH DOC: http://www.dz-rs.si/wps/portal/Home/deloDZ/seje/evidenca?mandat=VII&type=dt&uid=84EBF00D585CD603C1257E670049321B
Sat, 24 Oct 2015 19:09:36 - FETCH DOC: http://www.dz-rs.si/wps/portal/Home/deloDZ/seje/evidenca?mandat=VII&type=dt&uid=D40D78A2D50C2CCAC1257E6900381A20
Sat, 24 Oct 2015 19:09:37 - FETCH DOC: http://www.dz-rs.si/wps/portal/Home/deloDZ/seje/evidenca?mandat=VII&type=dt&uid=E33FF750827167BAC1257E7300388056
Sat, 24 Oct 2015 19:09:37 - FETCH DOC: http://www.dz-rs.si/wps/portal/Home/deloDZ/seje/evidenca?mandat=VII&type=dt&uid=4C7B843DA914BD58C1257E74004637E8
Sat, 24 Oct 2015 19:09:37 - FETCH DOC: http://www.dz-rs.si/wps/portal/Home/deloDZ/seje/evidenca?mandat=VII&type=dt&uid=E72D759A1D3AF3C7C1257E750027D4EB
Sat, 24 Oct 2015 19:09:38 - FETCH SESSION: http://www.dz-rs.si/wps/portal/Home/deloDZ/seje/izbranaSejaDt?mandat=VII&seja=53%20009.%20Nujna&uid=0A248477C6CFA1F7C1257E280042F44B
Sat, 24 Oct 2015 19:09:39 - FETCH SPEECH: http://www.dz-rs.si/wps/portal/Home/deloDZ/seje/evidenca?mandat=VII&type=pmagdt&uid=F4BC7041D8055FE9C1257E5000292E25
Sat, 24 Oct 2015 19:09:43 - FETCH DOC: http://www.dz-rs.si/wps/portal/Home/deloDZ/seje/evidenca?mandat=VII&type=dt&uid=FE8D6805708D0F4BC1257E46002AE561
Sat, 24 Oct 2015 19:09:43 - FETCH DOC: http://www.dz-rs.si/wps/portal/Home/deloDZ/seje/evidenca?mandat=VII&type=dt&uid=9E01F06068A0336CC1257E4B004900E7
Sat, 24 Oct 2015 19:09:43 - FETCH SESSION: http://www.dz-rs.si/wps/portal/Home/deloDZ/seje/izbranaSejaDt?mandat=VII&seja=53%20008.%20Redna&uid=7629CB81A004A2DEC1257E2D002FB1D0
Sat, 24 Oct 2015 19:09:44 - FETCH SPEECH: http://www.dz-rs.si/wps/portal/Home/deloDZ/seje/evidenca?mandat=VII&type=pmagdt&uid=1F43D32CE15D242BC1257E3D0028C30F
Sat, 24 Oct 2015 19:09:46 - FETCH DOC: http://www.dz-rs.si/wps/portal/Home/deloDZ/seje/evidenca?mandat=VII&type=dt&uid=6D1AF1D02EC9DB80C1257E2D00310DEE
Sat, 24 Oct 2015 19:09:46 - FETCH SESSION: http://www.dz-rs.si/wps/portal/Home/deloDZ/seje/izbranaSejaDt?mandat=VII&seja=53%20008.%20Nujna&uid=A3BB6AF8CD2530A7C1257E06003411C1
Sat, 24 Oct 2015 19:09:47 - FETCH SPEECH: http://www.dz-rs.si/wps/portal/Home/deloDZ/seje/evidenca?mandat=VII&type=pmagdt&uid=D91F39BEBBF79ACFC1257E18003381AD
Sat, 24 Oct 2015 19:09:47 - FETCH SPEECH: http://www.dz-rs.si/wps/portal/Home/deloDZ/seje/evidenca?mandat=VII&type=pmagdt&uid=99ADCBF88BE2A617C1257E3D0049521C
Sat, 24 Oct 2015 19:09:49 - FETCH DOC: http://www.dz-rs.si/wps/portal/Home/deloDZ/seje/evidenca?mandat=VII&type=dt&uid=F4267E5295EE83A1C1257E060035CC84
Sat, 24 Oct 2015 19:09:49 - FETCH DOC: http://www.dz-rs.si/wps/portal/Home/deloDZ/seje/evidenca?mandat=VII&type=dt&uid=2BE5CCBCFCB3839FC1257E2E003E3D21
Sat, 24 Oct 2015 19:09:50 - FETCH SESSION: http://www.dz-rs.si/wps/portal/Home/deloDZ/seje/izbranaSejaDt?mandat=VII&seja=53%20007.%20Redna&uid=04992B5055E028CBC1257DFD0031F7E3
Sat, 24 Oct 2015 19:09:51 - FETCH SPEECH: http://www.dz-rs.si/wps/portal/Home/deloDZ/seje/evidenca?mandat=VII&type=pmagdt&uid=997E819F48CDA4D7C1257E130061BDED
Sat, 24 Oct 2015 19:09:53 - FETCH DOC: http://www.dz-rs.si/wps/portal/Home/deloDZ/seje/evidenca?mandat=VII&type=dt&uid=3C7A237F111B72C2C1257DFD004663C0
Sat, 24 Oct 2015 19:09:53 - FETCH DOC: http://www.dz-rs.si/wps/portal/Home/deloDZ/seje/evidenca?mandat=VII&type=dt&uid=6750F09A7F0B05ABC1257E07002F8972
Sat, 24 Oct 2015 19:09:53 - FETCH SESSION: http://www.dz-rs.si/wps/portal/Home/deloDZ/seje/izbranaSejaDt?mandat=VII&seja=53%20007.%20Nujna&uid=FD1647E80F0A1D9CC1257DEF00441467
Sat, 24 Oct 2015 19:09:54 - FETCH SPEECH: http://www.dz-rs.si/wps/portal/Home/deloDZ/seje/evidenca?mandat=VII&type=pmagdt&uid=ED13FF72713BE725C1257E0D0037FA5F
Sat, 24 Oct 2015 19:09:56 - FETCH DOC: http://www.dz-rs.si/wps/portal/Home/deloDZ/seje/evidenca?mandat=VII&type=dt&uid=F349A16030606C94C1257DF1003828E4
Sat, 24 Oct 2015 19:09:56 - FETCH DOC: http://www.dz-rs.si/wps/portal/Home/deloDZ/seje/evidenca?mandat=VII&type=dt&uid=789583B43089D9D0C1257DF9002DE7E4
Sat, 24 Oct 2015 19:09:56 - FETCH SESSION: http://www.dz-rs.si/wps/portal/Home/deloDZ/seje/izbranaSejaDt?mandat=VII&seja=53%20006.%20Nujna&uid=A091B18E18D34814C1257DEE003AE0A0
Sat, 24 Oct 2015 19:09:57 - FETCH SPEECH: http://www.dz-rs.si/wps/portal/Home/deloDZ/seje/evidenca?mandat=VII&type=pmagdt&uid=EFA46C8817443178C1257E06002A207E
Sat, 24 Oct 2015 19:10:01 - FETCH DOC: http://www.dz-rs.si/wps/portal/Home/deloDZ/seje/evidenca?mandat=VII&type=dt&uid=6858E9B2C58F2E3EC1257DEE003C5678
Sat, 24 Oct 2015 19:10:02 - FETCH DOC: http://www.dz-rs.si/wps/portal/Home/deloDZ/seje/evidenca?mandat=VII&type=dt&uid=6FE9536C2F1B8B83C1257DF8004A1EA0
Sat, 24 Oct 2015 19:10:02 - FETCH SESSION: http://www.dz-rs.si/wps/portal/Home/deloDZ/seje/izbranaSejaDt?mandat=VII&seja=53%20006.%20Redna&uid=70C13FCD74BAB0B0C1257DDB00294196
Sat, 24 Oct 2015 19:10:04 - FETCH SPEECH: http://www.dz-rs.si/wps/portal/Home/deloDZ/seje/evidenca?mandat=VII&type=pmagdt&uid=A6EC32871125B71DC1257DF900314935
Sat, 24 Oct 2015 19:10:07 - FETCH SPEECH: http://www.dz-rs.si/wps/portal/Home/deloDZ/seje/evidenca?mandat=VII&type=pmagdt&uid=B891F5E55A8B9B62C1257DEE003ABF9B
Sat, 24 Oct 2015 19:10:13 - FETCH SPEECH: http://www.dz-rs.si/wps/portal/Home/deloDZ/seje/evidenca?mandat=VII&type=pmagdt&uid=E2628CB4EC17CEC1C1257DF9003E0967
Sat, 24 Oct 2015 19:10:16 - FETCH DOC: http://www.dz-rs.si/wps/portal/Home/deloDZ/seje/evidenca?mandat=VII&type=dt&uid=504DD39E141C5EB7C1257DDB0034E568
Sat, 24 Oct 2015 19:10:17 - FETCH DOC: http://www.dz-rs.si/wps/portal/Home/deloDZ/seje/evidenca?mandat=VII&type=dt&uid=09F389C55366A5FCC1257DE1003B28D5
Sat, 24 Oct 2015 19:10:17 - FETCH DOC: http://www.dz-rs.si/wps/portal/Home/deloDZ/seje/evidenca?mandat=VII&type=dt&uid=64A64B84B7B31CACC1257DE4004947AD
Sat, 24 Oct 2015 19:10:17 - FETCH DOC: http://www.dz-rs.si/wps/portal/Home/deloDZ/seje/evidenca?mandat=VII&type=dt&uid=890E932969C7FCE5C1257DE700422B59
Sat, 24 Oct 2015 19:10:18 - FETCH DOC: http://www.dz-rs.si/wps/portal/Home/deloDZ/seje/evidenca?mandat=VII&type=dt&uid=B58E9CD992858F6FC1257DE8004F9750
Sat, 24 Oct 2015 19:10:18 - FETCH DOC: http://www.dz-rs.si/wps/portal/Home/deloDZ/seje/evidenca?mandat=VII&type=dt&uid=C258C7494B0CF102C1257DE9004D6A47
Sat, 24 Oct 2015 19:10:18 - FETCH DOC: http://www.dz-rs.si/wps/portal/Home/deloDZ/seje/evidenca?mandat=VII&type=dt&uid=9618F5E071085977C1257DEB003CCC20
Sat, 24 Oct 2015 19:10:19 - FETCH DOC: http://www.dz-rs.si/wps/portal/Home/deloDZ/seje/evidenca?mandat=VII&type=dt&uid=156285458523CA58C1257DEF003BAED3
Sat, 24 Oct 2015 19:10:20 - FETCH SESSION: http://www.dz-rs.si/wps/portal/Home/deloDZ/seje/izbranaSejaDt?mandat=VII&seja=53%20005.%20Nujna&uid=2459A882FC52A019C1257DE200337872
Sat, 24 Oct 2015 19:10:20 - FETCH SPEECH: http://www.dz-rs.si/wps/portal/Home/deloDZ/seje/evidenca?mandat=VII&type=pmagdt&uid=6B6D909B29E25064C1257DEF00397914
Sat, 24 Oct 2015 19:10:21 - FETCH DOC: http://www.dz-rs.si/wps/portal/Home/deloDZ/seje/evidenca?mandat=VII&type=dt&uid=B9D3A480B6CC2908C1257DE200430225
Sat, 24 Oct 2015 19:10:21 - FETCH DOC: http://www.dz-rs.si/wps/portal/Home/deloDZ/seje/evidenca?mandat=VII&type=dt&uid=E42F6C0A0B41E3FEC1257DE900523D40
Sat, 24 Oct 2015 19:10:21 - FETCH SESSION: http://www.dz-rs.si/wps/portal/Home/deloDZ/seje/izbranaSejaDt?mandat=VII&seja=53%20004.%20Nujna&uid=A7215BFC30B51B27C1257DE1002ACB84
Sat, 24 Oct 2015 19:10:22 - FETCH SPEECH: http://www.dz-rs.si/wps/portal/Home/deloDZ/seje/evidenca?mandat=VII&type=pmagdt&uid=8354B0B1B85889E3C1257DE2004CF8F1
Sat, 24 Oct 2015 19:10:23 - FETCH DOC: http://www.dz-rs.si/wps/portal/Home/deloDZ/seje/evidenca?mandat=VII&type=dt&uid=60F0331387546C64C1257DE10042CCCE
Sat, 24 Oct 2015 19:10:23 - FETCH SESSION: http://www.dz-rs.si/wps/portal/Home/deloDZ/seje/izbranaSejaDt?mandat=VII&seja=53%20005.%20Redna&uid=483DFB90C68093C1C1257DB600300339
Sat, 24 Oct 2015 19:10:24 - FETCH SPEECH: http://www.dz-rs.si/wps/portal/Home/deloDZ/seje/evidenca?mandat=VII&type=pmagdt&uid=F3BA65C15E5E0B14C1257DD200393F8D
Sat, 24 Oct 2015 19:10:27 - FETCH DOC: http://www.dz-rs.si/wps/portal/Home/deloDZ/seje/evidenca?mandat=VII&type=dt&uid=5C15A42CB79AD895C1257DB6003090A8
Sat, 24 Oct 2015 19:10:27 - FETCH DOC: http://www.dz-rs.si/wps/portal/Home/deloDZ/seje/evidenca?mandat=VII&type=dt&uid=35D8CCAC968F28EBC1257DCD002FA41B
Sat, 24 Oct 2015 19:10:27 - FETCH DOC: http://www.dz-rs.si/wps/portal/Home/deloDZ/seje/evidenca?mandat=VII&type=dt&uid=B818ABDEF71C946BC1257DCE002DEC15
Sat, 24 Oct 2015 19:10:28 - FETCH SESSION: http://www.dz-rs.si/wps/portal/Home/deloDZ/seje/izbranaSejaDt?mandat=VII&seja=53%20003.%20Nujna&uid=9D6777E30B72D26CC1257DA50033DC3A
Sat, 24 Oct 2015 19:10:28 - FETCH SPEECH: http://www.dz-rs.si/wps/portal/Home/deloDZ/seje/evidenca?mandat=VII&type=pmagdt&uid=CDC50D1D7DB3115FC1257DAB003B6EB1
Sat, 24 Oct 2015 19:10:30 - FETCH DOC: http://www.dz-rs.si/wps/portal/Home/deloDZ/seje/evidenca?mandat=VII&type=dt&uid=DD72F357A2DC2517C1257DA50034856E
Sat, 24 Oct 2015 19:10:31 - FETCH DOC: http://www.dz-rs.si/wps/portal/Home/deloDZ/seje/evidenca?mandat=VII&type=dt&uid=169BE0237C414654C1257DA9004D596D
Sat, 24 Oct 2015 19:10:31 - FETCH SESSION: http://www.dz-rs.si/wps/portal/Home/deloDZ/seje/izbranaSejaDt?mandat=VII&seja=53%20004.%20Redna&uid=5D3E29225BF5E962C1257D940048010B
Sat, 24 Oct 2015 19:10:32 - FETCH SPEECH: http://www.dz-rs.si/wps/portal/Home/deloDZ/seje/evidenca?mandat=VII&type=pmagdt&uid=83065325919B2A77C1257DA500314B06
Sat, 24 Oct 2015 19:10:33 - FETCH DOC: http://www.dz-rs.si/wps/portal/Home/deloDZ/seje/evidenca?mandat=VII&type=dt&uid=12EB109C69A33704C1257D940048C9C7
Sat, 24 Oct 2015 19:10:33 - FETCH SESSION: http://www.dz-rs.si/wps/portal/Home/deloDZ/seje/izbranaSejaDt?mandat=VII&seja=53%20002.%20Nujna&uid=AE85C3349B912BECC1257D96003013C4
Sat, 24 Oct 2015 19:10:34 - FETCH SPEECH: http://www.dz-rs.si/wps/portal/Home/deloDZ/seje/evidenca?mandat=VII&type=pmagdt&uid=B14190912FC4EEEDC1257D9B0049844B
Sat, 24 Oct 2015 19:10:35 - FETCH DOC: http://www.dz-rs.si/wps/portal/Home/deloDZ/seje/evidenca?mandat=VII&type=dt&uid=C0CB2E97B3A49F56C1257D960030FB3B
Sat, 24 Oct 2015 19:10:35 - FETCH DOC: http://www.dz-rs.si/wps/portal/Home/deloDZ/seje/evidenca?mandat=VII&type=dt&uid=0AAADE9CD584801EC1257D97004C26F9
Sat, 24 Oct 2015 19:10:36 - FETCH SESSION: http://www.dz-rs.si/wps/portal/Home/deloDZ/seje/izbranaSejaDt?mandat=VII&seja=53%20003.%20Redna&uid=E882FB1CDA3E0F65C1257D7A002B4510
Sat, 24 Oct 2015 19:10:36 - FETCH SPEECH: http://www.dz-rs.si/wps/portal/Home/deloDZ/seje/evidenca?mandat=VII&type=pmagdt&uid=C4AD91F8B91575A3C1257D8F002F3C03
Sat, 24 Oct 2015 19:10:39 - FETCH DOC: http://www.dz-rs.si/wps/portal/Home/deloDZ/seje/evidenca?mandat=VII&type=dt&uid=C1E281ED85A353ACC1257D7A002EEFAA
Sat, 24 Oct 2015 19:10:40 - FETCH DOC: http://www.dz-rs.si/wps/portal/Home/deloDZ/seje/evidenca?mandat=VII&type=dt&uid=FE99293021A93D0FC1257D870039D37B
Sat, 24 Oct 2015 19:10:40 - FETCH SESSION: http://www.dz-rs.si/wps/portal/Home/deloDZ/seje/izbranaSejaDt?mandat=VII&seja=53%20002.%20Redna&uid=F2067A775F51905AC1257D770028689F
Sat, 24 Oct 2015 19:10:41 - FETCH SPEECH: http://www.dz-rs.si/wps/portal/Home/deloDZ/seje/evidenca?mandat=VII&type=pmagdt&uid=0A5BB81A55AE8040C1257D870044D96A
Sat, 24 Oct 2015 19:10:44 - FETCH DOC: http://www.dz-rs.si/wps/portal/Home/deloDZ/seje/evidenca?mandat=VII&type=dt&uid=F0A5BA040B3C9EF4C1257D7700297A3C
Sat, 24 Oct 2015 19:10:44 - FETCH DOC: http://www.dz-rs.si/wps/portal/Home/deloDZ/seje/evidenca?mandat=VII&type=dt&uid=561F309B2516886AC1257D7B003781F9
Sat, 24 Oct 2015 19:10:45 - FETCH DOC: http://www.dz-rs.si/wps/portal/Home/deloDZ/seje/evidenca?mandat=VII&type=dt&uid=356013B971C39E7BC1257D7F0049CB3A
Sat, 24 Oct 2015 19:10:45 - FETCH DOC: http://www.dz-rs.si/wps/portal/Home/deloDZ/seje/evidenca?mandat=VII&type=dt&uid=D2C337E8A2C155E2C1257D81003970FC
Sat, 24 Oct 2015 19:10:45 - FETCH DOC: http://www.dz-rs.si/wps/portal/Home/deloDZ/seje/evidenca?mandat=VII&type=dt&uid=CBE0974020900F0FC1257D86002E4A85
Sat, 24 Oct 2015 19:10:46 - FETCH SESSION: http://www.dz-rs.si/wps/portal/Home/deloDZ/seje/izbranaSejaDt?mandat=VII&seja=53%20001.%20Redna&uid=792AE54543CDDD24C1257D5100358FA5
Sat, 24 Oct 2015 19:10:46 - FETCH SPEECH: http://www.dz-rs.si/wps/portal/Home/deloDZ/seje/evidenca?mandat=VII&type=pmagdt&uid=450DB5792360BC48C1257D6400353DE4
Sat, 24 Oct 2015 19:10:47 - FETCH SPEECH: http://www.dz-rs.si/wps/portal/Home/deloDZ/seje/evidenca?mandat=VII&type=pmagdt&uid=1F3EF9B6D199FA8EC1257D7A00458C02
Sat, 24 Oct 2015 19:10:51 - FETCH DOC: http://www.dz-rs.si/wps/portal/Home/deloDZ/seje/evidenca?mandat=VII&type=dt&uid=6F58674E26C3B2C0C1257D54002B6C11
Sat, 24 Oct 2015 19:10:52 - FETCH DOC: http://www.dz-rs.si/wps/portal/Home/deloDZ/seje/evidenca?mandat=VII&type=dt&uid=66D906D856545DA3C1257D5C00443E66
Sat, 24 Oct 2015 19:10:52 - FETCH DOC: http://www.dz-rs.si/wps/portal/Home/deloDZ/seje/evidenca?mandat=VII&type=dt&uid=0ED7304B7F2B8DACC1257D6B003B9FD0
Sat, 24 Oct 2015 19:10:52 - FETCH DOC: http://www.dz-rs.si/wps/portal/Home/deloDZ/seje/evidenca?mandat=VII&type=dt&uid=1E3D973502860EB5C1257D73003B0C5E
Sat, 24 Oct 2015 19:10:53 - FETCH SESSION: http://www.dz-rs.si/wps/portal/Home/deloDZ/seje/izbranaSejaDt?mandat=VII&seja=53%20001.%20Nujna&uid=0273A9C30D090B3FC1257D4F00362278
Sat, 24 Oct 2015 19:10:54 - FETCH SPEECH: http://www.dz-rs.si/wps/portal/Home/deloDZ/seje/evidenca?mandat=VII&type=pmagdt&uid=EB1727499F666705C1257D54005251B2
Sat, 24 Oct 2015 19:10:55 - FETCH DOC: http://www.dz-rs.si/wps/portal/Home/deloDZ/seje/evidenca?mandat=VII&type=dt&uid=6CFAA6A05AA23555C1257D4F0037849F
Sat, 24 Oct 2015 19:10:55 - FETCH SESSION: http://www.dz-rs.si/wps/portal/Home/deloDZ/seje/izbranaSejaDt?mandat=VI&seja=53%20041.%20Nujna&uid=54E03A9E028FDAFFC1257D1F005A9096
Sat, 24 Oct 2015 19:10:56 - FETCH SPEECH: http://www.dz-rs.si/wps/portal/Home/deloDZ/seje/evidenca?mandat=VI&type=pmagdt&uid=C0972D1576C0916FC1257D0A003FD4F5
Sat, 24 Oct 2015 19:10:58 - FETCH DOC: http://www.dz-rs.si/wps/portal/Home/deloDZ/seje/evidenca?mandat=VI&type=dt&uid=74DE8B0B022EDA51C1257D1F005A90A4
Sat, 24 Oct 2015 19:10:58 - FETCH DOC: http://www.dz-rs.si/wps/portal/Home/deloDZ/seje/evidenca?mandat=VI&type=dt&uid=43DED91D849C4F9DC1257D1F005A90F5
Sat, 24 Oct 2015 19:10:59 - FETCH DOC: http://www.dz-rs.si/wps/portal/Home/deloDZ/seje/evidenca?mandat=VI&type=dt&uid=DBE8161D8D7BF9ADC1257D1F005A90F9
Sat, 24 Oct 2015 19:10:59 - FETCH SESSION: http://www.dz-rs.si/wps/portal/Home/deloDZ/seje/izbranaSejaDt?mandat=VII&seja=26%20006.%20Nujna&uid=926C33BEFB596F9EC1257ECF002783A8
Sat, 24 Oct 2015 19:11:00 - FETCH DOC: http://www.dz-rs.si/wps/portal/Home/deloDZ/seje/evidenca?mandat=VII&type=dt&uid=A0F8E9E33499CCAFC1257ECF002A8AA7
Sat, 24 Oct 2015 19:11:00 - FETCH SESSION: http://www.dz-rs.si/wps/portal/Home/deloDZ/seje/izbranaSejaDt?mandat=VII&seja=26%20001.%20Sre%3Fanje&uid=0F0309AA8F036864C1257E51002681CF
Sat, 24 Oct 2015 19:11:01 - FETCH DOC: http://www.dz-rs.si/wps/portal/Home/deloDZ/seje/evidenca?mandat=VII&type=dt&uid=0B47F7EEC1B68AE3C1257E53003C3BC1
Sat, 24 Oct 2015 19:11:01 - FETCH DOC: http://www.dz-rs.si/wps/portal/Home/deloDZ/seje/evidenca?mandat=VII&type=dt&uid=5C73831A46DF96AAC1257E770038EF47
Sat, 24 Oct 2015 19:11:02 - FETCH DOC: http://www.dz-rs.si/wps/portal/Home/deloDZ/seje/evidenca?mandat=VII&type=dt&uid=CF030F7B12EA5F27C1257E7B00477081
Sat, 24 Oct 2015 19:11:02 - FETCH SESSION: http://www.dz-rs.si/wps/portal/Home/deloDZ/seje/izbranaSejaDt?mandat=VII&seja=26%20005.%20Nujna&uid=56C75CCC9F01FA1BC1257DE100333F37
Sat, 24 Oct 2015 19:11:02 - FETCH DOC: http://www.dz-rs.si/wps/portal/Home/deloDZ/seje/evidenca?mandat=VII&type=dt&uid=D18B0B83F1D7B454C1257DE10033B917
Sat, 24 Oct 2015 19:11:03 - FETCH SESSION: http://www.dz-rs.si/wps/portal/Home/deloDZ/seje/izbranaSejaDt?mandat=VII&seja=26%20004.%20Nujna&uid=7B590633A8634657C1257DD30029EFF8
Sat, 24 Oct 2015 19:11:03 - FETCH DOC: http://www.dz-rs.si/wps/portal/Home/deloDZ/seje/evidenca?mandat=VII&type=dt&uid=4AA9D3D0B2706CC1C1257DD300477CD0
Sat, 24 Oct 2015 19:11:04 - FETCH DOC: http://www.dz-rs.si/wps/portal/Home/deloDZ/seje/evidenca?mandat=VII&type=dt&uid=E3BE08A45BBAE979C1257DDD0040064D
Sat, 24 Oct 2015 19:11:04 - FETCH DOC: http://www.dz-rs.si/wps/portal/Home/deloDZ/seje/evidenca?mandat=VII&type=dt&uid=BDB711E5B6675B09C1257DE300407278
Sat, 24 Oct 2015 19:11:04 - FETCH DOC: http://www.dz-rs.si/wps/portal/Home/deloDZ/seje/evidenca?mandat=VII&type=dt&uid=FDB81686285AE838C1257DF20030DE36
Sat, 24 Oct 2015 19:11:05 - FETCH SESSION: http://www.dz-rs.si/wps/portal/Home/deloDZ/seje/izbranaSejaDt?mandat=VII&seja=26%20003.%20Nujna&uid=B6395107CEB13DE1C1257D86002E01AD
Sat, 24 Oct 2015 19:11:05 - FETCH DOC: http://www.dz-rs.si/wps/portal/Home/deloDZ/seje/evidenca?mandat=VII&type=dt&uid=BC50CB12D23EBCAFC1257D86004135A3
Sat, 24 Oct 2015 19:11:05 - FETCH SESSION: http://www.dz-rs.si/wps/portal/Home/deloDZ/seje/izbranaSejaDt?mandat=VII&seja=26%20002.%20Nujna&uid=130D00EFA1E11625C1257D7E003F1FCF
Sat, 24 Oct 2015 19:11:06 - FETCH DOC: http://www.dz-rs.si/wps/portal/Home/deloDZ/seje/evidenca?mandat=VII&type=dt&uid=6BA1E37497F755EEC1257D7F004E47E6
Sat, 24 Oct 2015 19:11:07 - FETCH DOC: http://www.dz-rs.si/wps/portal/Home/deloDZ/seje/evidenca?mandat=VII&type=dt&uid=3F1EF04D354D8817C1257D8500490850
Sat, 24 Oct 2015 19:11:07 - FETCH DOC: http://www.dz-rs.si/wps/portal/Home/deloDZ/seje/evidenca?mandat=VII&type=dt&uid=F9702F9DF042AE42C1257D89003946CD
Sat, 24 Oct 2015 19:11:07 - FETCH SESSION: http://www.dz-rs.si/wps/portal/Home/deloDZ/seje/izbranaSejaDt?mandat=VII&seja=26%20001.%20Nujna&uid=71DD40E142BE66C4C1257D4F002582B3
Sat, 24 Oct 2015 19:11:08 - FETCH DOC: http://www.dz-rs.si/wps/portal/Home/deloDZ/seje/evidenca?mandat=VII&type=dt&uid=3B8E8DF4688CA869C1257D4F0038449A
Sat, 24 Oct 2015 19:11:08 - FETCH SESSION: http://www.dz-rs.si/wps/portal/Home/deloDZ/seje/izbranaSejaDt?mandat=VII&seja=12%20022.%20Nujna&uid=9D710C7C0707D3B8C1257ED700418B72
Sat, 24 Oct 2015 19:11:09 - FETCH DOC: http://www.dz-rs.si/wps/portal/Home/deloDZ/seje/evidenca?mandat=VII&type=dt&uid=271B5ABD5D7E3533C1257ED7004263DF
Sat, 24 Oct 2015 19:11:09 - FETCH SESSION: http://www.dz-rs.si/wps/portal/Home/deloDZ/seje/izbranaSejaDt?mandat=VII&seja=12%20021.%20Nujna&uid=9328FF0651CC300CC1257ED100225AF8
Sat, 24 Oct 2015 19:11:10 - FETCH DOC: http://www.dz-rs.si/wps/portal/Home/deloDZ/seje/evidenca?mandat=VII&type=dt&uid=8DE0AE64616289A8C1257ED10023119D
Sat, 24 Oct 2015 19:11:10 - FETCH SESSION: http://www.dz-rs.si/wps/portal/Home/deloDZ/seje/izbranaSejaDt?mandat=VII&seja=12%20013.%20Redna&uid=DC923BC3FE0D3011C1257EC2003A6DC6
Sat, 24 Oct 2015 19:11:11 - FETCH SPEECH: http://www.dz-rs.si/wps/portal/Home/deloDZ/seje/evidenca?mandat=VII&type=pmagdt&uid=BAE23E93FC01BD0EC1257ED200203B0A
Sat, 24 Oct 2015 19:11:15 - FETCH DOC: http://www.dz-rs.si/wps/portal/Home/deloDZ/seje/evidenca?mandat=VII&type=dt&uid=D9C544FA92117ED5C1257EC30027B8CA
Sat, 24 Oct 2015 19:11:15 - FETCH DOC: http://www.dz-rs.si/wps/portal/Home/deloDZ/seje/evidenca?mandat=VII&type=dt&uid=719E2390ED413117C1257EC90039CA0F
Sat, 24 Oct 2015 19:11:16 - FETCH DOC: http://www.dz-rs.si/wps/portal/Home/deloDZ/seje/evidenca?mandat=VII&type=dt&uid=B0CCE4E0B62B06C9C1257ECE003D3151
Sat, 24 Oct 2015 19:11:16 - FETCH DOC: http://www.dz-rs.si/wps/portal/Home/deloDZ/seje/evidenca?mandat=VII&type=dt&uid=1962CA94B6332E1FC1257ED0003B8218
Sat, 24 Oct 2015 19:11:16 - FETCH SESSION: http://www.dz-rs.si/wps/portal/Home/deloDZ/seje/izbranaSejaDt?mandat=VII&seja=12%20020.%20Nujna&uid=AFF8F2330DFAF970C1257EC1002B4668
Sat, 24 Oct 2015 19:11:17 - FETCH SPEECH: http://www.dz-rs.si/wps/portal/Home/deloDZ/seje/evidenca?mandat=VII&type=pmagdt&uid=8A31545125FB6C5CC1257ED60022504C
Sat, 24 Oct 2015 19:11:19 - FETCH DOC: http://www.dz-rs.si/wps/portal/Home/deloDZ/seje/evidenca?mandat=VII&type=dt&uid=A4B34C59B6A4070BC1257EC10033716A
Sat, 24 Oct 2015 19:11:19 - FETCH SESSION: http://www.dz-rs.si/wps/portal/Home/deloDZ/seje/izbranaSejaDt?mandat=VII&seja=12%20012.%20Redna&uid=2A3588D281113782C1257E84003DC4B9
Sat, 24 Oct 2015 19:11:20 - FETCH SPEECH: http://www.dz-rs.si/wps/portal/Home/deloDZ/seje/evidenca?mandat=VII&type=pmagdt&uid=63B63DB9B6DB7F2EC1257EC00029FBED
Sat, 24 Oct 2015 19:11:24 - FETCH DOC: http://www.dz-rs.si/wps/portal/Home/deloDZ/seje/evidenca?mandat=VII&type=dt&uid=0301AFD3782C3EE8C1257E850037FAEC
Sat, 24 Oct 2015 19:11:25 - FETCH DOC: http://www.dz-rs.si/wps/portal/Home/deloDZ/seje/evidenca?mandat=VII&type=dt&uid=C86865E00B23DAB4C1257E8B0027619C
Sat, 24 Oct 2015 19:11:25 - FETCH DOC: http://www.dz-rs.si/wps/portal/Home/deloDZ/seje/evidenca?mandat=VII&type=dt&uid=3825130218DA4CF2C1257EB20040846A
Sat, 24 Oct 2015 19:11:25 - FETCH DOC: http://www.dz-rs.si/wps/portal/Home/deloDZ/seje/evidenca?mandat=VII&type=dt&uid=DF94DEF1DDB30D9EC1257EB40024B6D9
Sat, 24 Oct 2015 19:11:26 - FETCH DOC: http://www.dz-rs.si/wps/portal/Home/deloDZ/seje/evidenca?mandat=VII&type=dt&uid=8639A92B13CC5CA7C1257EB4003DB42E
Sat, 24 Oct 2015 19:11:26 - FETCH SESSION: http://www.dz-rs.si/wps/portal/Home/deloDZ/seje/izbranaSejaDt?mandat=VII&seja=12%20019.%20Nujna&uid=531D05D526CA7C23C1257E7D002EB395
Sat, 24 Oct 2015 19:11:27 - FETCH SPEECH: http://www.dz-rs.si/wps/portal/Home/deloDZ/seje/evidenca?mandat=VII&type=pmagdt&uid=FC32FA84CC6B303AC1257E8B003355EE
Sat, 24 Oct 2015 19:11:27 - FETCH DOC: http://www.dz-rs.si/wps/portal/Home/deloDZ/seje/evidenca?mandat=VII&type=dt&uid=24CE40AC23F695CCC1257E7D003074BA
Sat, 24 Oct 2015 19:11:27 - FETCH SESSION: http://www.dz-rs.si/wps/portal/Home/deloDZ/seje/izbranaSejaDt?mandat=VII&seja=12%20018.%20Nujna&uid=0923CEF3F51C7DC6C1257E760036EED8
Sat, 24 Oct 2015 19:11:28 - FETCH SPEECH: http://www.dz-rs.si/wps/portal/Home/deloDZ/seje/evidenca?mandat=VII&type=pmagdt&uid=584CC45D39E32A58C1257E8C002BBED9
Sat, 24 Oct 2015 19:11:31 - FETCH DOC: http://www.dz-rs.si/wps/portal/Home/deloDZ/seje/evidenca?mandat=VII&type=dt&uid=5296B8035AFDD65BC1257E76003CB9DA
Sat, 24 Oct 2015 19:11:31 - FETCH DOC: http://www.dz-rs.si/wps/portal/Home/deloDZ/seje/evidenca?mandat=VII&type=dt&uid=EB43387ED2A9D20AC1257E770028EF21
Sat, 24 Oct 2015 19:11:32 - FETCH DOC: http://www.dz-rs.si/wps/portal/Home/deloDZ/seje/evidenca?mandat=VII&type=dt&uid=F3032F65EF21F6E2C1257E7A0029B770
Sat, 24 Oct 2015 19:11:32 - FETCH DOC: http://www.dz-rs.si/wps/portal/Home/deloDZ/seje/evidenca?mandat=VII&type=dt&uid=52BE05E3C0C1E4E1C1257E7B00337008
Sat, 24 Oct 2015 19:11:33 - FETCH DOC: http://www.dz-rs.si/wps/portal/Home/deloDZ/seje/evidenca?mandat=VII&type=dt&uid=EB6450D0E18CB424C1257E7C00415105
Sat, 24 Oct 2015 19:11:33 - FETCH SESSION: http://www.dz-rs.si/wps/portal/Home/deloDZ/seje/izbranaSejaDt?mandat=VII&seja=12%20011.%20Redna&uid=EA2C951EACFC8609C1257E66002FFBF1
Sat, 24 Oct 2015 19:11:34 - FETCH SPEECH: http://www.dz-rs.si/wps/portal/Home/deloDZ/seje/evidenca?mandat=VII&type=pmagdt&uid=B9FE2F022B916B22C1257E7400464BCA
Sat, 24 Oct 2015 19:11:37 - FETCH SPEECH: http://www.dz-rs.si/wps/portal/Home/deloDZ/seje/evidenca?mandat=VII&type=pmagdt&uid=7583469DB463712FC1257E750036BF0E
Sat, 24 Oct 2015 19:11:39 - FETCH DOC: http://www.dz-rs.si/wps/portal/Home/deloDZ/seje/evidenca?mandat=VII&type=dt&uid=D518CF0233D2318BC1257E66003D6E3E
Sat, 24 Oct 2015 19:11:40 - FETCH DOC: http://www.dz-rs.si/wps/portal/Home/deloDZ/seje/evidenca?mandat=VII&type=dt&uid=ABBB6EDC4E062EF8C1257E73002E0C19
Sat, 24 Oct 2015 19:11:40 - FETCH DOC: http://www.dz-rs.si/wps/portal/Home/deloDZ/seje/evidenca?mandat=VII&type=dt&uid=4054E5EC53D389E5C1257E7300474C26
Sat, 24 Oct 2015 19:11:40 - FETCH DOC: http://www.dz-rs.si/wps/portal/Home/deloDZ/seje/evidenca?mandat=VII&type=dt&uid=08D98523817ECC3BC1257E74003B4E25
Sat, 24 Oct 2015 19:11:41 - FETCH SESSION: http://www.dz-rs.si/wps/portal/Home/deloDZ/seje/izbranaSejaDt?mandat=VII&seja=12%20010.%20Redna&uid=D3C2F52D67A9FECBC1257E60002618FC
Sat, 24 Oct 2015 19:11:41 - FETCH SPEECH: http://www.dz-rs.si/wps/portal/Home/deloDZ/seje/evidenca?mandat=VII&type=pmagdt&uid=49AC1C9DA94E9E41C1257E85003695B6
Sat, 24 Oct 2015 19:11:42 - FETCH DOC: http://www.dz-rs.si/wps/portal/Home/deloDZ/seje/evidenca?mandat=VII&type=dt&uid=FDBB74F1331AF0D0C1257E600033F15F
Sat, 24 Oct 2015 19:11:42 - FETCH DOC: http://www.dz-rs.si/wps/portal/Home/deloDZ/seje/evidenca?mandat=VII&type=dt&uid=21D2566090A6901DC1257E69002AAF8E
Sat, 24 Oct 2015 19:11:42 - FETCH SESSION: http://www.dz-rs.si/wps/portal/Home/deloDZ/seje/izbranaSejaDt?mandat=VII&seja=12%20017.%20Nujna&uid=C60C06C7FBA2C29BC1257E5F002CB06A
Sat, 24 Oct 2015 19:11:43 - FETCH SPEECH: http://www.dz-rs.si/wps/portal/Home/deloDZ/seje/evidenca?mandat=VII&type=pmagdt&uid=1D6859A1A94E647DC1257E62003BCC58
Sat, 24 Oct 2015 19:11:44 - FETCH DOC: http://www.dz-rs.si/wps/portal/Home/deloDZ/seje/evidenca?mandat=VII&type=dt&uid=28BA2AC54C48AAB2C1257E5F003144FB
Sat, 24 Oct 2015 19:11:44 - FETCH DOC: http://www.dz-rs.si/wps/portal/Home/deloDZ/seje/evidenca?mandat=VII&type=dt&uid=F5E4B8DE7A939CB5C1257E6000420886
Sat, 24 Oct 2015 19:11:44 - FETCH DOC: http://www.dz-rs.si/wps/portal/Home/deloDZ/seje/evidenca?mandat=VII&type=dt&uid=5DF350C725E09CDEC1257E61002C9FC9
Sat, 24 Oct 2015 19:11:44 - FETCH SESSION: http://www.dz-rs.si/wps/portal/Home/deloDZ/seje/izbranaSejaDt?mandat=VII&seja=12%20016.%20Nujna&uid=2CEF2B161B07C3D8C1257E5B00244126
Sat, 24 Oct 2015 19:11:45 - FETCH SPEECH: http://www.dz-rs.si/wps/portal/Home/deloDZ/seje/evidenca?mandat=VII&type=pmagdt&uid=48527CC13D455342C1257E68002B960A
Sat, 24 Oct 2015 19:11:49 - FETCH DOC: http://www.dz-rs.si/wps/portal/Home/deloDZ/seje/evidenca?mandat=VII&type=dt&uid=79C72FBAACF4B8F6C1257E5B002B8110
Sat, 24 Oct 2015 19:11:49 - FETCH DOC: http://www.dz-rs.si/wps/portal/Home/deloDZ/seje/evidenca?mandat=VII&type=dt&uid=23BF546BD7EAB3F2C1257E61002C9E01
Sat, 24 Oct 2015 19:11:49 - FETCH SESSION: http://www.dz-rs.si/wps/portal/Home/deloDZ/seje/izbranaSejaDt?mandat=VII&seja=12%20015.%20Nujna&uid=5A56C4526B1CE8D6C1257E540029E6D0
Sat, 24 Oct 2015 19:11:50 - FETCH SPEECH: http://www.dz-rs.si/wps/portal/Home/deloDZ/seje/evidenca?mandat=VII&type=pmagdt&uid=25022B25B2144F21C1257E65002F55AD
Sat, 24 Oct 2015 19:11:52 - FETCH DOC: http://www.dz-rs.si/wps/portal/Home/deloDZ/seje/evidenca?mandat=VII&type=dt&uid=D9F9FFBE468456D4C1257E54002E8BF7
Sat, 24 Oct 2015 19:11:52 - FETCH DOC: http://www.dz-rs.si/wps/portal/Home/deloDZ/seje/evidenca?mandat=VII&type=dt&uid=EAFB41890E8941E5C1257E54003C753D
Sat, 24 Oct 2015 19:11:53 - FETCH DOC: http://www.dz-rs.si/wps/portal/Home/deloDZ/seje/evidenca?mandat=VII&type=dt&uid=C217C96547C2E000C1257E58003E92FF
Sat, 24 Oct 2015 19:11:53 - FETCH DOC: http://www.dz-rs.si/wps/portal/Home/deloDZ/seje/evidenca?mandat=VII&type=dt&uid=635D6D66655715C3C1257E600024C656
Sat, 24 Oct 2015 19:11:53 - FETCH SESSION: http://www.dz-rs.si/wps/portal/Home/deloDZ/seje/izbranaSejaDt?mandat=VII&seja=12%20009.%20Redna&uid=AC8091B7DA807298C1257E4D0025731E
Sat, 24 Oct 2015 19:11:54 - FETCH DOC: http://www.dz-rs.si/wps/portal/Home/deloDZ/seje/evidenca?mandat=VII&type=dt&uid=BDBF15C60CA47299C1257E4D0035490C
Sat, 24 Oct 2015 19:11:54 - FETCH SESSION: http://www.dz-rs.si/wps/portal/Home/deloDZ/seje/izbranaSejaDt?mandat=VII&seja=12%20014.%20Nujna&uid=DB92E9FB20DD16D6C1257E4B003A39F9
Sat, 24 Oct 2015 19:11:55 - FETCH SPEECH: http://www.dz-rs.si/wps/portal/Home/deloDZ/seje/evidenca?mandat=VII&type=pmagdt&uid=07231F1864D961F5C1257E540037F297
Sat, 24 Oct 2015 19:11:56 - FETCH DOC: http://www.dz-rs.si/wps/portal/Home/deloDZ/seje/evidenca?mandat=VII&type=dt&uid=E2BC5C44835463D6C1257E4B003C2C4C
Sat, 24 Oct 2015 19:11:56 - FETCH DOC: http://www.dz-rs.si/wps/portal/Home/deloDZ/seje/evidenca?mandat=VII&type=dt&uid=4E9815E3BFC23A51C1257E4C00390C64
Sat, 24 Oct 2015 19:11:57 - FETCH DOC: http://www.dz-rs.si/wps/portal/Home/deloDZ/seje/evidenca?mandat=VII&type=dt&uid=99244D15D01CB92FC1257E500047A1CE
Sat, 24 Oct 2015 19:11:58 - FETCH SESSION: http://www.dz-rs.si/wps/portal/Home/deloDZ/seje/izbranaSejaDt?mandat=VII&seja=12%20013.%20Nujna&uid=9CCB50E4545B3B16C1257E31003AB3CF
Sat, 24 Oct 2015 19:11:59 - FETCH SPEECH: http://www.dz-rs.si/wps/portal/Home/deloDZ/seje/evidenca?mandat=VII&type=pmagdt&uid=590A34794B89FDF0C1257E4C0031C207
Sat, 24 Oct 2015 19:12:01 - FETCH DOC: http://www.dz-rs.si/wps/portal/Home/deloDZ/seje/evidenca?mandat=VII&type=dt&uid=33E73CCCC52D9BADC1257E3D0037EAB0
Sat, 24 Oct 2015 19:12:02 - FETCH DOC: http://www.dz-rs.si/wps/portal/Home/deloDZ/seje/evidenca?mandat=VII&type=dt&uid=37B894F68570B312C1257E440041E166
Sat, 24 Oct 2015 19:12:02 - FETCH SESSION: http://www.dz-rs.si/wps/portal/Home/deloDZ/seje/izbranaSejaDt?mandat=VII&seja=12%20012.%20Nujna&uid=E1FEAF0F3E066CB4C1257E31003AA899
Sat, 24 Oct 2015 19:12:03 - FETCH SPEECH: http://www.dz-rs.si/wps/portal/Home/deloDZ/seje/evidenca?mandat=VII&type=pmagdt&uid=D1E5CBE82CDA5CC5C1257E44002E220B
Sat, 24 Oct 2015 19:12:06 - FETCH DOC: http://www.dz-rs.si/wps/portal/Home/deloDZ/seje/evidenca?mandat=VII&type=dt&uid=100CC4DDF6ED6D33C1257E310042E4CA
Sat, 24 Oct 2015 19:12:07 - FETCH DOC: http://www.dz-rs.si/wps/portal/Home/deloDZ/seje/evidenca?mandat=VII&type=dt&uid=F519DACFABD0CAA0C1257E43002C7CE8
Sat, 24 Oct 2015 19:12:07 - FETCH SESSION: http://www.dz-rs.si/wps/portal/Home/deloDZ/seje/izbranaSejaDt?mandat=VII&seja=12%20011.%20Nujna&uid=94FBC9DB0842D57FC1257E20004794BE
Sat, 24 Oct 2015 19:12:08 - FETCH SPEECH: http://www.dz-rs.si/wps/portal/Home/deloDZ/seje/evidenca?mandat=VII&type=pmagdt&uid=6B0E9EA8887C6E88C1257E2A00419ADA
Sat, 24 Oct 2015 19:12:10 - FETCH DOC: http://www.dz-rs.si/wps/portal/Home/deloDZ/seje/evidenca?mandat=VII&type=dt&uid=B4FB7C3A69298429C1257E2100461472
Sat, 24 Oct 2015 19:12:11 - FETCH DOC: http://www.dz-rs.si/wps/portal/Home/deloDZ/seje/evidenca?mandat=VII&type=dt&uid=16779F21238F5832C1257E27003EE5A7
Sat, 24 Oct 2015 19:12:11 - FETCH DOC: http://www.dz-rs.si/wps/portal/Home/deloDZ/seje/evidenca?mandat=VII&type=dt&uid=37413A0500170327C1257E2E0032331D
Sat, 24 Oct 2015 19:12:11 - FETCH DOC: http://www.dz-rs.si/wps/portal/Home/deloDZ/seje/evidenca?mandat=VII&type=dt&uid=110417AAB35CDB59C1257E2E0032BCA2
Sat, 24 Oct 2015 19:12:12 - FETCH SESSION: http://www.dz-rs.si/wps/portal/Home/deloDZ/seje/izbranaSejaDt?mandat=VII&seja=12%20010.%20Nujna&uid=F0F27D40AD9CDF40C1257E190039D5BE
Sat, 24 Oct 2015 19:12:12 - FETCH SPEECH: http://www.dz-rs.si/wps/portal/Home/deloDZ/seje/evidenca?mandat=VII&type=pmagdt&uid=30A5FDE870EB8827C1257E2E0037853C
Sat, 24 Oct 2015 19:12:15 - FETCH DOC: http://www.dz-rs.si/wps/portal/Home/deloDZ/seje/evidenca?mandat=VII&type=dt&uid=6F486F2DEF4D039FC1257E1A00411B4C
Sat, 24 Oct 2015 19:12:15 - FETCH DOC: http://www.dz-rs.si/wps/portal/Home/deloDZ/seje/evidenca?mandat=VII&type=dt&uid=7850A0CC622D4EA9C1257E2000429A23
Sat, 24 Oct 2015 19:12:15 - FETCH DOC: http://www.dz-rs.si/wps/portal/Home/deloDZ/seje/evidenca?mandat=VII&type=dt&uid=4E9D13916F0DD3DCC1257E270047D83D
Sat, 24 Oct 2015 19:12:16 - FETCH SESSION: http://www.dz-rs.si/wps/portal/Home/deloDZ/seje/izbranaSejaDt?mandat=VII&seja=12%20008.%20Redna&uid=B5CDA5ED957E5DB8C1257DFD0033BE7E
Sat, 24 Oct 2015 19:12:17 - FETCH SPEECH: http://www.dz-rs.si/wps/portal/Home/deloDZ/seje/evidenca?mandat=VII&type=pmagdt&uid=F951FA17812D7926C1257E0E0045AE90
Sat, 24 Oct 2015 19:12:18 - FETCH DOC: http://www.dz-rs.si/wps/portal/Home/deloDZ/seje/evidenca?mandat=VII&type=dt&uid=BD376FCD9ED93D7BC1257DFD003FAD9A
Sat, 24 Oct 2015 19:12:18 - FETCH DOC: http://www.dz-rs.si/wps/portal/Home/deloDZ/seje/evidenca?mandat=VII&type=dt&uid=F27CB8F243588649C1257E06004F3D20
Sat, 24 Oct 2015 19:12:18 - FETCH DOC: http://www.dz-rs.si/wps/portal/Home/deloDZ/seje/evidenca?mandat=VII&type=dt&uid=07CC0493DF87BA9EC1257E0A003A619D
Sat, 24 Oct 2015 19:12:19 - FETCH SESSION: http://www.dz-rs.si/wps/portal/Home/deloDZ/seje/izbranaSejaDt?mandat=VII&seja=12%20007.%20Redna&uid=4B9345F6B9B1F8FAC1257DF600307B14
Sat, 24 Oct 2015 19:12:19 - FETCH SPEECH: http://www.dz-rs.si/wps/portal/Home/deloDZ/seje/evidenca?mandat=VII&type=pmagdt&uid=42F618081FF5FBDFC1257E050026F5FB
Sat, 24 Oct 2015 19:12:22 - FETCH DOC: http://www.dz-rs.si/wps/portal/Home/deloDZ/seje/evidenca?mandat=VII&type=dt&uid=67FD4CF5E123BC9BC1257DF60036CF2D
Sat, 24 Oct 2015 19:12:23 - FETCH DOC: http://www.dz-rs.si/wps/portal/Home/deloDZ/seje/evidenca?mandat=VII&type=dt&uid=6112FED4BBA64ED8C1257DFF002F7333
Sat, 24 Oct 2015 19:12:23 - FETCH DOC: http://www.dz-rs.si/wps/portal/Home/deloDZ/seje/evidenca?mandat=VII&type=dt&uid=8B6BC1F67952A730C1257E04002C637B
Sat, 24 Oct 2015 19:12:23 - FETCH SESSION: http://www.dz-rs.si/wps/portal/Home/deloDZ/seje/izbranaSejaDt?mandat=VII&seja=12%20009.%20Nujna&uid=F3B3EE8D969F876CC1257DE30029AB96
Sat, 24 Oct 2015 19:12:24 - FETCH SPEECH: http://www.dz-rs.si/wps/portal/Home/deloDZ/seje/evidenca?mandat=VII&type=pmagdt&uid=25A598D2285D6301C1257DFF002FE924
Sat, 24 Oct 2015 19:12:26 - FETCH DOC: http://www.dz-rs.si/wps/portal/Home/deloDZ/seje/evidenca?mandat=VII&type=dt&uid=FADB3FAEE26491BDC1257DF10031E45A
Sat, 24 Oct 2015 19:12:27 - FETCH DOC: http://www.dz-rs.si/wps/portal/Home/deloDZ/seje/evidenca?mandat=VII&type=dt&uid=874F8CAC4D44E1ABC1257DF50049DBDA
Sat, 24 Oct 2015 19:12:27 - FETCH SESSION: http://www.dz-rs.si/wps/portal/Home/deloDZ/seje/izbranaSejaDt?mandat=VII&seja=12%20006.%20Redna&uid=54E61FF093F11FA5C1257DE30029E3A9
Sat, 24 Oct 2015 19:12:28 - FETCH SPEECH: http://www.dz-rs.si/wps/portal/Home/deloDZ/seje/evidenca?mandat=VII&type=pmagdt&uid=997848B6F8703FB9C1257DFF0036FB75
Sat, 24 Oct 2015 19:12:29 - FETCH DOC: http://www.dz-rs.si/wps/portal/Home/deloDZ/seje/evidenca?mandat=VII&type=dt&uid=A13B5EC60BED78A5C1257DE3003F3F19
Sat, 24 Oct 2015 19:12:29 - FETCH SESSION: http://www.dz-rs.si/wps/portal/Home/deloDZ/seje/izbranaSejaDt?mandat=VII&seja=12%20008.%20Nujna&uid=2B82A71ABA8E6F08C1257DE1005059F2
Sat, 24 Oct 2015 19:12:30 - FETCH SPEECH: http://www.dz-rs.si/wps/portal/Home/deloDZ/seje/evidenca?mandat=VII&type=pmagdt&uid=43A7AEF767229C9FC1257DF5003F1374
Sat, 24 Oct 2015 19:12:34 - FETCH DOC: http://www.dz-rs.si/wps/portal/Home/deloDZ/seje/evidenca?mandat=VII&type=dt&uid=F96CCD216AEDC4CFC1257DE2002A6EDA
Sat, 24 Oct 2015 19:12:35 - FETCH DOC: http://www.dz-rs.si/wps/portal/Home/deloDZ/seje/evidenca?mandat=VII&type=dt&uid=CEF8F5AC12A4DF6CC1257DE40042A50E
Sat, 24 Oct 2015 19:12:35 - FETCH SESSION: http://www.dz-rs.si/wps/portal/Home/deloDZ/seje/izbranaSejaDt?mandat=VII&seja=12%20005.%20Redna&uid=90ECA0E1B667DA3AC1257DD30023204E
Sat, 24 Oct 2015 19:12:36 - FETCH SPEECH: http://www.dz-rs.si/wps/portal/Home/deloDZ/seje/evidenca?mandat=VII&type=pmagdt&uid=2215483ADAC74866C1257DE300372872
Sat, 24 Oct 2015 19:12:38 - FETCH DOC: http://www.dz-rs.si/wps/portal/Home/deloDZ/seje/evidenca?mandat=VII&type=dt&uid=06FDFACB58BA9BC0C1257DD30027FEC9
Sat, 24 Oct 2015 19:12:38 - FETCH SESSION: http://www.dz-rs.si/wps/portal/Home/deloDZ/seje/izbranaSejaDt?mandat=VII&seja=12%20007.%20Nujna&uid=C089224C6D0DE0AFC1257DAA004238FE
Sat, 24 Oct 2015 19:12:39 - FETCH SPEECH: http://www.dz-rs.si/wps/portal/Home/deloDZ/seje/evidenca?mandat=VII&type=pmagdt&uid=9096A0FB57EC341AC1257DB100470F29
Sat, 24 Oct 2015 19:12:40 - FETCH DOC: http://www.dz-rs.si/wps/portal/Home/deloDZ/seje/evidenca?mandat=VII&type=dt&uid=7647D1ED3E85347FC1257DAA004C64DC
Sat, 24 Oct 2015 19:12:41 - FETCH SESSION: http://www.dz-rs.si/wps/portal/Home/deloDZ/seje/izbranaSejaDt?mandat=VII&seja=12%20004.%20Redna&uid=D93D000D941525AEC1257D960037855C
Sat, 24 Oct 2015 19:12:41 - FETCH SPEECH: http://www.dz-rs.si/wps/portal/Home/deloDZ/seje/evidenca?mandat=VII&type=pmagdt&uid=AA2FAA30F3D3129BC1257DAA004C88C2
Sat, 24 Oct 2015 19:12:43 - FETCH DOC: http://www.dz-rs.si/wps/portal/Home/deloDZ/seje/evidenca?mandat=VII&type=dt&uid=8AFC05C85D76EF8FC1257D9B0045F885
Sat, 24 Oct 2015 19:12:44 - FETCH DOC: http://www.dz-rs.si/wps/portal/Home/deloDZ/seje/evidenca?mandat=VII&type=dt&uid=1A010D4D287379A8C1257DA500414E46
Sat, 24 Oct 2015 19:12:44 - FETCH SESSION: http://www.dz-rs.si/wps/portal/Home/deloDZ/seje/izbranaSejaDt?mandat=VII&seja=12%20003.%20Redna&uid=00812B83712E6066C1257D8E002F3639
Sat, 24 Oct 2015 19:12:45 - FETCH SPEECH: http://www.dz-rs.si/wps/portal/Home/deloDZ/seje/evidenca?mandat=VII&type=pmagdt&uid=F20274BFF8A0C2E7C1257D9D0046A2EC
Sat, 24 Oct 2015 19:12:49 - FETCH DOC: http://www.dz-rs.si/wps/portal/Home/deloDZ/seje/evidenca?mandat=VII&type=dt&uid=C047752F0162F7CFC1257D8E00394B5F
Sat, 24 Oct 2015 19:12:49 - FETCH DOC: http://www.dz-rs.si/wps/portal/Home/deloDZ/seje/evidenca?mandat=VII&type=dt&uid=F788710B34BE9472C1257D9700475BF9
Sat, 24 Oct 2015 19:12:50 - FETCH DOC: http://www.dz-rs.si/wps/portal/Home/deloDZ/seje/evidenca?mandat=VII&type=dt&uid=AF08CF35141269E6C1257D97004E6081
Sat, 24 Oct 2015 19:12:50 - FETCH DOC: http://www.dz-rs.si/wps/portal/Home/deloDZ/seje/evidenca?mandat=VII&type=dt&uid=9AF72EC8E005B925C1257D9B0050B3D1
Sat, 24 Oct 2015 19:12:50 - FETCH SESSION: http://www.dz-rs.si/wps/portal/Home/deloDZ/seje/izbranaSejaDt?mandat=VII&seja=12%20006.%20Nujna&uid=61A8712385F2AD72C1257D880034F250
Sat, 24 Oct 2015 19:12:51 - FETCH SPEECH: http://www.dz-rs.si/wps/portal/Home/deloDZ/seje/evidenca?mandat=VII&type=pmagdt&uid=2840D6E4767B11DFC1257D8E003CBBF2
Sat, 24 Oct 2015 19:12:53 - FETCH DOC: http://www.dz-rs.si/wps/portal/Home/deloDZ/seje/evidenca?mandat=VII&type=dt&uid=6F130E42D13B8A6AC1257D88003A174B
Sat, 24 Oct 2015 19:12:53 - FETCH SESSION: http://www.dz-rs.si/wps/portal/Home/deloDZ/seje/izbranaSejaDt?mandat=VII&seja=12%20005.%20Nujna&uid=5042A46A3825EBBFC1257D86002BAC8E
Sat, 24 Oct 2015 19:12:54 - FETCH SPEECH: http://www.dz-rs.si/wps/portal/Home/deloDZ/seje/evidenca?mandat=VII&type=pmagdt&uid=0673E0F8F04CC26EC1257D8E002CF99A
Sat, 24 Oct 2015 19:12:56 - FETCH DOC: http://www.dz-rs.si/wps/portal/Home/deloDZ/seje/evidenca?mandat=VII&type=dt&uid=D96B88575D339828C1257D860043E538
Sat, 24 Oct 2015 19:12:57 - FETCH DOC: http://www.dz-rs.si/wps/portal/Home/deloDZ/seje/evidenca?mandat=VII&type=dt&uid=E5554811020F12F5C1257D8D002EA69E
Sat, 24 Oct 2015 19:12:58 - FETCH SESSION: http://www.dz-rs.si/wps/portal/Home/deloDZ/seje/izbranaSejaDt?mandat=VII&seja=12%20002.%20Redna&uid=F6361C705F583A76C1257D780025CB80
Sat, 24 Oct 2015 19:12:59 - FETCH SPEECH: http://www.dz-rs.si/wps/portal/Home/deloDZ/seje/evidenca?mandat=VII&type=pmagdt&uid=7A155B284F82F99DC1257D8C0041D77A
Sat, 24 Oct 2015 19:13:03 - FETCH DOC: http://www.dz-rs.si/wps/portal/Home/deloDZ/seje/evidenca?mandat=VII&type=dt&uid=188F4E84BD737320C1257D78003225BA
Sat, 24 Oct 2015 19:13:04 - FETCH SESSION: http://www.dz-rs.si/wps/portal/Home/deloDZ/seje/izbranaSejaDt?mandat=VII&seja=12%20004.%20Nujna&uid=3B303F3167DD241FC1257D7A003C97C5
Sat, 24 Oct 2015 19:13:04 - FETCH SPEECH: http://www.dz-rs.si/wps/portal/Home/deloDZ/seje/evidenca?mandat=VII&type=pmagdt&uid=F3E3EB930C979600C1257D890038C3AC
Sat, 24 Oct 2015 19:13:07 - FETCH DOC: http://www.dz-rs.si/wps/portal/Home/deloDZ/seje/evidenca?mandat=VII&type=dt&uid=BB896CC4A2D79265C1257D7B00294079
Sat, 24 Oct 2015 19:13:07 - FETCH DOC: http://www.dz-rs.si/wps/portal/Home/deloDZ/seje/evidenca?mandat=VII&type=dt&uid=910395EC9DD5038EC1257D88002FC410
Sat, 24 Oct 2015 19:13:07 - FETCH SESSION: http://www.dz-rs.si/wps/portal/Home/deloDZ/seje/izbranaSejaDt?mandat=VII&seja=12%20001.%20Redna&uid=8D0EF222A6F87990C1257D6A003B0E94
Sat, 24 Oct 2015 19:13:08 - FETCH SPEECH: http://www.dz-rs.si/wps/portal/Home/deloDZ/seje/evidenca?mandat=VII&type=pmagdt&uid=C0B7D33F00F27E38C1257D72002D3CDA
Sat, 24 Oct 2015 19:13:08 - FETCH DOC: http://www.dz-rs.si/wps/portal/Home/deloDZ/seje/evidenca?mandat=VII&type=dt&uid=E7DC13F0816DDCFAC1257D6A003F20B7
Sat, 24 Oct 2015 19:13:09 - FETCH SESSION: http://www.dz-rs.si/wps/portal/Home/deloDZ/seje/izbranaSejaDt?mandat=VII&seja=12%20003.%20Nujna&uid=B0B556C2D1DFE78EC1257D56003FA929
Sat, 24 Oct 2015 19:13:09 - FETCH SPEECH: http://www.dz-rs.si/wps/portal/Home/deloDZ/seje/evidenca?mandat=VII&type=pmagdt&uid=24A3180F0A7CB1E8C1257D5C00481102
Sat, 24 Oct 2015 19:13:10 - FETCH DOC: http://www.dz-rs.si/wps/portal/Home/deloDZ/seje/evidenca?mandat=VII&type=dt&uid=0AFB774208D4E609C1257D5600406021
Sat, 24 Oct 2015 19:13:10 - FETCH SESSION: http://www.dz-rs.si/wps/portal/Home/deloDZ/seje/izbranaSejaDt?mandat=VII&seja=12%20002.%20Nujna&uid=059BC59532E0E2DDC1257D50003825B7
Sat, 24 Oct 2015 19:13:11 - FETCH SPEECH: http://www.dz-rs.si/wps/portal/Home/deloDZ/seje/evidenca?mandat=VII&type=pmagdt&uid=A8D9209EED047D30C1257D5700444537
Sat, 24 Oct 2015 19:13:12 - FETCH DOC: http://www.dz-rs.si/wps/portal/Home/deloDZ/seje/evidenca?mandat=VII&type=dt&uid=6457802795CF748BC1257D5000393D5D
Sat, 24 Oct 2015 19:13:12 - FETCH SESSION: http://www.dz-rs.si/wps/portal/Home/deloDZ/seje/izbranaSejaDt?mandat=VII&seja=12%20001.%20Nujna&uid=7E9E947881A49175C1257D4F00414248
Sat, 24 Oct 2015 19:13:13 - FETCH SPEECH: http://www.dz-rs.si/wps/portal/Home/deloDZ/seje/evidenca?mandat=VII&type=pmagdt&uid=925BF2C9DB8820B5C1257D5600357CFD
Sat, 24 Oct 2015 19:13:17 - FETCH DOC: http://www.dz-rs.si/wps/portal/Home/deloDZ/seje/evidenca?mandat=VII&type=dt&uid=9E64AD2ADBF8CFA8C1257D5000317A00
Sat, 24 Oct 2015 19:13:17 - FETCH SESSION: http://www.dz-rs.si/wps/portal/Home/deloDZ/seje/izbranaSejaDt?mandat=VI&seja=12%20040.%20Nujna&uid=FB6F296B6D37617BC1257D1F005A9106
Sat, 24 Oct 2015 19:13:18 - FETCH SPEECH: http://www.dz-rs.si/wps/portal/Home/deloDZ/seje/evidenca?mandat=VI&type=pmagdt&uid=082D3AED25F68660C1257D10004371B9
Sat, 24 Oct 2015 19:13:21 - FETCH DOC: http://www.dz-rs.si/wps/portal/Home/deloDZ/seje/evidenca?mandat=VI&type=dt&uid=C1AE05BD44003EA1C1257D1F005A910B
Sat, 24 Oct 2015 19:13:22 - FETCH DOC: http://www.dz-rs.si/wps/portal/Home/deloDZ/seje/evidenca?mandat=VI&type=dt&uid=0D162BACE5E470C5C1257D1F005A912E
Sat, 24 Oct 2015 19:13:22 - FETCH DOC: http://www.dz-rs.si/wps/portal/Home/deloDZ/seje/evidenca?mandat=VI&type=dt&uid=22338728AF936622C1257D1F005A9131
Sat, 24 Oct 2015 19:13:22 - FETCH SESSION: http://www.dz-rs.si/wps/portal/Home/deloDZ/seje/izbranaSejaDt?mandat=VI&seja=12%20039.%20Nujna&uid=CF960946CC28BEBFC1257D1F005A8FFF
Sat, 24 Oct 2015 19:13:23 - FETCH SPEECH: http://www.dz-rs.si/wps/portal/Home/deloDZ/seje/evidenca?mandat=VI&type=pmagdt&uid=257F7246BF1BE0EAC1257D010030F490
Sat, 24 Oct 2015 19:13:23 - FETCH DOC: http://www.dz-rs.si/wps/portal/Home/deloDZ/seje/evidenca?mandat=VI&type=dt&uid=0B566B6BED0716E8C1257D1F005A901C
Sat, 24 Oct 2015 19:13:24 - FETCH SESSION: http://www.dz-rs.si/wps/portal/Home/deloDZ/seje/izbranaSejaDt?mandat=VI&seja=12%20038.%20Nujna&uid=E91D6DF73583B6F5C1257D1F005A8F0D
Sat, 24 Oct 2015 19:13:24 - FETCH SPEECH: http://www.dz-rs.si/wps/portal/Home/deloDZ/seje/evidenca?mandat=VI&type=pmagdt&uid=15FDCFCC00909B8AC1257CF6002B6962
Sat, 24 Oct 2015 19:13:26 - FETCH DOC: http://www.dz-rs.si/wps/portal/Home/deloDZ/seje/evidenca?mandat=VI&type=dt&uid=AF12ED5EDF1C9301C1257D1F005A8F20
Sat, 24 Oct 2015 19:13:26 - FETCH SESSION: http://www.dz-rs.si/wps/portal/Home/deloDZ/seje/izbranaSejaDt?mandat=VI&seja=12%20018.%20Redna&uid=A86F0822D235032CC1257D1F005A8DB4
Sat, 24 Oct 2015 19:13:27 - FETCH SPEECH: http://www.dz-rs.si/wps/portal/Home/deloDZ/seje/evidenca?mandat=VI&type=pmagdt&uid=B36626F7FC7548C1C1257CED0042C940
Sat, 24 Oct 2015 19:13:28 - FETCH DOC: http://www.dz-rs.si/wps/portal/Home/deloDZ/seje/evidenca?mandat=VI&type=dt&uid=7A2516A9CEC9A7D8C1257D1F005A8DBE
Sat, 24 Oct 2015 19:13:28 - FETCH DOC: http://www.dz-rs.si/wps/portal/Home/deloDZ/seje/evidenca?mandat=VI&type=dt&uid=22EB695986DB1502C1257D1F005A8EBD
Sat, 24 Oct 2015 19:13:28 - FETCH DOC: http://www.dz-rs.si/wps/portal/Home/deloDZ/seje/evidenca?mandat=VI&type=dt&uid=7F4756A6587097C3C1257D1F005A8EF0
Sat, 24 Oct 2015 19:13:28 - FETCH SESSION: http://www.dz-rs.si/wps/portal/Home/deloDZ/seje/izbranaSejaDt?mandat=VI&seja=12%20037.%20Nujna&uid=0F74CC9EEAA30CDEC1257D1F005A8CE4
Sat, 24 Oct 2015 19:13:29 - FETCH SPEECH: http://www.dz-rs.si/wps/portal/Home/deloDZ/seje/evidenca?mandat=VI&type=pmagdt&uid=F100C1E4FC4BED84C1257CED003129F2
Sat, 24 Oct 2015 19:13:33 - FETCH DOC: http://www.dz-rs.si/wps/portal/Home/deloDZ/seje/evidenca?mandat=VI&type=dt&uid=9BAC2FAF57AFAEE9C1257D1F005A8E3D
Sat, 24 Oct 2015 19:13:34 - FETCH DOC: http://www.dz-rs.si/wps/portal/Home/deloDZ/seje/evidenca?mandat=VI&type=dt&uid=74DD1841713B0E9EC1257D1F005A8EEE
Sat, 24 Oct 2015 19:13:34 - FETCH DOC: http://www.dz-rs.si/wps/portal/Home/deloDZ/seje/evidenca?mandat=VI&type=dt&uid=A7D815D63602459CC1257D1F005A8EEF
Sat, 24 Oct 2015 19:13:34 - FETCH SESSION: http://www.dz-rs.si/wps/portal/Home/deloDZ/seje/izbranaSejaDt?mandat=VI&seja=12%20017.%20Redna&uid=4ED6D8CA60D20868C1257D1F005A8CEA
Sat, 24 Oct 2015 19:13:35 - FETCH SPEECH: http://www.dz-rs.si/wps/portal/Home/deloDZ/seje/evidenca?mandat=VI&type=pmagdt&uid=764A771BF31A4483C1257CE10035EFD2
Sat, 24 Oct 2015 19:13:35 - FETCH DOC: http://www.dz-rs.si/wps/portal/Home/deloDZ/seje/evidenca?mandat=VI&type=dt&uid=108AAB1C3DEAAB36C1257D1F005A8CEE
Sat, 24 Oct 2015 19:13:36 - FETCH SESSION: http://www.dz-rs.si/wps/portal/Home/deloDZ/seje/izbranaSejaDt?mandat=VI&seja=12%20016.%20Redna&uid=30C27B362CA747C9C1257D1F005A8966
Sat, 24 Oct 2015 19:13:36 - FETCH SPEECH: http://www.dz-rs.si/wps/portal/Home/deloDZ/seje/evidenca?mandat=VI&type=pmagdt&uid=765BBEB5EF01590FC1257CB600219385
Sat, 24 Oct 2015 19:13:38 - FETCH DOC: http://www.dz-rs.si/wps/portal/Home/deloDZ/seje/evidenca?mandat=VI&type=dt&uid=93D48259A218CFACC1257D1F005A8989
Sat, 24 Oct 2015 19:13:38 - FETCH SESSION: http://www.dz-rs.si/wps/portal/Home/deloDZ/seje/izbranaSejaDt?mandat=VI&seja=12%20036.%20Nujna&uid=F6A809F8B3742272C1257D1F005A88C3
Sat, 24 Oct 2015 19:13:39 - FETCH SPEECH: http://www.dz-rs.si/wps/portal/Home/deloDZ/seje/evidenca?mandat=VI&type=pmagdt&uid=9CCE67FB583B637AC1257CA9002FAE7C
Sat, 24 Oct 2015 19:13:39 - FETCH DOC: http://www.dz-rs.si/wps/portal/Home/deloDZ/seje/evidenca?mandat=VI&type=dt&uid=8A2AC153F98B07BCC1257D1F005A88C7
Sat, 24 Oct 2015 19:13:40 - FETCH SESSION: http://www.dz-rs.si/wps/portal/Home/deloDZ/seje/izbranaSejaDt?mandat=VI&seja=12%20035.%20Nujna&uid=2C9E8958FBAB1E9DC1257D1F005A87D0
Sat, 24 Oct 2015 19:13:40 - FETCH SPEECH: http://www.dz-rs.si/wps/portal/Home/deloDZ/seje/evidenca?mandat=VI&type=pmagdt&uid=552D2F09977001ADC1257C9A003D40E0
Sat, 24 Oct 2015 19:13:43 - FETCH DOC: http://www.dz-rs.si/wps/portal/Home/deloDZ/seje/evidenca?mandat=VI&type=dt&uid=AF0BC9A60E70D40CC1257D1F005A87DD
Sat, 24 Oct 2015 19:13:43 - FETCH SESSION: http://www.dz-rs.si/wps/portal/Home/deloDZ/seje/izbranaSejaDt?mandat=VII&seja=15%20018.%20Redna&uid=A75CDCEEC3ABCAB9C1257EC7002679CB
Sat, 24 Oct 2015 19:13:44 - FETCH DOC: http://www.dz-rs.si/wps/portal/Home/deloDZ/seje/evidenca?mandat=VII&type=dt&uid=C206ED59AECF0B8DC1257ECB002A884D
Sat, 24 Oct 2015 19:13:45 - FETCH DOC: http://www.dz-rs.si/wps/portal/Home/deloDZ/seje/evidenca?mandat=VII&type=dt&uid=4B1E3B3933A4C83EC1257ED2003C273E
Sat, 24 Oct 2015 19:13:45 - FETCH DOC: http://www.dz-rs.si/wps/portal/Home/deloDZ/seje/evidenca?mandat=VII&type=dt&uid=5230F7E2AC50E3C6C1257ED900371818
Sat, 24 Oct 2015 19:13:45 - FETCH DOC: http://www.dz-rs.si/wps/portal/Home/deloDZ/seje/evidenca?mandat=VII&type=dt&uid=A3E44E226EEC413BC1257EDD003AC59E
Sat, 24 Oct 2015 19:13:45 - FETCH SESSION: http://www.dz-rs.si/wps/portal/Home/deloDZ/seje/izbranaSejaDt?mandat=VII&seja=15%20006.%20Nujna&uid=856A5EEBF3BBE571C1257ECE003F89B4
Sat, 24 Oct 2015 19:13:46 - FETCH SPEECH: http://www.dz-rs.si/wps/portal/Home/deloDZ/seje/evidenca?mandat=VII&type=pmagdt&uid=AE7DEBAA7C7600D0C1257ED90022DD13
Sat, 24 Oct 2015 19:13:48 - FETCH DOC: http://www.dz-rs.si/wps/portal/Home/deloDZ/seje/evidenca?mandat=VII&type=dt&uid=905341BB6F6B87BEC1257ECF003F65C3
Sat, 24 Oct 2015 19:13:48 - FETCH DOC: http://www.dz-rs.si/wps/portal/Home/deloDZ/seje/evidenca?mandat=VII&type=dt&uid=9D2FB6B0A32BE472C1257ED8002019DD
Sat, 24 Oct 2015 19:13:48 - FETCH DOC: http://www.dz-rs.si/wps/portal/Home/deloDZ/seje/evidenca?mandat=VII&type=dt&uid=491F1D9A427B3D68C1257EDC003D2F4D
Sat, 24 Oct 2015 19:13:49 - FETCH SESSION: http://www.dz-rs.si/wps/portal/Home/deloDZ/seje/izbranaSejaDt?mandat=VII&seja=15%20007.%20Nujna&uid=0994862BD3D3B4F2C1257ED00027F700
Sat, 24 Oct 2015 19:13:50 - FETCH SPEECH: http://www.dz-rs.si/wps/portal/Home/deloDZ/seje/evidenca?mandat=VII&type=pmagdt&uid=FEC81668E3E1D941C1257EDD0040A009
Sat, 24 Oct 2015 19:13:58 - FETCH DOC: http://www.dz-rs.si/wps/portal/Home/deloDZ/seje/evidenca?mandat=VII&type=dt&uid=A9C5D1B49213D535C1257ED1003C85AA
Sat, 24 Oct 2015 19:13:59 - FETCH DOC: http://www.dz-rs.si/wps/portal/Home/deloDZ/seje/evidenca?mandat=VII&type=dt&uid=6BD829B45AB1E54DC1257ED800216C53
Sat, 24 Oct 2015 19:13:59 - FETCH SESSION: http://www.dz-rs.si/wps/portal/Home/deloDZ/seje/izbranaSejaDt?mandat=VII&seja=15%20017.%20Redna&uid=714BA8920B9BB93EC1257E9800223FF1
Sat, 24 Oct 2015 19:14:00 - FETCH SPEECH: http://www.dz-rs.si/wps/portal/Home/deloDZ/seje/evidenca?mandat=VII&type=pmagdt&uid=B181E54CDBD75317C1257ED000450AC9
Sat, 24 Oct 2015 19:14:03 - FETCH DOC: http://www.dz-rs.si/wps/portal/Home/deloDZ/seje/evidenca?mandat=VII&type=dt&uid=59BBDA75D5D9527DC1257EAB00385B77
Sat, 24 Oct 2015 19:14:04 - FETCH DOC: http://www.dz-rs.si/wps/portal/Home/deloDZ/seje/evidenca?mandat=VII&type=dt&uid=EFB2724C0DDFE444C1257EBD003C7E86
Sat, 24 Oct 2015 19:14:04 - FETCH DOC: http://www.dz-rs.si/wps/portal/Home/deloDZ/seje/evidenca?mandat=VII&type=dt&uid=CDC8DA0F77D3A435C1257EC10049EEC0
Sat, 24 Oct 2015 19:14:05 - FETCH DOC: http://www.dz-rs.si/wps/portal/Home/deloDZ/seje/evidenca?mandat=VII&type=dt&uid=FDFDAD6DE0EBA0CFC1257EC7002BCDA9
Sat, 24 Oct 2015 19:14:05 - FETCH SESSION: http://www.dz-rs.si/wps/portal/Home/deloDZ/seje/izbranaSejaDt?mandat=VII&seja=15%20016.%20Redna&uid=854E5872DE4DD98FC1257E58004581ED
Sat, 24 Oct 2015 19:14:06 - FETCH SPEECH: http://www.dz-rs.si/wps/portal/Home/deloDZ/seje/evidenca?mandat=VII&type=pmagdt&uid=46FF0A4AA1F7AB38C1257E9800248DF8
Sat, 24 Oct 2015 19:14:08 - FETCH DOC: http://www.dz-rs.si/wps/portal/Home/deloDZ/seje/evidenca?mandat=VII&type=dt&uid=2BAB08775E343DB2C1257E6900268D59
Sat, 24 Oct 2015 19:14:08 - FETCH DOC: http://www.dz-rs.si/wps/portal/Home/deloDZ/seje/evidenca?mandat=VII&type=dt&uid=8679E3E5E699DB69C1257E77003692A5
Sat, 24 Oct 2015 19:14:09 - FETCH DOC: http://www.dz-rs.si/wps/portal/Home/deloDZ/seje/evidenca?mandat=VII&type=dt&uid=269D50E6139A14F5C1257E81003A1791
Sat, 24 Oct 2015 19:14:09 - FETCH SESSION: http://www.dz-rs.si/wps/portal/Home/deloDZ/seje/izbranaSejaDt?mandat=VII&seja=15%20005.%20Nujna&uid=696E226EAFF7E8EAC1257E73002657DC
Sat, 24 Oct 2015 19:14:10 - FETCH SPEECH: http://www.dz-rs.si/wps/portal/Home/deloDZ/seje/evidenca?mandat=VII&type=pmagdt&uid=6891B4AD227F3C43C1257EAB002B0F11
Sat, 24 Oct 2015 19:14:11 - FETCH DOC: http://www.dz-rs.si/wps/portal/Home/deloDZ/seje/evidenca?mandat=VII&type=dt&uid=06125DA0B28B40EFC1257E730026D2DB
Sat, 24 Oct 2015 19:14:12 - FETCH DOC: http://www.dz-rs.si/wps/portal/Home/deloDZ/seje/evidenca?mandat=VII&type=dt&uid=7D3944AEF926ABA6C1257E740031B950
Sat, 24 Oct 2015 19:14:12 - FETCH DOC: http://www.dz-rs.si/wps/portal/Home/deloDZ/seje/evidenca?mandat=VII&type=dt&uid=0D8BD1F3A0199862C1257E76002ABEE3
Sat, 24 Oct 2015 19:14:12 - FETCH SESSION: http://www.dz-rs.si/wps/portal/Home/deloDZ/seje/izbranaSejaDt?mandat=VII&seja=15%20015.%20Redna&uid=72EB6A9CF1782BBEC1257E510029CC4D
Sat, 24 Oct 2015 19:14:13 - FETCH SPEECH: http://www.dz-rs.si/wps/portal/Home/deloDZ/seje/evidenca?mandat=VII&type=pmagdt&uid=41ABBDCF92AE76EBC1257E62003500EE
Sat, 24 Oct 2015 19:14:14 - FETCH DOC: http://www.dz-rs.si/wps/portal/Home/deloDZ/seje/evidenca?mandat=VII&type=dt&uid=6769B71BD79CD7C9C1257E51002F18FC
Sat, 24 Oct 2015 19:14:14 - FETCH DOC: http://www.dz-rs.si/wps/portal/Home/deloDZ/seje/evidenca?mandat=VII&type=dt&uid=9081F226435AF28EC1257E650026EA6B
Sat, 24 Oct 2015 19:14:14 - FETCH SESSION: http://www.dz-rs.si/wps/portal/Home/deloDZ/seje/izbranaSejaDt?mandat=VII&seja=15%20014.%20Redna&uid=4D6E77554C89DFE9C1257E430046D8A1
Sat, 24 Oct 2015 19:14:15 - FETCH SPEECH: http://www.dz-rs.si/wps/portal/Home/deloDZ/seje/evidenca?mandat=VII&type=pmagdt&uid=141A53853B4680C0C1257E610020C49F
Sat, 24 Oct 2015 19:14:17 - FETCH DOC: http://www.dz-rs.si/wps/portal/Home/deloDZ/seje/evidenca?mandat=VII&type=dt&uid=25C1BA08F0B46774C1257E4D0031CD67
Sat, 24 Oct 2015 19:14:17 - FETCH DOC: http://www.dz-rs.si/wps/portal/Home/deloDZ/seje/evidenca?mandat=VII&type=dt&uid=660A81DA4601CE39C1257E53001DB511
Sat, 24 Oct 2015 19:14:17 - FETCH DOC: http://www.dz-rs.si/wps/portal/Home/deloDZ/seje/evidenca?mandat=VII&type=dt&uid=8666FFDD78D0C8EDC1257E54002476C4
Sat, 24 Oct 2015 19:14:18 - FETCH DOC: http://www.dz-rs.si/wps/portal/Home/deloDZ/seje/evidenca?mandat=VII&type=dt&uid=3A0E2AFFCDF0E482C1257E59002C4089
Sat, 24 Oct 2015 19:14:18 - FETCH DOC: http://www.dz-rs.si/wps/portal/Home/deloDZ/seje/evidenca?mandat=VII&type=dt&uid=7A40C89D17F25C11C1257E5A003EF34E
Sat, 24 Oct 2015 19:14:18 - FETCH SESSION: http://www.dz-rs.si/wps/portal/Home/deloDZ/seje/izbranaSejaDt?mandat=VII&seja=15%20004.%20Nujna&uid=CE48831BA40100B9C1257E42003B362A
Sat, 24 Oct 2015 19:14:19 - FETCH SPEECH: http://www.dz-rs.si/wps/portal/Home/deloDZ/seje/evidenca?mandat=VII&type=pmagdt&uid=707F949620BC48EBC1257E59002F5B9A
Sat, 24 Oct 2015 19:14:21 - FETCH DOC: http://www.dz-rs.si/wps/portal/Home/deloDZ/seje/evidenca?mandat=VII&type=dt&uid=95E7EF305422A939C1257E42003F2558
Sat, 24 Oct 2015 19:14:22 - FETCH DOC: http://www.dz-rs.si/wps/portal/Home/deloDZ/seje/evidenca?mandat=VII&type=dt&uid=403DEB4470ECAD05C1257E4A002FDB87
Sat, 24 Oct 2015 19:14:22 - FETCH DOC: http://www.dz-rs.si/wps/portal/Home/deloDZ/seje/evidenca?mandat=VII&type=dt&uid=E30668B22C252EE4C1257E4C00282FDD
Sat, 24 Oct 2015 19:14:23 - FETCH DOC: http://www.dz-rs.si/wps/portal/Home/deloDZ/seje/evidenca?mandat=VII&type=dt&uid=5CCE209E1DCA83D0C1257E530029001A
Sat, 24 Oct 2015 19:14:23 - FETCH SESSION: http://www.dz-rs.si/wps/portal/Home/deloDZ/seje/izbranaSejaDt?mandat=VII&seja=15%20013.%20Redna&uid=6111BF1303D10A38C1257E20002931E1
Sat, 24 Oct 2015 19:14:24 - FETCH SPEECH: http://www.dz-rs.si/wps/portal/Home/deloDZ/seje/evidenca?mandat=VII&type=pmagdt&uid=6A2AA8C8281A2642C1257E460039482E
Sat, 24 Oct 2015 19:14:26 - FETCH SPEECH: http://www.dz-rs.si/wps/portal/Home/deloDZ/seje/evidenca?mandat=VII&type=pmagdt&uid=8E94E9F5CADDC146C1257E57003BA296
Sat, 24 Oct 2015 19:14:29 - FETCH DOC: http://www.dz-rs.si/wps/portal/Home/deloDZ/seje/evidenca?mandat=VII&type=dt&uid=A849CE4D49FA73B0C1257E2A003261BD
Sat, 24 Oct 2015 19:14:29 - FETCH DOC: http://www.dz-rs.si/wps/portal/Home/deloDZ/seje/evidenca?mandat=VII&type=dt&uid=BD92C1767AAEBF84C1257E44004060E3
Sat, 24 Oct 2015 19:14:30 - FETCH DOC: http://www.dz-rs.si/wps/portal/Home/deloDZ/seje/evidenca?mandat=VII&type=dt&uid=9386F056DF32F430C1257E5100233B6C
Sat, 24 Oct 2015 19:14:30 - FETCH DOC: http://www.dz-rs.si/wps/portal/Home/deloDZ/seje/evidenca?mandat=VII&type=dt&uid=C27468BFA6528337C1257E46003CCAC3
Sat, 24 Oct 2015 19:14:30 - FETCH SESSION: http://www.dz-rs.si/wps/portal/Home/deloDZ/seje/izbranaSejaDt?mandat=VII&seja=15%20012.%20Redna&uid=99A61072B73E4DCDC1257E0B002B6D37
Sat, 24 Oct 2015 19:14:31 - FETCH SPEECH: http://www.dz-rs.si/wps/portal/Home/deloDZ/seje/evidenca?mandat=VII&type=pmagdt&uid=FF34AA0B177C1C29C1257E30002773B5
Sat, 24 Oct 2015 19:14:32 - FETCH DOC: http://www.dz-rs.si/wps/portal/Home/deloDZ/seje/evidenca?mandat=VII&type=dt&uid=5563414EE41934E8C1257E1A002633A3
Sat, 24 Oct 2015 19:14:33 - FETCH DOC: http://www.dz-rs.si/wps/portal/Home/deloDZ/seje/evidenca?mandat=VII&type=dt&uid=92A195366F06BFE1C1257E2200533F0E
Sat, 24 Oct 2015 19:14:33 - FETCH DOC: http://www.dz-rs.si/wps/portal/Home/deloDZ/seje/evidenca?mandat=VII&type=dt&uid=DD651F9DA703F5E8C1257E280035DFC1
Sat, 24 Oct 2015 19:14:33 - FETCH DOC: http://www.dz-rs.si/wps/portal/Home/deloDZ/seje/evidenca?mandat=VII&type=dt&uid=F2908BDA4B8D6331C1257E2D00395336
Sat, 24 Oct 2015 19:14:33 - FETCH SESSION: http://www.dz-rs.si/wps/portal/Home/deloDZ/seje/izbranaSejaDt?mandat=VII&seja=15%20011.%20Redna&uid=AE24B5E7472C7AF0C1257DFC002C83CA
Sat, 24 Oct 2015 19:14:34 - FETCH SPEECH: http://www.dz-rs.si/wps/portal/Home/deloDZ/seje/evidenca?mandat=VII&type=pmagdt&uid=507D39BB284890ABC1257E1C003A5CC1
Sat, 24 Oct 2015 19:14:35 - FETCH DOC: http://www.dz-rs.si/wps/portal/Home/deloDZ/seje/evidenca?mandat=VII&type=dt&uid=ADE77E8ABC1E40CCC1257DFE004109B2
Sat, 24 Oct 2015 19:14:36 - FETCH DOC: http://www.dz-rs.si/wps/portal/Home/deloDZ/seje/evidenca?mandat=VII&type=dt&uid=D5A3CD6F0046B855C1257E11002B420A
Sat, 24 Oct 2015 19:14:37 - FETCH SESSION: http://www.dz-rs.si/wps/portal/Home/deloDZ/seje/izbranaSejaDt?mandat=VII&seja=15%20010.%20Redna&uid=F9F3042957ECCFDBC1257DE9002CB708
Sat, 24 Oct 2015 19:14:38 - FETCH SPEECH: http://www.dz-rs.si/wps/portal/Home/deloDZ/seje/evidenca?mandat=VII&type=pmagdt&uid=E227F830B3C5D09BC1257E12004C12C8
Sat, 24 Oct 2015 19:14:41 - FETCH DOC: http://www.dz-rs.si/wps/portal/Home/deloDZ/seje/evidenca?mandat=VII&type=dt&uid=3C04AB72405CE089C1257DE9004256DF
Sat, 24 Oct 2015 19:14:41 - FETCH DOC: http://www.dz-rs.si/wps/portal/Home/deloDZ/seje/evidenca?mandat=VII&type=dt&uid=FFC8A2E94257D69CC1257DEA0041B0E7
Sat, 24 Oct 2015 19:14:42 - FETCH DOC: http://www.dz-rs.si/wps/portal/Home/deloDZ/seje/evidenca?mandat=VII&type=dt&uid=FFFB14B0B33BD73DC1257DF8002C3953
Sat, 24 Oct 2015 19:14:42 - FETCH SESSION: http://www.dz-rs.si/wps/portal/Home/deloDZ/seje/izbranaSejaDt?mandat=VII&seja=15%20002.%20Nujna&uid=8FAA502525A8371DC1257D9C0029B62E
Sat, 24 Oct 2015 19:14:43 - FETCH SPEECH: http://www.dz-rs.si/wps/portal/Home/deloDZ/seje/evidenca?mandat=VII&type=pmagdt&uid=FD2710C30B37FDADC1257E040041058C
Sat, 24 Oct 2015 19:14:45 - FETCH DOC: http://www.dz-rs.si/wps/portal/Home/deloDZ/seje/evidenca?mandat=VII&type=dt&uid=3C83EA45EBECFAECC1257DE7004BC4BE
Sat, 24 Oct 2015 19:14:46 - FETCH DOC: http://www.dz-rs.si/wps/portal/Home/deloDZ/seje/evidenca?mandat=VII&type=dt&uid=BDE35BDB8582079BC1257DF10043D989
Sat, 24 Oct 2015 19:14:46 - FETCH SESSION: http://www.dz-rs.si/wps/portal/Home/deloDZ/seje/izbranaSejaDt?mandat=VII&seja=15%20009.%20Redna&uid=E2939F681910BBDAC1257DCF003D72C8
Sat, 24 Oct 2015 19:14:47 - FETCH SPEECH: http://www.dz-rs.si/wps/portal/Home/deloDZ/seje/evidenca?mandat=VII&type=pmagdt&uid=D977F3689142D85FC1257DEB0042A12A
Sat, 24 Oct 2015 19:14:49 - FETCH DOC: http://www.dz-rs.si/wps/portal/Home/deloDZ/seje/evidenca?mandat=VII&type=dt&uid=C8D321A372256E2DC1257DD60044E7EB
Sat, 24 Oct 2015 19:14:50 - FETCH DOC: http://www.dz-rs.si/wps/portal/Home/deloDZ/seje/evidenca?mandat=VII&type=dt&uid=70263D0C27080A1FC1257DE1004D6ABD
Sat, 24 Oct 2015 19:14:50 - FETCH DOC: http://www.dz-rs.si/wps/portal/Home/deloDZ/seje/evidenca?mandat=VII&type=dt&uid=EF2979912442F51AC1257DE3002EADF6
Sat, 24 Oct 2015 19:14:50 - FETCH DOC: http://www.dz-rs.si/wps/portal/Home/deloDZ/seje/evidenca?mandat=VII&type=dt&uid=17CDF4C4F9F49602C1257DE8004A08A3
Sat, 24 Oct 2015 19:14:51 - FETCH DOC: http://www.dz-rs.si/wps/portal/Home/deloDZ/seje/evidenca?mandat=VII&type=dt&uid=C84A046CDE5F6B1CC1257DEF0026BBF5
Sat, 24 Oct 2015 19:14:51 - FETCH SESSION: http://www.dz-rs.si/wps/portal/Home/deloDZ/seje/izbranaSejaDt?mandat=VII&seja=15%20003.%20Nujna&uid=E95DB27891F8C339C1257DE700313C90
Sat, 24 Oct 2015 19:14:52 - FETCH SPEECH: http://www.dz-rs.si/wps/portal/Home/deloDZ/seje/evidenca?mandat=VII&type=pmagdt&uid=8DF755BDD60121D9C1257DF20040DBF3
Sat, 24 Oct 2015 19:14:56 - FETCH DOC: http://www.dz-rs.si/wps/portal/Home/deloDZ/seje/evidenca?mandat=VII&type=dt&uid=571949FFAD3C1B70C1257DE8004F0DDE
Sat, 24 Oct 2015 19:14:56 - FETCH DOC: http://www.dz-rs.si/wps/portal/Home/deloDZ/seje/evidenca?mandat=VII&type=dt&uid=A29C812174258155C1257DEA00502EE6
Sat, 24 Oct 2015 19:14:57 - FETCH DOC: http://www.dz-rs.si/wps/portal/Home/deloDZ/seje/evidenca?mandat=VII&type=dt&uid=B8593433BBE87F7DC1257DEF0029C636
Sat, 24 Oct 2015 19:14:57 - FETCH SESSION: http://www.dz-rs.si/wps/portal/Home/deloDZ/seje/izbranaSejaDt?mandat=VII&seja=15%20008.%20Redna&uid=17E68575C8232AB8C1257DA90035575C
Sat, 24 Oct 2015 19:14:58 - FETCH SPEECH: http://www.dz-rs.si/wps/portal/Home/deloDZ/seje/evidenca?mandat=VII&type=pmagdt&uid=799E3DFFF1E0B9A0C1257DD500451240
Sat, 24 Oct 2015 19:15:00 - FETCH DOC: http://www.dz-rs.si/wps/portal/Home/deloDZ/seje/evidenca?mandat=VII&type=dt&uid=859D482582D32B6CC1257DB3003BA39F
Sat, 24 Oct 2015 19:15:01 - FETCH DOC: http://www.dz-rs.si/wps/portal/Home/deloDZ/seje/evidenca?mandat=VII&type=dt&uid=721049D2A8587EC9C1257DD3004B3CCF
Sat, 24 Oct 2015 19:15:01 - FETCH DOC: http://www.dz-rs.si/wps/portal/Home/deloDZ/seje/evidenca?mandat=VII&type=dt&uid=ADA1A2C1046691DFC1257DD50030680C
Sat, 24 Oct 2015 19:15:01 - FETCH SESSION: http://www.dz-rs.si/wps/portal/Home/deloDZ/seje/izbranaSejaDt?mandat=VII&seja=15%20007.%20Redna&uid=F8F67E263F947AF4C1257D97002DE1F5
Sat, 24 Oct 2015 19:15:02 - FETCH SPEECH: http://www.dz-rs.si/wps/portal/Home/deloDZ/seje/evidenca?mandat=VII&type=pmagdt&uid=77C6EDDEFCA0F6FCC1257DB1002AA373
Sat, 24 Oct 2015 19:15:03 - FETCH DOC: http://www.dz-rs.si/wps/portal/Home/deloDZ/seje/evidenca?mandat=VII&type=dt&uid=6C9DBFB21B3D8C68C1257D9C00442F90
Sat, 24 Oct 2015 19:15:04 - FETCH DOC: http://www.dz-rs.si/wps/portal/Home/deloDZ/seje/evidenca?mandat=VII&type=dt&uid=84BA0CFA7125222EC1257DAF00419549
Sat, 24 Oct 2015 19:15:04 - FETCH SESSION: http://www.dz-rs.si/wps/portal/Home/deloDZ/seje/izbranaSejaDt?mandat=VII&seja=15%20006.%20Redna&uid=29A99A4AA53F334CC1257D93002C668A
Sat, 24 Oct 2015 19:15:05 - FETCH SPEECH: http://www.dz-rs.si/wps/portal/Home/deloDZ/seje/evidenca?mandat=VII&type=pmagdt&uid=F2AF81EEC7AA8642C1257DA80031C15E
Sat, 24 Oct 2015 19:15:06 - FETCH SPEECH: http://www.dz-rs.si/wps/portal/Home/deloDZ/seje/evidenca?mandat=VII&type=pmagdt&uid=71B9A220946ADCD9C1257DCF0034E7E0
Sat, 24 Oct 2015 19:15:08 - FETCH DOC: http://www.dz-rs.si/wps/portal/Home/deloDZ/seje/evidenca?mandat=VII&type=dt&uid=7599CA491FB53494C1257D96004574E2
Sat, 24 Oct 2015 19:15:09 - FETCH DOC: http://www.dz-rs.si/wps/portal/Home/deloDZ/seje/evidenca?mandat=VII&type=dt&uid=1857E155D22CF482C1257D9B002FC533
Sat, 24 Oct 2015 19:15:09 - FETCH DOC: http://www.dz-rs.si/wps/portal/Home/deloDZ/seje/evidenca?mandat=VII&type=dt&uid=C0010EEA6D97A224C1257D9D004A1D28
Sat, 24 Oct 2015 19:15:09 - FETCH DOC: http://www.dz-rs.si/wps/portal/Home/deloDZ/seje/evidenca?mandat=VII&type=dt&uid=54BD0D4B938C4EEDC1257DA800412957
Sat, 24 Oct 2015 19:15:10 - FETCH DOC: http://www.dz-rs.si/wps/portal/Home/deloDZ/seje/evidenca?mandat=VII&type=dt&uid=E97BD9B3B84D9600C1257DA90029D54E
Sat, 24 Oct 2015 19:15:10 - FETCH SESSION: http://www.dz-rs.si/wps/portal/Home/deloDZ/seje/izbranaSejaDt?mandat=VII&seja=15%20005.%20Redna&uid=1E7EDC3C86F80C49C1257D8F002E4C25
Sat, 24 Oct 2015 19:15:11 - FETCH SPEECH: http://www.dz-rs.si/wps/portal/Home/deloDZ/seje/evidenca?mandat=VII&type=pmagdt&uid=A4E6003C273AF748C1257DA200308661
Sat, 24 Oct 2015 19:15:12 - FETCH DOC: http://www.dz-rs.si/wps/portal/Home/deloDZ/seje/evidenca?mandat=VII&type=dt&uid=DA59872AE76F5214C1257D8F003287B2
Sat, 24 Oct 2015 19:15:12 - FETCH DOC: http://www.dz-rs.si/wps/portal/Home/deloDZ/seje/evidenca?mandat=VII&type=dt&uid=2A78AFADA5C17AFBC1257D9B004C3A13
Sat, 24 Oct 2015 19:15:12 - FETCH DOC: http://www.dz-rs.si/wps/portal/Home/deloDZ/seje/evidenca?mandat=VII&type=dt&uid=3A65D8D25FDF9B8DC1257DA2002F0C46
Sat, 24 Oct 2015 19:15:13 - FETCH SESSION: http://www.dz-rs.si/wps/portal/Home/deloDZ/seje/izbranaSejaDt?mandat=VII&seja=15%20004.%20Redna&uid=84BA6D94F68CDC54C1257D73002C8441
Sat, 24 Oct 2015 19:15:14 - FETCH SPEECH: http://www.dz-rs.si/wps/portal/Home/deloDZ/seje/evidenca?mandat=VII&type=pmagdt&uid=35FA4D98754D568BC1257D90003F84CA
Sat, 24 Oct 2015 19:15:16 - FETCH DOC: http://www.dz-rs.si/wps/portal/Home/deloDZ/seje/evidenca?mandat=VII&type=dt&uid=BAE2618FAA462E93C1257D7F004884FD
Sat, 24 Oct 2015 19:15:17 - FETCH DOC: http://www.dz-rs.si/wps/portal/Home/deloDZ/seje/evidenca?mandat=VII&type=dt&uid=52D8B6014F2BE4AAC1257D8C004E98DD
Sat, 24 Oct 2015 19:15:17 - FETCH DOC: http://www.dz-rs.si/wps/portal/Home/deloDZ/seje/evidenca?mandat=VII&type=dt&uid=0973BC4F597FC4D9C1257D9000427C20
Sat, 24 Oct 2015 19:15:18 - FETCH SESSION: http://www.dz-rs.si/wps/portal/Home/deloDZ/seje/izbranaSejaDt?mandat=VII&seja=15%20003.%20Redna&uid=F24689338DD39865C1257D6B003E0EE1
Sat, 24 Oct 2015 19:15:19 - FETCH SPEECH: http://www.dz-rs.si/wps/portal/Home/deloDZ/seje/evidenca?mandat=VII&type=pmagdt&uid=7F30B16DF5F17CADC1257D8E0036371E
Sat, 24 Oct 2015 19:15:22 - FETCH DOC: http://www.dz-rs.si/wps/portal/Home/deloDZ/seje/evidenca?mandat=VII&type=dt&uid=58BA115878800A70C1257D710042F2A0
Sat, 24 Oct 2015 19:15:23 - FETCH DOC: http://www.dz-rs.si/wps/portal/Home/deloDZ/seje/evidenca?mandat=VII&type=dt&uid=25C1F75FDDA60F94C1257D8600319F39
Sat, 24 Oct 2015 19:15:23 - FETCH DOC: http://www.dz-rs.si/wps/portal/Home/deloDZ/seje/evidenca?mandat=VII&type=dt&uid=CE6D50127D8ED0C8C1257D89003FF8D4
Sat, 24 Oct 2015 19:15:23 - FETCH DOC: http://www.dz-rs.si/wps/portal/Home/deloDZ/seje/evidenca?mandat=VII&type=dt&uid=C6465A42E01F61A0C1257D8C00426A1C
Sat, 24 Oct 2015 19:15:24 - FETCH DOC: http://www.dz-rs.si/wps/portal/Home/deloDZ/seje/evidenca?mandat=VII&type=dt&uid=7C8732484F476574C1257D8C0047FD4E
Sat, 24 Oct 2015 19:15:24 - FETCH DOC: http://www.dz-rs.si/wps/portal/Home/deloDZ/seje/evidenca?mandat=VII&type=dt&uid=60E883F06E5B38A6C1257D8F004784F2
Sat, 24 Oct 2015 19:15:24 - FETCH SESSION: http://www.dz-rs.si/wps/portal/Home/deloDZ/seje/izbranaSejaDt?mandat=VII&seja=15%20002.%20Redna&uid=FEA007BDD189A84EC1257D550030E23A
Sat, 24 Oct 2015 19:15:25 - FETCH SPEECH: http://www.dz-rs.si/wps/portal/Home/deloDZ/seje/evidenca?mandat=VII&type=pmagdt&uid=1B1866223359C130C1257D8C0039942E
Sat, 24 Oct 2015 19:15:30 - FETCH DOC: http://www.dz-rs.si/wps/portal/Home/deloDZ/seje/evidenca?mandat=VII&type=dt&uid=40FE422D2C2BC012C1257D710046E876
Sat, 24 Oct 2015 19:15:30 - FETCH DOC: http://www.dz-rs.si/wps/portal/Home/deloDZ/seje/evidenca?mandat=VII&type=dt&uid=549DE282AFF65809C1257D740033964F
Sat, 24 Oct 2015 19:15:30 - FETCH DOC: http://www.dz-rs.si/wps/portal/Home/deloDZ/seje/evidenca?mandat=VII&type=dt&uid=0B1B432F687AA78CC1257D7F002F60F1
Sat, 24 Oct 2015 19:15:31 - FETCH DOC: http://www.dz-rs.si/wps/portal/Home/deloDZ/seje/evidenca?mandat=VII&type=dt&uid=94D03B021B9D427EC1257D7F0035876A
Sat, 24 Oct 2015 19:15:31 - FETCH DOC: http://www.dz-rs.si/wps/portal/Home/deloDZ/seje/evidenca?mandat=VII&type=dt&uid=6D5BF7977514CF5AC1257D880030279E
Sat, 24 Oct 2015 19:15:31 - FETCH SESSION: http://www.dz-rs.si/wps/portal/Home/deloDZ/seje/izbranaSejaDt?mandat=VII&seja=15%20001.%20Redna&uid=866C99E1D22DC53AC1257D550029F08E
Sat, 24 Oct 2015 19:15:32 - FETCH SPEECH: http://www.dz-rs.si/wps/portal/Home/deloDZ/seje/evidenca?mandat=VII&type=pmagdt&uid=D092536549E5BB7EC1257D7900378D49
Sat, 24 Oct 2015 19:15:35 - FETCH DOC: http://www.dz-rs.si/wps/portal/Home/deloDZ/seje/evidenca?mandat=VII&type=dt&uid=31E01797515467BBC1257D58002F8DCF
Sat, 24 Oct 2015 19:15:36 - FETCH DOC: http://www.dz-rs.si/wps/portal/Home/deloDZ/seje/evidenca?mandat=VII&type=dt&uid=7A9B89275E772B65C1257D7A00260834
Sat, 24 Oct 2015 19:15:36 - FETCH SESSION: http://www.dz-rs.si/wps/portal/Home/deloDZ/seje/izbranaSejaDt?mandat=VII&seja=15%20001.%20Nujna&uid=D098841E13957615C1257D4F00303CB4
Sat, 24 Oct 2015 19:15:37 - FETCH SPEECH: http://www.dz-rs.si/wps/portal/Home/deloDZ/seje/evidenca?mandat=VII&type=pmagdt&uid=EC4340DFDD371470C1257D56003848C4
Sat, 24 Oct 2015 19:15:37 - FETCH SPEECH: http://www.dz-rs.si/wps/portal/Home/deloDZ/seje/evidenca?mandat=VII&type=pmagdt&uid=4CC34439C88181FFC1257D56003D4236
Sat, 24 Oct 2015 19:15:37 - FETCH DOC: http://www.dz-rs.si/wps/portal/Home/deloDZ/seje/evidenca?mandat=VII&type=dt&uid=3F2CC69139C38548C1257D4F0032C99D
Sat, 24 Oct 2015 19:15:38 - FETCH DOC: http://www.dz-rs.si/wps/portal/Home/deloDZ/seje/evidenca?mandat=VII&type=dt&uid=FC8E48D4EC6DCC80C1257D51004A5069
Sat, 24 Oct 2015 19:15:38 - FETCH DOC: http://www.dz-rs.si/wps/portal/Home/deloDZ/seje/evidenca?mandat=VII&type=dt&uid=30096C43132FAC4EC1257D54003B86EF
Sat, 24 Oct 2015 19:15:38 - FETCH SESSION: http://www.dz-rs.si/wps/portal/Home/deloDZ/seje/izbranaSejaDt?mandat=VI&seja=15%20009.%20Nujna&uid=14841B4D1A65373CC1257D1F005A8E9E
Sat, 24 Oct 2015 19:15:39 - FETCH SPEECH: http://www.dz-rs.si/wps/portal/Home/deloDZ/seje/evidenca?mandat=VI&type=pmagdt&uid=6008B430DC1C2F63C1257CFA002FDFA3
Sat, 24 Oct 2015 19:15:41 - FETCH DOC: http://www.dz-rs.si/wps/portal/Home/deloDZ/seje/evidenca?mandat=VI&type=dt&uid=2E81F4540A2F1487C1257D1F005A8EA5
Sat, 24 Oct 2015 19:15:41 - FETCH DOC: http://www.dz-rs.si/wps/portal/Home/deloDZ/seje/evidenca?mandat=VI&type=dt&uid=C5AF589480781E92C1257D1F005A8FA3
Sat, 24 Oct 2015 19:15:41 - FETCH SESSION: http://www.dz-rs.si/wps/portal/Home/deloDZ/seje/izbranaSejaDt?mandat=VI&seja=15%20038.%20Redna&uid=E3D8CFFCFF5EFD2CC1257D1F005A8BEF
Sat, 24 Oct 2015 19:15:42 - FETCH SPEECH: http://www.dz-rs.si/wps/portal/Home/deloDZ/seje/evidenca?mandat=VI&type=pmagdt&uid=FB7F717265692642C1257CF500392AA1
Sat, 24 Oct 2015 19:15:43 - FETCH SPEECH: http://www.dz-rs.si/wps/portal/Home/deloDZ/seje/evidenca?mandat=VI&type=pmagdt&uid=D4094E6062BD4032C1257CFC002F98F0
Sat, 24 Oct 2015 19:15:45 - FETCH SPEECH: http://www.dz-rs.si/wps/portal/Home/deloDZ/seje/evidenca?mandat=VI&type=pmagdt&uid=39931C18C0AB7E3DC1257D0700369E9A
Sat, 24 Oct 2015 19:15:46 - FETCH DOC: http://www.dz-rs.si/wps/portal/Home/deloDZ/seje/evidenca?mandat=VI&type=dt&uid=B9D11E6EBD0D654CC1257D1F005A8E02
Sat, 24 Oct 2015 19:15:47 - FETCH DOC: http://www.dz-rs.si/wps/portal/Home/deloDZ/seje/evidenca?mandat=VI&type=dt&uid=E064D659249D3D33C1257D1F005A8E7C
Sat, 24 Oct 2015 19:15:47 - FETCH DOC: http://www.dz-rs.si/wps/portal/Home/deloDZ/seje/evidenca?mandat=VI&type=dt&uid=CA2DDBF8CD5CF2C5C1257D1F005A8EBB
Sat, 24 Oct 2015 19:15:48 - FETCH DOC: http://www.dz-rs.si/wps/portal/Home/deloDZ/seje/evidenca?mandat=VI&type=dt&uid=65D1F4C1CDECFFADC1257D1F005A8F96
Sat, 24 Oct 2015 19:15:48 - FETCH DOC: http://www.dz-rs.si/wps/portal/Home/deloDZ/seje/evidenca?mandat=VI&type=dt&uid=7766A40DC4B21D2BC1257D1F005A8FF7
Sat, 24 Oct 2015 19:15:48 - FETCH DOC: http://www.dz-rs.si/wps/portal/Home/deloDZ/seje/evidenca?mandat=VI&type=dt&uid=D2109704EE87E457C1257D1F005A9005
Sat, 24 Oct 2015 19:15:49 - FETCH DOC: http://www.dz-rs.si/wps/portal/Home/deloDZ/seje/evidenca?mandat=VI&type=dt&uid=22F1CB441C8F5978C1257D1F005A8FA4
Sat, 24 Oct 2015 19:15:49 - FETCH SESSION: http://www.dz-rs.si/wps/portal/Home/deloDZ/seje/izbranaSejaDt?mandat=VII&seja=05%20004.%20Nujna&uid=5416077D0C856C70C1257ECF002CF25A
Sat, 24 Oct 2015 19:15:50 - FETCH DOC: http://www.dz-rs.si/wps/portal/Home/deloDZ/seje/evidenca?mandat=VII&type=dt&uid=53728B4D3F0C0818C1257ECF004868BF
Sat, 24 Oct 2015 19:15:50 - FETCH SESSION: http://www.dz-rs.si/wps/portal/Home/deloDZ/seje/izbranaSejaDt?mandat=VII&seja=05%20003.%20Redna&uid=D04915077463FD34C1257EA5004948D8
Sat, 24 Oct 2015 19:15:51 - FETCH DOC: http://www.dz-rs.si/wps/portal/Home/deloDZ/seje/evidenca?mandat=VII&type=dt&uid=FF1AA22647734AA9C1257EAB003378E4
Sat, 24 Oct 2015 19:15:52 - FETCH DOC: http://www.dz-rs.si/wps/portal/Home/deloDZ/seje/evidenca?mandat=VII&type=dt&uid=12BB076C2695904AC1257EB40022D619
Sat, 24 Oct 2015 19:15:52 - FETCH DOC: http://www.dz-rs.si/wps/portal/Home/deloDZ/seje/evidenca?mandat=VII&type=dt&uid=150D268671BCBA25C1257EB4003919BA
Sat, 24 Oct 2015 19:15:52 - FETCH DOC: http://www.dz-rs.si/wps/portal/Home/deloDZ/seje/evidenca?mandat=VII&type=dt&uid=A0EC5ECD2185A2CEC1257EB500491547
Sat, 24 Oct 2015 19:15:53 - FETCH DOC: http://www.dz-rs.si/wps/portal/Home/deloDZ/seje/evidenca?mandat=VII&type=dt&uid=F89AD7959F14C135C1257EB6002D41FB
Sat, 24 Oct 2015 19:15:53 - FETCH DOC: http://www.dz-rs.si/wps/portal/Home/deloDZ/seje/evidenca?mandat=VII&type=dt&uid=A7E5850CF1F3252DC1257EC00035F7B0
Sat, 24 Oct 2015 19:15:53 - FETCH SESSION: http://www.dz-rs.si/wps/portal/Home/deloDZ/seje/izbranaSejaDt?mandat=VII&seja=05%20002.%20Redna&uid=1CD975B35BDFF87EC1257E310047E3BC
Sat, 24 Oct 2015 19:15:54 - FETCH SPEECH: http://www.dz-rs.si/wps/portal/Home/deloDZ/seje/evidenca?mandat=VII&type=pmagdt&uid=3FD7DC7B4DB55BC0C1257E460031919E
Sat, 24 Oct 2015 19:15:56 - FETCH DOC: http://www.dz-rs.si/wps/portal/Home/deloDZ/seje/evidenca?mandat=VII&type=dt&uid=BFD7FCD0A3A9B918C1257E35002980B9
Sat, 24 Oct 2015 19:15:57 - FETCH DOC: http://www.dz-rs.si/wps/portal/Home/deloDZ/seje/evidenca?mandat=VII&type=dt&uid=1A9BA02623C3F373C1257E3F00398B0F
Sat, 24 Oct 2015 19:15:57 - FETCH DOC: http://www.dz-rs.si/wps/portal/Home/deloDZ/seje/evidenca?mandat=VII&type=dt&uid=2D50CA0E69CE0264C1257E3F004BE1B9
Sat, 24 Oct 2015 19:15:58 - FETCH DOC: http://www.dz-rs.si/wps/portal/Home/deloDZ/seje/evidenca?mandat=VII&type=dt&uid=2CB1FB34208738DFC1257E420037CFD4
Sat, 24 Oct 2015 19:15:58 - FETCH DOC: http://www.dz-rs.si/wps/portal/Home/deloDZ/seje/evidenca?mandat=VII&type=dt&uid=B363DFF5266B1198C1257E4600231C71
Sat, 24 Oct 2015 19:15:58 - FETCH SESSION: http://www.dz-rs.si/wps/portal/Home/deloDZ/seje/izbranaSejaDt?mandat=VII&seja=05%20003.%20Nujna&uid=15B2432CCF61999AC1257DE1002FF5EE
Sat, 24 Oct 2015 19:15:59 - FETCH SPEECH: http://www.dz-rs.si/wps/portal/Home/deloDZ/seje/evidenca?mandat=VII&type=pmagdt&uid=4CD8FA30A9464E86C1257DE400408D46
Sat, 24 Oct 2015 19:15:59 - FETCH DOC: http://www.dz-rs.si/wps/portal/Home/deloDZ/seje/evidenca?mandat=VII&type=dt&uid=16AFB7C8EBC18AD9C1257DE100310B33
Sat, 24 Oct 2015 19:16:00 - FETCH DOC: http://www.dz-rs.si/wps/portal/Home/deloDZ/seje/evidenca?mandat=VII&type=dt&uid=1C490F4B25F1D59DC1257DE2004CCDB6
Sat, 24 Oct 2015 19:16:00 - FETCH SESSION: http://www.dz-rs.si/wps/portal/Home/deloDZ/seje/izbranaSejaDt?mandat=VII&seja=05%20001.%20Redna&uid=62F520D9EF076801C1257D5D0022BCAF
Sat, 24 Oct 2015 19:16:01 - FETCH SPEECH: http://www.dz-rs.si/wps/portal/Home/deloDZ/seje/evidenca?mandat=VII&type=pmagdt&uid=8D0875B91F4863CAC1257DCD0040C96E
Sat, 24 Oct 2015 19:16:02 - FETCH DOC: http://www.dz-rs.si/wps/portal/Home/deloDZ/seje/evidenca?mandat=VII&type=dt&uid=9CB193DCFF40DCE8C1257DB3002B664F
Sat, 24 Oct 2015 19:16:02 - FETCH DOC: http://www.dz-rs.si/wps/portal/Home/deloDZ/seje/evidenca?mandat=VII&type=dt&uid=AE3BC9E607A413D1C1257DC8004726C8
Sat, 24 Oct 2015 19:16:02 - FETCH SESSION: http://www.dz-rs.si/wps/portal/Home/deloDZ/seje/izbranaSejaDt?mandat=VII&seja=05%20002.%20Nujna&uid=D9557191D66B7378C1257D86003069D4
Sat, 24 Oct 2015 19:16:03 - FETCH SPEECH: http://www.dz-rs.si/wps/portal/Home/deloDZ/seje/evidenca?mandat=VII&type=pmagdt&uid=CFBD2433DA3099C7C1257D8E004A50A0
Sat, 24 Oct 2015 19:16:04 - FETCH DOC: http://www.dz-rs.si/wps/portal/Home/deloDZ/seje/evidenca?mandat=VII&type=dt&uid=7C284B81DDD7D199C1257D87005435CA
Sat, 24 Oct 2015 19:16:04 - FETCH SESSION: http://www.dz-rs.si/wps/portal/Home/deloDZ/seje/izbranaSejaDt?mandat=VII&seja=05%20001.%20Nujna&uid=E9B35384CB05F617C1257D5E0041CDC3
Sat, 24 Oct 2015 19:16:05 - FETCH SPEECH: http://www.dz-rs.si/wps/portal/Home/deloDZ/seje/evidenca?mandat=VII&type=pmagdt&uid=1AF755F5F3430C04C1257D6C0021EDAE
Sat, 24 Oct 2015 19:16:08 - FETCH DOC: http://www.dz-rs.si/wps/portal/Home/deloDZ/seje/evidenca?mandat=VII&type=dt&uid=F2417C10F1355559C1257D5E00495D36
Sat, 24 Oct 2015 19:16:08 - FETCH DOC: http://www.dz-rs.si/wps/portal/Home/deloDZ/seje/evidenca?mandat=VII&type=dt&uid=E8F8DA97B0BE6D63C1257D640043ACA7
Sat, 24 Oct 2015 19:16:08 - FETCH DOC: http://www.dz-rs.si/wps/portal/Home/deloDZ/seje/evidenca?mandat=VII&type=dt&uid=27AC4487311C8F33C1257D7A00369883
Sat, 24 Oct 2015 19:16:09 - FETCH SESSION: http://www.dz-rs.si/wps/portal/Home/deloDZ/seje/izbranaSejaDt?mandat=VII&seja=54%20024.%20Nujna&uid=C009F4FBA71E4048C1257EE300222FF5
Sat, 24 Oct 2015 19:16:10 - FETCH DOC: http://www.dz-rs.si/wps/portal/Home/deloDZ/seje/evidenca?mandat=VII&type=dt&uid=F77D132B72C70808C1257EE300298A3D
Sat, 24 Oct 2015 19:16:10 - FETCH DOC: http://www.dz-rs.si/wps/portal/Home/deloDZ/seje/evidenca?mandat=VII&type=dt&uid=5DAF1D8256550E69C1257EE300437E8C
Sat, 24 Oct 2015 19:16:11 - FETCH DOC: http://www.dz-rs.si/wps/portal/Home/deloDZ/seje/evidenca?mandat=VII&type=dt&uid=0819AB3E10B57649C1257EE60046EB8D
Sat, 24 Oct 2015 19:16:11 - FETCH SESSION: http://www.dz-rs.si/wps/portal/Home/deloDZ/seje/izbranaSejaDt?mandat=VII&seja=54%20012.%20Redna&uid=42C4643E5F5FEE3AC1257EC2002BDBB9
Sat, 24 Oct 2015 19:16:12 - FETCH DOC: http://www.dz-rs.si/wps/portal/Home/deloDZ/seje/evidenca?mandat=VII&type=dt&uid=F4BCB3984EDD1BE8C1257ECF0033DA7B
Sat, 24 Oct 2015 19:16:12 - FETCH DOC: http://www.dz-rs.si/wps/portal/Home/deloDZ/seje/evidenca?mandat=VII&type=dt&uid=14690E4F73BD1D1EC1257EDC003A1C62
Sat, 24 Oct 2015 19:16:13 - FETCH DOC: http://www.dz-rs.si/wps/portal/Home/deloDZ/seje/evidenca?mandat=VII&type=dt&uid=F9189C2AF47FBAB1C1257EE600474A09
Sat, 24 Oct 2015 19:16:13 - FETCH SESSION: http://www.dz-rs.si/wps/portal/Home/deloDZ/seje/izbranaSejaDt?mandat=VII&seja=54%20011.%20Redna&uid=8243A88D622DE1BEC1257EB3003BABD5
Sat, 24 Oct 2015 19:16:14 - FETCH DOC: http://www.dz-rs.si/wps/portal/Home/deloDZ/seje/evidenca?mandat=VII&type=dt&uid=325479CBD616B302C1257EC9003E7E97
Sat, 24 Oct 2015 19:16:14 - FETCH DOC: http://www.dz-rs.si/wps/portal/Home/deloDZ/seje/evidenca?mandat=VII&type=dt&uid=3C51B01AFA306AB7C1257ECF002A255A
Sat, 24 Oct 2015 19:16:15 - FETCH DOC: http://www.dz-rs.si/wps/portal/Home/deloDZ/seje/evidenca?mandat=VII&type=dt&uid=6F72A8A1ADB1D3EAC1257ED0002A3471
Sat, 24 Oct 2015 19:16:15 - FETCH DOC: http://www.dz-rs.si/wps/portal/Home/deloDZ/seje/evidenca?mandat=VII&type=dt&uid=0969F0BCE804DC50C1257ED00039D795
Sat, 24 Oct 2015 19:16:15 - FETCH DOC: http://www.dz-rs.si/wps/portal/Home/deloDZ/seje/evidenca?mandat=VII&type=dt&uid=DC7E7B29EA84CDB8C1257ED10027219A
Sat, 24 Oct 2015 19:16:16 - FETCH DOC: http://www.dz-rs.si/wps/portal/Home/deloDZ/seje/evidenca?mandat=VII&type=dt&uid=97BD59A1F3BF5245C1257ED1002D6430
Sat, 24 Oct 2015 19:16:16 - FETCH DOC: http://www.dz-rs.si/wps/portal/Home/deloDZ/seje/evidenca?mandat=VII&type=dt&uid=9B742D1ED2AE71F4C1257ED20033FDBB
Sat, 24 Oct 2015 19:16:16 - FETCH DOC: http://www.dz-rs.si/wps/portal/Home/deloDZ/seje/evidenca?mandat=VII&type=dt&uid=97C71D328356AEA4C1257ED50033B3FF
Sat, 24 Oct 2015 19:16:17 - FETCH DOC: http://www.dz-rs.si/wps/portal/Home/deloDZ/seje/evidenca?mandat=VII&type=dt&uid=D3959F3F0E7D1138C1257ED500488F1A
Sat, 24 Oct 2015 19:16:17 - FETCH DOC: http://www.dz-rs.si/wps/portal/Home/deloDZ/seje/evidenca?mandat=VII&type=dt&uid=F6C93A438CA55E39C1257ED600283AAD
Sat, 24 Oct 2015 19:16:17 - FETCH DOC: http://www.dz-rs.si/wps/portal/Home/deloDZ/seje/evidenca?mandat=VII&type=dt&uid=A3CA79E122352B21C1257ED7004381A0
Sat, 24 Oct 2015 19:16:18 - FETCH DOC: http://www.dz-rs.si/wps/portal/Home/deloDZ/seje/evidenca?mandat=VII&type=dt&uid=FE4B6CC99272BE6BC1257ED9002448DB
Sat, 24 Oct 2015 19:16:18 - FETCH SESSION: http://www.dz-rs.si/wps/portal/Home/deloDZ/seje/izbranaSejaDt?mandat=VII&seja=54%20022.%20Nujna&uid=14056577B2B11DB1C1257EC7003C09EF
Sat, 24 Oct 2015 19:16:19 - FETCH DOC: http://www.dz-rs.si/wps/portal/Home/deloDZ/seje/evidenca?mandat=VII&type=dt&uid=46B47ADF335A0620C1257EC80044B11C
Sat, 24 Oct 2015 19:16:19 - FETCH SESSION: http://www.dz-rs.si/wps/portal/Home/deloDZ/seje/izbranaSejaDt?mandat=VII&seja=54%20023.%20Nujna&uid=534E481D1422323BC1257ECB004268CA
Sat, 24 Oct 2015 19:16:19 - FETCH DOC: http://www.dz-rs.si/wps/portal/Home/deloDZ/seje/evidenca?mandat=VII&type=dt&uid=74B143DA3ED99904C1257ECB0046718A
Sat, 24 Oct 2015 19:16:20 - FETCH DOC: http://www.dz-rs.si/wps/portal/Home/deloDZ/seje/evidenca?mandat=VII&type=dt&uid=C6FD6FA07175D9DCC1257ECF0030D1A3
Sat, 24 Oct 2015 19:16:20 - FETCH SESSION: http://www.dz-rs.si/wps/portal/Home/deloDZ/seje/izbranaSejaDt?mandat=VII&seja=54%20021.%20Nujna&uid=A9406C7AC613D613C1257EC000315E1D
Sat, 24 Oct 2015 19:16:21 - FETCH DOC: http://www.dz-rs.si/wps/portal/Home/deloDZ/seje/evidenca?mandat=VII&type=dt&uid=5FEAFE25DF0E4411C1257EC20024ED36
Sat, 24 Oct 2015 19:16:21 - FETCH DOC: http://www.dz-rs.si/wps/portal/Home/deloDZ/seje/evidenca?mandat=VII&type=dt&uid=C86219F3245AEB2BC1257ECA00482B8B
Sat, 24 Oct 2015 19:16:21 - FETCH SESSION: http://www.dz-rs.si/wps/portal/Home/deloDZ/seje/izbranaSejaDt?mandat=VII&seja=54%20010.%20Redna&uid=D5D4566A46918129C1257E7D004F3570
Sat, 24 Oct 2015 19:16:22 - FETCH SPEECH: http://www.dz-rs.si/wps/portal/Home/deloDZ/seje/evidenca?mandat=VII&type=pmagdt&uid=5C097D019BE3B2CBC1257EC1002DBE0F
Sat, 24 Oct 2015 19:16:25 - FETCH DOC: http://www.dz-rs.si/wps/portal/Home/deloDZ/seje/evidenca?mandat=VII&type=dt&uid=AA6BE91CBC471CA5C1257EAB003B1E67
Sat, 24 Oct 2015 19:16:25 - FETCH DOC: http://www.dz-rs.si/wps/portal/Home/deloDZ/seje/evidenca?mandat=VII&type=dt&uid=BAB0684AAF7CB067C1257EB50027B4F0
Sat, 24 Oct 2015 19:16:25 - FETCH DOC: http://www.dz-rs.si/wps/portal/Home/deloDZ/seje/evidenca?mandat=VII&type=dt&uid=692363B9D7568093C1257EB90049A70A
Sat, 24 Oct 2015 19:16:26 - FETCH DOC: http://www.dz-rs.si/wps/portal/Home/deloDZ/seje/evidenca?mandat=VII&type=dt&uid=AE2DDF7765ABF064C1257EBA002798EB
Sat, 24 Oct 2015 19:16:26 - FETCH SESSION: http://www.dz-rs.si/wps/portal/Home/deloDZ/seje/izbranaSejaDt?mandat=VII&seja=54%20020.%20Nujna&uid=632E164E252CB211C1257EAE002DD1DA
Sat, 24 Oct 2015 19:16:27 - FETCH SPEECH: http://www.dz-rs.si/wps/portal/Home/deloDZ/seje/evidenca?mandat=VII&type=pmagdt&uid=77EC7180C1C64AE3C1257EB50038D786
Sat, 24 Oct 2015 19:16:30 - FETCH DOC: http://www.dz-rs.si/wps/portal/Home/deloDZ/seje/evidenca?mandat=VII&type=dt&uid=8B5E08E314C4FAA0C1257EAE004625CD
Sat, 24 Oct 2015 19:16:31 - FETCH DOC: http://www.dz-rs.si/wps/portal/Home/deloDZ/seje/evidenca?mandat=VII&type=dt&uid=B158289F2A9938C1C1257EB20038CE7C
Sat, 24 Oct 2015 19:16:31 - FETCH DOC: http://www.dz-rs.si/wps/portal/Home/deloDZ/seje/evidenca?mandat=VII&type=dt&uid=519AE16D0A2D5D1DC1257EB2003B1AD3
Sat, 24 Oct 2015 19:16:32 - FETCH DOC: http://www.dz-rs.si/wps/portal/Home/deloDZ/seje/evidenca?mandat=VII&type=dt&uid=3AC43CBB2AD8E74FC1257EB2004723E4
Sat, 24 Oct 2015 19:16:32 - FETCH DOC: http://www.dz-rs.si/wps/portal/Home/deloDZ/seje/evidenca?mandat=VII&type=dt&uid=B89E6667663D3F6BC1257EB40042F2BF
Sat, 24 Oct 2015 19:16:32 - FETCH DOC: http://www.dz-rs.si/wps/portal/Home/deloDZ/seje/evidenca?mandat=VII&type=dt&uid=26C6FB27B22C165AC1257EB400431202
Sat, 24 Oct 2015 19:16:32 - FETCH SESSION: http://www.dz-rs.si/wps/portal/Home/deloDZ/seje/izbranaSejaDt?mandat=VII&seja=54%20018.%20Nujna&uid=559BFCEC8A712C93C1257E7A00240E1F
Sat, 24 Oct 2015 19:16:33 - FETCH SPEECH: http://www.dz-rs.si/wps/portal/Home/deloDZ/seje/evidenca?mandat=VII&type=pmagdt&uid=5C38FE67F7BA7442C1257EB2004011F5
Sat, 24 Oct 2015 19:16:35 - FETCH DOC: http://www.dz-rs.si/wps/portal/Home/deloDZ/seje/evidenca?mandat=VII&type=dt&uid=732B1FB09AB6103BC1257E7B002F24FC
Sat, 24 Oct 2015 19:16:35 - FETCH DOC: http://www.dz-rs.si/wps/portal/Home/deloDZ/seje/evidenca?mandat=VII&type=dt&uid=EF7F14D1ADE76735C1257E83003ECB3B
Sat, 24 Oct 2015 19:16:35 - FETCH SESSION: http://www.dz-rs.si/wps/portal/Home/deloDZ/seje/izbranaSejaDt?mandat=VII&seja=54%20019.%20Nujna&uid=C9D6B225B62CB016C1257E7D004DCFC4
Sat, 24 Oct 2015 19:16:36 - FETCH SPEECH: http://www.dz-rs.si/wps/portal/Home/deloDZ/seje/evidenca?mandat=VII&type=pmagdt&uid=DEFAD037DE7A81FAC1257EB20031610A
Sat, 24 Oct 2015 19:16:37 - FETCH SPEECH: http://www.dz-rs.si/wps/portal/Home/deloDZ/seje/evidenca?mandat=VII&type=pmagdt&uid=D83F3873B6B34DE9C1257EB20045FF6B
Sat, 24 Oct 2015 19:16:39 - FETCH DOC: http://www.dz-rs.si/wps/portal/Home/deloDZ/seje/evidenca?mandat=VII&type=dt&uid=666BBE9D65873ECFC1257E7E003DC59A
Sat, 24 Oct 2015 19:16:39 - FETCH DOC: http://www.dz-rs.si/wps/portal/Home/deloDZ/seje/evidenca?mandat=VII&type=dt&uid=92DAEBB45D27A6F5C1257E82003B3AAD
Sat, 24 Oct 2015 19:16:39 - FETCH SESSION: http://www.dz-rs.si/wps/portal/Home/deloDZ/seje/izbranaSejaDt?mandat=VII&seja=54%20009.%20Redna&uid=89A8FEABBCE81285C1257E5B0037F201
Sat, 24 Oct 2015 19:16:40 - FETCH SPEECH: http://www.dz-rs.si/wps/portal/Home/deloDZ/seje/evidenca?mandat=VII&type=pmagdt&uid=39432F2BCB4EB94EC1257EAD0021BB5B
Sat, 24 Oct 2015 19:16:45 - FETCH DOC: http://www.dz-rs.si/wps/portal/Home/deloDZ/seje/evidenca?mandat=VII&type=dt&uid=9FAE58F48F8DDA5EC1257E6800451AFA
Sat, 24 Oct 2015 19:16:46 - FETCH DOC: http://www.dz-rs.si/wps/portal/Home/deloDZ/seje/evidenca?mandat=VII&type=dt&uid=8BFD55098118E3C5C1257E740026FD05
Sat, 24 Oct 2015 19:16:46 - FETCH DOC: http://www.dz-rs.si/wps/portal/Home/deloDZ/seje/evidenca?mandat=VII&type=dt&uid=73CEB301AAE34E66C1257E740047AD60
Sat, 24 Oct 2015 19:16:47 - FETCH SESSION: http://www.dz-rs.si/wps/portal/Home/deloDZ/seje/izbranaSejaDt?mandat=VII&seja=54%20017.%20Nujna&uid=CA92A84DCFA0A73EC1257E650039A69D
Sat, 24 Oct 2015 19:16:47 - FETCH SPEECH: http://www.dz-rs.si/wps/portal/Home/deloDZ/seje/evidenca?mandat=VII&type=pmagdt&uid=454F44A6B78DEBABC1257E7700334540
Sat, 24 Oct 2015 19:16:50 - FETCH DOC: http://www.dz-rs.si/wps/portal/Home/deloDZ/seje/evidenca?mandat=VII&type=dt&uid=CCF0E23BF8BBE208C1257E6600407054
Sat, 24 Oct 2015 19:16:50 - FETCH DOC: http://www.dz-rs.si/wps/portal/Home/deloDZ/seje/evidenca?mandat=VII&type=dt&uid=403EFF44F6A71ACDC1257E6E0036568F
Sat, 24 Oct 2015 19:16:50 - FETCH SESSION: http://www.dz-rs.si/wps/portal/Home/deloDZ/seje/izbranaSejaDt?mandat=VII&seja=54%20016.%20Nujna&uid=0AE2BF48F125E0C7C1257E6500321D50
Sat, 24 Oct 2015 19:16:51 - FETCH SPEECH: http://www.dz-rs.si/wps/portal/Home/deloDZ/seje/evidenca?mandat=VII&type=pmagdt&uid=033573D5084A448BC1257E7600401B6A
Sat, 24 Oct 2015 19:16:51 - FETCH DOC: http://www.dz-rs.si/wps/portal/Home/deloDZ/seje/evidenca?mandat=VII&type=dt&uid=B7E6F5E45DFFD1F4C1257E650048E201
Sat, 24 Oct 2015 19:16:51 - FETCH SESSION: http://www.dz-rs.si/wps/portal/Home/deloDZ/seje/izbranaSejaDt?mandat=VII&seja=54%20015.%20Nujna&uid=33DC6199F7442871C1257E28004319EF
Sat, 24 Oct 2015 19:16:52 - FETCH SPEECH: http://www.dz-rs.si/wps/portal/Home/deloDZ/seje/evidenca?mandat=VII&type=pmagdt&uid=6AB86567C77DC59EC1257E600042A1F5
Sat, 24 Oct 2015 19:16:54 - FETCH DOC: http://www.dz-rs.si/wps/portal/Home/deloDZ/seje/evidenca?mandat=VII&type=dt&uid=92525A25612E6CBFC1257E5900456D59
Sat, 24 Oct 2015 19:16:55 - FETCH DOC: http://www.dz-rs.si/wps/portal/Home/deloDZ/seje/evidenca?mandat=VII&type=dt&uid=88014BD3FB37CD3DC1257E6000422110
Sat, 24 Oct 2015 19:16:56 - FETCH SESSION: http://www.dz-rs.si/wps/portal/Home/deloDZ/seje/izbranaSejaDt?mandat=VII&seja=54%20008.%20Redna&uid=827390C0850596FAC1257E4600425BFC
Sat, 24 Oct 2015 19:16:57 - FETCH SPEECH: http://www.dz-rs.si/wps/portal/Home/deloDZ/seje/evidenca?mandat=VII&type=pmagdt&uid=12B702F01C2F0A37C1257E5A003DFF6E
Sat, 24 Oct 2015 19:16:59 - FETCH DOC: http://www.dz-rs.si/wps/portal/Home/deloDZ/seje/evidenca?mandat=VII&type=dt&uid=63B440BA660E30C1C1257E4A002C7F8D
Sat, 24 Oct 2015 19:16:59 - FETCH DOC: http://www.dz-rs.si/wps/portal/Home/deloDZ/seje/evidenca?mandat=VII&type=dt&uid=F128D4144A9C1AD4C1257E53004919CB
Sat, 24 Oct 2015 19:16:59 - FETCH DOC: http://www.dz-rs.si/wps/portal/Home/deloDZ/seje/evidenca?mandat=VII&type=dt&uid=76C651A867E88110C1257E540032052E
Sat, 24 Oct 2015 19:17:00 - FETCH DOC: http://www.dz-rs.si/wps/portal/Home/deloDZ/seje/evidenca?mandat=VII&type=dt&uid=C9F53B965208138CC1257E54003FBFE1
Sat, 24 Oct 2015 19:17:00 - FETCH DOC: http://www.dz-rs.si/wps/portal/Home/deloDZ/seje/evidenca?mandat=VII&type=dt&uid=DFE41737D26F7B7FC1257E5700376343
Sat, 24 Oct 2015 19:17:00 - FETCH SESSION: http://www.dz-rs.si/wps/portal/Home/deloDZ/seje/izbranaSejaDt?mandat=VII&seja=54%20007.%20Redna&uid=EA75C58B463A093FC1257DE3003FF292
Sat, 24 Oct 2015 19:17:01 - FETCH SPEECH: http://www.dz-rs.si/wps/portal/Home/deloDZ/seje/evidenca?mandat=VII&type=pmagdt&uid=80886ECD4D77E9D2C1257E51003B0120
Sat, 24 Oct 2015 19:17:02 - FETCH DOC: http://www.dz-rs.si/wps/portal/Home/deloDZ/seje/evidenca?mandat=VII&type=dt&uid=834BFA524FADB463C1257E2F00308004
Sat, 24 Oct 2015 19:17:02 - FETCH SESSION: http://www.dz-rs.si/wps/portal/Home/deloDZ/seje/izbranaSejaDt?mandat=VII&seja=54%20014.%20Nujna&uid=FED77BF79D5DB3DBC1257DEF00441FE9
Sat, 24 Oct 2015 19:17:03 - FETCH SPEECH: http://www.dz-rs.si/wps/portal/Home/deloDZ/seje/evidenca?mandat=VII&type=pmagdt&uid=FBF91CB7F00FEF92C1257E0D00380633
Sat, 24 Oct 2015 19:17:05 - FETCH DOC: http://www.dz-rs.si/wps/portal/Home/deloDZ/seje/evidenca?mandat=VII&type=dt&uid=8DE4A3B00A4B18A0C1257DF1003E1855
Sat, 24 Oct 2015 19:17:05 - FETCH DOC: http://www.dz-rs.si/wps/portal/Home/deloDZ/seje/evidenca?mandat=VII&type=dt&uid=AFEC463F29A3686AC1257DF9002DBF26
Sat, 24 Oct 2015 19:17:05 - FETCH SESSION: http://www.dz-rs.si/wps/portal/Home/deloDZ/seje/izbranaSejaDt?mandat=VII&seja=54%20013.%20Nujna&uid=648FDECD464CC00BC1257DEE003AF6ED
Sat, 24 Oct 2015 19:17:06 - FETCH SPEECH: http://www.dz-rs.si/wps/portal/Home/deloDZ/seje/evidenca?mandat=VII&type=pmagdt&uid=7AD5A96394BB1708C1257E06002A45E5
Sat, 24 Oct 2015 19:17:10 - FETCH DOC: http://www.dz-rs.si/wps/portal/Home/deloDZ/seje/evidenca?mandat=VII&type=dt&uid=9F9DC12F78393937C1257DEF0035E444
Sat, 24 Oct 2015 19:17:11 - FETCH DOC: http://www.dz-rs.si/wps/portal/Home/deloDZ/seje/evidenca?mandat=VII&type=dt&uid=7F7EE2EE48A2D2ECC1257DF800498997
Sat, 24 Oct 2015 19:17:11 - FETCH SESSION: http://www.dz-rs.si/wps/portal/Home/deloDZ/seje/izbranaSejaDt?mandat=VII&seja=54%20012.%20Nujna&uid=30CC2595BD1532EEC1257DE30040086C
Sat, 24 Oct 2015 19:17:12 - FETCH SPEECH: http://www.dz-rs.si/wps/portal/Home/deloDZ/seje/evidenca?mandat=VII&type=pmagdt&uid=5CE1BF2E42E9B139C1257E03002EA3EE
Sat, 24 Oct 2015 19:17:22 - FETCH DOC: http://www.dz-rs.si/wps/portal/Home/deloDZ/seje/evidenca?mandat=VII&type=dt&uid=BABF2930DA284BD8C1257DE300418AFA
Sat, 24 Oct 2015 19:17:22 - FETCH DOC: http://www.dz-rs.si/wps/portal/Home/deloDZ/seje/evidenca?mandat=VII&type=dt&uid=F46458EDEA01FE1EC1257DEA0039461D
Sat, 24 Oct 2015 19:17:22 - FETCH DOC: http://www.dz-rs.si/wps/portal/Home/deloDZ/seje/evidenca?mandat=VII&type=dt&uid=86C56A7519871903C1257DEE0032AF7A
Sat, 24 Oct 2015 19:17:23 - FETCH SESSION: http://www.dz-rs.si/wps/portal/Home/deloDZ/seje/izbranaSejaDt?mandat=VII&seja=54%20006.%20Redna&uid=A160878D74C39B33C1257DD9002F4149
Sat, 24 Oct 2015 19:17:25 - FETCH SPEECH: http://www.dz-rs.si/wps/portal/Home/deloDZ/seje/evidenca?mandat=VII&type=pmagdt&uid=559D76ECAC07E7CEC1257DF70031FE71
Sat, 24 Oct 2015 19:17:28 - FETCH DOC: http://www.dz-rs.si/wps/portal/Home/deloDZ/seje/evidenca?mandat=VII&type=dt&uid=C18AE44D44887633C1257DDC00409C09
Sat, 24 Oct 2015 19:17:29 - FETCH DOC: http://www.dz-rs.si/wps/portal/Home/deloDZ/seje/evidenca?mandat=VII&type=dt&uid=38D599C8EE924B4FC1257DE3003F45A0
Sat, 24 Oct 2015 19:17:29 - FETCH DOC: http://www.dz-rs.si/wps/portal/Home/deloDZ/seje/evidenca?mandat=VII&type=dt&uid=D18604F16C02954BC1257DE700467FC7
Sat, 24 Oct 2015 19:17:29 - FETCH DOC: http://www.dz-rs.si/wps/portal/Home/deloDZ/seje/evidenca?mandat=VII&type=dt&uid=88B453CEA51236A5C1257DE80039477F
Sat, 24 Oct 2015 19:17:30 - FETCH DOC: http://www.dz-rs.si/wps/portal/Home/deloDZ/seje/evidenca?mandat=VII&type=dt&uid=89468E8DA0BFEC70C1257DE80051AC7C
Sat, 24 Oct 2015 19:17:30 - FETCH SESSION: http://www.dz-rs.si/wps/portal/Home/deloDZ/seje/izbranaSejaDt?mandat=VII&seja=54%20011.%20Nujna&uid=D2B7501F91D2826DC1257DE100301FB7
Sat, 24 Oct 2015 19:17:31 - FETCH SPEECH: http://www.dz-rs.si/wps/portal/Home/deloDZ/seje/evidenca?mandat=VII&type=pmagdt&uid=F7885887CACDE033C1257DEF00398D85
Sat, 24 Oct 2015 19:17:31 - FETCH DOC: http://www.dz-rs.si/wps/portal/Home/deloDZ/seje/evidenca?mandat=VII&type=dt&uid=5BA89631B495DBDFC1257DE200444449
Sat, 24 Oct 2015 19:17:32 - FETCH DOC: http://www.dz-rs.si/wps/portal/Home/deloDZ/seje/evidenca?mandat=VII&type=dt&uid=2776540426BE5CDDC1257DE9005205E5
Sat, 24 Oct 2015 19:17:32 - FETCH SESSION: http://www.dz-rs.si/wps/portal/Home/deloDZ/seje/izbranaSejaDt?mandat=VII&seja=54%20005.%20Redna&uid=17D81FDA1EF6FC62C1257DC5004395B1
Sat, 24 Oct 2015 19:17:33 - FETCH SPEECH: http://www.dz-rs.si/wps/portal/Home/deloDZ/seje/evidenca?mandat=VII&type=pmagdt&uid=5E6F198074BB5180C1257DDC00336FFB
Sat, 24 Oct 2015 19:17:37 - FETCH DOC: http://www.dz-rs.si/wps/portal/Home/deloDZ/seje/evidenca?mandat=VII&type=dt&uid=DC1534A5306F471EC1257DC6003D937E
Sat, 24 Oct 2015 19:17:37 - FETCH DOC: http://www.dz-rs.si/wps/portal/Home/deloDZ/seje/evidenca?mandat=VII&type=dt&uid=71348AC24AA0887EC1257DC6004F9DD2
Sat, 24 Oct 2015 19:17:38 - FETCH DOC: http://www.dz-rs.si/wps/portal/Home/deloDZ/seje/evidenca?mandat=VII&type=dt&uid=826CF25D139480CEC1257DD3005140EC
Sat, 24 Oct 2015 19:17:38 - FETCH SESSION: http://www.dz-rs.si/wps/portal/Home/deloDZ/seje/izbranaSejaDt?mandat=VII&seja=54%20004.%20Redna&uid=5004892C67FE1A8EC1257DB300344A61
Sat, 24 Oct 2015 19:17:39 - FETCH SPEECH: http://www.dz-rs.si/wps/portal/Home/deloDZ/seje/evidenca?mandat=VII&type=pmagdt&uid=E96E71EA2F8C68E9C1257DCD003F78C1
Sat, 24 Oct 2015 19:17:39 - FETCH DOC: http://www.dz-rs.si/wps/portal/Home/deloDZ/seje/evidenca?mandat=VII&type=dt&uid=7FD90615DAF5176BC1257DB70031D1C0
Sat, 24 Oct 2015 19:17:40 - FETCH DOC: http://www.dz-rs.si/wps/portal/Home/deloDZ/seje/evidenca?mandat=VII&type=dt&uid=066E0AF0E110B09CC1257DC400414B08
Sat, 24 Oct 2015 19:17:40 - FETCH DOC: http://www.dz-rs.si/wps/portal/Home/deloDZ/seje/evidenca?mandat=VII&type=dt&uid=03A7B4D991040F0CC1257DC8004AA106
Sat, 24 Oct 2015 19:17:40 - FETCH DOC: http://www.dz-rs.si/wps/portal/Home/deloDZ/seje/evidenca?mandat=VII&type=dt&uid=809E231ED26DBD88C1257DCC004AF736
Sat, 24 Oct 2015 19:17:41 - FETCH SESSION: http://www.dz-rs.si/wps/portal/Home/deloDZ/seje/izbranaSejaDt?mandat=VII&seja=54%20010.%20Nujna&uid=0076A1ABC39270EDC1257DAA0044A6C5
Sat, 24 Oct 2015 19:17:41 - FETCH SPEECH: http://www.dz-rs.si/wps/portal/Home/deloDZ/seje/evidenca?mandat=VII&type=pmagdt&uid=05FC01E8B805F443C1257DB00041159F
Sat, 24 Oct 2015 19:17:43 - FETCH DOC: http://www.dz-rs.si/wps/portal/Home/deloDZ/seje/evidenca?mandat=VII&type=dt&uid=CA966FF77CB3462CC1257DAB0034D339
Sat, 24 Oct 2015 19:17:44 - FETCH DOC: http://www.dz-rs.si/wps/portal/Home/deloDZ/seje/evidenca?mandat=VII&type=dt&uid=BDF7091BD76B00A0C1257DAC002D806E
Sat, 24 Oct 2015 19:17:44 - FETCH SESSION: http://www.dz-rs.si/wps/portal/Home/deloDZ/seje/izbranaSejaDt?mandat=VII&seja=54%20003.%20Redna&uid=A18F8142DC8A48C6C1257D93003EBF3B
Sat, 24 Oct 2015 19:17:45 - FETCH SPEECH: http://www.dz-rs.si/wps/portal/Home/deloDZ/seje/evidenca?mandat=VII&type=pmagdt&uid=895C759CBFAC19DBC1257DA40037FDF4
Sat, 24 Oct 2015 19:17:47 - FETCH DOC: http://www.dz-rs.si/wps/portal/Home/deloDZ/seje/evidenca?mandat=VII&type=dt&uid=45A888CD497BE56FC1257D94003D9E23
Sat, 24 Oct 2015 19:17:48 - FETCH DOC: http://www.dz-rs.si/wps/portal/Home/deloDZ/seje/evidenca?mandat=VII&type=dt&uid=0C775B105251AA15C1257D9B00583F9C
Sat, 24 Oct 2015 19:17:48 - FETCH DOC: http://www.dz-rs.si/wps/portal/Home/deloDZ/seje/evidenca?mandat=VII&type=dt&uid=C9649AC2C5608D8EC1257D9E00478B70
Sat, 24 Oct 2015 19:17:49 - FETCH DOC: http://www.dz-rs.si/wps/portal/Home/deloDZ/seje/evidenca?mandat=VII&type=dt&uid=4478E6D194726DEAC1257DA1004F4125
Sat, 24 Oct 2015 19:17:49 - FETCH DOC: http://www.dz-rs.si/wps/portal/Home/deloDZ/seje/evidenca?mandat=VII&type=dt&uid=89B98FDB9C13AC9AC1257DA2003809B4
Sat, 24 Oct 2015 19:17:49 - FETCH SESSION: http://www.dz-rs.si/wps/portal/Home/deloDZ/seje/izbranaSejaDt?mandat=VII&seja=54%20009.%20Nujna&uid=88C59B43CFBDC390C1257D97002C1E3A
Sat, 24 Oct 2015 19:17:50 - FETCH SPEECH: http://www.dz-rs.si/wps/portal/Home/deloDZ/seje/evidenca?mandat=VII&type=pmagdt&uid=5D847A394D834ACEC1257D9C00406AA5
Sat, 24 Oct 2015 19:17:52 - FETCH DOC: http://www.dz-rs.si/wps/portal/Home/deloDZ/seje/evidenca?mandat=VII&type=dt&uid=4DFF396F661B9FA3C1257D97002CB357
Sat, 24 Oct 2015 19:17:53 - FETCH SESSION: http://www.dz-rs.si/wps/portal/Home/deloDZ/seje/izbranaSejaDt?mandat=VII&seja=54%20007.%20Nujna&uid=61ED2ACAF2AFCA7CC1257D86002B9B4E
Sat, 24 Oct 2015 19:17:53 - FETCH SPEECH: http://www.dz-rs.si/wps/portal/Home/deloDZ/seje/evidenca?mandat=VII&type=pmagdt&uid=C4D834D3F8E4D95DC1257D8F003A89C8
Sat, 24 Oct 2015 19:17:55 - FETCH DOC: http://www.dz-rs.si/wps/portal/Home/deloDZ/seje/evidenca?mandat=VII&type=dt&uid=AB3AD4A1474ABC98C1257D86002D454D
Sat, 24 Oct 2015 19:17:55 - FETCH SESSION: http://www.dz-rs.si/wps/portal/Home/deloDZ/seje/izbranaSejaDt?mandat=VII&seja=54%20008.%20Nujna&uid=60364D9F7A636C90C1257D87003EDB04
Sat, 24 Oct 2015 19:17:56 - FETCH SPEECH: http://www.dz-rs.si/wps/portal/Home/deloDZ/seje/evidenca?mandat=VII&type=pmagdt&uid=144A3BD1ED9CFA00C1257D8E004DAAB8
Sat, 24 Oct 2015 19:17:57 - FETCH SPEECH: http://www.dz-rs.si/wps/portal/Home/deloDZ/seje/evidenca?mandat=VII&type=pmagdt&uid=24B6318FF8059C2AC1257DAF003F2278
Sat, 24 Oct 2015 19:18:01 - FETCH DOC: http://www.dz-rs.si/wps/portal/Home/deloDZ/seje/evidenca?mandat=VII&type=dt&uid=2849690781BCBA41C1257D8700418021
Sat, 24 Oct 2015 19:18:01 - FETCH DOC: http://www.dz-rs.si/wps/portal/Home/deloDZ/seje/evidenca?mandat=VII&type=dt&uid=C0DBC41C759732CAC1257D8E00306CC0
Sat, 24 Oct 2015 19:18:01 - FETCH DOC: http://www.dz-rs.si/wps/portal/Home/deloDZ/seje/evidenca?mandat=VII&type=dt&uid=E7FDD6B8F48A7615C1257D90002B7C5D
Sat, 24 Oct 2015 19:18:02 - FETCH DOC: http://www.dz-rs.si/wps/portal/Home/deloDZ/seje/evidenca?mandat=VII&type=dt&uid=29812B436680F332C1257DA4004AAFA5
Sat, 24 Oct 2015 19:18:02 - FETCH DOC: http://www.dz-rs.si/wps/portal/Home/deloDZ/seje/evidenca?mandat=VII&type=dt&uid=018E7092F2849264C1257DAB00440EC2
Sat, 24 Oct 2015 19:18:03 - FETCH DOC: http://www.dz-rs.si/wps/portal/Home/deloDZ/seje/evidenca?mandat=VII&type=dt&uid=FDB3C271049F6496C1257E0C004EFD6B
Sat, 24 Oct 2015 19:18:03 - FETCH SESSION: http://www.dz-rs.si/wps/portal/Home/deloDZ/seje/izbranaSejaDt?mandat=VII&seja=54%20006.%20Nujna&uid=9C3EA5231EF85413C1257D7E002A178B
Sat, 24 Oct 2015 19:18:04 - FETCH SPEECH: http://www.dz-rs.si/wps/portal/Home/deloDZ/seje/evidenca?mandat=VII&type=pmagdt&uid=A47F4EC5B1181D1FC1257D8F0033E7F3
Sat, 24 Oct 2015 19:18:05 - FETCH DOC: http://www.dz-rs.si/wps/portal/Home/deloDZ/seje/evidenca?mandat=VII&type=dt&uid=71DA94489DBA4817C1257D7E004A4E8D
Sat, 24 Oct 2015 19:18:06 - FETCH DOC: http://www.dz-rs.si/wps/portal/Home/deloDZ/seje/evidenca?mandat=VII&type=dt&uid=C11F86DC02D8C518C1257D8E0046936A
Sat, 24 Oct 2015 19:18:07 - FETCH SESSION: http://www.dz-rs.si/wps/portal/Home/deloDZ/seje/izbranaSejaDt?mandat=VII&seja=54%20002.%20Redna&uid=FF3404AE364621E0C1257D6B002CCADB
Sat, 24 Oct 2015 19:18:08 - FETCH SPEECH: http://www.dz-rs.si/wps/portal/Home/deloDZ/seje/evidenca?mandat=VII&type=pmagdt&uid=360152076BF21CCEC1257D8500352281
Sat, 24 Oct 2015 19:18:12 - FETCH DOC: http://www.dz-rs.si/wps/portal/Home/deloDZ/seje/evidenca?mandat=VII&type=dt&uid=7C5A58DC7B73345EC1257D6B00418F10
Sat, 24 Oct 2015 19:18:12 - FETCH DOC: http://www.dz-rs.si/wps/portal/Home/deloDZ/seje/evidenca?mandat=VII&type=dt&uid=E5FC4895B4F76E1FC1257D7A002F9AB0
Sat, 24 Oct 2015 19:18:13 - FETCH DOC: http://www.dz-rs.si/wps/portal/Home/deloDZ/seje/evidenca?mandat=VII&type=dt&uid=38D83114EB9428A2C1257D7B003CC7ED
Sat, 24 Oct 2015 19:18:13 - FETCH DOC: http://www.dz-rs.si/wps/portal/Home/deloDZ/seje/evidenca?mandat=VII&type=dt&uid=8F7A85C3156BA9ACC1257D7E004D91D9
Sat, 24 Oct 2015 19:18:13 - FETCH SESSION: http://www.dz-rs.si/wps/portal/Home/deloDZ/seje/izbranaSejaDt?mandat=VII&seja=54%20001.%20Redna&uid=EE5D4A9094661AE1C1257D630024ABB9
Sat, 24 Oct 2015 19:18:14 - FETCH SPEECH: http://www.dz-rs.si/wps/portal/Home/deloDZ/seje/evidenca?mandat=VII&type=pmagdt&uid=780691709EC99808C1257D7A002A3064
Sat, 24 Oct 2015 19:18:16 - FETCH DOC: http://www.dz-rs.si/wps/portal/Home/deloDZ/seje/evidenca?mandat=VII&type=dt&uid=48DD6C61E1F972BBC1257D6300271CD9
Sat, 24 Oct 2015 19:18:17 - FETCH DOC: http://www.dz-rs.si/wps/portal/Home/deloDZ/seje/evidenca?mandat=VII&type=dt&uid=2BDD0B566F0F6EC0C1257D7400328E5D
Sat, 24 Oct 2015 19:18:17 - FETCH SESSION: http://www.dz-rs.si/wps/portal/Home/deloDZ/seje/izbranaSejaDt?mandat=VII&seja=54%20005.%20Nujna&uid=A926C2D3C33C0D6FC1257D63003F637B
Sat, 24 Oct 2015 19:18:18 - FETCH SPEECH: http://www.dz-rs.si/wps/portal/Home/deloDZ/seje/evidenca?mandat=VII&type=pmagdt&uid=D3EF8C3D55A9DC06C1257D65002F3745
Sat, 24 Oct 2015 19:18:18 - FETCH DOC: http://www.dz-rs.si/wps/portal/Home/deloDZ/seje/evidenca?mandat=VII&type=dt&uid=EBEA90FB87CE9625C1257D64003CB1B3
Sat, 24 Oct 2015 19:18:18 - FETCH SESSION: http://www.dz-rs.si/wps/portal/Home/deloDZ/seje/izbranaSejaDt?mandat=VII&seja=54%20004.%20Nujna&uid=DC031880A278218EC1257D5E00286691
Sat, 24 Oct 2015 19:18:19 - FETCH SPEECH: http://www.dz-rs.si/wps/portal/Home/deloDZ/seje/evidenca?mandat=VII&type=pmagdt&uid=0FE4658A27C74B97C1257D65003F6053
Sat, 24 Oct 2015 19:18:21 - FETCH DOC: http://www.dz-rs.si/wps/portal/Home/deloDZ/seje/evidenca?mandat=VII&type=dt&uid=70821EEAED5AEAA5C1257D5E002A0901
Sat, 24 Oct 2015 19:18:21 - FETCH DOC: http://www.dz-rs.si/wps/portal/Home/deloDZ/seje/evidenca?mandat=VII&type=dt&uid=238EB29259130724C1257D63001E5619
Sat, 24 Oct 2015 19:18:21 - FETCH DOC: http://www.dz-rs.si/wps/portal/Home/deloDZ/seje/evidenca?mandat=VII&type=dt&uid=8457B8305D81C553C1257D64004801AB
Sat, 24 Oct 2015 19:18:21 - FETCH SESSION: http://www.dz-rs.si/wps/portal/Home/deloDZ/seje/izbranaSejaDt?mandat=VII&seja=54%20003.%20Nujna&uid=099676C1044AAAB7C1257D4F00410B63
Sat, 24 Oct 2015 19:18:23 - FETCH SPEECH: http://www.dz-rs.si/wps/portal/Home/deloDZ/seje/evidenca?mandat=VII&type=pmagdt&uid=23B8F092FC7076F0C1257D55004DBF35
Sat, 24 Oct 2015 19:18:26 - FETCH DOC: http://www.dz-rs.si/wps/portal/Home/deloDZ/seje/evidenca?mandat=VII&type=dt&uid=98680A75D29CEE0AC1257D4F0042A422
Sat, 24 Oct 2015 19:18:26 - FETCH SESSION: http://www.dz-rs.si/wps/portal/Home/deloDZ/seje/izbranaSejaDt?mandat=VII&seja=54%20002.%20Nujna&uid=282F179CAD9C5F92C1257D4E003DE09F
Sat, 24 Oct 2015 19:18:26 - FETCH SPEECH: http://www.dz-rs.si/wps/portal/Home/deloDZ/seje/evidenca?mandat=VII&type=pmagdt&uid=14CDF883828B1151C1257D500045EEBE
Sat, 24 Oct 2015 19:18:27 - FETCH DOC: http://www.dz-rs.si/wps/portal/Home/deloDZ/seje/evidenca?mandat=VII&type=dt&uid=5E94EA59B679AD7FC1257D4E003E8A04
Sat, 24 Oct 2015 19:18:27 - FETCH SESSION: http://www.dz-rs.si/wps/portal/Home/deloDZ/seje/izbranaSejaDt?mandat=VII&seja=54%20001.%20Nujna&uid=47D241A0C9A4D5D8C1257D40003F579C
Sat, 24 Oct 2015 19:18:28 - FETCH SPEECH: http://www.dz-rs.si/wps/portal/Home/deloDZ/seje/evidenca?mandat=VII&type=pmagdt&uid=479A8A6F88E1C579C1257D4200273436
Sat, 24 Oct 2015 19:18:31 - FETCH DOC: http://www.dz-rs.si/wps/portal/Home/deloDZ/seje/evidenca?mandat=VII&type=dt&uid=EF02E9C64D29B74BC1257D40004268BF
Sat, 24 Oct 2015 19:18:31 - FETCH DOC: http://www.dz-rs.si/wps/portal/Home/deloDZ/seje/evidenca?mandat=VII&type=dt&uid=43CF17134F1AFF6DC1257D41002F504B
Sat, 24 Oct 2015 19:18:31 - FETCH SESSION: http://www.dz-rs.si/wps/portal/Home/deloDZ/seje/izbranaSejaDt?mandat=VI&seja=54%20037.%20Nujna&uid=4CD653E67059ED59C1257D1F005A8FFB
Sat, 24 Oct 2015 19:18:32 - FETCH SPEECH: http://www.dz-rs.si/wps/portal/Home/deloDZ/seje/evidenca?mandat=VI&type=pmagdt&uid=D890BEF435E295A1C1257CFC004ED75C
Sat, 24 Oct 2015 19:18:34 - FETCH SPEECH: http://www.dz-rs.si/wps/portal/Home/deloDZ/seje/evidenca?mandat=VI&type=pmagdt&uid=81D271715E1538F1C1257CFD003CF21F
Sat, 24 Oct 2015 19:18:37 - FETCH DOC: http://www.dz-rs.si/wps/portal/Home/deloDZ/seje/evidenca?mandat=VI&type=dt&uid=2839445D2248F27BC1257D1F005A900E
Sat, 24 Oct 2015 19:18:37 - FETCH DOC: http://www.dz-rs.si/wps/portal/Home/deloDZ/seje/evidenca?mandat=VI&type=dt&uid=28633301FA05757EC1257D1F005A902A
Sat, 24 Oct 2015 19:18:38 - FETCH DOC: http://www.dz-rs.si/wps/portal/Home/deloDZ/seje/evidenca?mandat=VI&type=dt&uid=3C56E0A942471084C1257D1F005A9032
Sat, 24 Oct 2015 19:18:38 - FETCH SESSION: http://www.dz-rs.si/wps/portal/Home/deloDZ/seje/izbranaSejaDt?mandat=VI&seja=54%20036.%20Nujna&uid=E52395EE30E83845C1257D1F005A8FB1
Sat, 24 Oct 2015 19:18:39 - FETCH SPEECH: http://www.dz-rs.si/wps/portal/Home/deloDZ/seje/evidenca?mandat=VI&type=pmagdt&uid=52F995368538F448C1257CFC003B4F80
Sat, 24 Oct 2015 19:18:41 - FETCH DOC: http://www.dz-rs.si/wps/portal/Home/deloDZ/seje/evidenca?mandat=VI&type=dt&uid=8B7C739AF8EB5E18C1257D1F005A8FB6
Sat, 24 Oct 2015 19:18:41 - FETCH DOC: http://www.dz-rs.si/wps/portal/Home/deloDZ/seje/evidenca?mandat=VI&type=dt&uid=1B92378CFAA7EEF5C1257D1F005A901D
Sat, 24 Oct 2015 19:18:42 - FETCH SESSION: http://www.dz-rs.si/wps/portal/Home/deloDZ/seje/izbranaSejaDt?mandat=VI&seja=54%20034.%20Nujna&uid=EBE5FFBEA5894056C1257D1F005A8EB8
Sat, 24 Oct 2015 19:18:42 - FETCH SPEECH: http://www.dz-rs.si/wps/portal/Home/deloDZ/seje/evidenca?mandat=VI&type=pmagdt&uid=7FFDEEA637203676C1257D0800357117
Sat, 24 Oct 2015 19:18:43 - FETCH DOC: http://www.dz-rs.si/wps/portal/Home/deloDZ/seje/evidenca?mandat=VI&type=dt&uid=A23857F74EB51B78C1257D1F005A8F16
Sat, 24 Oct 2015 19:18:43 - FETCH DOC: http://www.dz-rs.si/wps/portal/Home/deloDZ/seje/evidenca?mandat=VI&type=dt&uid=661CE172F7877221C1257D1F005A8F75
Sat, 24 Oct 2015 19:18:44 - FETCH SESSION: http://www.dz-rs.si/wps/portal/Home/deloDZ/seje/izbranaSejaDt?mandat=VI&seja=54%20035.%20Nujna&uid=756B840EAC6C6C98C1257D1F005A8F2A
Sat, 24 Oct 2015 19:18:44 - FETCH SPEECH: http://www.dz-rs.si/wps/portal/Home/deloDZ/seje/evidenca?mandat=VI&type=pmagdt&uid=DE0517867A322908C1257CF60023D701
Sat, 24 Oct 2015 19:18:45 - FETCH DOC: http://www.dz-rs.si/wps/portal/Home/deloDZ/seje/evidenca?mandat=VI&type=dt&uid=DAA24EE28B0D13D5C1257D1F005A8F39
Sat, 24 Oct 2015 19:18:46 - FETCH DOC: http://www.dz-rs.si/wps/portal/Home/deloDZ/seje/evidenca?mandat=VI&type=dt&uid=20E33D822795B818C1257D1F005A8F79
Sat, 24 Oct 2015 19:18:46 - FETCH SESSION: http://www.dz-rs.si/wps/portal/Home/deloDZ/seje/izbranaSejaDt?mandat=VI&seja=54%20021.%20Redna&uid=7E7AF986CC8276C5C1257D1F005A8D26
Sat, 24 Oct 2015 19:18:47 - FETCH SPEECH: http://www.dz-rs.si/wps/portal/Home/deloDZ/seje/evidenca?mandat=VI&type=pmagdt&uid=C9CAB5E6AAAD9A78C1257CE70045DB0F
Sat, 24 Oct 2015 19:18:47 - FETCH DOC: http://www.dz-rs.si/wps/portal/Home/deloDZ/seje/evidenca?mandat=VI&type=dt&uid=1E30AD4C2E68134DC1257D1F005A8D82
Sat, 24 Oct 2015 19:18:48 - FETCH DOC: http://www.dz-rs.si/wps/portal/Home/deloDZ/seje/evidenca?mandat=VI&type=dt&uid=0C2723B571622D71C1257D1F005A8D93
Sat, 24 Oct 2015 19:18:48 - FETCH DOC: http://www.dz-rs.si/wps/portal/Home/deloDZ/seje/evidenca?mandat=VI&type=dt&uid=3B2C09E84C4C6E2CC1257D1F005A8E44
Sat, 24 Oct 2015 19:18:48 - FETCH DOC: http://www.dz-rs.si/wps/portal/Home/deloDZ/seje/evidenca?mandat=VI&type=dt&uid=2617B0EF7423141DC1257D1F005A8E70
Sat, 24 Oct 2015 19:18:49 - FETCH DOC: http://www.dz-rs.si/wps/portal/Home/deloDZ/seje/evidenca?mandat=VI&type=dt&uid=76F703B8E5B885B2C1257D1F005A8E77
Sat, 24 Oct 2015 19:18:49 - FETCH SESSION: http://www.dz-rs.si/wps/portal/Home/deloDZ/seje/izbranaSejaDt?mandat=VI&seja=54%20033.%20Nujna&uid=B29A9C8D0C647D79C1257D1F005A8CCA
Sat, 24 Oct 2015 19:18:50 - FETCH SPEECH: http://www.dz-rs.si/wps/portal/Home/deloDZ/seje/evidenca?mandat=VI&type=pmagdt&uid=DBBA5F7096EC94E9C1257CDF00265C13
Sat, 24 Oct 2015 19:18:51 - FETCH DOC: http://www.dz-rs.si/wps/portal/Home/deloDZ/seje/evidenca?mandat=VI&type=dt&uid=7579BB653CD60FE8C1257D1F005A8CDA
Sat, 24 Oct 2015 19:18:51 - FETCH DOC: http://www.dz-rs.si/wps/portal/Home/deloDZ/seje/evidenca?mandat=VI&type=dt&uid=8903C50087B50CD4C1257D1F005A8CFB
Sat, 24 Oct 2015 19:18:52 - FETCH SESSION: http://www.dz-rs.si/wps/portal/Home/deloDZ/seje/izbranaSejaDt?mandat=VI&seja=54%20020.%20Redna&uid=EE0405D20EB9FF9BC1257D1F005A8B3E
Sat, 24 Oct 2015 19:18:52 - FETCH SPEECH: http://www.dz-rs.si/wps/portal/Home/deloDZ/seje/evidenca?mandat=VI&type=pmagdt&uid=4D1732684B08EC4FC1257CD300367FAC
Sat, 24 Oct 2015 19:18:53 - FETCH DOC: http://www.dz-rs.si/wps/portal/Home/deloDZ/seje/evidenca?mandat=VI&type=dt&uid=CBF0D82220FDC853C1257D1F005A8BE7
Sat, 24 Oct 2015 19:18:54 - FETCH DOC: http://www.dz-rs.si/wps/portal/Home/deloDZ/seje/evidenca?mandat=VI&type=dt&uid=3B94D346079E5A2CC1257D1F005A8C55
Sat, 24 Oct 2015 19:18:54 - FETCH DOC: http://www.dz-rs.si/wps/portal/Home/deloDZ/seje/evidenca?mandat=VI&type=dt&uid=6B15661AE57F1C3DC1257D1F005A8C79
Sat, 24 Oct 2015 19:18:54 - FETCH SESSION: http://www.dz-rs.si/wps/portal/Home/deloDZ/seje/izbranaSejaDt?mandat=VI&seja=54%20032.%20Nujna&uid=1ECEF151893FA079C1257D1F005A8B07
Sat, 24 Oct 2015 19:18:55 - FETCH SPEECH: http://www.dz-rs.si/wps/portal/Home/deloDZ/seje/evidenca?mandat=VI&type=pmagdt&uid=82847B33239F841BC1257CC20029D85A
Sat, 24 Oct 2015 19:18:55 - FETCH DOC: http://www.dz-rs.si/wps/portal/Home/deloDZ/seje/evidenca?mandat=VI&type=dt&uid=32AF4F037ABDEA15C1257D1F005A8B0C
